{"synthetic": false,
 "schemaVersion": "2025-09-10",
 "outputs":
 {"rs": "f2372bcf28b20e58.ir.sig",
  "r": "4ae191b48d68af6d.ir",
  "o":
  ["120aa929aae27cea.olean",
   "3cdd1c5f7ef3450c.olean.server",
   "9ab306e2e248b348.olean.private"],
  "m": true,
  "i": "7709586d67b7ce6b.ilean",
  "c": "065a38e2d2a37c2a.c"},
 "log":
 [{"message":
   ".> LEAN_PATH=C:\\lean\\mathlib4\\.lake\\packages\\Cli\\.lake\\build\\lib\\lean;C:\\lean\\mathlib4\\.lake\\packages\\batteries\\.lake\\build\\lib\\lean;C:\\lean\\mathlib4\\.lake\\packages\\Qq\\.lake\\build\\lib\\lean;C:\\lean\\mathlib4\\.lake\\packages\\aesop\\.lake\\build\\lib\\lean;C:\\lean\\mathlib4\\.lake\\packages\\proofwidgets\\.lake\\build\\lib\\lean;C:\\lean\\mathlib4\\.lake\\packages\\importGraph\\.lake\\build\\lib\\lean;C:\\lean\\mathlib4\\.lake\\packages\\LeanSearchClient\\.lake\\build\\lib\\lean;C:\\lean\\mathlib4\\.lake\\packages\\plausible\\.lake\\build\\lib\\lean;C:\\lean\\mathlib4\\.lake\\build\\lib\\lean;C:\\lean\\libs\\Lean-QIT\\.lake\\build\\lib\\lean c:\\Users\\Administrator\\.elan\\toolchains\\leanprover--lean4---v4.34.0-rc1\\bin\\lean.exe -DautoImplicit=false -Dbackward.isDefEq.respectTransparency=false C:\\lean\\libs\\Lean-QIT\\QIT\\Protocols\\FQSW\\OneShot.lean -o C:\\lean\\libs\\Lean-QIT\\.lake\\build\\lib\\lean\\QIT\\Protocols\\FQSW\\OneShot.olean -i C:\\lean\\libs\\Lean-QIT\\.lake\\build\\lib\\lean\\QIT\\Protocols\\FQSW\\OneShot.ilean -c C:\\lean\\libs\\Lean-QIT\\.lake\\build\\ir\\QIT\\Protocols\\FQSW\\OneShot.c --setup C:\\lean\\libs\\Lean-QIT\\.lake\\build\\ir\\QIT\\Protocols\\FQSW\\OneShot.setup.json --json",
   "level": "trace"}],
 "inputs":
 [["deps",
   [["QIT/QIT:extraDep", [["@QIT:extraDep", "00000000000006bb"]]],
    ["imports",
     [["QIT.OneShot.Decoupling transitive imports (public)",
       "7734731dd17af8f0"],
      ["QIT.OneShot.Decoupling:importArts", "2f804239157fbec8"],
      ["QIT.Information.Entropy.EntropyTensorPower transitive imports (public)",
       "c514b78aacc6200c"],
      ["QIT.Information.Entropy.EntropyTensorPower:importArts",
       "6947a1a56eb4070f"],
      ["QIT.Protocols.FQSW.Core transitive imports (public)",
       "132b687efe16b3c3"],
      ["QIT.Protocols.FQSW.Core:importArts", "44be29fd6f9582e2"],
      ["QIT.OneShot.GentleMeasurement transitive imports (public)",
       "d2a49ea7874590af"],
      ["QIT.OneShot.GentleMeasurement:importArts", "9eb89ba98b4d7921"],
      ["QIT.States.Geometry.FuchsVdG transitive imports (public)",
       "ba91393a9164284c"],
      ["QIT.States.Geometry.FuchsVdG:importArts", "2b949752d615489f"],
      ["QIT.States.Purification.Schatten transitive imports (public)",
       "17778bf37b0ed555"],
      ["QIT.States.Purification.Schatten:importArts", "3bbe55b44f25fcef"],
      ["QIT.Channels.Diamond transitive imports (public)", "61417a77302563ca"],
      ["QIT.Channels.Diamond:importArts", "ab49bd34d7569eff"]]]]],
  ["libs",
   [["import dynlibs", "00000000000006bb"],
    ["package external libraries", "00000000000006bb"],
    ["module dynlibs", "00000000000006bb"],
    ["module plugins", "00000000000006bb"]]],
  ["Lean 4.34.0, commit 3447a668783dbce1a8fdb97101dd067687b2b418",
   "421484e3e0c70198"],
  ["C:\\lean\\libs\\Lean-QIT\\QIT\\Protocols\\FQSW\\OneShot.lean",
   "0ccc70b55f3da4c4"],
  ["options", "00000000000006bb"],
  ["isModule: true", "760fcc16989f4b9b"],
  ["Module.name: QIT.Protocols.FQSW.OneShot", "d662ea90741e3d7c"],
  ["Package.id?: (some QIT)", "07d8d7419f989369"],
  ["Module.leanArgs: #[-DautoImplicit=false, -Dbackward.isDefEq.respectTransparency=false]",
   "1e046d1e40f8a855"]],
 "depHash": "55f480a6ac55ce0d"}