{"synthetic": false,
 "schemaVersion": "2025-09-10",
 "outputs":
 {"rs": "56cd0c9f9d17d520.ir.sig",
  "r": "fdb8bc0f80842c66.ir",
  "o":
  ["d0122c0ae96feeba.olean",
   "983a7a4e70bfb478.olean.server",
   "0981400af993327d.olean.private"],
  "m": true,
  "i": "55a83f5a1938fa00.ilean",
  "c": "b81eff982d190616.c"},
 "log":
 [{"message":
   ".> LEAN_PATH=C:\\lean\\mathlib4\\.lake\\packages\\Cli\\.lake\\build\\lib\\lean;C:\\lean\\mathlib4\\.lake\\packages\\batteries\\.lake\\build\\lib\\lean;C:\\lean\\mathlib4\\.lake\\packages\\Qq\\.lake\\build\\lib\\lean;C:\\lean\\mathlib4\\.lake\\packages\\aesop\\.lake\\build\\lib\\lean;C:\\lean\\mathlib4\\.lake\\packages\\proofwidgets\\.lake\\build\\lib\\lean;C:\\lean\\mathlib4\\.lake\\packages\\importGraph\\.lake\\build\\lib\\lean;C:\\lean\\mathlib4\\.lake\\packages\\LeanSearchClient\\.lake\\build\\lib\\lean;C:\\lean\\mathlib4\\.lake\\packages\\plausible\\.lake\\build\\lib\\lean;C:\\lean\\mathlib4\\.lake\\build\\lib\\lean;C:\\lean\\libs\\Lean-QIT\\.lake\\build\\lib\\lean c:\\Users\\Administrator\\.elan\\toolchains\\leanprover--lean4---v4.34.0-rc1\\bin\\lean.exe -DautoImplicit=false -Dbackward.isDefEq.respectTransparency=false C:\\lean\\libs\\Lean-QIT\\QIT\\Nonlocality\\YangNavascues\\BobLocal.lean -o C:\\lean\\libs\\Lean-QIT\\.lake\\build\\lib\\lean\\QIT\\Nonlocality\\YangNavascues\\BobLocal.olean -i C:\\lean\\libs\\Lean-QIT\\.lake\\build\\lib\\lean\\QIT\\Nonlocality\\YangNavascues\\BobLocal.ilean -c C:\\lean\\libs\\Lean-QIT\\.lake\\build\\ir\\QIT\\Nonlocality\\YangNavascues\\BobLocal.c --setup C:\\lean\\libs\\Lean-QIT\\.lake\\build\\ir\\QIT\\Nonlocality\\YangNavascues\\BobLocal.setup.json --json",
   "level": "trace"}],
 "inputs":
 [["deps",
   [["QIT/QIT:extraDep", [["@QIT:extraDep", "00000000000006bb"]]],
    ["imports",
     [["QIT.Nonlocality.YangNavascues.BobSupport transitive imports (public)",
       "d9225769801f7b8a"],
      ["QIT.Nonlocality.YangNavascues.BobSupport:importArts",
       "c9c97c5c977e3204"]]]]],
  ["libs",
   [["import dynlibs", "00000000000006bb"],
    ["package external libraries", "00000000000006bb"],
    ["module dynlibs", "00000000000006bb"],
    ["module plugins", "00000000000006bb"]]],
  ["Lean 4.34.0, commit 3447a668783dbce1a8fdb97101dd067687b2b418",
   "421484e3e0c70198"],
  ["C:\\lean\\libs\\Lean-QIT\\QIT\\Nonlocality\\YangNavascues\\BobLocal.lean",
   "b17cd5fadb2ed98e"],
  ["options", "00000000000006bb"],
  ["isModule: true", "760fcc16989f4b9b"],
  ["Module.name: QIT.Nonlocality.YangNavascues.BobLocal", "5c80375001531bd7"],
  ["Package.id?: (some QIT)", "07d8d7419f989369"],
  ["Module.leanArgs: #[-DautoImplicit=false, -Dbackward.isDefEq.respectTransparency=false]",
   "1e046d1e40f8a855"]],
 "depHash": "83abb2f2489e3186"}