{"synthetic": false,
 "schemaVersion": "2025-09-10",
 "outputs":
 {"rs": "f7775779218af0c0.ir.sig",
  "r": "cf8674b2cc040e89.ir",
  "o":
  ["687ec773b99b619f.olean",
   "523105d6fa57b02b.olean.server",
   "918af7e0e05c2f54.olean.private"],
  "m": true,
  "i": "2730cce45a711079.ilean",
  "c": "04535255a103d9f1.c"},
 "log":
 [{"message":
   ".> LEAN_PATH=C:\\lean\\mathlib4\\.lake\\packages\\Cli\\.lake\\build\\lib\\lean;C:\\lean\\mathlib4\\.lake\\packages\\batteries\\.lake\\build\\lib\\lean;C:\\lean\\mathlib4\\.lake\\packages\\Qq\\.lake\\build\\lib\\lean;C:\\lean\\mathlib4\\.lake\\packages\\aesop\\.lake\\build\\lib\\lean;C:\\lean\\mathlib4\\.lake\\packages\\proofwidgets\\.lake\\build\\lib\\lean;C:\\lean\\mathlib4\\.lake\\packages\\importGraph\\.lake\\build\\lib\\lean;C:\\lean\\mathlib4\\.lake\\packages\\LeanSearchClient\\.lake\\build\\lib\\lean;C:\\lean\\mathlib4\\.lake\\packages\\plausible\\.lake\\build\\lib\\lean;C:\\lean\\mathlib4\\.lake\\build\\lib\\lean;C:\\lean\\libs\\Lean-QIT\\.lake\\build\\lib\\lean c:\\Users\\Administrator\\.elan\\toolchains\\leanprover--lean4---v4.34.0-rc1\\bin\\lean.exe -DautoImplicit=false -Dbackward.isDefEq.respectTransparency=false C:\\lean\\libs\\Lean-QIT\\QIT\\Nonlocality\\YangNavascues\\Extraction.lean -o C:\\lean\\libs\\Lean-QIT\\.lake\\build\\lib\\lean\\QIT\\Nonlocality\\YangNavascues\\Extraction.olean -i C:\\lean\\libs\\Lean-QIT\\.lake\\build\\lib\\lean\\QIT\\Nonlocality\\YangNavascues\\Extraction.ilean -c C:\\lean\\libs\\Lean-QIT\\.lake\\build\\ir\\QIT\\Nonlocality\\YangNavascues\\Extraction.c --setup C:\\lean\\libs\\Lean-QIT\\.lake\\build\\ir\\QIT\\Nonlocality\\YangNavascues\\Extraction.setup.json --json",
   "level": "trace"}],
 "inputs":
 [["deps",
   [["QIT/QIT:extraDep", [["@QIT:extraDep", "00000000000006bb"]]],
    ["imports",
     [["QIT.Nonlocality.SelfTesting transitive imports (public)",
       "d6ec621889084962"],
      ["QIT.Nonlocality.SelfTesting:importArts", "bf4835974fd4dee7"],
      ["QIT.Nonlocality.YangNavascues.Action transitive imports (public)",
       "f7dcd08bcc2eaf9e"],
      ["QIT.Nonlocality.YangNavascues.Action:importArts",
       "286e128426a95f5d"]]]]],
  ["libs",
   [["import dynlibs", "00000000000006bb"],
    ["package external libraries", "00000000000006bb"],
    ["module dynlibs", "00000000000006bb"],
    ["module plugins", "00000000000006bb"]]],
  ["Lean 4.34.0, commit 3447a668783dbce1a8fdb97101dd067687b2b418",
   "421484e3e0c70198"],
  ["C:\\lean\\libs\\Lean-QIT\\QIT\\Nonlocality\\YangNavascues\\Extraction.lean",
   "aa8dfc1eeed23c07"],
  ["options", "00000000000006bb"],
  ["isModule: true", "760fcc16989f4b9b"],
  ["Module.name: QIT.Nonlocality.YangNavascues.Extraction", "4dc2802a608390e8"],
  ["Package.id?: (some QIT)", "07d8d7419f989369"],
  ["Module.leanArgs: #[-DautoImplicit=false, -Dbackward.isDefEq.respectTransparency=false]",
   "1e046d1e40f8a855"]],
 "depHash": "1e517de0edddf522"}