{"synthetic": false,
 "schemaVersion": "2025-09-10",
 "outputs":
 {"rs": "6b8eb660a1828327.ir.sig",
  "r": "f42f58ed9941c608.ir",
  "o":
  ["b9fcc36173281882.olean",
   "d0ea22df594db323.olean.server",
   "7400fd151ab32ec3.olean.private"],
  "m": true,
  "i": "e717d7de9400484c.ilean",
  "c": "e39d1e5ab08e6974.c"},
 "log":
 [{"message":
   ".> LEAN_PATH=C:\\lean\\mathlib4\\.lake\\packages\\Cli\\.lake\\build\\lib\\lean;C:\\lean\\mathlib4\\.lake\\packages\\batteries\\.lake\\build\\lib\\lean;C:\\lean\\mathlib4\\.lake\\packages\\Qq\\.lake\\build\\lib\\lean;C:\\lean\\mathlib4\\.lake\\packages\\aesop\\.lake\\build\\lib\\lean;C:\\lean\\mathlib4\\.lake\\packages\\proofwidgets\\.lake\\build\\lib\\lean;C:\\lean\\mathlib4\\.lake\\packages\\importGraph\\.lake\\build\\lib\\lean;C:\\lean\\mathlib4\\.lake\\packages\\LeanSearchClient\\.lake\\build\\lib\\lean;C:\\lean\\mathlib4\\.lake\\packages\\plausible\\.lake\\build\\lib\\lean;C:\\lean\\mathlib4\\.lake\\build\\lib\\lean;C:\\lean\\libs\\Lean-QIT\\.lake\\build\\lib\\lean c:\\Users\\Administrator\\.elan\\toolchains\\leanprover--lean4---v4.34.0-rc1\\bin\\lean.exe -DautoImplicit=false -Dbackward.isDefEq.respectTransparency=false C:\\lean\\libs\\Lean-QIT\\QIT\\Util\\SDP\\HermitianPSDTraceDuality.lean -o C:\\lean\\libs\\Lean-QIT\\.lake\\build\\lib\\lean\\QIT\\Util\\SDP\\HermitianPSDTraceDuality.olean -i C:\\lean\\libs\\Lean-QIT\\.lake\\build\\lib\\lean\\QIT\\Util\\SDP\\HermitianPSDTraceDuality.ilean -c C:\\lean\\libs\\Lean-QIT\\.lake\\build\\ir\\QIT\\Util\\SDP\\HermitianPSDTraceDuality.c --setup C:\\lean\\libs\\Lean-QIT\\.lake\\build\\ir\\QIT\\Util\\SDP\\HermitianPSDTraceDuality.setup.json --json",
   "level": "trace"}],
 "inputs":
 [["deps",
   [["QIT/QIT:extraDep", [["@QIT:extraDep", "00000000000006bb"]]],
    ["imports",
     [["QIT.Core.Pure transitive imports (public)", "66880a5eded90ac3"],
      ["QIT.Core.Pure:importArts", "770bfe2bcbfe067a"],
      ["QIT.Util.Matrix.PosSqrt transitive imports (public)",
       "ee0464503a3bf1cb"],
      ["QIT.Util.Matrix.PosSqrt:importArts", "359564e74956c964"],
      ["QIT.Util.SDP.PSDCone transitive imports (public)", "7df4b5d52ccd5292"],
      ["QIT.Util.SDP.PSDCone:importArts", "f4e8153b9d1de970"],
      ["Mathlib.Analysis.InnerProductSpace.Dual transitive imports (public)",
       "bc7d3df55a251f99"],
      ["Mathlib.Analysis.InnerProductSpace.Dual:importArts",
       "647276eb812a67c9"],
      ["Mathlib.Analysis.Normed.Module.FiniteDimension transitive imports (public)",
       "62c71ab30499a36e"],
      ["Mathlib.Analysis.Normed.Module.FiniteDimension:importArts",
       "557c8f7145bc7476"],
      ["Mathlib.LinearAlgebra.Matrix.FiniteDimensional transitive imports (public)",
       "d4322ddbdec084da"],
      ["Mathlib.LinearAlgebra.Matrix.FiniteDimensional:importArts",
       "8e795a4d04e6177d"]]]]],
  ["libs",
   [["import dynlibs", "00000000000006bb"],
    ["package external libraries", "00000000000006bb"],
    ["module dynlibs", "00000000000006bb"],
    ["module plugins", "00000000000006bb"]]],
  ["Lean 4.34.0, commit 3447a668783dbce1a8fdb97101dd067687b2b418",
   "421484e3e0c70198"],
  ["C:\\lean\\libs\\Lean-QIT\\QIT\\Util\\SDP\\HermitianPSDTraceDuality.lean",
   "1822863c5a2850ca"],
  ["options", "00000000000006bb"],
  ["isModule: true", "760fcc16989f4b9b"],
  ["Module.name: QIT.Util.SDP.HermitianPSDTraceDuality", "475159c5441b59f2"],
  ["Package.id?: (some QIT)", "07d8d7419f989369"],
  ["Module.leanArgs: #[-DautoImplicit=false, -Dbackward.isDefEq.respectTransparency=false]",
   "1e046d1e40f8a855"]],
 "depHash": "e26eab9985fd272d"}