{"synthetic": false,
 "schemaVersion": "2025-09-10",
 "outputs":
 {"rs": "7f0c5def5c17ed4b.ir.sig",
  "r": "f0f0248576f0afd3.ir",
  "o":
  ["e8e94f7e64c9aacc.olean",
   "c8bac8b59a2d3cb9.olean.server",
   "b96374183d1e3c4d.olean.private"],
  "m": true,
  "i": "54feb410bf38a16f.ilean",
  "c": "16ef4f0054615444.c"},
 "log":
 [{"message":
   ".> LEAN_PATH=C:\\lean\\mathlib4\\.lake\\packages\\Cli\\.lake\\build\\lib\\lean;C:\\lean\\mathlib4\\.lake\\packages\\batteries\\.lake\\build\\lib\\lean;C:\\lean\\mathlib4\\.lake\\packages\\Qq\\.lake\\build\\lib\\lean;C:\\lean\\mathlib4\\.lake\\packages\\aesop\\.lake\\build\\lib\\lean;C:\\lean\\mathlib4\\.lake\\packages\\proofwidgets\\.lake\\build\\lib\\lean;C:\\lean\\mathlib4\\.lake\\packages\\importGraph\\.lake\\build\\lib\\lean;C:\\lean\\mathlib4\\.lake\\packages\\LeanSearchClient\\.lake\\build\\lib\\lean;C:\\lean\\mathlib4\\.lake\\packages\\plausible\\.lake\\build\\lib\\lean;C:\\lean\\mathlib4\\.lake\\build\\lib\\lean;C:\\lean\\libs\\Lean-QIT\\.lake\\build\\lib\\lean c:\\Users\\Administrator\\.elan\\toolchains\\leanprover--lean4---v4.34.0-rc1\\bin\\lean.exe -DautoImplicit=false -Dbackward.isDefEq.respectTransparency=false C:\\lean\\libs\\Lean-QIT\\QIT\\Util\\SDP\\PSDCone.lean -o C:\\lean\\libs\\Lean-QIT\\.lake\\build\\lib\\lean\\QIT\\Util\\SDP\\PSDCone.olean -i C:\\lean\\libs\\Lean-QIT\\.lake\\build\\lib\\lean\\QIT\\Util\\SDP\\PSDCone.ilean -c C:\\lean\\libs\\Lean-QIT\\.lake\\build\\ir\\QIT\\Util\\SDP\\PSDCone.c --setup C:\\lean\\libs\\Lean-QIT\\.lake\\build\\ir\\QIT\\Util\\SDP\\PSDCone.setup.json --json",
   "level": "trace"}],
 "inputs":
 [["deps",
   [["QIT/QIT:extraDep", [["@QIT:extraDep", "00000000000006bb"]]],
    ["imports",
     [["QIT.Util.Matrix transitive imports (public)", "6d1c32c224f4149b"],
      ["QIT.Util.Matrix:importArts", "a1af509f387b0fae"],
      ["Mathlib.Analysis.Convex.Cone.Basic transitive imports (public)",
       "2c549e1a1228a35b"],
      ["Mathlib.Analysis.Convex.Cone.Basic:importArts", "1e67e8af828a4fcc"],
      ["Mathlib.Analysis.Matrix.Order transitive imports (public)",
       "21996938c2ae3a91"],
      ["Mathlib.Analysis.Matrix.Order:importArts", "5609cbc977b857eb"],
      ["Mathlib.Analysis.Matrix.Normed transitive imports (public)",
       "62930f4a22c54044"],
      ["Mathlib.Analysis.Matrix.Normed:importArts", "141bb3f421ef1a22"]]]]],
  ["libs",
   [["import dynlibs", "00000000000006bb"],
    ["package external libraries", "00000000000006bb"],
    ["module dynlibs", "00000000000006bb"],
    ["module plugins", "00000000000006bb"]]],
  ["Lean 4.34.0, commit 3447a668783dbce1a8fdb97101dd067687b2b418",
   "421484e3e0c70198"],
  ["C:\\lean\\libs\\Lean-QIT\\QIT\\Util\\SDP\\PSDCone.lean",
   "f68c815aba8d905e"],
  ["options", "00000000000006bb"],
  ["isModule: true", "760fcc16989f4b9b"],
  ["Module.name: QIT.Util.SDP.PSDCone", "3e8be5fb816cc2c1"],
  ["Package.id?: (some QIT)", "07d8d7419f989369"],
  ["Module.leanArgs: #[-DautoImplicit=false, -Dbackward.isDefEq.respectTransparency=false]",
   "1e046d1e40f8a855"]],
 "depHash": "7f495b8f1a35af68"}