{"synthetic": false,
 "schemaVersion": "2025-09-10",
 "outputs":
 {"rs": "8619227484806d53.ir.sig",
  "r": "ee7572e30dfb6490.ir",
  "o":
  ["12f06f64e153ac1d.olean",
   "ea5356a76a4d3ae0.olean.server",
   "89def17b0cd25c76.olean.private"],
  "m": true,
  "i": "b28ac30bace1ce9f.ilean",
  "c": "7a1702850732f7ef.c"},
 "log":
 [{"message":
   ".> LEAN_PATH=C:\\lean\\mathlib4\\.lake\\packages\\Cli\\.lake\\build\\lib\\lean;C:\\lean\\mathlib4\\.lake\\packages\\batteries\\.lake\\build\\lib\\lean;C:\\lean\\mathlib4\\.lake\\packages\\Qq\\.lake\\build\\lib\\lean;C:\\lean\\mathlib4\\.lake\\packages\\aesop\\.lake\\build\\lib\\lean;C:\\lean\\mathlib4\\.lake\\packages\\proofwidgets\\.lake\\build\\lib\\lean;C:\\lean\\mathlib4\\.lake\\packages\\importGraph\\.lake\\build\\lib\\lean;C:\\lean\\mathlib4\\.lake\\packages\\LeanSearchClient\\.lake\\build\\lib\\lean;C:\\lean\\mathlib4\\.lake\\packages\\plausible\\.lake\\build\\lib\\lean;C:\\lean\\mathlib4\\.lake\\build\\lib\\lean;C:\\lean\\libs\\Lean-QIT\\.lake\\build\\lib\\lean c:\\Users\\Administrator\\.elan\\toolchains\\leanprover--lean4---v4.34.0-rc1\\bin\\lean.exe -DautoImplicit=false -Dbackward.isDefEq.respectTransparency=false C:\\lean\\libs\\Lean-QIT\\QIT\\Util\\SDP\\StrongDuality.lean -o C:\\lean\\libs\\Lean-QIT\\.lake\\build\\lib\\lean\\QIT\\Util\\SDP\\StrongDuality.olean -i C:\\lean\\libs\\Lean-QIT\\.lake\\build\\lib\\lean\\QIT\\Util\\SDP\\StrongDuality.ilean -c C:\\lean\\libs\\Lean-QIT\\.lake\\build\\ir\\QIT\\Util\\SDP\\StrongDuality.c --setup C:\\lean\\libs\\Lean-QIT\\.lake\\build\\ir\\QIT\\Util\\SDP\\StrongDuality.setup.json --json",
   "level": "trace"}],
 "inputs":
 [["deps",
   [["QIT/QIT:extraDep", [["@QIT:extraDep", "00000000000006bb"]]],
    ["imports",
     [["Mathlib.Analysis.Convex.Cone.Basic transitive imports (public)",
       "2c549e1a1228a35b"],
      ["Mathlib.Analysis.Convex.Cone.Basic:importArts", "1e67e8af828a4fcc"],
      ["Mathlib.Analysis.LocallyConvex.WithSeminorms transitive imports (public)",
       "a9583754f4c945b7"],
      ["Mathlib.Analysis.LocallyConvex.WithSeminorms:importArts",
       "2d4a9dc0f444fdb4"],
      ["Mathlib.Analysis.LocallyConvex.Separation transitive imports (public)",
       "1bff6fb890743f34"],
      ["Mathlib.Analysis.LocallyConvex.Separation:importArts",
       "65842b3c303024cf"],
      ["Mathlib.Topology.Algebra.Module.FiniteDimension transitive imports (public)",
       "2dfd3a2454d54136"],
      ["Mathlib.Topology.Algebra.Module.FiniteDimension:importArts",
       "5949502fcbf8ee2b"]]]]],
  ["libs",
   [["import dynlibs", "00000000000006bb"],
    ["package external libraries", "00000000000006bb"],
    ["module dynlibs", "00000000000006bb"],
    ["module plugins", "00000000000006bb"]]],
  ["Lean 4.34.0, commit 3447a668783dbce1a8fdb97101dd067687b2b418",
   "421484e3e0c70198"],
  ["C:\\lean\\libs\\Lean-QIT\\QIT\\Util\\SDP\\StrongDuality.lean",
   "651fb518ad4d6bd1"],
  ["options", "00000000000006bb"],
  ["isModule: true", "760fcc16989f4b9b"],
  ["Module.name: QIT.Util.SDP.StrongDuality", "07f52c89b05932ad"],
  ["Package.id?: (some QIT)", "07d8d7419f989369"],
  ["Module.leanArgs: #[-DautoImplicit=false, -Dbackward.isDefEq.respectTransparency=false]",
   "1e046d1e40f8a855"]],
 "depHash": "c4d60c686bd0efbf"}