{"synthetic": false,
 "schemaVersion": "2025-09-10",
 "outputs":
 {"rs": "99f74b326f3a4e1e.ir.sig",
  "r": "d2ff971b71404d1d.ir",
  "o":
  ["6ddf811caadd6418.olean",
   "4d960752c35d68de.olean.server",
   "1367f14068693041.olean.private"],
  "m": true,
  "i": "1d57b37c78ca4530.ilean",
  "c": "677a5d795633ff92.c"},
 "log":
 [{"message":
   ".> LEAN_PATH=C:\\lean\\mathlib4\\.lake\\packages\\Cli\\.lake\\build\\lib\\lean;C:\\lean\\mathlib4\\.lake\\packages\\batteries\\.lake\\build\\lib\\lean;C:\\lean\\mathlib4\\.lake\\packages\\Qq\\.lake\\build\\lib\\lean;C:\\lean\\mathlib4\\.lake\\packages\\aesop\\.lake\\build\\lib\\lean;C:\\lean\\mathlib4\\.lake\\packages\\proofwidgets\\.lake\\build\\lib\\lean;C:\\lean\\mathlib4\\.lake\\packages\\importGraph\\.lake\\build\\lib\\lean;C:\\lean\\mathlib4\\.lake\\packages\\LeanSearchClient\\.lake\\build\\lib\\lean;C:\\lean\\mathlib4\\.lake\\packages\\plausible\\.lake\\build\\lib\\lean;C:\\lean\\mathlib4\\.lake\\build\\lib\\lean;C:\\lean\\libs\\Lean-QIT\\.lake\\build\\lib\\lean c:\\Users\\Administrator\\.elan\\toolchains\\leanprover--lean4---v4.34.0-rc1\\bin\\lean.exe -DautoImplicit=false -Dbackward.isDefEq.respectTransparency=false C:\\lean\\libs\\Lean-QIT\\QIT\\Information\\Renyi\\FrankLieb\\Concavity.lean -o C:\\lean\\libs\\Lean-QIT\\.lake\\build\\lib\\lean\\QIT\\Information\\Renyi\\FrankLieb\\Concavity.olean -i C:\\lean\\libs\\Lean-QIT\\.lake\\build\\lib\\lean\\QIT\\Information\\Renyi\\FrankLieb\\Concavity.ilean -c C:\\lean\\libs\\Lean-QIT\\.lake\\build\\ir\\QIT\\Information\\Renyi\\FrankLieb\\Concavity.c --setup C:\\lean\\libs\\Lean-QIT\\.lake\\build\\ir\\QIT\\Information\\Renyi\\FrankLieb\\Concavity.setup.json --json",
   "level": "trace"}],
 "inputs":
 [["deps",
   [["QIT/QIT:extraDep", [["@QIT:extraDep", "00000000000006bb"]]],
    ["imports",
     [["QIT.Information.Renyi.FrankLieb.Variational transitive imports (public)",
       "18fb5917685d36b9"],
      ["QIT.Information.Renyi.FrankLieb.Variational:importArts",
       "ecff234543142465"],
      ["QIT.Information.Renyi.RenyiDPI.Domain transitive imports (public)",
       "22f9b8edb3b4f02a"],
      ["QIT.Information.Renyi.RenyiDPI.Domain:importArts", "1b33fdc48ac50732"],
      ["QIT.Information.Renyi.RenyiDPIStatement transitive imports (public)",
       "484677fd80dcd226"],
      ["QIT.Information.Renyi.RenyiDPIStatement:importArts",
       "a7709df1f6f1c6a4"]]]]],
  ["libs",
   [["import dynlibs", "00000000000006bb"],
    ["package external libraries", "00000000000006bb"],
    ["module dynlibs", "00000000000006bb"],
    ["module plugins", "00000000000006bb"]]],
  ["Lean 4.34.0, commit 3447a668783dbce1a8fdb97101dd067687b2b418",
   "421484e3e0c70198"],
  ["C:\\lean\\libs\\Lean-QIT\\QIT\\Information\\Renyi\\FrankLieb\\Concavity.lean",
   "0797e5684c758839"],
  ["options", "00000000000006bb"],
  ["isModule: true", "760fcc16989f4b9b"],
  ["Module.name: QIT.Information.Renyi.FrankLieb.Concavity",
   "a24d882b8c92b1fb"],
  ["Package.id?: (some QIT)", "07d8d7419f989369"],
  ["Module.leanArgs: #[-DautoImplicit=false, -Dbackward.isDefEq.respectTransparency=false]",
   "1e046d1e40f8a855"]],
 "depHash": "81b6768f33329ce7"}