{"synthetic": false,
 "schemaVersion": "2025-09-10",
 "outputs":
 {"rs": "13e724a259fc32e1.ir.sig",
  "r": "f57e5bdfd0c80a8b.ir",
  "o":
  ["b7f33706870de733.olean",
   "f9a4ca0161d69ce7.olean.server",
   "78b549e7b358f4a0.olean.private"],
  "m": true,
  "i": "37d64a525016ebf7.ilean",
  "c": "e711c2b6ae7d1f46.c"},
 "log":
 [{"message":
   ".> LEAN_PATH=C:\\lean\\mathlib4\\.lake\\packages\\Cli\\.lake\\build\\lib\\lean;C:\\lean\\mathlib4\\.lake\\packages\\batteries\\.lake\\build\\lib\\lean;C:\\lean\\mathlib4\\.lake\\packages\\Qq\\.lake\\build\\lib\\lean;C:\\lean\\mathlib4\\.lake\\packages\\aesop\\.lake\\build\\lib\\lean;C:\\lean\\mathlib4\\.lake\\packages\\proofwidgets\\.lake\\build\\lib\\lean;C:\\lean\\mathlib4\\.lake\\packages\\importGraph\\.lake\\build\\lib\\lean;C:\\lean\\mathlib4\\.lake\\packages\\LeanSearchClient\\.lake\\build\\lib\\lean;C:\\lean\\mathlib4\\.lake\\packages\\plausible\\.lake\\build\\lib\\lean;C:\\lean\\mathlib4\\.lake\\build\\lib\\lean;C:\\lean\\libs\\Lean-QIT\\.lake\\build\\lib\\lean c:\\Users\\Administrator\\.elan\\toolchains\\leanprover--lean4---v4.34.0-rc1\\bin\\lean.exe -DautoImplicit=false -Dbackward.isDefEq.respectTransparency=false C:\\lean\\libs\\Lean-QIT\\QIT\\Information\\Renyi\\FrankLieb\\DPI.lean -o C:\\lean\\libs\\Lean-QIT\\.lake\\build\\lib\\lean\\QIT\\Information\\Renyi\\FrankLieb\\DPI.olean -i C:\\lean\\libs\\Lean-QIT\\.lake\\build\\lib\\lean\\QIT\\Information\\Renyi\\FrankLieb\\DPI.ilean -c C:\\lean\\libs\\Lean-QIT\\.lake\\build\\ir\\QIT\\Information\\Renyi\\FrankLieb\\DPI.c --setup C:\\lean\\libs\\Lean-QIT\\.lake\\build\\ir\\QIT\\Information\\Renyi\\FrankLieb\\DPI.setup.json --json",
   "level": "trace"}],
 "inputs":
 [["deps",
   [["QIT/QIT:extraDep", [["@QIT:extraDep", "00000000000006bb"]]],
    ["imports",
     [["QIT.Information.Entropy.RelativeEntropyTraceLog transitive imports (public)",
       "247b5b3002a61bc1"],
      ["QIT.Information.Entropy.RelativeEntropyTraceLog:importArts",
       "c4cef2cbe4bee779"],
      ["QIT.Information.Renyi.FrankLieb.Concavity transitive imports (public)",
       "d7b58dce211d3105"],
      ["QIT.Information.Renyi.FrankLieb.Concavity:importArts",
       "8b7279b5e40878a9"],
      ["QIT.Information.Renyi.RenyiDPI.LowAlpha transitive imports (public)",
       "430b8ee8f6e38e5e"],
      ["QIT.Information.Renyi.RenyiDPI.LowAlpha:importArts",
       "7ed91a1665343e0f"]]]]],
  ["libs",
   [["import dynlibs", "00000000000006bb"],
    ["package external libraries", "00000000000006bb"],
    ["module dynlibs", "00000000000006bb"],
    ["module plugins", "00000000000006bb"]]],
  ["Lean 4.34.0, commit 3447a668783dbce1a8fdb97101dd067687b2b418",
   "421484e3e0c70198"],
  ["C:\\lean\\libs\\Lean-QIT\\QIT\\Information\\Renyi\\FrankLieb\\DPI.lean",
   "26682d2a3c68dafc"],
  ["options", "00000000000006bb"],
  ["isModule: true", "760fcc16989f4b9b"],
  ["Module.name: QIT.Information.Renyi.FrankLieb.DPI", "09ffe733da3c1701"],
  ["Package.id?: (some QIT)", "07d8d7419f989369"],
  ["Module.leanArgs: #[-DautoImplicit=false, -Dbackward.isDefEq.respectTransparency=false]",
   "1e046d1e40f8a855"]],
 "depHash": "c79c1dfee6c6c289"}