{"synthetic": false,
 "schemaVersion": "2025-09-10",
 "outputs":
 {"rs": "0d940d4cab3dbff1.ir.sig",
  "r": "5b3d1c04fdbd3e59.ir",
  "o":
  ["406baa7e8f49269a.olean",
   "31c2ef02d8a62384.olean.server",
   "8c125c585654b7bd.olean.private"],
  "m": true,
  "i": "48d53724ac94f369.ilean",
  "c": "9c83eccacc4a169a.c"},
 "log":
 [{"message":
   ".> LEAN_PATH=C:\\lean\\mathlib4\\.lake\\packages\\Cli\\.lake\\build\\lib\\lean;C:\\lean\\mathlib4\\.lake\\packages\\batteries\\.lake\\build\\lib\\lean;C:\\lean\\mathlib4\\.lake\\packages\\Qq\\.lake\\build\\lib\\lean;C:\\lean\\mathlib4\\.lake\\packages\\aesop\\.lake\\build\\lib\\lean;C:\\lean\\mathlib4\\.lake\\packages\\proofwidgets\\.lake\\build\\lib\\lean;C:\\lean\\mathlib4\\.lake\\packages\\importGraph\\.lake\\build\\lib\\lean;C:\\lean\\mathlib4\\.lake\\packages\\LeanSearchClient\\.lake\\build\\lib\\lean;C:\\lean\\mathlib4\\.lake\\packages\\plausible\\.lake\\build\\lib\\lean;C:\\lean\\mathlib4\\.lake\\build\\lib\\lean;C:\\lean\\libs\\Lean-QIT\\.lake\\build\\lib\\lean c:\\Users\\Administrator\\.elan\\toolchains\\leanprover--lean4---v4.34.0-rc1\\bin\\lean.exe -DautoImplicit=false -Dbackward.isDefEq.respectTransparency=false C:\\lean\\libs\\Lean-QIT\\QIT\\Information\\Renyi\\FrankLieb\\ScalarOperator.lean -o C:\\lean\\libs\\Lean-QIT\\.lake\\build\\lib\\lean\\QIT\\Information\\Renyi\\FrankLieb\\ScalarOperator.olean -i C:\\lean\\libs\\Lean-QIT\\.lake\\build\\lib\\lean\\QIT\\Information\\Renyi\\FrankLieb\\ScalarOperator.ilean -c C:\\lean\\libs\\Lean-QIT\\.lake\\build\\ir\\QIT\\Information\\Renyi\\FrankLieb\\ScalarOperator.c --setup C:\\lean\\libs\\Lean-QIT\\.lake\\build\\ir\\QIT\\Information\\Renyi\\FrankLieb\\ScalarOperator.setup.json --json",
   "level": "trace"}],
 "inputs":
 [["deps",
   [["QIT/QIT:extraDep", [["@QIT:extraDep", "00000000000006bb"]]],
    ["imports",
     [["QIT.Information.Renyi.Renyi transitive imports (public)",
       "17f7ebd75aa00640"],
      ["QIT.Information.Renyi.Renyi:importArts", "23b6ad5e9b803b3b"],
      ["QIT.Information.Renyi.RenyiDPI.Domain transitive imports (public)",
       "22f9b8edb3b4f02a"],
      ["QIT.Information.Renyi.RenyiDPI.Domain:importArts", "1b33fdc48ac50732"],
      ["QIT.States.TraceNorm.Audenaert transitive imports (public)",
       "f2948a6f50b785e1"],
      ["QIT.States.TraceNorm.Audenaert:importArts", "9bcf4226be320628"],
      ["QIT.Util.BlockMatrix transitive imports (public)", "8696f0a78820697a"],
      ["QIT.Util.BlockMatrix:importArts", "c827862322141664"],
      ["QIT.Util.CMatrixCLM transitive imports (public)", "ca9e9d82ecf1aa24"],
      ["QIT.Util.CMatrixCLM:importArts", "fab1b9517bf3b823"],
      ["Mathlib.Data.EReal.Basic transitive imports (public)",
       "d9f1517d57fd6c73"],
      ["Mathlib.Data.EReal.Basic:importArts", "e70e093c08e65eec"]]]]],
  ["libs",
   [["import dynlibs", "00000000000006bb"],
    ["package external libraries", "00000000000006bb"],
    ["module dynlibs", "00000000000006bb"],
    ["module plugins", "00000000000006bb"]]],
  ["Lean 4.34.0, commit 3447a668783dbce1a8fdb97101dd067687b2b418",
   "421484e3e0c70198"],
  ["C:\\lean\\libs\\Lean-QIT\\QIT\\Information\\Renyi\\FrankLieb\\ScalarOperator.lean",
   "1cd16903e4c8435d"],
  ["options", "00000000000006bb"],
  ["isModule: true", "760fcc16989f4b9b"],
  ["Module.name: QIT.Information.Renyi.FrankLieb.ScalarOperator",
   "dbcf1baff0935311"],
  ["Package.id?: (some QIT)", "07d8d7419f989369"],
  ["Module.leanArgs: #[-DautoImplicit=false, -Dbackward.isDefEq.respectTransparency=false]",
   "1e046d1e40f8a855"]],
 "depHash": "86950974c8ca22e7"}