{"synthetic": false,
 "schemaVersion": "2025-09-10",
 "outputs":
 {"rs": "d8fc3fa586e1e626.ir.sig",
  "r": "f1d0f2fa8eccb9a0.ir",
  "o":
  ["4ab145209addd767.olean",
   "98ea929d21bdb19c.olean.server",
   "4c62266ab54f31eb.olean.private"],
  "m": true,
  "i": "26cd6319fc6e5f0e.ilean",
  "c": "2d2e645188d9c6b0.c"},
 "log":
 [{"message":
   ".> LEAN_PATH=C:\\lean\\mathlib4\\.lake\\packages\\Cli\\.lake\\build\\lib\\lean;C:\\lean\\mathlib4\\.lake\\packages\\batteries\\.lake\\build\\lib\\lean;C:\\lean\\mathlib4\\.lake\\packages\\Qq\\.lake\\build\\lib\\lean;C:\\lean\\mathlib4\\.lake\\packages\\aesop\\.lake\\build\\lib\\lean;C:\\lean\\mathlib4\\.lake\\packages\\proofwidgets\\.lake\\build\\lib\\lean;C:\\lean\\mathlib4\\.lake\\packages\\importGraph\\.lake\\build\\lib\\lean;C:\\lean\\mathlib4\\.lake\\packages\\LeanSearchClient\\.lake\\build\\lib\\lean;C:\\lean\\mathlib4\\.lake\\packages\\plausible\\.lake\\build\\lib\\lean;C:\\lean\\mathlib4\\.lake\\build\\lib\\lean;C:\\lean\\libs\\Lean-QIT\\.lake\\build\\lib\\lean c:\\Users\\Administrator\\.elan\\toolchains\\leanprover--lean4---v4.34.0-rc1\\bin\\lean.exe -DautoImplicit=false -Dbackward.isDefEq.respectTransparency=false C:\\lean\\libs\\Lean-QIT\\QIT\\Information\\Renyi\\FrankLieb\\Variational.lean -o C:\\lean\\libs\\Lean-QIT\\.lake\\build\\lib\\lean\\QIT\\Information\\Renyi\\FrankLieb\\Variational.olean -i C:\\lean\\libs\\Lean-QIT\\.lake\\build\\lib\\lean\\QIT\\Information\\Renyi\\FrankLieb\\Variational.ilean -c C:\\lean\\libs\\Lean-QIT\\.lake\\build\\ir\\QIT\\Information\\Renyi\\FrankLieb\\Variational.c --setup C:\\lean\\libs\\Lean-QIT\\.lake\\build\\ir\\QIT\\Information\\Renyi\\FrankLieb\\Variational.setup.json --json",
   "level": "trace"}],
 "inputs":
 [["deps",
   [["QIT/QIT:extraDep", [["@QIT:extraDep", "00000000000006bb"]]],
    ["imports",
     [["QIT.Information.Renyi.FrankLieb.ScalarOperator transitive imports (public)",
       "27bec0656bcae3ae"],
      ["QIT.Information.Renyi.FrankLieb.ScalarOperator:importArts",
       "bcd6555161725906"]]]]],
  ["libs",
   [["import dynlibs", "00000000000006bb"],
    ["package external libraries", "00000000000006bb"],
    ["module dynlibs", "00000000000006bb"],
    ["module plugins", "00000000000006bb"]]],
  ["Lean 4.34.0, commit 3447a668783dbce1a8fdb97101dd067687b2b418",
   "421484e3e0c70198"],
  ["C:\\lean\\libs\\Lean-QIT\\QIT\\Information\\Renyi\\FrankLieb\\Variational.lean",
   "beaa9236ceaea0fc"],
  ["options", "00000000000006bb"],
  ["isModule: true", "760fcc16989f4b9b"],
  ["Module.name: QIT.Information.Renyi.FrankLieb.Variational",
   "10cf7887a86900fd"],
  ["Package.id?: (some QIT)", "07d8d7419f989369"],
  ["Module.leanArgs: #[-DautoImplicit=false, -Dbackward.isDefEq.respectTransparency=false]",
   "1e046d1e40f8a855"]],
 "depHash": "b1ee04fcb255858b"}