{"synthetic": false,
 "schemaVersion": "2025-09-10",
 "outputs":
 {"rs": "04c45e2b1df116b0.ir.sig",
  "r": "9baf920d768c0606.ir",
  "o":
  ["eba8951b5a9cf06f.olean",
   "64278931fb24888e.olean.server",
   "0ffc16714400c493.olean.private"],
  "m": true,
  "i": "bee4fbba15532192.ilean",
  "c": "68becaa1fef8533f.c"},
 "log":
 [{"message":
   ".> LEAN_PATH=C:\\lean\\mathlib4\\.lake\\packages\\Cli\\.lake\\build\\lib\\lean;C:\\lean\\mathlib4\\.lake\\packages\\batteries\\.lake\\build\\lib\\lean;C:\\lean\\mathlib4\\.lake\\packages\\Qq\\.lake\\build\\lib\\lean;C:\\lean\\mathlib4\\.lake\\packages\\aesop\\.lake\\build\\lib\\lean;C:\\lean\\mathlib4\\.lake\\packages\\proofwidgets\\.lake\\build\\lib\\lean;C:\\lean\\mathlib4\\.lake\\packages\\importGraph\\.lake\\build\\lib\\lean;C:\\lean\\mathlib4\\.lake\\packages\\LeanSearchClient\\.lake\\build\\lib\\lean;C:\\lean\\mathlib4\\.lake\\packages\\plausible\\.lake\\build\\lib\\lean;C:\\lean\\mathlib4\\.lake\\build\\lib\\lean;C:\\lean\\libs\\Lean-QIT\\.lake\\build\\lib\\lean c:\\Users\\Administrator\\.elan\\toolchains\\leanprover--lean4---v4.34.0-rc1\\bin\\lean.exe -DautoImplicit=false -Dbackward.isDefEq.respectTransparency=false C:\\lean\\libs\\Lean-QIT\\QIT\\Symmetry\\DeFinetti\\ProfilesMixtures.lean -o C:\\lean\\libs\\Lean-QIT\\.lake\\build\\lib\\lean\\QIT\\Symmetry\\DeFinetti\\ProfilesMixtures.olean -i C:\\lean\\libs\\Lean-QIT\\.lake\\build\\lib\\lean\\QIT\\Symmetry\\DeFinetti\\ProfilesMixtures.ilean -c C:\\lean\\libs\\Lean-QIT\\.lake\\build\\ir\\QIT\\Symmetry\\DeFinetti\\ProfilesMixtures.c --setup C:\\lean\\libs\\Lean-QIT\\.lake\\build\\ir\\QIT\\Symmetry\\DeFinetti\\ProfilesMixtures.setup.json --json",
   "level": "trace"}],
 "inputs":
 [["deps",
   [["QIT/QIT:extraDep", [["@QIT:extraDep", "00000000000006bb"]]],
    ["imports",
     [["QIT.Symmetry.SymmetricSubspace transitive imports (public)",
       "14af29b8f166698c"],
      ["QIT.Symmetry.SymmetricSubspace:importArts", "22233fc9a1bdb1b9"],
      ["QIT.Symmetry.TensorPowerSplit transitive imports (public)",
       "9a5eec2ba3769ee7"],
      ["QIT.Symmetry.TensorPowerSplit:importArts", "659c4fc51da36691"],
      ["QIT.Symmetry.UnitaryTwirl transitive imports (public)",
       "bc8d6fd11828b9ca"],
      ["QIT.Symmetry.UnitaryTwirl:importArts", "0241480b197ebe2e"],
      ["QIT.Classical.Ensemble transitive imports (public)",
       "35dc7bcd8a9e966c"],
      ["QIT.Classical.Ensemble:importArts", "73d8d957dfd0f45d"],
      ["QIT.Classical.CQState transitive imports (public)", "068fbbbfbce14f24"],
      ["QIT.Classical.CQState:importArts", "d9c9f1b05c6da142"],
      ["QIT.Channels.Diamond transitive imports (public)", "61417a77302563ca"],
      ["QIT.Channels.Diamond:importArts", "ab49bd34d7569eff"],
      ["QIT.States.Purification.Canonical transitive imports (public)",
       "a1c47988c1ef28b6"],
      ["QIT.States.Purification.Canonical:importArts", "c947b6fcd1f6232a"],
      ["QIT.States.Purification.Equivalence transitive imports (public)",
       "ae5b3461319b1721"],
      ["QIT.States.Purification.Equivalence:importArts", "2070d2d282ddde73"],
      ["QIT.States.Schatten transitive imports (public)", "abfa80813de4efdc"],
      ["QIT.States.Schatten:importArts", "d2d82d46ceca5ae8"],
      ["QIT.States.Subnormalized transitive imports (public)",
       "39084ca4fff4e807"],
      ["QIT.States.Subnormalized:importArts", "0dc3053f16a733f6"],
      ["QIT.States.TraceNorm.PositivePart transitive imports (public)",
       "bccd802d8ef2f5f5"],
      ["QIT.States.TraceNorm.PositivePart:importArts", "aa9f291da12d10b2"],
      ["QIT.Util.SDP.HermitianPSDTraceDuality transitive imports (public)",
       "2833af4f98f60895"],
      ["QIT.Util.SDP.HermitianPSDTraceDuality:importArts", "dc8809179411f645"],
      ["Mathlib.Analysis.InnerProductSpace.Adjoint transitive imports (public)",
       "eda4dc6830a7f88b"],
      ["Mathlib.Analysis.InnerProductSpace.Adjoint:importArts",
       "ce4ff3419ad93de3"],
      ["Mathlib.Analysis.InnerProductSpace.PiL2 transitive imports (public)",
       "a55bdc01a0dde5a8"],
      ["Mathlib.Analysis.InnerProductSpace.PiL2:importArts",
       "48adcc0d6a462566"],
      ["Mathlib.Analysis.InnerProductSpace.Projection.Submodule transitive imports (public)",
       "8f953902b600185e"],
      ["Mathlib.Analysis.InnerProductSpace.Projection.Submodule:importArts",
       "ca0b1647acd621e3"]]]]],
  ["libs",
   [["import dynlibs", "00000000000006bb"],
    ["package external libraries", "00000000000006bb"],
    ["module dynlibs", "00000000000006bb"],
    ["module plugins", "00000000000006bb"]]],
  ["Lean 4.34.0, commit 3447a668783dbce1a8fdb97101dd067687b2b418",
   "421484e3e0c70198"],
  ["C:\\lean\\libs\\Lean-QIT\\QIT\\Symmetry\\DeFinetti\\ProfilesMixtures.lean",
   "172d8df366aa6072"],
  ["options", "00000000000006bb"],
  ["isModule: true", "760fcc16989f4b9b"],
  ["Module.name: QIT.Symmetry.DeFinetti.ProfilesMixtures", "da80d262927965c7"],
  ["Package.id?: (some QIT)", "07d8d7419f989369"],
  ["Module.leanArgs: #[-DautoImplicit=false, -Dbackward.isDefEq.respectTransparency=false]",
   "1e046d1e40f8a855"]],
 "depHash": "f2ff04b7edaa8c7c"}