{"synthetic": false,
 "schemaVersion": "2025-09-10",
 "outputs":
 {"rs": "aa90ca7c09b8c14a.ir.sig",
  "r": "431b140186a96f3f.ir",
  "o":
  ["c8f106e02495b8f4.olean",
   "abcf8238326e1179.olean.server",
   "30a4d1081bfea741.olean.private"],
  "m": true,
  "i": "d02b3b03e5e56199.ilean",
  "c": "7c7ca109b08dadbf.c"},
 "log":
 [{"message":
   ".> LEAN_PATH=C:\\lean\\mathlib4\\.lake\\packages\\Cli\\.lake\\build\\lib\\lean;C:\\lean\\mathlib4\\.lake\\packages\\batteries\\.lake\\build\\lib\\lean;C:\\lean\\mathlib4\\.lake\\packages\\Qq\\.lake\\build\\lib\\lean;C:\\lean\\mathlib4\\.lake\\packages\\aesop\\.lake\\build\\lib\\lean;C:\\lean\\mathlib4\\.lake\\packages\\proofwidgets\\.lake\\build\\lib\\lean;C:\\lean\\mathlib4\\.lake\\packages\\importGraph\\.lake\\build\\lib\\lean;C:\\lean\\mathlib4\\.lake\\packages\\LeanSearchClient\\.lake\\build\\lib\\lean;C:\\lean\\mathlib4\\.lake\\packages\\plausible\\.lake\\build\\lib\\lean;C:\\lean\\mathlib4\\.lake\\build\\lib\\lean;C:\\lean\\libs\\Lean-QIT\\.lake\\build\\lib\\lean c:\\Users\\Administrator\\.elan\\toolchains\\leanprover--lean4---v4.34.0-rc1\\bin\\lean.exe -DautoImplicit=false -Dbackward.isDefEq.respectTransparency=false C:\\lean\\libs\\Lean-QIT\\QIT\\Symmetry\\DeFinetti\\RennerProjectors.lean -o C:\\lean\\libs\\Lean-QIT\\.lake\\build\\lib\\lean\\QIT\\Symmetry\\DeFinetti\\RennerProjectors.olean -i C:\\lean\\libs\\Lean-QIT\\.lake\\build\\lib\\lean\\QIT\\Symmetry\\DeFinetti\\RennerProjectors.ilean -c C:\\lean\\libs\\Lean-QIT\\.lake\\build\\ir\\QIT\\Symmetry\\DeFinetti\\RennerProjectors.c --setup C:\\lean\\libs\\Lean-QIT\\.lake\\build\\ir\\QIT\\Symmetry\\DeFinetti\\RennerProjectors.setup.json --json",
   "level": "trace"}],
 "inputs":
 [["deps",
   [["QIT/QIT:extraDep", [["@QIT:extraDep", "00000000000006bb"]]],
    ["imports",
     [["QIT.Symmetry.DeFinetti.Twirling transitive imports (public)",
       "4d633e87ed1254da"],
      ["QIT.Symmetry.DeFinetti.Twirling:importArts", "d1aecd7af3a039f0"]]]]],
  ["libs",
   [["import dynlibs", "00000000000006bb"],
    ["package external libraries", "00000000000006bb"],
    ["module dynlibs", "00000000000006bb"],
    ["module plugins", "00000000000006bb"]]],
  ["Lean 4.34.0, commit 3447a668783dbce1a8fdb97101dd067687b2b418",
   "421484e3e0c70198"],
  ["C:\\lean\\libs\\Lean-QIT\\QIT\\Symmetry\\DeFinetti\\RennerProjectors.lean",
   "4ddcb9a489a8617f"],
  ["options", "00000000000006bb"],
  ["isModule: true", "760fcc16989f4b9b"],
  ["Module.name: QIT.Symmetry.DeFinetti.RennerProjectors", "2c6c3236de72dfc9"],
  ["Package.id?: (some QIT)", "07d8d7419f989369"],
  ["Module.leanArgs: #[-DautoImplicit=false, -Dbackward.isDefEq.respectTransparency=false]",
   "1e046d1e40f8a855"]],
 "depHash": "b2c556d4f488ddc6"}