{"synthetic": false,
 "schemaVersion": "2025-09-10",
 "outputs":
 {"rs": "bc27ff28ab4c9cd8.ir.sig",
  "r": "8c63d08be7af237f.ir",
  "o":
  ["458555abe1c261ef.olean",
   "2d590ce034cb8783.olean.server",
   "0d86632d1f43cee3.olean.private"],
  "m": true,
  "i": "dd4f98fc64de989c.ilean",
  "c": "23e790d930a5d240.c"},
 "log":
 [{"message":
   ".> LEAN_PATH=C:\\lean\\mathlib4\\.lake\\packages\\Cli\\.lake\\build\\lib\\lean;C:\\lean\\mathlib4\\.lake\\packages\\batteries\\.lake\\build\\lib\\lean;C:\\lean\\mathlib4\\.lake\\packages\\Qq\\.lake\\build\\lib\\lean;C:\\lean\\mathlib4\\.lake\\packages\\aesop\\.lake\\build\\lib\\lean;C:\\lean\\mathlib4\\.lake\\packages\\proofwidgets\\.lake\\build\\lib\\lean;C:\\lean\\mathlib4\\.lake\\packages\\importGraph\\.lake\\build\\lib\\lean;C:\\lean\\mathlib4\\.lake\\packages\\LeanSearchClient\\.lake\\build\\lib\\lean;C:\\lean\\mathlib4\\.lake\\packages\\plausible\\.lake\\build\\lib\\lean;C:\\lean\\mathlib4\\.lake\\build\\lib\\lean;C:\\lean\\libs\\Lean-QIT\\.lake\\build\\lib\\lean c:\\Users\\Administrator\\.elan\\toolchains\\leanprover--lean4---v4.34.0-rc1\\bin\\lean.exe -DautoImplicit=false -Dbackward.isDefEq.respectTransparency=false C:\\lean\\libs\\Lean-QIT\\QIT\\OneShot\\CQGuessing.lean -o C:\\lean\\libs\\Lean-QIT\\.lake\\build\\lib\\lean\\QIT\\OneShot\\CQGuessing.olean -i C:\\lean\\libs\\Lean-QIT\\.lake\\build\\lib\\lean\\QIT\\OneShot\\CQGuessing.ilean -c C:\\lean\\libs\\Lean-QIT\\.lake\\build\\ir\\QIT\\OneShot\\CQGuessing.c --setup C:\\lean\\libs\\Lean-QIT\\.lake\\build\\ir\\QIT\\OneShot\\CQGuessing.setup.json --json",
   "level": "trace"}],
 "inputs":
 [["deps",
   [["QIT/QIT:extraDep", [["@QIT:extraDep", "00000000000006bb"]]],
    ["imports",
     [["QIT.OneShot.Smooth transitive imports (public)", "ae7e1bf246362ce3"],
      ["QIT.OneShot.Smooth:importArts", "a837ef6fe49c8877"],
      ["QIT.OneShot.SmoothAttainment transitive imports (public)",
       "6cd8828cccbec7a6"],
      ["QIT.OneShot.SmoothAttainment:importArts", "443fdc39652db459"],
      ["QIT.States.Topology transitive imports (public)", "84ca8da048c20a62"],
      ["QIT.States.Topology:importArts", "af71e634dc3bedc5"],
      ["QIT.Util.SDP.HermitianPSDTraceDuality transitive imports (public)",
       "2833af4f98f60895"],
      ["QIT.Util.SDP.HermitianPSDTraceDuality:importArts", "dc8809179411f645"],
      ["QIT.Util.SDP.StrongDuality transitive imports (public)",
       "26aaa5082328036b"],
      ["QIT.Util.SDP.StrongDuality:importArts", "0fec1a4afbadee65"],
      ["QIT.Util.CMatrixCLM transitive imports (public)", "ca9e9d82ecf1aa24"],
      ["QIT.Util.CMatrixCLM:importArts", "fab1b9517bf3b823"],
      ["Mathlib.Analysis.CStarAlgebra.Matrix transitive imports (public)",
       "45e2adb3868dfdc9"],
      ["Mathlib.Analysis.CStarAlgebra.Matrix:importArts", "673875de75f5cfcb"],
      ["Mathlib.Analysis.CStarAlgebra.ContinuousFunctionalCalculus.Order transitive imports (public)",
       "b65e0bef0b981a36"],
      ["Mathlib.Analysis.CStarAlgebra.ContinuousFunctionalCalculus.Order:importArts",
       "8ad069d71014d82c"],
      ["Mathlib.Topology.MetricSpace.Sequences transitive imports (public)",
       "69e3892653f46973"],
      ["Mathlib.Topology.MetricSpace.Sequences:importArts", "64d95cc2010dc95a"],
      ["QIT.Information.Entropy.Log2Lemmas transitive imports (public)",
       "36fe893b7a0a46c5"],
      ["QIT.Information.Entropy.Log2Lemmas:importArts", "cf4842d5c190cb5a"]]]]],
  ["libs",
   [["import dynlibs", "00000000000006bb"],
    ["package external libraries", "00000000000006bb"],
    ["module dynlibs", "00000000000006bb"],
    ["module plugins", "00000000000006bb"]]],
  ["Lean 4.34.0, commit 3447a668783dbce1a8fdb97101dd067687b2b418",
   "421484e3e0c70198"],
  ["C:\\lean\\libs\\Lean-QIT\\QIT\\OneShot\\CQGuessing.lean",
   "635dfde32623aa2a"],
  ["options", "00000000000006bb"],
  ["isModule: true", "760fcc16989f4b9b"],
  ["Module.name: QIT.OneShot.CQGuessing", "5c408b215e3cfc6f"],
  ["Package.id?: (some QIT)", "07d8d7419f989369"],
  ["Module.leanArgs: #[-DautoImplicit=false, -Dbackward.isDefEq.respectTransparency=false]",
   "1e046d1e40f8a855"]],
 "depHash": "8d0cc490dfd1107b"}