{"synthetic": false,
 "schemaVersion": "2025-09-10",
 "outputs":
 {"rs": "8895bd409d599a97.ir.sig",
  "r": "8d9dc270243a9bde.ir",
  "o":
  ["4331df8c502fc4a3.olean",
   "12475b5e499f06ce.olean.server",
   "3e4fa4da95ba979b.olean.private"],
  "m": true,
  "i": "4bdc46eae0d23ef9.ilean",
  "c": "2ae00e3d13b47022.c"},
 "log":
 [{"message":
   ".> LEAN_PATH=C:\\lean\\mathlib4\\.lake\\packages\\Cli\\.lake\\build\\lib\\lean;C:\\lean\\mathlib4\\.lake\\packages\\batteries\\.lake\\build\\lib\\lean;C:\\lean\\mathlib4\\.lake\\packages\\Qq\\.lake\\build\\lib\\lean;C:\\lean\\mathlib4\\.lake\\packages\\aesop\\.lake\\build\\lib\\lean;C:\\lean\\mathlib4\\.lake\\packages\\proofwidgets\\.lake\\build\\lib\\lean;C:\\lean\\mathlib4\\.lake\\packages\\importGraph\\.lake\\build\\lib\\lean;C:\\lean\\mathlib4\\.lake\\packages\\LeanSearchClient\\.lake\\build\\lib\\lean;C:\\lean\\mathlib4\\.lake\\packages\\plausible\\.lake\\build\\lib\\lean;C:\\lean\\mathlib4\\.lake\\build\\lib\\lean;C:\\lean\\libs\\Lean-QIT\\.lake\\build\\lib\\lean c:\\Users\\Administrator\\.elan\\toolchains\\leanprover--lean4---v4.34.0-rc1\\bin\\lean.exe -DautoImplicit=false -Dbackward.isDefEq.respectTransparency=false C:\\lean\\libs\\Lean-QIT\\QIT\\OneShot\\Decoupling.lean -o C:\\lean\\libs\\Lean-QIT\\.lake\\build\\lib\\lean\\QIT\\OneShot\\Decoupling.olean -i C:\\lean\\libs\\Lean-QIT\\.lake\\build\\lib\\lean\\QIT\\OneShot\\Decoupling.ilean -c C:\\lean\\libs\\Lean-QIT\\.lake\\build\\ir\\QIT\\OneShot\\Decoupling.c --setup C:\\lean\\libs\\Lean-QIT\\.lake\\build\\ir\\QIT\\OneShot\\Decoupling.setup.json --json",
   "level": "trace"}],
 "inputs":
 [["deps",
   [["QIT/QIT:extraDep", [["@QIT:extraDep", "00000000000006bb"]]],
    ["imports",
     [["Mathlib.Topology.Bases transitive imports (public)",
       "bf832a94ce4678c6"],
      ["Mathlib.Topology.Bases:importArts", "fa12349281c6e5c1"],
      ["QIT.Information.Entropy.Entropy transitive imports (public)",
       "d60a37feba8c0e73"],
      ["QIT.Information.Entropy.Entropy:importArts", "8b59fbc54bdbbd4b"],
      ["QIT.OneShot.Smooth transitive imports (public)", "ae7e1bf246362ce3"],
      ["QIT.OneShot.Smooth:importArts", "a837ef6fe49c8877"],
      ["QIT.Symmetry.UnitaryTwirl transitive imports (public)",
       "bc8d6fd11828b9ca"],
      ["QIT.Symmetry.UnitaryTwirl:importArts", "0241480b197ebe2e"],
      ["QIT.States.TraceNorm.Spectral transitive imports (public)",
       "073fffc2980681ce"],
      ["QIT.States.TraceNorm.Spectral:importArts", "a54708d3d69666a1"],
      ["Mathlib.Analysis.CStarAlgebra.Classes transitive imports (public)",
       "90d10b644255df58"],
      ["Mathlib.Analysis.CStarAlgebra.Classes:importArts", "0f8a3ff33185fca4"],
      ["Mathlib.Analysis.CStarAlgebra.ContinuousFunctionalCalculus.Basic transitive imports (public)",
       "29b577e95f2fee1a"],
      ["Mathlib.Analysis.CStarAlgebra.ContinuousFunctionalCalculus.Basic:importArts",
       "6924ef7a9d7c42ff"],
      ["Mathlib.Analysis.CStarAlgebra.ContinuousFunctionalCalculus.Continuity transitive imports (public)",
       "afbf9d0f456e71db"],
      ["Mathlib.Analysis.CStarAlgebra.ContinuousFunctionalCalculus.Continuity:importArts",
       "fe7f4b75c5eb6f43"],
      ["Mathlib.Analysis.CStarAlgebra.ContinuousFunctionalCalculus.Instances transitive imports (public)",
       "14937ad39f581a05"],
      ["Mathlib.Analysis.CStarAlgebra.ContinuousFunctionalCalculus.Instances:importArts",
       "7b05583de17f6822"],
      ["Mathlib.Analysis.CStarAlgebra.Matrix transitive imports (public)",
       "45e2adb3868dfdc9"],
      ["Mathlib.Analysis.CStarAlgebra.Matrix:importArts", "673875de75f5cfcb"],
      ["Mathlib.Analysis.SpecialFunctions.ContinuousFunctionalCalculus.Rpow.Basic transitive imports (public)",
       "dc3564bd8f1d158e"],
      ["Mathlib.Analysis.SpecialFunctions.ContinuousFunctionalCalculus.Rpow.Basic:importArts",
       "bbcb355b52f3a362"],
      ["Mathlib.Analysis.SpecialFunctions.ContinuousFunctionalCalculus.Rpow.Isometric transitive imports (public)",
       "2cc43f1ab4b399ee"],
      ["Mathlib.Analysis.SpecialFunctions.ContinuousFunctionalCalculus.Rpow.Isometric:importArts",
       "d9de26afb3f1d6f2"],
      ["Mathlib.MeasureTheory.Integral.Average transitive imports (public)",
       "eebe1f7808f42a04"],
      ["Mathlib.MeasureTheory.Integral.Average:importArts", "b2fa904161077bcd"],
      ["Mathlib.MeasureTheory.Function.L2Space transitive imports (public)",
       "9638aa2a9b1dbaf7"],
      ["Mathlib.MeasureTheory.Function.L2Space:importArts",
       "86755778909c2212"]]]]],
  ["libs",
   [["import dynlibs", "00000000000006bb"],
    ["package external libraries", "00000000000006bb"],
    ["module dynlibs", "00000000000006bb"],
    ["module plugins", "00000000000006bb"]]],
  ["Lean 4.34.0, commit 3447a668783dbce1a8fdb97101dd067687b2b418",
   "421484e3e0c70198"],
  ["C:\\lean\\libs\\Lean-QIT\\QIT\\OneShot\\Decoupling.lean",
   "e8349d3259b48507"],
  ["options", "00000000000006bb"],
  ["isModule: true", "760fcc16989f4b9b"],
  ["Module.name: QIT.OneShot.Decoupling", "806216133160a401"],
  ["Package.id?: (some QIT)", "07d8d7419f989369"],
  ["Module.leanArgs: #[-DautoImplicit=false, -Dbackward.isDefEq.respectTransparency=false]",
   "1e046d1e40f8a855"]],
 "depHash": "952089675d7cb02a"}