{"synthetic": false,
 "schemaVersion": "2025-09-10",
 "outputs":
 {"rs": "f68ec78dd5006aeb.ir.sig",
  "r": "3a72fc5a058f62fc.ir",
  "o":
  ["a183d0ee057effdf.olean",
   "90e01ae3871e5941.olean.server",
   "fa0a7d96cd1a6022.olean.private"],
  "m": true,
  "i": "dc28b02f4dd04ff2.ilean",
  "c": "f6bd9d31456ca154.c"},
 "log":
 [{"message":
   ".> LEAN_PATH=C:\\lean\\mathlib4\\.lake\\packages\\Cli\\.lake\\build\\lib\\lean;C:\\lean\\mathlib4\\.lake\\packages\\batteries\\.lake\\build\\lib\\lean;C:\\lean\\mathlib4\\.lake\\packages\\Qq\\.lake\\build\\lib\\lean;C:\\lean\\mathlib4\\.lake\\packages\\aesop\\.lake\\build\\lib\\lean;C:\\lean\\mathlib4\\.lake\\packages\\proofwidgets\\.lake\\build\\lib\\lean;C:\\lean\\mathlib4\\.lake\\packages\\importGraph\\.lake\\build\\lib\\lean;C:\\lean\\mathlib4\\.lake\\packages\\LeanSearchClient\\.lake\\build\\lib\\lean;C:\\lean\\mathlib4\\.lake\\packages\\plausible\\.lake\\build\\lib\\lean;C:\\lean\\mathlib4\\.lake\\build\\lib\\lean;C:\\lean\\libs\\Lean-QIT\\.lake\\build\\lib\\lean c:\\Users\\Administrator\\.elan\\toolchains\\leanprover--lean4---v4.34.0-rc1\\bin\\lean.exe -DautoImplicit=false -Dbackward.isDefEq.respectTransparency=false C:\\lean\\libs\\Lean-QIT\\QIT\\OneShot\\EntropicUncertainty.lean -o C:\\lean\\libs\\Lean-QIT\\.lake\\build\\lib\\lean\\QIT\\OneShot\\EntropicUncertainty.olean -i C:\\lean\\libs\\Lean-QIT\\.lake\\build\\lib\\lean\\QIT\\OneShot\\EntropicUncertainty.ilean -c C:\\lean\\libs\\Lean-QIT\\.lake\\build\\ir\\QIT\\OneShot\\EntropicUncertainty.c --setup C:\\lean\\libs\\Lean-QIT\\.lake\\build\\ir\\QIT\\OneShot\\EntropicUncertainty.setup.json --json",
   "level": "trace"}],
 "inputs":
 [["deps",
   [["QIT/QIT:extraDep", [["@QIT:extraDep", "00000000000006bb"]]],
    ["imports",
     [["QIT.OneShot.ConditionalRenyiExtendedDuality transitive imports (public)",
       "be1cf69fbbb020ea"],
      ["QIT.OneShot.ConditionalRenyiExtendedDuality:importArts",
       "79d57d030d73ff48"],
      ["QIT.OneShot.EntropicUncertaintyComparison transitive imports (public)",
       "a436aaca60241fe2"],
      ["QIT.OneShot.EntropicUncertaintyComparison:importArts",
       "0d7655b2cc67371f"],
      ["QIT.States.Purification.Canonical transitive imports (public)",
       "a1c47988c1ef28b6"],
      ["QIT.States.Purification.Canonical:importArts", "c947b6fcd1f6232a"]]]]],
  ["libs",
   [["import dynlibs", "00000000000006bb"],
    ["package external libraries", "00000000000006bb"],
    ["module dynlibs", "00000000000006bb"],
    ["module plugins", "00000000000006bb"]]],
  ["Lean 4.34.0, commit 3447a668783dbce1a8fdb97101dd067687b2b418",
   "421484e3e0c70198"],
  ["C:\\lean\\libs\\Lean-QIT\\QIT\\OneShot\\EntropicUncertainty.lean",
   "724b3b52733ecfc6"],
  ["options", "00000000000006bb"],
  ["isModule: true", "760fcc16989f4b9b"],
  ["Module.name: QIT.OneShot.EntropicUncertainty", "8d4081c6e78348bf"],
  ["Package.id?: (some QIT)", "07d8d7419f989369"],
  ["Module.leanArgs: #[-DautoImplicit=false, -Dbackward.isDefEq.respectTransparency=false]",
   "1e046d1e40f8a855"]],
 "depHash": "135f28b1b3b53eb3"}