{"synthetic": false,
 "schemaVersion": "2025-09-10",
 "outputs":
 {"rs": "45a0767197763e94.ir.sig",
  "r": "e6e0833c386b84a2.ir",
  "o":
  ["bb34113d12bf42bc.olean",
   "8fd61f168e39c449.olean.server",
   "8584377524fb8dfc.olean.private"],
  "m": true,
  "i": "c75d12c73c054509.ilean",
  "c": "ce178fe421a2b3ef.c"},
 "log":
 [{"message":
   ".> LEAN_PATH=C:\\lean\\mathlib4\\.lake\\packages\\Cli\\.lake\\build\\lib\\lean;C:\\lean\\mathlib4\\.lake\\packages\\batteries\\.lake\\build\\lib\\lean;C:\\lean\\mathlib4\\.lake\\packages\\Qq\\.lake\\build\\lib\\lean;C:\\lean\\mathlib4\\.lake\\packages\\aesop\\.lake\\build\\lib\\lean;C:\\lean\\mathlib4\\.lake\\packages\\proofwidgets\\.lake\\build\\lib\\lean;C:\\lean\\mathlib4\\.lake\\packages\\importGraph\\.lake\\build\\lib\\lean;C:\\lean\\mathlib4\\.lake\\packages\\LeanSearchClient\\.lake\\build\\lib\\lean;C:\\lean\\mathlib4\\.lake\\packages\\plausible\\.lake\\build\\lib\\lean;C:\\lean\\mathlib4\\.lake\\build\\lib\\lean;C:\\lean\\libs\\Lean-QIT\\.lake\\build\\lib\\lean c:\\Users\\Administrator\\.elan\\toolchains\\leanprover--lean4---v4.34.0-rc1\\bin\\lean.exe -DautoImplicit=false -Dbackward.isDefEq.respectTransparency=false C:\\lean\\libs\\Lean-QIT\\QIT\\OneShot\\EntropicUncertaintyComparison.lean -o C:\\lean\\libs\\Lean-QIT\\.lake\\build\\lib\\lean\\QIT\\OneShot\\EntropicUncertaintyComparison.olean -i C:\\lean\\libs\\Lean-QIT\\.lake\\build\\lib\\lean\\QIT\\OneShot\\EntropicUncertaintyComparison.ilean -c C:\\lean\\libs\\Lean-QIT\\.lake\\build\\ir\\QIT\\OneShot\\EntropicUncertaintyComparison.c --setup C:\\lean\\libs\\Lean-QIT\\.lake\\build\\ir\\QIT\\OneShot\\EntropicUncertaintyComparison.setup.json --json",
   "level": "trace"}],
 "inputs":
 [["deps",
   [["QIT/QIT:extraDep", [["@QIT:extraDep", "00000000000006bb"]]],
    ["imports",
     [["QIT.Information.Entropy.RelativeEntropyTraceLog transitive imports (public)",
       "247b5b3002a61bc1"],
      ["QIT.Information.Entropy.RelativeEntropyTraceLog:importArts",
       "c4cef2cbe4bee779"],
      ["QIT.Information.Renyi.FrankLieb.DPI transitive imports (public)",
       "7be24cb1daaed0a9"],
      ["QIT.Information.Renyi.FrankLieb.DPI:importArts", "00708bf110526c1d"],
      ["QIT.Information.Renyi.IsometryImageMean transitive imports (public)",
       "2c9c182db1fac20e"],
      ["QIT.Information.Renyi.IsometryImageMean:importArts",
       "011635f085254b37"],
      ["QIT.Information.Renyi.RenyiDPI.ConditionalConditioningSource transitive imports (public)",
       "57e0f84fc19d688a"],
      ["QIT.Information.Renyi.RenyiDPI.ConditionalConditioningSource:importArts",
       "8980a37b904cb234"],
      ["QIT.Information.Renyi.RenyiDPI.ConditionalMeasurementSource transitive imports (public)",
       "b8bc33c003f12106"],
      ["QIT.Information.Renyi.RenyiDPI.ConditionalMeasurementSource:importArts",
       "ba25afded3996443"],
      ["QIT.Measurements.Coherent transitive imports (public)",
       "7eada8fe9fc802f0"],
      ["QIT.Measurements.Coherent:importArts", "7573b8777972c5b9"],
      ["QIT.Measurements.OverlapDomination transitive imports (public)",
       "cfb9491aff8a25f8"],
      ["QIT.Measurements.OverlapDomination:importArts", "ea6a0628a0718445"]]]]],
  ["libs",
   [["import dynlibs", "00000000000006bb"],
    ["package external libraries", "00000000000006bb"],
    ["module dynlibs", "00000000000006bb"],
    ["module plugins", "00000000000006bb"]]],
  ["Lean 4.34.0, commit 3447a668783dbce1a8fdb97101dd067687b2b418",
   "421484e3e0c70198"],
  ["C:\\lean\\libs\\Lean-QIT\\QIT\\OneShot\\EntropicUncertaintyComparison.lean",
   "6c685cb6b10743a7"],
  ["options", "00000000000006bb"],
  ["isModule: true", "760fcc16989f4b9b"],
  ["Module.name: QIT.OneShot.EntropicUncertaintyComparison",
   "127fba5ce5d41b4f"],
  ["Package.id?: (some QIT)", "07d8d7419f989369"],
  ["Module.leanArgs: #[-DautoImplicit=false, -Dbackward.isDefEq.respectTransparency=false]",
   "1e046d1e40f8a855"]],
 "depHash": "52449358b1a6dc91"}