{"synthetic": false,
 "schemaVersion": "2025-09-10",
 "outputs":
 {"rs": "61ae32f9244a1e02.ir.sig",
  "r": "68bb3185867f885c.ir",
  "o":
  ["259284771fb0cac7.olean",
   "6d4b536223a95745.olean.server",
   "f104656963467e51.olean.private"],
  "m": true,
  "i": "a061e64055e7204e.ilean",
  "c": "0b13c2ac63e607d7.c"},
 "log":
 [{"message":
   ".> LEAN_PATH=C:\\lean\\mathlib4\\.lake\\packages\\Cli\\.lake\\build\\lib\\lean;C:\\lean\\mathlib4\\.lake\\packages\\batteries\\.lake\\build\\lib\\lean;C:\\lean\\mathlib4\\.lake\\packages\\Qq\\.lake\\build\\lib\\lean;C:\\lean\\mathlib4\\.lake\\packages\\aesop\\.lake\\build\\lib\\lean;C:\\lean\\mathlib4\\.lake\\packages\\proofwidgets\\.lake\\build\\lib\\lean;C:\\lean\\mathlib4\\.lake\\packages\\importGraph\\.lake\\build\\lib\\lean;C:\\lean\\mathlib4\\.lake\\packages\\LeanSearchClient\\.lake\\build\\lib\\lean;C:\\lean\\mathlib4\\.lake\\packages\\plausible\\.lake\\build\\lib\\lean;C:\\lean\\mathlib4\\.lake\\build\\lib\\lean;C:\\lean\\libs\\Lean-QIT\\.lake\\build\\lib\\lean c:\\Users\\Administrator\\.elan\\toolchains\\leanprover--lean4---v4.34.0-rc1\\bin\\lean.exe -DautoImplicit=false -Dbackward.isDefEq.respectTransparency=false C:\\lean\\libs\\Lean-QIT\\QIT\\OneShot\\SmoothAttainment.lean -o C:\\lean\\libs\\Lean-QIT\\.lake\\build\\lib\\lean\\QIT\\OneShot\\SmoothAttainment.olean -i C:\\lean\\libs\\Lean-QIT\\.lake\\build\\lib\\lean\\QIT\\OneShot\\SmoothAttainment.ilean -c C:\\lean\\libs\\Lean-QIT\\.lake\\build\\ir\\QIT\\OneShot\\SmoothAttainment.c --setup C:\\lean\\libs\\Lean-QIT\\.lake\\build\\ir\\QIT\\OneShot\\SmoothAttainment.setup.json --json",
   "level": "trace"}],
 "inputs":
 [["deps",
   [["QIT/QIT:extraDep", [["@QIT:extraDep", "00000000000006bb"]]],
    ["imports",
     [["QIT.OneShot.SmoothEndpoint transitive imports (public)",
       "475ef58c3f78f1e6"],
      ["QIT.OneShot.SmoothEndpoint:importArts", "d2c564a493492cf4"],
      ["QIT.States.SubnormalizedTopology transitive imports (public)",
       "33bd33672eaf5b91"],
      ["QIT.States.SubnormalizedTopology:importArts", "532b3d2a16317012"],
      ["Mathlib.Topology.Semicontinuity.Basic transitive imports (public)",
       "e862a659a7f13105"],
      ["Mathlib.Topology.Semicontinuity.Basic:importArts", "ca01f0d71b6763c1"],
      ["QIT.Information.Entropy.Log2Lemmas transitive imports (public)",
       "36fe893b7a0a46c5"],
      ["QIT.Information.Entropy.Log2Lemmas:importArts", "cf4842d5c190cb5a"]]]]],
  ["libs",
   [["import dynlibs", "00000000000006bb"],
    ["package external libraries", "00000000000006bb"],
    ["module dynlibs", "00000000000006bb"],
    ["module plugins", "00000000000006bb"]]],
  ["Lean 4.34.0, commit 3447a668783dbce1a8fdb97101dd067687b2b418",
   "421484e3e0c70198"],
  ["C:\\lean\\libs\\Lean-QIT\\QIT\\OneShot\\SmoothAttainment.lean",
   "672aa71f5aa23ebd"],
  ["options", "00000000000006bb"],
  ["isModule: true", "760fcc16989f4b9b"],
  ["Module.name: QIT.OneShot.SmoothAttainment", "ee76314564309dd3"],
  ["Package.id?: (some QIT)", "07d8d7419f989369"],
  ["Module.leanArgs: #[-DautoImplicit=false, -Dbackward.isDefEq.respectTransparency=false]",
   "1e046d1e40f8a855"]],
 "depHash": "209ab102323c0fb4"}