{"synthetic": false,
 "schemaVersion": "2025-09-10",
 "outputs":
 {"rs": "844e9751f5d9d442.ir.sig",
  "r": "f66df17906aa5b41.ir",
  "o":
  ["154bec105241654d.olean",
   "a1b57677b2cd8481.olean.server",
   "57f8f26c987b659f.olean.private"],
  "m": true,
  "i": "b97c437ae9dbc52d.ilean",
  "c": "5aafd604745d584a.c"},
 "log":
 [{"message":
   ".> LEAN_PATH=C:\\lean\\mathlib4\\.lake\\packages\\Cli\\.lake\\build\\lib\\lean;C:\\lean\\mathlib4\\.lake\\packages\\batteries\\.lake\\build\\lib\\lean;C:\\lean\\mathlib4\\.lake\\packages\\Qq\\.lake\\build\\lib\\lean;C:\\lean\\mathlib4\\.lake\\packages\\aesop\\.lake\\build\\lib\\lean;C:\\lean\\mathlib4\\.lake\\packages\\proofwidgets\\.lake\\build\\lib\\lean;C:\\lean\\mathlib4\\.lake\\packages\\importGraph\\.lake\\build\\lib\\lean;C:\\lean\\mathlib4\\.lake\\packages\\LeanSearchClient\\.lake\\build\\lib\\lean;C:\\lean\\mathlib4\\.lake\\packages\\plausible\\.lake\\build\\lib\\lean;C:\\lean\\mathlib4\\.lake\\build\\lib\\lean;C:\\lean\\libs\\Lean-QIT\\.lake\\build\\lib\\lean c:\\Users\\Administrator\\.elan\\toolchains\\leanprover--lean4---v4.34.0-rc1\\bin\\lean.exe -DautoImplicit=false -Dbackward.isDefEq.respectTransparency=false C:\\lean\\libs\\Lean-QIT\\QIT\\OneShot\\Smooth.lean -o C:\\lean\\libs\\Lean-QIT\\.lake\\build\\lib\\lean\\QIT\\OneShot\\Smooth.olean -i C:\\lean\\libs\\Lean-QIT\\.lake\\build\\lib\\lean\\QIT\\OneShot\\Smooth.ilean -c C:\\lean\\libs\\Lean-QIT\\.lake\\build\\ir\\QIT\\OneShot\\Smooth.c --setup C:\\lean\\libs\\Lean-QIT\\.lake\\build\\ir\\QIT\\OneShot\\Smooth.setup.json --json",
   "level": "trace"}],
 "inputs":
 [["deps",
   [["QIT/QIT:extraDep", [["@QIT:extraDep", "00000000000006bb"]]],
    ["imports",
     [["QIT.Classical.CQState transitive imports (public)", "068fbbbfbce14f24"],
      ["QIT.Classical.CQState:importArts", "d9c9f1b05c6da142"],
      ["QIT.Information.Entropy.Entropy transitive imports (public)",
       "d60a37feba8c0e73"],
      ["QIT.Information.Entropy.Entropy:importArts", "8b59fbc54bdbbd4b"],
      ["QIT.States.Geometry.Fidelity transitive imports (public)",
       "483ced7bfef16671"],
      ["QIT.States.Geometry.Fidelity:importArts", "369e245d9940a33d"],
      ["QIT.States.Geometry.FuchsVdG transitive imports (public)",
       "ba91393a9164284c"],
      ["QIT.States.Geometry.FuchsVdG:importArts", "2b949752d615489f"],
      ["QIT.Core.POVMProbability transitive imports (public)",
       "f7d0575f5b55265d"],
      ["QIT.Core.POVMProbability:importArts", "7542a47d8cf3b4f8"],
      ["QIT.Channels.Diamond transitive imports (public)", "61417a77302563ca"],
      ["QIT.Channels.Diamond:importArts", "ab49bd34d7569eff"],
      ["QIT.States.Schatten transitive imports (public)", "abfa80813de4efdc"],
      ["QIT.States.Schatten:importArts", "d2d82d46ceca5ae8"],
      ["QIT.States.Purification.PureGeometry transitive imports (public)",
       "3c4d852b6dbfb667"],
      ["QIT.States.Purification.PureGeometry:importArts", "27fda32d7516b233"],
      ["QIT.States.Purification.Uhlmann transitive imports (public)",
       "d96c7d07d0a1c94c"],
      ["QIT.States.Purification.Uhlmann:importArts", "6039a2d9b5474dd3"],
      ["QIT.States.Geometry.PurifiedDistance transitive imports (public)",
       "fcf10c57ae4daf97"],
      ["QIT.States.Geometry.PurifiedDistance:importArts", "dff454cf08d2d46d"],
      ["QIT.States.Subnormalized transitive imports (public)",
       "39084ca4fff4e807"],
      ["QIT.States.Subnormalized:importArts", "0dc3053f16a733f6"],
      ["QIT.States.TraceNorm.PositivePart transitive imports (public)",
       "bccd802d8ef2f5f5"],
      ["QIT.States.TraceNorm.PositivePart:importArts", "aa9f291da12d10b2"],
      ["QIT.States.Purification.Conditioning transitive imports (public)",
       "c4c3cf2a7dcc8534"],
      ["QIT.States.Purification.Conditioning:importArts", "508fe0ea96ca68c0"],
      ["Mathlib.Algebra.Order.AbsoluteValue.Basic transitive imports (public)",
       "db88e4361b314c50"],
      ["Mathlib.Algebra.Order.AbsoluteValue.Basic:importArts",
       "e2e0ee4b08ee0686"],
      ["Mathlib.Data.Rat.Floor transitive imports (public)",
       "50b02549c4175b10"],
      ["Mathlib.Data.Rat.Floor:importArts", "b49bb34b05d4c8f1"]]]]],
  ["libs",
   [["import dynlibs", "00000000000006bb"],
    ["package external libraries", "00000000000006bb"],
    ["module dynlibs", "00000000000006bb"],
    ["module plugins", "00000000000006bb"]]],
  ["Lean 4.34.0, commit 3447a668783dbce1a8fdb97101dd067687b2b418",
   "421484e3e0c70198"],
  ["C:\\lean\\libs\\Lean-QIT\\QIT\\OneShot\\Smooth.lean", "fe9226fafaaffaa9"],
  ["options", "00000000000006bb"],
  ["isModule: true", "760fcc16989f4b9b"],
  ["Module.name: QIT.OneShot.Smooth", "39b255554b88fb24"],
  ["Package.id?: (some QIT)", "07d8d7419f989369"],
  ["Module.leanArgs: #[-DautoImplicit=false, -Dbackward.isDefEq.respectTransparency=false]",
   "1e046d1e40f8a855"]],
 "depHash": "c4b77607e6548239"}