{"synthetic": false,
 "schemaVersion": "2025-09-10",
 "outputs":
 {"rs": "d6ceecdef0a9e7c2.ir.sig",
  "r": "5d86d5d1cdadfab0.ir",
  "o":
  ["c7e577dd40437d8d.olean",
   "9e43fcbb083ad54a.olean.server",
   "80a755cffc0f7b33.olean.private"],
  "m": true,
  "i": "5a1d121e91965662.ilean",
  "c": "9cde453b50ec9a22.c"},
 "log":
 [{"message":
   ".> LEAN_PATH=C:\\lean\\mathlib4\\.lake\\packages\\Cli\\.lake\\build\\lib\\lean;C:\\lean\\mathlib4\\.lake\\packages\\batteries\\.lake\\build\\lib\\lean;C:\\lean\\mathlib4\\.lake\\packages\\Qq\\.lake\\build\\lib\\lean;C:\\lean\\mathlib4\\.lake\\packages\\aesop\\.lake\\build\\lib\\lean;C:\\lean\\mathlib4\\.lake\\packages\\proofwidgets\\.lake\\build\\lib\\lean;C:\\lean\\mathlib4\\.lake\\packages\\importGraph\\.lake\\build\\lib\\lean;C:\\lean\\mathlib4\\.lake\\packages\\LeanSearchClient\\.lake\\build\\lib\\lean;C:\\lean\\mathlib4\\.lake\\packages\\plausible\\.lake\\build\\lib\\lean;C:\\lean\\mathlib4\\.lake\\build\\lib\\lean;C:\\lean\\libs\\Lean-QIT\\.lake\\build\\lib\\lean c:\\Users\\Administrator\\.elan\\toolchains\\leanprover--lean4---v4.34.0-rc1\\bin\\lean.exe -DautoImplicit=false -Dbackward.isDefEq.respectTransparency=false C:\\lean\\libs\\Lean-QIT\\QIT\\OneShot\\SmoothClassical.lean -o C:\\lean\\libs\\Lean-QIT\\.lake\\build\\lib\\lean\\QIT\\OneShot\\SmoothClassical.olean -i C:\\lean\\libs\\Lean-QIT\\.lake\\build\\lib\\lean\\QIT\\OneShot\\SmoothClassical.ilean -c C:\\lean\\libs\\Lean-QIT\\.lake\\build\\ir\\QIT\\OneShot\\SmoothClassical.c --setup C:\\lean\\libs\\Lean-QIT\\.lake\\build\\ir\\QIT\\OneShot\\SmoothClassical.setup.json --json",
   "level": "trace"}],
 "inputs":
 [["deps",
   [["QIT/QIT:extraDep", [["@QIT:extraDep", "00000000000006bb"]]],
    ["imports",
     [["QIT.OneShot.SmoothEndpoint transitive imports (public)",
       "475ef58c3f78f1e6"],
      ["QIT.OneShot.SmoothEndpoint:importArts", "d2c564a493492cf4"],
      ["QIT.OneShot.SmoothAttainment transitive imports (public)",
       "6cd8828cccbec7a6"],
      ["QIT.OneShot.SmoothAttainment:importArts", "443fdc39652db459"],
      ["QIT.OneShot.SmoothNormalizedExtension transitive imports (public)",
       "9a2b841f0465748c"],
      ["QIT.OneShot.SmoothNormalizedExtension:importArts", "35ba5e42e4bb16be"],
      ["QIT.OneShot.SmoothSupportRestriction transitive imports (public)",
       "16ab18b502382381"],
      ["QIT.OneShot.SmoothSupportRestriction:importArts", "f150eeb48fe77de4"],
      ["QIT.OneShot.SmoothIsometry transitive imports (public)",
       "3c631f978519546b"],
      ["QIT.OneShot.SmoothIsometry:importArts", "baace83f30944e0f"],
      ["QIT.States.TraceNorm.BlockMatrix transitive imports (public)",
       "d74df357d0b73303"],
      ["QIT.States.TraceNorm.BlockMatrix:importArts", "43fcb2ce41fef40d"],
      ["QIT.Measurements.Projective transitive imports (public)",
       "dea711cf278204c0"],
      ["QIT.Measurements.Projective:importArts", "aa2959a45fbdd2ea"],
      ["QIT.States.Subnormalized transitive imports (public)",
       "39084ca4fff4e807"],
      ["QIT.States.Subnormalized:importArts", "0dc3053f16a733f6"],
      ["QIT.States.Geometry.PurifiedDistance transitive imports (public)",
       "fcf10c57ae4daf97"],
      ["QIT.States.Geometry.PurifiedDistance:importArts",
       "dff454cf08d2d46d"]]]]],
  ["libs",
   [["import dynlibs", "00000000000006bb"],
    ["package external libraries", "00000000000006bb"],
    ["module dynlibs", "00000000000006bb"],
    ["module plugins", "00000000000006bb"]]],
  ["Lean 4.34.0, commit 3447a668783dbce1a8fdb97101dd067687b2b418",
   "421484e3e0c70198"],
  ["C:\\lean\\libs\\Lean-QIT\\QIT\\OneShot\\SmoothClassical.lean",
   "cf0def80ab5868b5"],
  ["options", "00000000000006bb"],
  ["isModule: true", "760fcc16989f4b9b"],
  ["Module.name: QIT.OneShot.SmoothClassical", "297d2f602f3d3166"],
  ["Package.id?: (some QIT)", "07d8d7419f989369"],
  ["Module.leanArgs: #[-DautoImplicit=false, -Dbackward.isDefEq.respectTransparency=false]",
   "1e046d1e40f8a855"]],
 "depHash": "c4576f901da27ea3"}