{"synthetic": false,
 "schemaVersion": "2025-09-10",
 "outputs":
 {"rs": "577ae10cbc05e119.ir.sig",
  "r": "2727923b7713bd10.ir",
  "o":
  ["f1862ecf0fe78bea.olean",
   "8a768f132e5dac40.olean.server",
   "dd9230ae03b07b6d.olean.private"],
  "m": true,
  "i": "fcaf8a639ac0d83a.ilean",
  "c": "cb8e0eed3c84bfcc.c"},
 "log":
 [{"message":
   ".> LEAN_PATH=C:\\lean\\mathlib4\\.lake\\packages\\Cli\\.lake\\build\\lib\\lean;C:\\lean\\mathlib4\\.lake\\packages\\batteries\\.lake\\build\\lib\\lean;C:\\lean\\mathlib4\\.lake\\packages\\Qq\\.lake\\build\\lib\\lean;C:\\lean\\mathlib4\\.lake\\packages\\aesop\\.lake\\build\\lib\\lean;C:\\lean\\mathlib4\\.lake\\packages\\proofwidgets\\.lake\\build\\lib\\lean;C:\\lean\\mathlib4\\.lake\\packages\\importGraph\\.lake\\build\\lib\\lean;C:\\lean\\mathlib4\\.lake\\packages\\LeanSearchClient\\.lake\\build\\lib\\lean;C:\\lean\\mathlib4\\.lake\\packages\\plausible\\.lake\\build\\lib\\lean;C:\\lean\\mathlib4\\.lake\\build\\lib\\lean;C:\\lean\\libs\\Lean-QIT\\.lake\\build\\lib\\lean c:\\Users\\Administrator\\.elan\\toolchains\\leanprover--lean4---v4.34.0-rc1\\bin\\lean.exe -DautoImplicit=false -Dbackward.isDefEq.respectTransparency=false C:\\lean\\libs\\Lean-QIT\\QIT\\Asymptotic\\ClassicalTypicality.lean -o C:\\lean\\libs\\Lean-QIT\\.lake\\build\\lib\\lean\\QIT\\Asymptotic\\ClassicalTypicality.olean -i C:\\lean\\libs\\Lean-QIT\\.lake\\build\\lib\\lean\\QIT\\Asymptotic\\ClassicalTypicality.ilean -c C:\\lean\\libs\\Lean-QIT\\.lake\\build\\ir\\QIT\\Asymptotic\\ClassicalTypicality.c --setup C:\\lean\\libs\\Lean-QIT\\.lake\\build\\ir\\QIT\\Asymptotic\\ClassicalTypicality.setup.json --json",
   "level": "trace"}],
 "inputs":
 [["deps",
   [["QIT/QIT:extraDep", [["@QIT:extraDep", "00000000000006bb"]]],
    ["imports",
     [["Mathlib.Algebra.BigOperators.Ring.Finset transitive imports (public)",
       "b95a4ba9ae53c651"],
      ["Mathlib.Algebra.BigOperators.Ring.Finset:importArts",
       "26b9dc53b0ea44d3"],
      ["Mathlib.Algebra.Order.BigOperators.Group.Finset transitive imports (public)",
       "57970abec2ef8de0"],
      ["Mathlib.Algebra.Order.BigOperators.Group.Finset:importArts",
       "2270c295fe7df92e"],
      ["Mathlib.Data.Fintype.Pi transitive imports (public)",
       "d638addda1b84e20"],
      ["Mathlib.Data.Fintype.Pi:importArts", "2924bdda5e93ee34"],
      ["Mathlib.Data.NNReal.Basic transitive imports (public)",
       "baf87df0ff4f6d81"],
      ["Mathlib.Data.NNReal.Basic:importArts", "07e7c2c3ea260162"],
      ["Mathlib.Data.Real.Basic transitive imports (public)",
       "df03f4b9df92010a"],
      ["Mathlib.Data.Real.Basic:importArts", "e96735eaff7fefce"],
      ["QIT.Symmetry.SymmetricSubspace transitive imports (public)",
       "14af29b8f166698c"],
      ["QIT.Symmetry.SymmetricSubspace:importArts", "22233fc9a1bdb1b9"]]]]],
  ["libs",
   [["import dynlibs", "00000000000006bb"],
    ["package external libraries", "00000000000006bb"],
    ["module dynlibs", "00000000000006bb"],
    ["module plugins", "00000000000006bb"]]],
  ["Lean 4.34.0, commit 3447a668783dbce1a8fdb97101dd067687b2b418",
   "421484e3e0c70198"],
  ["C:\\lean\\libs\\Lean-QIT\\QIT\\Asymptotic\\ClassicalTypicality.lean",
   "2c406b99ee39cc0c"],
  ["options", "00000000000006bb"],
  ["isModule: true", "760fcc16989f4b9b"],
  ["Module.name: QIT.Asymptotic.ClassicalTypicality", "c904a652d5f20864"],
  ["Package.id?: (some QIT)", "07d8d7419f989369"],
  ["Module.leanArgs: #[-DautoImplicit=false, -Dbackward.isDefEq.respectTransparency=false]",
   "1e046d1e40f8a855"]],
 "depHash": "fa597497c5e70e88"}