{"synthetic": false,
 "schemaVersion": "2025-09-10",
 "outputs":
 {"rs": "fa04a2cb8709296d.ir.sig",
  "r": "b6eca1e22aa7bf07.ir",
  "o":
  ["e9e7ab97e994374f.olean",
   "1c31bb6ead0ff4c7.olean.server",
   "50bb99e6bfff0315.olean.private"],
  "m": true,
  "i": "ac496f5901e4957f.ilean",
  "c": "6c75b777899a13f3.c"},
 "log":
 [{"message":
   ".> LEAN_PATH=C:\\lean\\mathlib4\\.lake\\packages\\Cli\\.lake\\build\\lib\\lean;C:\\lean\\mathlib4\\.lake\\packages\\batteries\\.lake\\build\\lib\\lean;C:\\lean\\mathlib4\\.lake\\packages\\Qq\\.lake\\build\\lib\\lean;C:\\lean\\mathlib4\\.lake\\packages\\aesop\\.lake\\build\\lib\\lean;C:\\lean\\mathlib4\\.lake\\packages\\proofwidgets\\.lake\\build\\lib\\lean;C:\\lean\\mathlib4\\.lake\\packages\\importGraph\\.lake\\build\\lib\\lean;C:\\lean\\mathlib4\\.lake\\packages\\LeanSearchClient\\.lake\\build\\lib\\lean;C:\\lean\\mathlib4\\.lake\\packages\\plausible\\.lake\\build\\lib\\lean;C:\\lean\\mathlib4\\.lake\\build\\lib\\lean;C:\\lean\\libs\\Lean-QIT\\.lake\\build\\lib\\lean c:\\Users\\Administrator\\.elan\\toolchains\\leanprover--lean4---v4.34.0-rc1\\bin\\lean.exe -DautoImplicit=false -Dbackward.isDefEq.respectTransparency=false C:\\lean\\libs\\Lean-QIT\\QIT\\Asymptotic\\FixedEpsilonAEP.lean -o C:\\lean\\libs\\Lean-QIT\\.lake\\build\\lib\\lean\\QIT\\Asymptotic\\FixedEpsilonAEP.olean -i C:\\lean\\libs\\Lean-QIT\\.lake\\build\\lib\\lean\\QIT\\Asymptotic\\FixedEpsilonAEP.ilean -c C:\\lean\\libs\\Lean-QIT\\.lake\\build\\ir\\QIT\\Asymptotic\\FixedEpsilonAEP.c --setup C:\\lean\\libs\\Lean-QIT\\.lake\\build\\ir\\QIT\\Asymptotic\\FixedEpsilonAEP.setup.json --json",
   "level": "trace"}],
 "inputs":
 [["deps",
   [["QIT/QIT:extraDep", [["@QIT:extraDep", "00000000000006bb"]]],
    ["imports",
     [["QIT.Asymptotic.FixedSmoothMinEntropy transitive imports (public)",
       "e3dd99950a40d809"],
      ["QIT.Asymptotic.FixedSmoothMinEntropy:importArts", "76ca32692c4467af"],
      ["QIT.OneShot.SmoothComparison transitive imports (public)",
       "36abc18ddd5cb178"],
      ["QIT.OneShot.SmoothComparison:importArts", "7b7b529cd72bfd38"]]]]],
  ["libs",
   [["import dynlibs", "00000000000006bb"],
    ["package external libraries", "00000000000006bb"],
    ["module dynlibs", "00000000000006bb"],
    ["module plugins", "00000000000006bb"]]],
  ["Lean 4.34.0, commit 3447a668783dbce1a8fdb97101dd067687b2b418",
   "421484e3e0c70198"],
  ["C:\\lean\\libs\\Lean-QIT\\QIT\\Asymptotic\\FixedEpsilonAEP.lean",
   "623f18df333f736e"],
  ["options", "00000000000006bb"],
  ["isModule: true", "760fcc16989f4b9b"],
  ["Module.name: QIT.Asymptotic.FixedEpsilonAEP", "712da5b32d901303"],
  ["Package.id?: (some QIT)", "07d8d7419f989369"],
  ["Module.leanArgs: #[-DautoImplicit=false, -Dbackward.isDefEq.respectTransparency=false]",
   "1e046d1e40f8a855"]],
 "depHash": "0d2af400fceb65e5"}