{"synthetic": false,
 "schemaVersion": "2025-09-10",
 "outputs":
 {"rs": "fd47ad157086f200.ir.sig",
  "r": "9f327d3711ebb146.ir",
  "o":
  ["e03ce4f922f1fec5.olean",
   "91dedcbd9a7df06e.olean.server",
   "56c3d6046753c206.olean.private"],
  "m": true,
  "i": "f3345d6a8b50b889.ilean",
  "c": "abf0e26904dee01f.c"},
 "log":
 [{"message":
   ".> LEAN_PATH=C:\\lean\\mathlib4\\.lake\\packages\\Cli\\.lake\\build\\lib\\lean;C:\\lean\\mathlib4\\.lake\\packages\\batteries\\.lake\\build\\lib\\lean;C:\\lean\\mathlib4\\.lake\\packages\\Qq\\.lake\\build\\lib\\lean;C:\\lean\\mathlib4\\.lake\\packages\\aesop\\.lake\\build\\lib\\lean;C:\\lean\\mathlib4\\.lake\\packages\\proofwidgets\\.lake\\build\\lib\\lean;C:\\lean\\mathlib4\\.lake\\packages\\importGraph\\.lake\\build\\lib\\lean;C:\\lean\\mathlib4\\.lake\\packages\\LeanSearchClient\\.lake\\build\\lib\\lean;C:\\lean\\mathlib4\\.lake\\packages\\plausible\\.lake\\build\\lib\\lean;C:\\lean\\mathlib4\\.lake\\build\\lib\\lean;C:\\lean\\libs\\Lean-QIT\\.lake\\build\\lib\\lean c:\\Users\\Administrator\\.elan\\toolchains\\leanprover--lean4---v4.34.0-rc1\\bin\\lean.exe -DautoImplicit=false -Dbackward.isDefEq.respectTransparency=false C:\\lean\\libs\\Lean-QIT\\QIT\\Asymptotic\\FixedSmoothMinEntropy\\AEPAssembly.lean -o C:\\lean\\libs\\Lean-QIT\\.lake\\build\\lib\\lean\\QIT\\Asymptotic\\FixedSmoothMinEntropy\\AEPAssembly.olean -i C:\\lean\\libs\\Lean-QIT\\.lake\\build\\lib\\lean\\QIT\\Asymptotic\\FixedSmoothMinEntropy\\AEPAssembly.ilean -c C:\\lean\\libs\\Lean-QIT\\.lake\\build\\ir\\QIT\\Asymptotic\\FixedSmoothMinEntropy\\AEPAssembly.c --setup C:\\lean\\libs\\Lean-QIT\\.lake\\build\\ir\\QIT\\Asymptotic\\FixedSmoothMinEntropy\\AEPAssembly.setup.json --json",
   "level": "trace"}],
 "inputs":
 [["deps",
   [["QIT/QIT:extraDep", [["@QIT:extraDep", "00000000000006bb"]]],
    ["imports",
     [["QIT.Asymptotic.FixedSmoothMinEntropy.ThresholdProjector transitive imports (public)",
       "4e8aeeed6e1242e6"],
      ["QIT.Asymptotic.FixedSmoothMinEntropy.ThresholdProjector:importArts",
       "3784ed66fabcbc10"],
      ["QIT.Util.TensorPower transitive imports (public)", "c05a185025c23ba3"],
      ["QIT.Util.TensorPower:importArts", "55f800f542ff5207"]]]]],
  ["libs",
   [["import dynlibs", "00000000000006bb"],
    ["package external libraries", "00000000000006bb"],
    ["module dynlibs", "00000000000006bb"],
    ["module plugins", "00000000000006bb"]]],
  ["Lean 4.34.0, commit 3447a668783dbce1a8fdb97101dd067687b2b418",
   "421484e3e0c70198"],
  ["C:\\lean\\libs\\Lean-QIT\\QIT\\Asymptotic\\FixedSmoothMinEntropy\\AEPAssembly.lean",
   "71dd32aefe77a1a5"],
  ["options", "00000000000006bb"],
  ["isModule: true", "760fcc16989f4b9b"],
  ["Module.name: QIT.Asymptotic.FixedSmoothMinEntropy.AEPAssembly",
   "8766239ee73bec2c"],
  ["Package.id?: (some QIT)", "07d8d7419f989369"],
  ["Module.leanArgs: #[-DautoImplicit=false, -Dbackward.isDefEq.respectTransparency=false]",
   "1e046d1e40f8a855"]],
 "depHash": "ba5c682448fd01bb"}