{"synthetic": false,
 "schemaVersion": "2025-09-10",
 "outputs":
 {"rs": "9eaab8109a1cf647.ir.sig",
  "r": "b648053b5568c141.ir",
  "o":
  ["81d17d493078b2a0.olean",
   "471516d74dd468dc.olean.server",
   "a49698e3fb0afb47.olean.private"],
  "m": true,
  "i": "281276ae2223accf.ilean",
  "c": "f72c05e085cb93c7.c"},
 "log":
 [{"message":
   ".> LEAN_PATH=C:\\lean\\mathlib4\\.lake\\packages\\Cli\\.lake\\build\\lib\\lean;C:\\lean\\mathlib4\\.lake\\packages\\batteries\\.lake\\build\\lib\\lean;C:\\lean\\mathlib4\\.lake\\packages\\Qq\\.lake\\build\\lib\\lean;C:\\lean\\mathlib4\\.lake\\packages\\aesop\\.lake\\build\\lib\\lean;C:\\lean\\mathlib4\\.lake\\packages\\proofwidgets\\.lake\\build\\lib\\lean;C:\\lean\\mathlib4\\.lake\\packages\\importGraph\\.lake\\build\\lib\\lean;C:\\lean\\mathlib4\\.lake\\packages\\LeanSearchClient\\.lake\\build\\lib\\lean;C:\\lean\\mathlib4\\.lake\\packages\\plausible\\.lake\\build\\lib\\lean;C:\\lean\\mathlib4\\.lake\\build\\lib\\lean;C:\\lean\\libs\\Lean-QIT\\.lake\\build\\lib\\lean c:\\Users\\Administrator\\.elan\\toolchains\\leanprover--lean4---v4.34.0-rc1\\bin\\lean.exe -DautoImplicit=false -Dbackward.isDefEq.respectTransparency=false C:\\lean\\libs\\Lean-QIT\\QIT\\Asymptotic\\FixedSmoothMinEntropy\\PetzKernel.lean -o C:\\lean\\libs\\Lean-QIT\\.lake\\build\\lib\\lean\\QIT\\Asymptotic\\FixedSmoothMinEntropy\\PetzKernel.olean -i C:\\lean\\libs\\Lean-QIT\\.lake\\build\\lib\\lean\\QIT\\Asymptotic\\FixedSmoothMinEntropy\\PetzKernel.ilean -c C:\\lean\\libs\\Lean-QIT\\.lake\\build\\ir\\QIT\\Asymptotic\\FixedSmoothMinEntropy\\PetzKernel.c --setup C:\\lean\\libs\\Lean-QIT\\.lake\\build\\ir\\QIT\\Asymptotic\\FixedSmoothMinEntropy\\PetzKernel.setup.json --json",
   "level": "trace"}],
 "inputs":
 [["deps",
   [["QIT/QIT:extraDep", [["@QIT:extraDep", "00000000000006bb"]]],
    ["imports",
     [["QIT.OneShot.Smooth transitive imports (public)", "ae7e1bf246362ce3"],
      ["QIT.OneShot.Smooth:importArts", "a837ef6fe49c8877"],
      ["QIT.OneShot.SmoothEndpoint transitive imports (public)",
       "475ef58c3f78f1e6"],
      ["QIT.OneShot.SmoothEndpoint:importArts", "d2c564a493492cf4"],
      ["QIT.Information.Renyi.AlphaEntropyContinuity transitive imports (public)",
       "1833f8268110dfb1"],
      ["QIT.Information.Renyi.AlphaEntropyContinuity:importArts",
       "38667f28a55a2de0"],
      ["QIT.Information.Renyi.ConditionalPetzRenyi transitive imports (public)",
       "ff2a416928f6c2f7"],
      ["QIT.Information.Renyi.ConditionalPetzRenyi:importArts",
       "99a347b86933f44f"],
      ["QIT.Asymptotic.AEP transitive imports (public)", "93e0c32b2862da0b"],
      ["QIT.Asymptotic.AEP:importArts", "243c247921fa0c97"],
      ["QIT.Information.Renyi.RpowOperatorConvex transitive imports (public)",
       "6fee8e8af808c6ff"],
      ["QIT.Information.Renyi.RpowOperatorConvex:importArts",
       "4d686d1eb8cf2817"],
      ["QIT.Information.Renyi.FrankLieb.ScalarOperator transitive imports (public)",
       "27bec0656bcae3ae"],
      ["QIT.Information.Renyi.FrankLieb.ScalarOperator:importArts",
       "bcd6555161725906"],
      ["QIT.States.Geometry.FuchsVdG transitive imports (public)",
       "ba91393a9164284c"],
      ["QIT.States.Geometry.FuchsVdG:importArts", "2b949752d615489f"],
      ["QIT.OneShot.GentleMeasurement transitive imports (public)",
       "d2a49ea7874590af"],
      ["QIT.OneShot.GentleMeasurement:importArts", "9eb89ba98b4d7921"],
      ["QIT.States.TraceNorm.Audenaert transitive imports (public)",
       "f2948a6f50b785e1"],
      ["QIT.States.TraceNorm.Audenaert:importArts", "9bcf4226be320628"],
      ["QIT.Util.CMatrixCLM transitive imports (public)", "ca9e9d82ecf1aa24"],
      ["QIT.Util.CMatrixCLM:importArts", "fab1b9517bf3b823"],
      ["QIT.States.PosSqrtOrder transitive imports (public)",
       "5534d71301e51536"],
      ["QIT.States.PosSqrtOrder:importArts", "7aee6afb92acc92c"],
      ["QIT.Util.BlockMatrix transitive imports (public)", "8696f0a78820697a"],
      ["QIT.Util.BlockMatrix:importArts", "c827862322141664"],
      ["Mathlib.LinearAlgebra.Matrix.Vec transitive imports (public)",
       "c135bc02ed9ff580"],
      ["Mathlib.LinearAlgebra.Matrix.Vec:importArts", "34299e7020984046"]]]]],
  ["libs",
   [["import dynlibs", "00000000000006bb"],
    ["package external libraries", "00000000000006bb"],
    ["module dynlibs", "00000000000006bb"],
    ["module plugins", "00000000000006bb"]]],
  ["Lean 4.34.0, commit 3447a668783dbce1a8fdb97101dd067687b2b418",
   "421484e3e0c70198"],
  ["C:\\lean\\libs\\Lean-QIT\\QIT\\Asymptotic\\FixedSmoothMinEntropy\\PetzKernel.lean",
   "bb24aa4f29f409e0"],
  ["options", "00000000000006bb"],
  ["isModule: true", "760fcc16989f4b9b"],
  ["Module.name: QIT.Asymptotic.FixedSmoothMinEntropy.PetzKernel",
   "8be81459bb9f20b4"],
  ["Package.id?: (some QIT)", "07d8d7419f989369"],
  ["Module.leanArgs: #[-DautoImplicit=false, -Dbackward.isDefEq.respectTransparency=false]",
   "1e046d1e40f8a855"]],
 "depHash": "ae2128ba0d57b8f8"}