{"synthetic": false,
 "schemaVersion": "2025-09-10",
 "outputs":
 {"rs": "ddc58aaf4249e60d.ir.sig",
  "r": "60fcf8014b1c606b.ir",
  "o":
  ["27bbbcb9d76d0f80.olean",
   "69b0d755846fd3b4.olean.server",
   "b56019af231b1af3.olean.private"],
  "m": true,
  "i": "f5db281506df474b.ilean",
  "c": "4a5c455c14869f0d.c"},
 "log":
 [{"message":
   ".> LEAN_PATH=C:\\lean\\mathlib4\\.lake\\packages\\Cli\\.lake\\build\\lib\\lean;C:\\lean\\mathlib4\\.lake\\packages\\batteries\\.lake\\build\\lib\\lean;C:\\lean\\mathlib4\\.lake\\packages\\Qq\\.lake\\build\\lib\\lean;C:\\lean\\mathlib4\\.lake\\packages\\aesop\\.lake\\build\\lib\\lean;C:\\lean\\mathlib4\\.lake\\packages\\proofwidgets\\.lake\\build\\lib\\lean;C:\\lean\\mathlib4\\.lake\\packages\\importGraph\\.lake\\build\\lib\\lean;C:\\lean\\mathlib4\\.lake\\packages\\LeanSearchClient\\.lake\\build\\lib\\lean;C:\\lean\\mathlib4\\.lake\\packages\\plausible\\.lake\\build\\lib\\lean;C:\\lean\\mathlib4\\.lake\\build\\lib\\lean;C:\\lean\\libs\\Lean-QIT\\.lake\\build\\lib\\lean c:\\Users\\Administrator\\.elan\\toolchains\\leanprover--lean4---v4.34.0-rc1\\bin\\lean.exe -DautoImplicit=false -Dbackward.isDefEq.respectTransparency=false C:\\lean\\libs\\Lean-QIT\\QIT\\Asymptotic\\FixedSmoothMinEntropy\\PetzWitness.lean -o C:\\lean\\libs\\Lean-QIT\\.lake\\build\\lib\\lean\\QIT\\Asymptotic\\FixedSmoothMinEntropy\\PetzWitness.olean -i C:\\lean\\libs\\Lean-QIT\\.lake\\build\\lib\\lean\\QIT\\Asymptotic\\FixedSmoothMinEntropy\\PetzWitness.ilean -c C:\\lean\\libs\\Lean-QIT\\.lake\\build\\ir\\QIT\\Asymptotic\\FixedSmoothMinEntropy\\PetzWitness.c --setup C:\\lean\\libs\\Lean-QIT\\.lake\\build\\ir\\QIT\\Asymptotic\\FixedSmoothMinEntropy\\PetzWitness.setup.json --json",
   "level": "trace"}],
 "inputs":
 [["deps",
   [["QIT/QIT:extraDep", [["@QIT:extraDep", "00000000000006bb"]]],
    ["imports",
     [["QIT.Asymptotic.FixedSmoothMinEntropy.FixedReference transitive imports (public)",
       "16cfce27bbdeb0ac"],
      ["QIT.Asymptotic.FixedSmoothMinEntropy.FixedReference:importArts",
       "735355f3d7f048b6"]]]]],
  ["libs",
   [["import dynlibs", "00000000000006bb"],
    ["package external libraries", "00000000000006bb"],
    ["module dynlibs", "00000000000006bb"],
    ["module plugins", "00000000000006bb"]]],
  ["Lean 4.34.0, commit 3447a668783dbce1a8fdb97101dd067687b2b418",
   "421484e3e0c70198"],
  ["C:\\lean\\libs\\Lean-QIT\\QIT\\Asymptotic\\FixedSmoothMinEntropy\\PetzWitness.lean",
   "8febf68b0d7c235f"],
  ["options", "00000000000006bb"],
  ["isModule: true", "760fcc16989f4b9b"],
  ["Module.name: QIT.Asymptotic.FixedSmoothMinEntropy.PetzWitness",
   "6deb2ac6743fb291"],
  ["Package.id?: (some QIT)", "07d8d7419f989369"],
  ["Module.leanArgs: #[-DautoImplicit=false, -Dbackward.isDefEq.respectTransparency=false]",
   "1e046d1e40f8a855"]],
 "depHash": "cad1225a1db1e725"}