{"synthetic": false,
 "schemaVersion": "2025-09-10",
 "outputs":
 {"rs": "d2feaf4b0d924087.ir.sig",
  "r": "1541ae2ad64f0744.ir",
  "o":
  ["6a4baea9b765d8a2.olean",
   "112da6ad79d3e7c7.olean.server",
   "55056a6893beb207.olean.private"],
  "m": true,
  "i": "40e2eb812f182685.ilean",
  "c": "348da1087fa9a025.c"},
 "log":
 [{"message":
   ".> LEAN_PATH=C:\\lean\\mathlib4\\.lake\\packages\\Cli\\.lake\\build\\lib\\lean;C:\\lean\\mathlib4\\.lake\\packages\\batteries\\.lake\\build\\lib\\lean;C:\\lean\\mathlib4\\.lake\\packages\\Qq\\.lake\\build\\lib\\lean;C:\\lean\\mathlib4\\.lake\\packages\\aesop\\.lake\\build\\lib\\lean;C:\\lean\\mathlib4\\.lake\\packages\\proofwidgets\\.lake\\build\\lib\\lean;C:\\lean\\mathlib4\\.lake\\packages\\importGraph\\.lake\\build\\lib\\lean;C:\\lean\\mathlib4\\.lake\\packages\\LeanSearchClient\\.lake\\build\\lib\\lean;C:\\lean\\mathlib4\\.lake\\packages\\plausible\\.lake\\build\\lib\\lean;C:\\lean\\mathlib4\\.lake\\build\\lib\\lean;C:\\lean\\libs\\Lean-QIT\\.lake\\build\\lib\\lean c:\\Users\\Administrator\\.elan\\toolchains\\leanprover--lean4---v4.34.0-rc1\\bin\\lean.exe -DautoImplicit=false -Dbackward.isDefEq.respectTransparency=false C:\\lean\\libs\\Lean-QIT\\QIT\\Asymptotic\\FixedSmoothMinEntropy\\ThresholdProjector.lean -o C:\\lean\\libs\\Lean-QIT\\.lake\\build\\lib\\lean\\QIT\\Asymptotic\\FixedSmoothMinEntropy\\ThresholdProjector.olean -i C:\\lean\\libs\\Lean-QIT\\.lake\\build\\lib\\lean\\QIT\\Asymptotic\\FixedSmoothMinEntropy\\ThresholdProjector.ilean -c C:\\lean\\libs\\Lean-QIT\\.lake\\build\\ir\\QIT\\Asymptotic\\FixedSmoothMinEntropy\\ThresholdProjector.c --setup C:\\lean\\libs\\Lean-QIT\\.lake\\build\\ir\\QIT\\Asymptotic\\FixedSmoothMinEntropy\\ThresholdProjector.setup.json --json",
   "level": "trace"}],
 "inputs":
 [["deps",
   [["QIT/QIT:extraDep", [["@QIT:extraDep", "00000000000006bb"]]],
    ["imports",
     [["QIT.Asymptotic.FixedSmoothMinEntropy.PetzWitness transitive imports (public)",
       "da14270589d5b8c3"],
      ["QIT.Asymptotic.FixedSmoothMinEntropy.PetzWitness:importArts",
       "8be04524b5102f28"],
      ["QIT.States.TraceNorm.BlockMatrix transitive imports (public)",
       "d74df357d0b73303"],
      ["QIT.States.TraceNorm.BlockMatrix:importArts", "43fcb2ce41fef40d"]]]]],
  ["libs",
   [["import dynlibs", "00000000000006bb"],
    ["package external libraries", "00000000000006bb"],
    ["module dynlibs", "00000000000006bb"],
    ["module plugins", "00000000000006bb"]]],
  ["Lean 4.34.0, commit 3447a668783dbce1a8fdb97101dd067687b2b418",
   "421484e3e0c70198"],
  ["C:\\lean\\libs\\Lean-QIT\\QIT\\Asymptotic\\FixedSmoothMinEntropy\\ThresholdProjector.lean",
   "bf709e41ab79c1fc"],
  ["options", "00000000000006bb"],
  ["isModule: true", "760fcc16989f4b9b"],
  ["Module.name: QIT.Asymptotic.FixedSmoothMinEntropy.ThresholdProjector",
   "d11a0663731f2415"],
  ["Package.id?: (some QIT)", "07d8d7419f989369"],
  ["Module.leanArgs: #[-DautoImplicit=false, -Dbackward.isDefEq.respectTransparency=false]",
   "1e046d1e40f8a855"]],
 "depHash": "a6363dca1b806f5d"}