{"synthetic": false,
 "schemaVersion": "2025-09-10",
 "outputs":
 {"rs": "d6513f8aaf5355d1.ir.sig",
  "r": "bfb17f6cbdbf3bd8.ir",
  "o":
  ["6199948cf20351aa.olean",
   "6225c97b4b0b2251.olean.server",
   "43f67c75dd4348bb.olean.private"],
  "m": true,
  "i": "f890abfd93627371.ilean",
  "c": "a88f6467b61eee9a.c"},
 "log":
 [{"message":
   ".> LEAN_PATH=C:\\lean\\mathlib4\\.lake\\packages\\Cli\\.lake\\build\\lib\\lean;C:\\lean\\mathlib4\\.lake\\packages\\batteries\\.lake\\build\\lib\\lean;C:\\lean\\mathlib4\\.lake\\packages\\Qq\\.lake\\build\\lib\\lean;C:\\lean\\mathlib4\\.lake\\packages\\aesop\\.lake\\build\\lib\\lean;C:\\lean\\mathlib4\\.lake\\packages\\proofwidgets\\.lake\\build\\lib\\lean;C:\\lean\\mathlib4\\.lake\\packages\\importGraph\\.lake\\build\\lib\\lean;C:\\lean\\mathlib4\\.lake\\packages\\LeanSearchClient\\.lake\\build\\lib\\lean;C:\\lean\\mathlib4\\.lake\\packages\\plausible\\.lake\\build\\lib\\lean;C:\\lean\\mathlib4\\.lake\\build\\lib\\lean;C:\\lean\\libs\\Lean-QIT\\.lake\\build\\lib\\lean c:\\Users\\Administrator\\.elan\\toolchains\\leanprover--lean4---v4.34.0-rc1\\bin\\lean.exe -DautoImplicit=false -Dbackward.isDefEq.respectTransparency=false C:\\lean\\libs\\Lean-QIT\\QIT\\Information\\Basic.lean -o C:\\lean\\libs\\Lean-QIT\\.lake\\build\\lib\\lean\\QIT\\Information\\Basic.olean -i C:\\lean\\libs\\Lean-QIT\\.lake\\build\\lib\\lean\\QIT\\Information\\Basic.ilean -c C:\\lean\\libs\\Lean-QIT\\.lake\\build\\ir\\QIT\\Information\\Basic.c --setup C:\\lean\\libs\\Lean-QIT\\.lake\\build\\ir\\QIT\\Information\\Basic.setup.json --json",
   "level": "trace"}],
 "inputs":
 [["deps",
   [["QIT/QIT:extraDep", [["@QIT:extraDep", "00000000000006bb"]]],
    ["imports",
     [["QIT.Information.Entropy.Entropy transitive imports (public)",
       "d60a37feba8c0e73"],
      ["QIT.Information.Entropy.Entropy:importArts", "8b59fbc54bdbbd4b"],
      ["QIT.States.TraceNorm.Distance transitive imports (public)",
       "78553cbac33be9f5"],
      ["QIT.States.TraceNorm.Distance:importArts", "3876b0a690d1048c"],
      ["QIT.States.TraceNorm.Spectral transitive imports (public)",
       "073fffc2980681ce"],
      ["QIT.States.TraceNorm.Spectral:importArts", "a54708d3d69666a1"],
      ["QIT.States.TraceNorm.PositivePart transitive imports (public)",
       "bccd802d8ef2f5f5"],
      ["QIT.States.TraceNorm.PositivePart:importArts", "aa9f291da12d10b2"],
      ["QIT.States.TraceNorm.PositivePartBlock transitive imports (public)",
       "5b76dc642026d232"],
      ["QIT.States.TraceNorm.PositivePartBlock:importArts", "7da995df6cd9e653"],
      ["QIT.States.TraceNorm.Variational transitive imports (public)",
       "caedc03284f50ce1"],
      ["QIT.States.TraceNorm.Variational:importArts", "04031cded5047a9c"],
      ["QIT.States.Geometry.Fidelity transitive imports (public)",
       "483ced7bfef16671"],
      ["QIT.States.Geometry.Fidelity:importArts", "369e245d9940a33d"],
      ["QIT.States.Geometry.FuchsVdG transitive imports (public)",
       "ba91393a9164284c"],
      ["QIT.States.Geometry.FuchsVdG:importArts", "2b949752d615489f"],
      ["QIT.Information.Renyi transitive imports (public)", "1563fdc3db685e81"],
      ["QIT.Information.Renyi:importArts", "ae1f9d7f4b0503cb"],
      ["QIT.HypothesisTesting.MutualInformation transitive imports (public)",
       "f3fc34214abf188b"],
      ["QIT.HypothesisTesting.MutualInformation:importArts",
       "258d0f54a8d4ca0c"],
      ["QIT.OneShot.Smooth transitive imports (public)", "ae7e1bf246362ce3"],
      ["QIT.OneShot.Smooth:importArts", "a837ef6fe49c8877"],
      ["QIT.OneShot.CQGuessing transitive imports (public)",
       "cdf925898ce37544"],
      ["QIT.OneShot.CQGuessing:importArts", "8171da259e98646c"]]]]],
  ["libs",
   [["import dynlibs", "00000000000006bb"],
    ["package external libraries", "00000000000006bb"],
    ["module dynlibs", "00000000000006bb"],
    ["module plugins", "00000000000006bb"]]],
  ["Lean 4.34.0, commit 3447a668783dbce1a8fdb97101dd067687b2b418",
   "421484e3e0c70198"],
  ["C:\\lean\\libs\\Lean-QIT\\QIT\\Information\\Basic.lean",
   "4b47431b39cfbe08"],
  ["options", "00000000000006bb"],
  ["isModule: true", "760fcc16989f4b9b"],
  ["Module.name: QIT.Information.Basic", "14a52c52af46d125"],
  ["Package.id?: (some QIT)", "07d8d7419f989369"],
  ["Module.leanArgs: #[-DautoImplicit=false, -Dbackward.isDefEq.respectTransparency=false]",
   "1e046d1e40f8a855"]],
 "depHash": "cc2720f23062df46"}