{"synthetic": false,
 "schemaVersion": "2025-09-10",
 "outputs":
 {"rs": "7cb0ffd5c4aa8b7c.ir.sig",
  "r": "9c43a803225e2f0c.ir",
  "o":
  ["66e52c934e773778.olean",
   "ec8b1321b3a27aa4.olean.server",
   "2e05c9c1f54b90ef.olean.private"],
  "m": true,
  "i": "c3822a72019bb6c8.ilean",
  "c": "d632f37c2156426c.c"},
 "log":
 [{"message":
   ".> LEAN_PATH=C:\\lean\\mathlib4\\.lake\\packages\\Cli\\.lake\\build\\lib\\lean;C:\\lean\\mathlib4\\.lake\\packages\\batteries\\.lake\\build\\lib\\lean;C:\\lean\\mathlib4\\.lake\\packages\\Qq\\.lake\\build\\lib\\lean;C:\\lean\\mathlib4\\.lake\\packages\\aesop\\.lake\\build\\lib\\lean;C:\\lean\\mathlib4\\.lake\\packages\\proofwidgets\\.lake\\build\\lib\\lean;C:\\lean\\mathlib4\\.lake\\packages\\importGraph\\.lake\\build\\lib\\lean;C:\\lean\\mathlib4\\.lake\\packages\\LeanSearchClient\\.lake\\build\\lib\\lean;C:\\lean\\mathlib4\\.lake\\packages\\plausible\\.lake\\build\\lib\\lean;C:\\lean\\mathlib4\\.lake\\build\\lib\\lean;C:\\lean\\libs\\Lean-QIT\\.lake\\build\\lib\\lean c:\\Users\\Administrator\\.elan\\toolchains\\leanprover--lean4---v4.34.0-rc1\\bin\\lean.exe -DautoImplicit=false -Dbackward.isDefEq.respectTransparency=false C:\\lean\\libs\\Lean-QIT\\QIT\\Information\\Entropy.lean -o C:\\lean\\libs\\Lean-QIT\\.lake\\build\\lib\\lean\\QIT\\Information\\Entropy.olean -i C:\\lean\\libs\\Lean-QIT\\.lake\\build\\lib\\lean\\QIT\\Information\\Entropy.ilean -c C:\\lean\\libs\\Lean-QIT\\.lake\\build\\ir\\QIT\\Information\\Entropy.c --setup C:\\lean\\libs\\Lean-QIT\\.lake\\build\\ir\\QIT\\Information\\Entropy.setup.json --json",
   "level": "trace"}],
 "inputs":
 [["deps",
   [["QIT/QIT:extraDep", [["@QIT:extraDep", "00000000000006bb"]]],
    ["imports",
     [["QIT.Information.Entropy.Entropy transitive imports (public)",
       "d60a37feba8c0e73"],
      ["QIT.Information.Entropy.Entropy:importArts", "8b59fbc54bdbbd4b"],
      ["QIT.Information.Entropy.Log2Lemmas transitive imports (public)",
       "36fe893b7a0a46c5"],
      ["QIT.Information.Entropy.Log2Lemmas:importArts", "cf4842d5c190cb5a"],
      ["QIT.Information.Entropy.Holevo transitive imports (public)",
       "cb89cc70b0acbf85"],
      ["QIT.Information.Entropy.Holevo:importArts", "0cba14b301e5e490"],
      ["QIT.Information.Entropy.EntropyTensorPower transitive imports (public)",
       "c514b78aacc6200c"],
      ["QIT.Information.Entropy.EntropyTensorPower:importArts",
       "6947a1a56eb4070f"],
      ["QIT.Information.Entropy.MaximallyMixed transitive imports (public)",
       "3c2ff2190709960e"],
      ["QIT.Information.Entropy.MaximallyMixed:importArts", "e037103bb38217df"],
      ["QIT.Information.Entropy.RelativeEntropyTraceLog transitive imports (public)",
       "247b5b3002a61bc1"],
      ["QIT.Information.Entropy.RelativeEntropyTraceLog:importArts",
       "c4cef2cbe4bee779"],
      ["QIT.Information.Entropy.RelativeEntropyDPI transitive imports (public)",
       "00db450358d36ad2"],
      ["QIT.Information.Entropy.RelativeEntropyDPI:importArts",
       "629e9214e5ea3b6a"],
      ["QIT.Information.Entropy.MutualInformationDPI transitive imports (public)",
       "4d4aff414c0e0899"],
      ["QIT.Information.Entropy.MutualInformationDPI:importArts",
       "3f3272b183b6adff"],
      ["QIT.Information.Entropy.StrongSubadditivity transitive imports (public)",
       "8d9ed470c64a77ae"],
      ["QIT.Information.Entropy.StrongSubadditivity:importArts",
       "ef1a6e14ed076c67"],
      ["QIT.Information.Entropy.ConditionalEntropyConcavity transitive imports (public)",
       "dd3f4e9688ca3956"],
      ["QIT.Information.Entropy.ConditionalEntropyConcavity:importArts",
       "ab7b621ea28dbeb7"],
      ["QIT.Information.Entropy.PureEntanglement transitive imports (public)",
       "3a533c3d04e8780e"],
      ["QIT.Information.Entropy.PureEntanglement:importArts",
       "c101a69571705c3d"]]]]],
  ["libs",
   [["import dynlibs", "00000000000006bb"],
    ["package external libraries", "00000000000006bb"],
    ["module dynlibs", "00000000000006bb"],
    ["module plugins", "00000000000006bb"]]],
  ["Lean 4.34.0, commit 3447a668783dbce1a8fdb97101dd067687b2b418",
   "421484e3e0c70198"],
  ["C:\\lean\\libs\\Lean-QIT\\QIT\\Information\\Entropy.lean",
   "7cc980f50f3c5455"],
  ["options", "00000000000006bb"],
  ["isModule: true", "760fcc16989f4b9b"],
  ["Module.name: QIT.Information.Entropy", "748debbf84f784fe"],
  ["Package.id?: (some QIT)", "07d8d7419f989369"],
  ["Module.leanArgs: #[-DautoImplicit=false, -Dbackward.isDefEq.respectTransparency=false]",
   "1e046d1e40f8a855"]],
 "depHash": "3f1592fd5629c50e"}