{"synthetic": false,
 "schemaVersion": "2025-09-10",
 "outputs":
 {"rs": "c11d75be05afb167.ir.sig",
  "r": "f7643d0a8916d0fb.ir",
  "o":
  ["eed2f3d6e41b91ee.olean",
   "25c12b9b60b20e2f.olean.server",
   "e78de174f77706eb.olean.private"],
  "m": true,
  "i": "812324525b1ac5e2.ilean",
  "c": "0c5bae546d80a263.c"},
 "log":
 [{"message":
   ".> LEAN_PATH=C:\\lean\\mathlib4\\.lake\\packages\\Cli\\.lake\\build\\lib\\lean;C:\\lean\\mathlib4\\.lake\\packages\\batteries\\.lake\\build\\lib\\lean;C:\\lean\\mathlib4\\.lake\\packages\\Qq\\.lake\\build\\lib\\lean;C:\\lean\\mathlib4\\.lake\\packages\\aesop\\.lake\\build\\lib\\lean;C:\\lean\\mathlib4\\.lake\\packages\\proofwidgets\\.lake\\build\\lib\\lean;C:\\lean\\mathlib4\\.lake\\packages\\importGraph\\.lake\\build\\lib\\lean;C:\\lean\\mathlib4\\.lake\\packages\\LeanSearchClient\\.lake\\build\\lib\\lean;C:\\lean\\mathlib4\\.lake\\packages\\plausible\\.lake\\build\\lib\\lean;C:\\lean\\mathlib4\\.lake\\build\\lib\\lean;C:\\lean\\libs\\Lean-QIT\\.lake\\build\\lib\\lean c:\\Users\\Administrator\\.elan\\toolchains\\leanprover--lean4---v4.34.0-rc1\\bin\\lean.exe -DautoImplicit=false -Dbackward.isDefEq.respectTransparency=false C:\\lean\\libs\\Lean-QIT\\QIT\\Information\\Renyi.lean -o C:\\lean\\libs\\Lean-QIT\\.lake\\build\\lib\\lean\\QIT\\Information\\Renyi.olean -i C:\\lean\\libs\\Lean-QIT\\.lake\\build\\lib\\lean\\QIT\\Information\\Renyi.ilean -c C:\\lean\\libs\\Lean-QIT\\.lake\\build\\ir\\QIT\\Information\\Renyi.c --setup C:\\lean\\libs\\Lean-QIT\\.lake\\build\\ir\\QIT\\Information\\Renyi.setup.json --json",
   "level": "trace"}],
 "inputs":
 [["deps",
   [["QIT/QIT:extraDep", [["@QIT:extraDep", "00000000000006bb"]]],
    ["imports",
     [["QIT.Information.Renyi.Renyi transitive imports (public)",
       "17f7ebd75aa00640"],
      ["QIT.Information.Renyi.Renyi:importArts", "23b6ad5e9b803b3b"],
      ["QIT.Information.Renyi.RenyiDPI transitive imports (public)",
       "6aaf5465d8574158"],
      ["QIT.Information.Renyi.RenyiDPI:importArts", "ad15a70027820632"],
      ["QIT.Information.Renyi.RenyiLimit transitive imports (public)",
       "9e50b21c9cb9e4a1"],
      ["QIT.Information.Renyi.RenyiLimit:importArts", "d41fda9b6fe9427c"],
      ["QIT.Information.Renyi.ConditionalRenyi transitive imports (public)",
       "194116d886c9282e"],
      ["QIT.Information.Renyi.ConditionalRenyi:importArts", "c4bf1a2f0ffdac2f"],
      ["QIT.Information.Renyi.ConditionalPetzRenyi transitive imports (public)",
       "ff2a416928f6c2f7"],
      ["QIT.Information.Renyi.ConditionalPetzRenyi:importArts",
       "99a347b86933f44f"],
      ["QIT.Information.Renyi.ConditionalRenyiSource transitive imports (public)",
       "6365d53bdd49eb9d"],
      ["QIT.Information.Renyi.ConditionalRenyiSource:importArts",
       "76cc24d5a0385ecf"],
      ["QIT.Information.Renyi.ConditionalPetzRenyiAlternative transitive imports (public)",
       "49e1c089341e5c9c"],
      ["QIT.Information.Renyi.ConditionalPetzRenyiAlternative:importArts",
       "d5d632a747e17a82"],
      ["QIT.Information.Renyi.ConditionalRenyiTraceBridge transitive imports (public)",
       "f4d8c5e4b560ac9c"],
      ["QIT.Information.Renyi.ConditionalRenyiTraceBridge:importArts",
       "5ac13b1c6350134a"],
      ["QIT.Information.Renyi.ConditionalRenyiClassical transitive imports (public)",
       "9e843b72491798ec"],
      ["QIT.Information.Renyi.ConditionalRenyiClassical:importArts",
       "d1f893164e9d2635"],
      ["QIT.Information.Renyi.ConditionalPetzRenyiClassicalConditioning transitive imports (public)",
       "269e386af7fe2293"],
      ["QIT.Information.Renyi.ConditionalPetzRenyiClassicalConditioning:importArts",
       "fa2e80cbd278a20a"],
      ["QIT.Information.Renyi.ConditionalSandwichedRenyiClassicalConditioning transitive imports (public)",
       "2982031cfb3c863e"],
      ["QIT.Information.Renyi.ConditionalSandwichedRenyiClassicalConditioning:importArts",
       "0846adc969626e5a"],
      ["QIT.Information.Renyi.ConditionalRenyiMinimax transitive imports (public)",
       "c1c1c1f62fcbd87a"],
      ["QIT.Information.Renyi.ConditionalRenyiMinimax:importArts",
       "8ff6425d30ae70c8"],
      ["QIT.Information.Renyi.ConditionalRenyiMinimaxBoundary transitive imports (public)",
       "27d1a30bb7e732a7"],
      ["QIT.Information.Renyi.ConditionalRenyiMinimaxBoundary:importArts",
       "4925df8711f98d0f"],
      ["QIT.Information.Renyi.ConditionalPetzRenyiDuality transitive imports (public)",
       "6b5f01ff1c8cfe55"],
      ["QIT.Information.Renyi.ConditionalPetzRenyiDuality:importArts",
       "26edf230ed14c344"],
      ["QIT.Information.Renyi.ConditionalPetzSandwichedDuality transitive imports (public)",
       "b699bae8147f5150"],
      ["QIT.Information.Renyi.ConditionalPetzSandwichedDuality:importArts",
       "0759557e35549afa"],
      ["QIT.Information.Renyi.ConditionalSandwichedRenyiDuality transitive imports (public)",
       "cfa8b6f773c1e5e7"],
      ["QIT.Information.Renyi.ConditionalSandwichedRenyiDuality:importArts",
       "6aa89665d2ee0914"],
      ["QIT.Information.Renyi.ConditionalSandwichedRenyiAdditivity transitive imports (public)",
       "27c9692e52e5881a"],
      ["QIT.Information.Renyi.ConditionalSandwichedRenyiAdditivity:importArts",
       "efd43aafc58f0356"],
      ["QIT.Information.Renyi.FrankLieb transitive imports (public)",
       "8e3934dceb784cd3"],
      ["QIT.Information.Renyi.FrankLieb:importArts", "df0bc512afed4832"],
      ["QIT.Information.Renyi.AlphaEntropyContinuity transitive imports (public)",
       "1833f8268110dfb1"],
      ["QIT.Information.Renyi.AlphaEntropyContinuity:importArts",
       "38667f28a55a2de0"],
      ["QIT.Information.Renyi.DirectSumMean transitive imports (public)",
       "b8bc19cedc332854"],
      ["QIT.Information.Renyi.DirectSumMean:importArts", "98e001e127854cd3"],
      ["QIT.Information.Renyi.IsometryImageMean transitive imports (public)",
       "2c9c182db1fac20e"],
      ["QIT.Information.Renyi.IsometryImageMean:importArts",
       "011635f085254b37"],
      ["QIT.Information.Renyi.RpowOperatorConvex transitive imports (public)",
       "6fee8e8af808c6ff"],
      ["QIT.Information.Renyi.RpowOperatorConvex:importArts",
       "4d686d1eb8cf2817"],
      ["QIT.Information.Renyi.SandwichedMutualInformation transitive imports (public)",
       "2677a49508ef9938"],
      ["QIT.Information.Renyi.SandwichedMutualInformation:importArts",
       "d22687cbf90db8a5"],
      ["QIT.Information.Renyi.SandwichedRenyiMonotonicity transitive imports (public)",
       "39ab8d509af3273a"],
      ["QIT.Information.Renyi.SandwichedRenyiMonotonicity:importArts",
       "acc474ffd0f06946"],
      ["QIT.Information.Renyi.SandwichedRenyiOptimizedUSC transitive imports (public)",
       "49846c9ac7555a19"],
      ["QIT.Information.Renyi.SandwichedRenyiOptimizedUSC:importArts",
       "5dcdb0584f8d1d7c"],
      ["QIT.Information.Renyi.OverlapDomination transitive imports (public)",
       "863c08e9cc686c7d"],
      ["QIT.Information.Renyi.OverlapDomination:importArts",
       "896249601ca08799"],
      ["QIT.Information.Renyi.RenyiOrderParameter transitive imports (public)",
       "486c8c41ed3e9600"],
      ["QIT.Information.Renyi.RenyiOrderParameter:importArts",
       "5ff62b1f8e3c776a"]]]]],
  ["libs",
   [["import dynlibs", "00000000000006bb"],
    ["package external libraries", "00000000000006bb"],
    ["module dynlibs", "00000000000006bb"],
    ["module plugins", "00000000000006bb"]]],
  ["Lean 4.34.0, commit 3447a668783dbce1a8fdb97101dd067687b2b418",
   "421484e3e0c70198"],
  ["C:\\lean\\libs\\Lean-QIT\\QIT\\Information\\Renyi.lean",
   "5c42b7f40f61be92"],
  ["options", "00000000000006bb"],
  ["isModule: true", "760fcc16989f4b9b"],
  ["Module.name: QIT.Information.Renyi", "3e4413c53277011a"],
  ["Package.id?: (some QIT)", "07d8d7419f989369"],
  ["Module.leanArgs: #[-DautoImplicit=false, -Dbackward.isDefEq.respectTransparency=false]",
   "1e046d1e40f8a855"]],
 "depHash": "04afebd6f4aaa50a"}