{"synthetic": false,
 "schemaVersion": "2025-09-10",
 "outputs":
 {"rs": "5aa7ff6fca9876f4.ir.sig",
  "r": "2769b876a7e5b1ba.ir",
  "o":
  ["29ecd1c801a0589f.olean",
   "6e2e1df30262b43e.olean.server",
   "97d89bf5ae3bca5e.olean.private"],
  "m": true,
  "i": "fcb7f2d7eaff8016.ilean",
  "c": "479702696f94734e.c"},
 "log":
 [{"message":
   ".> LEAN_PATH=C:\\lean\\mathlib4\\.lake\\packages\\Cli\\.lake\\build\\lib\\lean;C:\\lean\\mathlib4\\.lake\\packages\\batteries\\.lake\\build\\lib\\lean;C:\\lean\\mathlib4\\.lake\\packages\\Qq\\.lake\\build\\lib\\lean;C:\\lean\\mathlib4\\.lake\\packages\\aesop\\.lake\\build\\lib\\lean;C:\\lean\\mathlib4\\.lake\\packages\\proofwidgets\\.lake\\build\\lib\\lean;C:\\lean\\mathlib4\\.lake\\packages\\importGraph\\.lake\\build\\lib\\lean;C:\\lean\\mathlib4\\.lake\\packages\\LeanSearchClient\\.lake\\build\\lib\\lean;C:\\lean\\mathlib4\\.lake\\packages\\plausible\\.lake\\build\\lib\\lean;C:\\lean\\mathlib4\\.lake\\build\\lib\\lean;C:\\lean\\libs\\Lean-QIT\\.lake\\build\\lib\\lean c:\\Users\\Administrator\\.elan\\toolchains\\leanprover--lean4---v4.34.0-rc1\\bin\\lean.exe -DautoImplicit=false -Dbackward.isDefEq.respectTransparency=false C:\\lean\\libs\\Lean-QIT\\QIT\\Nonlocality\\Tsirelson.lean -o C:\\lean\\libs\\Lean-QIT\\.lake\\build\\lib\\lean\\QIT\\Nonlocality\\Tsirelson.olean -i C:\\lean\\libs\\Lean-QIT\\.lake\\build\\lib\\lean\\QIT\\Nonlocality\\Tsirelson.ilean -c C:\\lean\\libs\\Lean-QIT\\.lake\\build\\ir\\QIT\\Nonlocality\\Tsirelson.c --setup C:\\lean\\libs\\Lean-QIT\\.lake\\build\\ir\\QIT\\Nonlocality\\Tsirelson.setup.json --json",
   "level": "trace"}],
 "inputs":
 [["deps",
   [["QIT/QIT:extraDep", [["@QIT:extraDep", "00000000000006bb"]]],
    ["imports",
     [["QIT.Nonlocality.Bell transitive imports (public)", "0dbad2c0b4650290"],
      ["QIT.Nonlocality.Bell:importArts", "0deec40073e44186"],
      ["QIT.States.PosSqrt transitive imports (public)", "05e32ac2ac38785f"],
      ["QIT.States.PosSqrt:importArts", "f95d943b09afbc2c"],
      ["QIT.Nonlocality.TwoQubit transitive imports (public)",
       "e3d6c258646bd583"],
      ["QIT.Nonlocality.TwoQubit:importArts", "d46c19fcfcfdfef2"],
      ["Mathlib.Analysis.CStarAlgebra.ContinuousFunctionalCalculus.Unital transitive imports (public)",
       "acea3b29fe0c152f"],
      ["Mathlib.Analysis.CStarAlgebra.ContinuousFunctionalCalculus.Unital:importArts",
       "4c5ee7b2f7f93780"]]]]],
  ["libs",
   [["import dynlibs", "00000000000006bb"],
    ["package external libraries", "00000000000006bb"],
    ["module dynlibs", "00000000000006bb"],
    ["module plugins", "00000000000006bb"]]],
  ["Lean 4.34.0, commit 3447a668783dbce1a8fdb97101dd067687b2b418",
   "421484e3e0c70198"],
  ["C:\\lean\\libs\\Lean-QIT\\QIT\\Nonlocality\\Tsirelson.lean",
   "1dd224efe3807c5e"],
  ["options", "00000000000006bb"],
  ["isModule: true", "760fcc16989f4b9b"],
  ["Module.name: QIT.Nonlocality.Tsirelson", "0c3215c8efedebcf"],
  ["Package.id?: (some QIT)", "07d8d7419f989369"],
  ["Module.leanArgs: #[-DautoImplicit=false, -Dbackward.isDefEq.respectTransparency=false]",
   "1e046d1e40f8a855"]],
 "depHash": "a6960aff9833e1ca"}