{"synthetic": false,
 "schemaVersion": "2025-09-10",
 "outputs":
 {"rs": "79112b32dee28b37.ir.sig",
  "r": "12d9a7c28252c9e9.ir",
  "o":
  ["ac4d37b7857d1138.olean",
   "12d4dd829ac655b9.olean.server",
   "45154a5f0e4849cf.olean.private"],
  "m": true,
  "i": "587e774b840b63b8.ilean",
  "c": "f866b6845189787f.c"},
 "log":
 [{"message":
   ".> LEAN_PATH=C:\\lean\\mathlib4\\.lake\\packages\\Cli\\.lake\\build\\lib\\lean;C:\\lean\\mathlib4\\.lake\\packages\\batteries\\.lake\\build\\lib\\lean;C:\\lean\\mathlib4\\.lake\\packages\\Qq\\.lake\\build\\lib\\lean;C:\\lean\\mathlib4\\.lake\\packages\\aesop\\.lake\\build\\lib\\lean;C:\\lean\\mathlib4\\.lake\\packages\\proofwidgets\\.lake\\build\\lib\\lean;C:\\lean\\mathlib4\\.lake\\packages\\importGraph\\.lake\\build\\lib\\lean;C:\\lean\\mathlib4\\.lake\\packages\\LeanSearchClient\\.lake\\build\\lib\\lean;C:\\lean\\mathlib4\\.lake\\packages\\plausible\\.lake\\build\\lib\\lean;C:\\lean\\mathlib4\\.lake\\build\\lib\\lean;C:\\lean\\libs\\Lean-QIT\\.lake\\build\\lib\\lean c:\\Users\\Administrator\\.elan\\toolchains\\leanprover--lean4---v4.34.0-rc1\\bin\\lean.exe -DautoImplicit=false -Dbackward.isDefEq.respectTransparency=false C:\\lean\\libs\\Lean-QIT\\QIT\\Nonlocality\\YangNavascues.lean -o C:\\lean\\libs\\Lean-QIT\\.lake\\build\\lib\\lean\\QIT\\Nonlocality\\YangNavascues.olean -i C:\\lean\\libs\\Lean-QIT\\.lake\\build\\lib\\lean\\QIT\\Nonlocality\\YangNavascues.ilean -c C:\\lean\\libs\\Lean-QIT\\.lake\\build\\ir\\QIT\\Nonlocality\\YangNavascues.c --setup C:\\lean\\libs\\Lean-QIT\\.lake\\build\\ir\\QIT\\Nonlocality\\YangNavascues.setup.json --json",
   "level": "trace"}],
 "inputs":
 [["deps",
   [["QIT/QIT:extraDep", [["@QIT:extraDep", "00000000000006bb"]]],
    ["imports",
     [["QIT.Measurements.Projective transitive imports (public)",
       "dea711cf278204c0"],
      ["QIT.Measurements.Projective:importArts", "aa2959a45fbdd2ea"],
      ["QIT.Measurements.Support transitive imports (public)",
       "9d11f79064b3f338"],
      ["QIT.Measurements.Support:importArts", "595e43ebdeeaa92c"],
      ["QIT.Core.Pure transitive imports (public)", "66880a5eded90ac3"],
      ["QIT.Core.Pure:importArts", "770bfe2bcbfe067a"],
      ["Mathlib.LinearAlgebra.UnitaryGroup transitive imports (public)",
       "766eb113d6d0e340"],
      ["Mathlib.LinearAlgebra.UnitaryGroup:importArts", "15ea465680e3a890"]]]]],
  ["libs",
   [["import dynlibs", "00000000000006bb"],
    ["package external libraries", "00000000000006bb"],
    ["module dynlibs", "00000000000006bb"],
    ["module plugins", "00000000000006bb"]]],
  ["Lean 4.34.0, commit 3447a668783dbce1a8fdb97101dd067687b2b418",
   "421484e3e0c70198"],
  ["C:\\lean\\libs\\Lean-QIT\\QIT\\Nonlocality\\YangNavascues.lean",
   "1498a0e608571f4e"],
  ["options", "00000000000006bb"],
  ["isModule: true", "760fcc16989f4b9b"],
  ["Module.name: QIT.Nonlocality.YangNavascues", "cffe3e361fc0295b"],
  ["Package.id?: (some QIT)", "07d8d7419f989369"],
  ["Module.leanArgs: #[-DautoImplicit=false, -Dbackward.isDefEq.respectTransparency=false]",
   "1e046d1e40f8a855"]],
 "depHash": "e06484443dc8e3bb"}