{"synthetic": false,
 "schemaVersion": "2025-09-10",
 "outputs":
 {"rs": "ca3540c2fc8175d2.ir.sig",
  "r": "c7608fa9b1efc229.ir",
  "o":
  ["4aeb4e84d0bed12a.olean",
   "c2309d8994d8b5ab.olean.server",
   "d96932fb36a50b1b.olean.private"],
  "m": true,
  "i": "b0f50ec21e36a844.ilean",
  "c": "5af9470b9bd73633.c"},
 "log":
 [{"message":
   ".> LEAN_PATH=C:\\lean\\mathlib4\\.lake\\packages\\Cli\\.lake\\build\\lib\\lean;C:\\lean\\mathlib4\\.lake\\packages\\batteries\\.lake\\build\\lib\\lean;C:\\lean\\mathlib4\\.lake\\packages\\Qq\\.lake\\build\\lib\\lean;C:\\lean\\mathlib4\\.lake\\packages\\aesop\\.lake\\build\\lib\\lean;C:\\lean\\mathlib4\\.lake\\packages\\proofwidgets\\.lake\\build\\lib\\lean;C:\\lean\\mathlib4\\.lake\\packages\\importGraph\\.lake\\build\\lib\\lean;C:\\lean\\mathlib4\\.lake\\packages\\LeanSearchClient\\.lake\\build\\lib\\lean;C:\\lean\\mathlib4\\.lake\\packages\\plausible\\.lake\\build\\lib\\lean;C:\\lean\\mathlib4\\.lake\\build\\lib\\lean;C:\\lean\\libs\\Lean-QIT\\.lake\\build\\lib\\lean c:\\Users\\Administrator\\.elan\\toolchains\\leanprover--lean4---v4.34.0-rc1\\bin\\lean.exe -DautoImplicit=false -Dbackward.isDefEq.respectTransparency=false C:\\lean\\libs\\Lean-QIT\\QIT\\Security\\ExtractorTraceBridge.lean -o C:\\lean\\libs\\Lean-QIT\\.lake\\build\\lib\\lean\\QIT\\Security\\ExtractorTraceBridge.olean -i C:\\lean\\libs\\Lean-QIT\\.lake\\build\\lib\\lean\\QIT\\Security\\ExtractorTraceBridge.ilean -c C:\\lean\\libs\\Lean-QIT\\.lake\\build\\ir\\QIT\\Security\\ExtractorTraceBridge.c --setup C:\\lean\\libs\\Lean-QIT\\.lake\\build\\ir\\QIT\\Security\\ExtractorTraceBridge.setup.json --json",
   "level": "trace"}],
 "inputs":
 [["deps",
   [["QIT/QIT:extraDep", [["@QIT:extraDep", "00000000000006bb"]]],
    ["imports",
     [["QIT.Security.ExtractorAnalytic transitive imports (public)",
       "459d4009ed8dfaeb"],
      ["QIT.Security.ExtractorAnalytic:importArts", "bb33b80bd1a24bef"],
      ["QIT.Information.CQChannel transitive imports (public)",
       "dd290f686a772555"],
      ["QIT.Information.CQChannel:importArts", "42b8d1414abc7ce0"],
      ["QIT.States.Geometry.FuchsVdG transitive imports (public)",
       "ba91393a9164284c"],
      ["QIT.States.Geometry.FuchsVdG:importArts", "2b949752d615489f"],
      ["QIT.States.TraceNorm.PositivePart transitive imports (public)",
       "bccd802d8ef2f5f5"],
      ["QIT.States.TraceNorm.PositivePart:importArts", "aa9f291da12d10b2"],
      ["QIT.States.TraceNorm.Variational transitive imports (public)",
       "caedc03284f50ce1"],
      ["QIT.States.TraceNorm.Variational:importArts", "04031cded5047a9c"],
      ["QIT.OneShot.CQGuessing transitive imports (public)",
       "cdf925898ce37544"],
      ["QIT.OneShot.CQGuessing:importArts", "8171da259e98646c"]]]]],
  ["libs",
   [["import dynlibs", "00000000000006bb"],
    ["package external libraries", "00000000000006bb"],
    ["module dynlibs", "00000000000006bb"],
    ["module plugins", "00000000000006bb"]]],
  ["Lean 4.34.0, commit 3447a668783dbce1a8fdb97101dd067687b2b418",
   "421484e3e0c70198"],
  ["C:\\lean\\libs\\Lean-QIT\\QIT\\Security\\ExtractorTraceBridge.lean",
   "f8bad5211d1f49df"],
  ["options", "00000000000006bb"],
  ["isModule: true", "760fcc16989f4b9b"],
  ["Module.name: QIT.Security.ExtractorTraceBridge", "e4db388d41b74959"],
  ["Package.id?: (some QIT)", "07d8d7419f989369"],
  ["Module.leanArgs: #[-DautoImplicit=false, -Dbackward.isDefEq.respectTransparency=false]",
   "1e046d1e40f8a855"]],
 "depHash": "7aaced919be9a4f9"}