{"synthetic": false,
 "schemaVersion": "2025-09-10",
 "outputs":
 {"rs": "85358a49c45fe0ca.ir.sig",
  "r": "b5d5321289c7701f.ir",
  "o":
  ["2c57a791f87e8471.olean",
   "897cdf7e1379f87c.olean.server",
   "379ea1ed19fa64fd.olean.private"],
  "m": true,
  "i": "03e0162608cee414.ilean",
  "c": "2a2fca111204c6f0.c"},
 "log":
 [{"message":
   ".> LEAN_PATH=C:\\lean\\mathlib4\\.lake\\packages\\Cli\\.lake\\build\\lib\\lean;C:\\lean\\mathlib4\\.lake\\packages\\batteries\\.lake\\build\\lib\\lean;C:\\lean\\mathlib4\\.lake\\packages\\Qq\\.lake\\build\\lib\\lean;C:\\lean\\mathlib4\\.lake\\packages\\aesop\\.lake\\build\\lib\\lean;C:\\lean\\mathlib4\\.lake\\packages\\proofwidgets\\.lake\\build\\lib\\lean;C:\\lean\\mathlib4\\.lake\\packages\\importGraph\\.lake\\build\\lib\\lean;C:\\lean\\mathlib4\\.lake\\packages\\LeanSearchClient\\.lake\\build\\lib\\lean;C:\\lean\\mathlib4\\.lake\\packages\\plausible\\.lake\\build\\lib\\lean;C:\\lean\\mathlib4\\.lake\\build\\lib\\lean;C:\\lean\\libs\\Lean-QIT\\.lake\\build\\lib\\lean c:\\Users\\Administrator\\.elan\\toolchains\\leanprover--lean4---v4.34.0-rc1\\bin\\lean.exe -DautoImplicit=false -Dbackward.isDefEq.respectTransparency=false C:\\lean\\libs\\Lean-QIT\\QIT\\Security\\ExtractorQuadraticBridge.lean -o C:\\lean\\libs\\Lean-QIT\\.lake\\build\\lib\\lean\\QIT\\Security\\ExtractorQuadraticBridge.olean -i C:\\lean\\libs\\Lean-QIT\\.lake\\build\\lib\\lean\\QIT\\Security\\ExtractorQuadraticBridge.ilean -c C:\\lean\\libs\\Lean-QIT\\.lake\\build\\ir\\QIT\\Security\\ExtractorQuadraticBridge.c --setup C:\\lean\\libs\\Lean-QIT\\.lake\\build\\ir\\QIT\\Security\\ExtractorQuadraticBridge.setup.json --json",
   "level": "trace"}],
 "inputs":
 [["deps",
   [["QIT/QIT:extraDep", [["@QIT:extraDep", "00000000000006bb"]]],
    ["imports",
     [["QIT.Security.ExtractorTraceBridge transitive imports (public)",
       "76e073d6be2ecd81"],
      ["QIT.Security.ExtractorTraceBridge:importArts", "3032d63889af46c8"],
      ["QIT.Util.BlockMatrix transitive imports (public)", "8696f0a78820697a"],
      ["QIT.Util.BlockMatrix:importArts", "c827862322141664"],
      ["QIT.Util.SDP.HermitianPSDTraceDuality transitive imports (public)",
       "2833af4f98f60895"],
      ["QIT.Util.SDP.HermitianPSDTraceDuality:importArts", "dc8809179411f645"],
      ["Mathlib.LinearAlgebra.Matrix.NonsingularInverse transitive imports (public)",
       "1acc73bf5573d796"],
      ["Mathlib.LinearAlgebra.Matrix.NonsingularInverse:importArts",
       "2fb5d30a6f1755f5"],
      ["Mathlib.LinearAlgebra.Matrix.PosDef transitive imports (public)",
       "433b55eb97140934"],
      ["Mathlib.LinearAlgebra.Matrix.PosDef:importArts", "b764a142c62f2794"],
      ["Mathlib.Analysis.Matrix.Order transitive imports (public)",
       "21996938c2ae3a91"],
      ["Mathlib.Analysis.Matrix.Order:importArts", "5609cbc977b857eb"],
      ["Mathlib.Analysis.Complex.Norm transitive imports (public)",
       "f496c53972ffe891"],
      ["Mathlib.Analysis.Complex.Norm:importArts", "5c0a5bc36f09d63a"]]]]],
  ["libs",
   [["import dynlibs", "00000000000006bb"],
    ["package external libraries", "00000000000006bb"],
    ["module dynlibs", "00000000000006bb"],
    ["module plugins", "00000000000006bb"]]],
  ["Lean 4.34.0, commit 3447a668783dbce1a8fdb97101dd067687b2b418",
   "421484e3e0c70198"],
  ["C:\\lean\\libs\\Lean-QIT\\QIT\\Security\\ExtractorQuadraticBridge.lean",
   "8b600cc4e6a9ade5"],
  ["options", "00000000000006bb"],
  ["isModule: true", "760fcc16989f4b9b"],
  ["Module.name: QIT.Security.ExtractorQuadraticBridge", "643b18fdeda3f392"],
  ["Package.id?: (some QIT)", "07d8d7419f989369"],
  ["Module.leanArgs: #[-DautoImplicit=false, -Dbackward.isDefEq.respectTransparency=false]",
   "1e046d1e40f8a855"]],
 "depHash": "1bf192e1c878a63f"}