{"synthetic": false,
 "schemaVersion": "2025-09-10",
 "outputs":
 {"rs": "87858b21e962cd5a.ir.sig",
  "r": "0449ac5013d7eb95.ir",
  "o":
  ["3c21ab48110d9d6e.olean",
   "5e342ce2fdf02e70.olean.server",
   "3f5420a36c63bb38.olean.private"],
  "m": true,
  "i": "f0df4274c2753f72.ilean",
  "c": "782ca8eead095f50.c"},
 "log":
 [{"message":
   ".> LEAN_PATH=C:\\lean\\mathlib4\\.lake\\packages\\Cli\\.lake\\build\\lib\\lean;C:\\lean\\mathlib4\\.lake\\packages\\batteries\\.lake\\build\\lib\\lean;C:\\lean\\mathlib4\\.lake\\packages\\Qq\\.lake\\build\\lib\\lean;C:\\lean\\mathlib4\\.lake\\packages\\aesop\\.lake\\build\\lib\\lean;C:\\lean\\mathlib4\\.lake\\packages\\proofwidgets\\.lake\\build\\lib\\lean;C:\\lean\\mathlib4\\.lake\\packages\\importGraph\\.lake\\build\\lib\\lean;C:\\lean\\mathlib4\\.lake\\packages\\LeanSearchClient\\.lake\\build\\lib\\lean;C:\\lean\\mathlib4\\.lake\\packages\\plausible\\.lake\\build\\lib\\lean;C:\\lean\\mathlib4\\.lake\\build\\lib\\lean;C:\\lean\\libs\\Lean-QIT\\.lake\\build\\lib\\lean c:\\Users\\Administrator\\.elan\\toolchains\\leanprover--lean4---v4.34.0-rc1\\bin\\lean.exe -DautoImplicit=false -Dbackward.isDefEq.respectTransparency=false C:\\lean\\libs\\Lean-QIT\\QIT\\Security\\RandomnessExtractionOptimized.lean -o C:\\lean\\libs\\Lean-QIT\\.lake\\build\\lib\\lean\\QIT\\Security\\RandomnessExtractionOptimized.olean -i C:\\lean\\libs\\Lean-QIT\\.lake\\build\\lib\\lean\\QIT\\Security\\RandomnessExtractionOptimized.ilean -c C:\\lean\\libs\\Lean-QIT\\.lake\\build\\ir\\QIT\\Security\\RandomnessExtractionOptimized.c --setup C:\\lean\\libs\\Lean-QIT\\.lake\\build\\ir\\QIT\\Security\\RandomnessExtractionOptimized.setup.json --json",
   "level": "trace"}],
 "inputs":
 [["deps",
   [["QIT/QIT:extraDep", [["@QIT:extraDep", "00000000000006bb"]]],
    ["imports",
     [["QIT.Security.RandomnessExtraction transitive imports (public)",
       "bb2d7eed5e886cb3"],
      ["QIT.Security.RandomnessExtraction:importArts", "a29a93f4bac1b839"],
      ["QIT.OneShot.SmoothEndpoint transitive imports (public)",
       "475ef58c3f78f1e6"],
      ["QIT.OneShot.SmoothEndpoint:importArts", "d2c564a493492cf4"],
      ["QIT.Information.Entropy.Log2Lemmas transitive imports (public)",
       "36fe893b7a0a46c5"],
      ["QIT.Information.Entropy.Log2Lemmas:importArts", "cf4842d5c190cb5a"]]]]],
  ["libs",
   [["import dynlibs", "00000000000006bb"],
    ["package external libraries", "00000000000006bb"],
    ["module dynlibs", "00000000000006bb"],
    ["module plugins", "00000000000006bb"]]],
  ["Lean 4.34.0, commit 3447a668783dbce1a8fdb97101dd067687b2b418",
   "421484e3e0c70198"],
  ["C:\\lean\\libs\\Lean-QIT\\QIT\\Security\\RandomnessExtractionOptimized.lean",
   "23aff6a67d3a30d7"],
  ["options", "00000000000006bb"],
  ["isModule: true", "760fcc16989f4b9b"],
  ["Module.name: QIT.Security.RandomnessExtractionOptimized",
   "e7d02e8b6a6abb33"],
  ["Package.id?: (some QIT)", "07d8d7419f989369"],
  ["Module.leanArgs: #[-DautoImplicit=false, -Dbackward.isDefEq.respectTransparency=false]",
   "1e046d1e40f8a855"]],
 "depHash": "f5b1542ce10dd656"}