{"synthetic": false,
 "schemaVersion": "2025-09-10",
 "outputs":
 {"rs": "b2eb417f1ca65621.ir.sig",
  "r": "857ff9a971b9c528.ir",
  "o":
  ["0036a7cf37bcbe9a.olean",
   "e062722ccbc2ce90.olean.server",
   "63d912706e42659b.olean.private"],
  "m": true,
  "i": "48af503e5a94720e.ilean",
  "c": "25cc57a0acdc4f74.c"},
 "log":
 [{"message":
   ".> LEAN_PATH=C:\\lean\\mathlib4\\.lake\\packages\\Cli\\.lake\\build\\lib\\lean;C:\\lean\\mathlib4\\.lake\\packages\\batteries\\.lake\\build\\lib\\lean;C:\\lean\\mathlib4\\.lake\\packages\\Qq\\.lake\\build\\lib\\lean;C:\\lean\\mathlib4\\.lake\\packages\\aesop\\.lake\\build\\lib\\lean;C:\\lean\\mathlib4\\.lake\\packages\\proofwidgets\\.lake\\build\\lib\\lean;C:\\lean\\mathlib4\\.lake\\packages\\importGraph\\.lake\\build\\lib\\lean;C:\\lean\\mathlib4\\.lake\\packages\\LeanSearchClient\\.lake\\build\\lib\\lean;C:\\lean\\mathlib4\\.lake\\packages\\plausible\\.lake\\build\\lib\\lean;C:\\lean\\mathlib4\\.lake\\build\\lib\\lean;C:\\lean\\libs\\Lean-QIT\\.lake\\build\\lib\\lean c:\\Users\\Administrator\\.elan\\toolchains\\leanprover--lean4---v4.34.0-rc1\\bin\\lean.exe -DautoImplicit=false -Dbackward.isDefEq.respectTransparency=false C:\\lean\\libs\\Lean-QIT\\QIT\\Channels\\Diamond.lean -o C:\\lean\\libs\\Lean-QIT\\.lake\\build\\lib\\lean\\QIT\\Channels\\Diamond.olean -i C:\\lean\\libs\\Lean-QIT\\.lake\\build\\lib\\lean\\QIT\\Channels\\Diamond.ilean -c C:\\lean\\libs\\Lean-QIT\\.lake\\build\\ir\\QIT\\Channels\\Diamond.c --setup C:\\lean\\libs\\Lean-QIT\\.lake\\build\\ir\\QIT\\Channels\\Diamond.setup.json --json",
   "level": "trace"}],
 "inputs":
 [["deps",
   [["QIT/QIT:extraDep", [["@QIT:extraDep", "00000000000006bb"]]],
    ["imports",
     [["QIT.Core.Channel transitive imports (public)", "b6e4d2cc4097993b"],
      ["QIT.Core.Channel:importArts", "2cdfba71d0e2c8b1"],
      ["QIT.Classical.Bridge transitive imports (public)", "e1bc9b47b4fcb39a"],
      ["QIT.Classical.Bridge:importArts", "dde0e508756c2d95"],
      ["QIT.Util.SDP.HermitianPSDTraceDuality transitive imports (public)",
       "2833af4f98f60895"],
      ["QIT.Util.SDP.HermitianPSDTraceDuality:importArts", "dc8809179411f645"],
      ["QIT.States.TraceNorm.PositivePart transitive imports (public)",
       "bccd802d8ef2f5f5"],
      ["QIT.States.TraceNorm.PositivePart:importArts", "aa9f291da12d10b2"],
      ["QIT.States.TraceNorm.Variational transitive imports (public)",
       "caedc03284f50ce1"],
      ["QIT.States.TraceNorm.Variational:importArts", "04031cded5047a9c"],
      ["QIT.Util.BlockMatrix transitive imports (public)", "8696f0a78820697a"],
      ["QIT.Util.BlockMatrix:importArts", "c827862322141664"]]]]],
  ["libs",
   [["import dynlibs", "00000000000006bb"],
    ["package external libraries", "00000000000006bb"],
    ["module dynlibs", "00000000000006bb"],
    ["module plugins", "00000000000006bb"]]],
  ["Lean 4.34.0, commit 3447a668783dbce1a8fdb97101dd067687b2b418",
   "421484e3e0c70198"],
  ["C:\\lean\\libs\\Lean-QIT\\QIT\\Channels\\Diamond.lean", "4530592dfe94adf1"],
  ["options", "00000000000006bb"],
  ["isModule: true", "760fcc16989f4b9b"],
  ["Module.name: QIT.Channels.Diamond", "d81599f571f04977"],
  ["Package.id?: (some QIT)", "07d8d7419f989369"],
  ["Module.leanArgs: #[-DautoImplicit=false, -Dbackward.isDefEq.respectTransparency=false]",
   "1e046d1e40f8a855"]],
 "depHash": "0fd9c9281584fb0b"}