{"synthetic": false,
 "schemaVersion": "2025-09-10",
 "outputs":
 {"rs": "d951489042ff31dc.ir.sig",
  "r": "697f8bc5243f8c6c.ir",
  "o":
  ["465277549846db6e.olean",
   "3eafd063f04ffe94.olean.server",
   "46c2ba2fddd20813.olean.private"],
  "m": true,
  "i": "41a9f79f9acfc762.ilean",
  "c": "dcc3ec28b5ad81e8.c"},
 "log":
 [{"message":
   ".> LEAN_PATH=C:\\lean\\mathlib4\\.lake\\packages\\Cli\\.lake\\build\\lib\\lean;C:\\lean\\mathlib4\\.lake\\packages\\batteries\\.lake\\build\\lib\\lean;C:\\lean\\mathlib4\\.lake\\packages\\Qq\\.lake\\build\\lib\\lean;C:\\lean\\mathlib4\\.lake\\packages\\aesop\\.lake\\build\\lib\\lean;C:\\lean\\mathlib4\\.lake\\packages\\proofwidgets\\.lake\\build\\lib\\lean;C:\\lean\\mathlib4\\.lake\\packages\\importGraph\\.lake\\build\\lib\\lean;C:\\lean\\mathlib4\\.lake\\packages\\LeanSearchClient\\.lake\\build\\lib\\lean;C:\\lean\\mathlib4\\.lake\\packages\\plausible\\.lake\\build\\lib\\lean;C:\\lean\\mathlib4\\.lake\\build\\lib\\lean;C:\\lean\\libs\\Lean-QIT\\.lake\\build\\lib\\lean c:\\Users\\Administrator\\.elan\\toolchains\\leanprover--lean4---v4.34.0-rc1\\bin\\lean.exe -DautoImplicit=false -Dbackward.isDefEq.respectTransparency=false C:\\lean\\libs\\Lean-QIT\\QIT\\Information\\Entropy\\ConditionalEntropyConcavity.lean -o C:\\lean\\libs\\Lean-QIT\\.lake\\build\\lib\\lean\\QIT\\Information\\Entropy\\ConditionalEntropyConcavity.olean -i C:\\lean\\libs\\Lean-QIT\\.lake\\build\\lib\\lean\\QIT\\Information\\Entropy\\ConditionalEntropyConcavity.ilean -c C:\\lean\\libs\\Lean-QIT\\.lake\\build\\ir\\QIT\\Information\\Entropy\\ConditionalEntropyConcavity.c --setup C:\\lean\\libs\\Lean-QIT\\.lake\\build\\ir\\QIT\\Information\\Entropy\\ConditionalEntropyConcavity.setup.json --json",
   "level": "trace"}],
 "inputs":
 [["deps",
   [["QIT/QIT:extraDep", [["@QIT:extraDep", "00000000000006bb"]]],
    ["imports",
     [["QIT.Information.Entropy.Holevo transitive imports (public)",
       "cb89cc70b0acbf85"],
      ["QIT.Information.Entropy.Holevo:importArts", "0cba14b301e5e490"],
      ["QIT.Information.Entropy.StrongSubadditivity transitive imports (public)",
       "8d9ed470c64a77ae"],
      ["QIT.Information.Entropy.StrongSubadditivity:importArts",
       "ef1a6e14ed076c67"]]]]],
  ["libs",
   [["import dynlibs", "00000000000006bb"],
    ["package external libraries", "00000000000006bb"],
    ["module dynlibs", "00000000000006bb"],
    ["module plugins", "00000000000006bb"]]],
  ["Lean 4.34.0, commit 3447a668783dbce1a8fdb97101dd067687b2b418",
   "421484e3e0c70198"],
  ["C:\\lean\\libs\\Lean-QIT\\QIT\\Information\\Entropy\\ConditionalEntropyConcavity.lean",
   "e183769d1f672246"],
  ["options", "00000000000006bb"],
  ["isModule: true", "760fcc16989f4b9b"],
  ["Module.name: QIT.Information.Entropy.ConditionalEntropyConcavity",
   "4be610cc413dbb9f"],
  ["Package.id?: (some QIT)", "07d8d7419f989369"],
  ["Module.leanArgs: #[-DautoImplicit=false, -Dbackward.isDefEq.respectTransparency=false]",
   "1e046d1e40f8a855"]],
 "depHash": "9231a18ed60e1216"}