{"synthetic": false,
 "schemaVersion": "2025-09-10",
 "outputs":
 {"rs": "6f613981376bec57.ir.sig",
  "r": "70a618f68a6df04d.ir",
  "o":
  ["3d1ab299b6abf6e4.olean",
   "37ea5ed0a19ded63.olean.server",
   "9fcbef9b1e3f18ec.olean.private"],
  "m": true,
  "i": "f7c5ffdd1d934220.ilean",
  "c": "846958d81633af5a.c"},
 "log":
 [{"message":
   ".> LEAN_PATH=C:\\lean\\mathlib4\\.lake\\packages\\Cli\\.lake\\build\\lib\\lean;C:\\lean\\mathlib4\\.lake\\packages\\batteries\\.lake\\build\\lib\\lean;C:\\lean\\mathlib4\\.lake\\packages\\Qq\\.lake\\build\\lib\\lean;C:\\lean\\mathlib4\\.lake\\packages\\aesop\\.lake\\build\\lib\\lean;C:\\lean\\mathlib4\\.lake\\packages\\proofwidgets\\.lake\\build\\lib\\lean;C:\\lean\\mathlib4\\.lake\\packages\\importGraph\\.lake\\build\\lib\\lean;C:\\lean\\mathlib4\\.lake\\packages\\LeanSearchClient\\.lake\\build\\lib\\lean;C:\\lean\\mathlib4\\.lake\\packages\\plausible\\.lake\\build\\lib\\lean;C:\\lean\\mathlib4\\.lake\\build\\lib\\lean;C:\\lean\\libs\\Lean-QIT\\.lake\\build\\lib\\lean c:\\Users\\Administrator\\.elan\\toolchains\\leanprover--lean4---v4.34.0-rc1\\bin\\lean.exe -DautoImplicit=false -Dbackward.isDefEq.respectTransparency=false C:\\lean\\libs\\Lean-QIT\\QIT\\Information\\Entropy\\Entropy.lean -o C:\\lean\\libs\\Lean-QIT\\.lake\\build\\lib\\lean\\QIT\\Information\\Entropy\\Entropy.olean -i C:\\lean\\libs\\Lean-QIT\\.lake\\build\\lib\\lean\\QIT\\Information\\Entropy\\Entropy.ilean -c C:\\lean\\libs\\Lean-QIT\\.lake\\build\\ir\\QIT\\Information\\Entropy\\Entropy.c --setup C:\\lean\\libs\\Lean-QIT\\.lake\\build\\ir\\QIT\\Information\\Entropy\\Entropy.setup.json --json",
   "level": "trace"}],
 "inputs":
 [["deps",
   [["QIT/QIT:extraDep", [["@QIT:extraDep", "00000000000006bb"]]],
    ["imports",
     [["QIT.States.PosSqrt transitive imports (public)", "05e32ac2ac38785f"],
      ["QIT.States.PosSqrt:importArts", "f95d943b09afbc2c"],
      ["QIT.States.Purification.Gram transitive imports (public)",
       "0515f2203c494e08"],
      ["QIT.States.Purification.Gram:importArts", "3ebe6ef684633783"],
      ["QIT.States.TraceNorm.Distance transitive imports (public)",
       "78553cbac33be9f5"],
      ["QIT.States.TraceNorm.Distance:importArts", "3876b0a690d1048c"],
      ["QIT.States.Topology transitive imports (public)", "84ca8da048c20a62"],
      ["QIT.States.Topology:importArts", "af71e634dc3bedc5"],
      ["Mathlib.Analysis.Matrix.PosDef transitive imports (public)",
       "b14cbfe651b1958d"],
      ["Mathlib.Analysis.Matrix.PosDef:importArts", "7164d5729c12ef7b"],
      ["Mathlib.Analysis.CStarAlgebra.Classes transitive imports (public)",
       "90d10b644255df58"],
      ["Mathlib.Analysis.CStarAlgebra.Classes:importArts", "0f8a3ff33185fca4"],
      ["Mathlib.Analysis.CStarAlgebra.ContinuousFunctionalCalculus.Basic transitive imports (public)",
       "29b577e95f2fee1a"],
      ["Mathlib.Analysis.CStarAlgebra.ContinuousFunctionalCalculus.Basic:importArts",
       "6924ef7a9d7c42ff"],
      ["Mathlib.Analysis.CStarAlgebra.ContinuousFunctionalCalculus.Continuity transitive imports (public)",
       "afbf9d0f456e71db"],
      ["Mathlib.Analysis.CStarAlgebra.ContinuousFunctionalCalculus.Continuity:importArts",
       "fe7f4b75c5eb6f43"],
      ["Mathlib.Analysis.CStarAlgebra.ContinuousFunctionalCalculus.Instances transitive imports (public)",
       "14937ad39f581a05"],
      ["Mathlib.Analysis.CStarAlgebra.ContinuousFunctionalCalculus.Instances:importArts",
       "7b05583de17f6822"],
      ["Mathlib.Analysis.CStarAlgebra.Matrix transitive imports (public)",
       "45e2adb3868dfdc9"],
      ["Mathlib.Analysis.CStarAlgebra.Matrix:importArts", "673875de75f5cfcb"],
      ["Mathlib.Analysis.SpecialFunctions.Log.NegMulLog transitive imports (public)",
       "6b2df50cafa7980b"],
      ["Mathlib.Analysis.SpecialFunctions.Log.NegMulLog:importArts",
       "0c6193c4c0b77deb"]]]]],
  ["libs",
   [["import dynlibs", "00000000000006bb"],
    ["package external libraries", "00000000000006bb"],
    ["module dynlibs", "00000000000006bb"],
    ["module plugins", "00000000000006bb"]]],
  ["Lean 4.34.0, commit 3447a668783dbce1a8fdb97101dd067687b2b418",
   "421484e3e0c70198"],
  ["C:\\lean\\libs\\Lean-QIT\\QIT\\Information\\Entropy\\Entropy.lean",
   "e1576c1431330957"],
  ["options", "00000000000006bb"],
  ["isModule: true", "760fcc16989f4b9b"],
  ["Module.name: QIT.Information.Entropy.Entropy", "55a5b866a7c2d1c4"],
  ["Package.id?: (some QIT)", "07d8d7419f989369"],
  ["Module.leanArgs: #[-DautoImplicit=false, -Dbackward.isDefEq.respectTransparency=false]",
   "1e046d1e40f8a855"]],
 "depHash": "309a0be0853db6ff"}