{"synthetic": false,
 "schemaVersion": "2025-09-10",
 "outputs":
 {"rs": "097a2f9f2a0e6909.ir.sig",
  "r": "53340f1ac61e13e8.ir",
  "o":
  ["5e8d0466f198a7a3.olean",
   "78aadde7c74b2689.olean.server",
   "72a787b1ad1b8e88.olean.private"],
  "m": true,
  "i": "c70eb6d77b32c1d2.ilean",
  "c": "852a953ac22e75a9.c"},
 "log":
 [{"message":
   ".> LEAN_PATH=C:\\lean\\mathlib4\\.lake\\packages\\Cli\\.lake\\build\\lib\\lean;C:\\lean\\mathlib4\\.lake\\packages\\batteries\\.lake\\build\\lib\\lean;C:\\lean\\mathlib4\\.lake\\packages\\Qq\\.lake\\build\\lib\\lean;C:\\lean\\mathlib4\\.lake\\packages\\aesop\\.lake\\build\\lib\\lean;C:\\lean\\mathlib4\\.lake\\packages\\proofwidgets\\.lake\\build\\lib\\lean;C:\\lean\\mathlib4\\.lake\\packages\\importGraph\\.lake\\build\\lib\\lean;C:\\lean\\mathlib4\\.lake\\packages\\LeanSearchClient\\.lake\\build\\lib\\lean;C:\\lean\\mathlib4\\.lake\\packages\\plausible\\.lake\\build\\lib\\lean;C:\\lean\\mathlib4\\.lake\\build\\lib\\lean;C:\\lean\\libs\\Lean-QIT\\.lake\\build\\lib\\lean c:\\Users\\Administrator\\.elan\\toolchains\\leanprover--lean4---v4.34.0-rc1\\bin\\lean.exe -DautoImplicit=false -Dbackward.isDefEq.respectTransparency=false C:\\lean\\libs\\Lean-QIT\\QIT\\Information\\Entropy\\EntropyTensorPower.lean -o C:\\lean\\libs\\Lean-QIT\\.lake\\build\\lib\\lean\\QIT\\Information\\Entropy\\EntropyTensorPower.olean -i C:\\lean\\libs\\Lean-QIT\\.lake\\build\\lib\\lean\\QIT\\Information\\Entropy\\EntropyTensorPower.ilean -c C:\\lean\\libs\\Lean-QIT\\.lake\\build\\ir\\QIT\\Information\\Entropy\\EntropyTensorPower.c --setup C:\\lean\\libs\\Lean-QIT\\.lake\\build\\ir\\QIT\\Information\\Entropy\\EntropyTensorPower.setup.json --json",
   "level": "trace"}],
 "inputs":
 [["deps",
   [["QIT/QIT:extraDep", [["@QIT:extraDep", "00000000000006bb"]]],
    ["imports",
     [["QIT.Core.State transitive imports (public)", "81d9312d467bbba2"],
      ["QIT.Core.State:importArts", "6ca6c3b0fa26882a"],
      ["QIT.Classical.CQState transitive imports (public)", "068fbbbfbce14f24"],
      ["QIT.Classical.CQState:importArts", "d9c9f1b05c6da142"],
      ["QIT.Information.Entropy.Entropy transitive imports (public)",
       "d60a37feba8c0e73"],
      ["QIT.Information.Entropy.Entropy:importArts", "8b59fbc54bdbbd4b"],
      ["Mathlib.Analysis.Matrix.Spectrum transitive imports (public)",
       "a6f62ba5fd7d4916"],
      ["Mathlib.Analysis.Matrix.Spectrum:importArts", "c7433010ba445ebb"],
      ["Mathlib.Data.Matrix.Block transitive imports (public)",
       "d20ecad1e10b97ea"],
      ["Mathlib.Data.Matrix.Block:importArts", "350d9769145738aa"],
      ["Mathlib.LinearAlgebra.Matrix.Kronecker transitive imports (public)",
       "0baee6adf977c348"],
      ["Mathlib.LinearAlgebra.Matrix.Kronecker:importArts", "b8711a0355f200f4"],
      ["Mathlib.LinearAlgebra.Matrix.Hermitian transitive imports (public)",
       "d23c741cf662fea1"],
      ["Mathlib.LinearAlgebra.Matrix.Hermitian:importArts", "ad96bbf8e3134024"],
      ["Mathlib.LinearAlgebra.Matrix.Charpoly.Basic transitive imports (public)",
       "376cc7686b151a71"],
      ["Mathlib.LinearAlgebra.Matrix.Charpoly.Basic:importArts",
       "920044ca7f68dd33"],
      ["Mathlib.Algebra.Star.Unitary transitive imports (public)",
       "636f398e4ba2bc97"],
      ["Mathlib.Algebra.Star.Unitary:importArts", "566dd20929ba759e"],
      ["Mathlib.Algebra.Star.UnitaryStarAlgAut transitive imports (public)",
       "5474c390c519257a"],
      ["Mathlib.Algebra.Star.UnitaryStarAlgAut:importArts", "b4409421e088409a"],
      ["Mathlib.Algebra.Polynomial.Roots transitive imports (public)",
       "079e429add9913a3"],
      ["Mathlib.Algebra.Polynomial.Roots:importArts", "2702bf9e80a4bb23"],
      ["Mathlib.Data.Fintype.Prod transitive imports (public)",
       "2e32264b061c8b28"],
      ["Mathlib.Data.Fintype.Prod:importArts", "917d47cc174224d3"],
      ["Mathlib.Data.Multiset.Bind transitive imports (public)",
       "76c95645d4696a5d"],
      ["Mathlib.Data.Multiset.Bind:importArts", "96099c72f5ea6895"],
      ["Mathlib.Data.Multiset.MapFold transitive imports (public)",
       "9c01e706dea9cde9"],
      ["Mathlib.Data.Multiset.MapFold:importArts", "9931802765a53a96"],
      ["Mathlib.Analysis.SpecialFunctions.Log.Basic transitive imports (public)",
       "91f0c2fc7645fa21"],
      ["Mathlib.Analysis.SpecialFunctions.Log.Basic:importArts",
       "be3da984d1194567"]]]]],
  ["libs",
   [["import dynlibs", "00000000000006bb"],
    ["package external libraries", "00000000000006bb"],
    ["module dynlibs", "00000000000006bb"],
    ["module plugins", "00000000000006bb"]]],
  ["Lean 4.34.0, commit 3447a668783dbce1a8fdb97101dd067687b2b418",
   "421484e3e0c70198"],
  ["C:\\lean\\libs\\Lean-QIT\\QIT\\Information\\Entropy\\EntropyTensorPower.lean",
   "ff89cddeb9c1c208"],
  ["options", "00000000000006bb"],
  ["isModule: true", "760fcc16989f4b9b"],
  ["Module.name: QIT.Information.Entropy.EntropyTensorPower",
   "9ee0fdbb60fa1f26"],
  ["Package.id?: (some QIT)", "07d8d7419f989369"],
  ["Module.leanArgs: #[-DautoImplicit=false, -Dbackward.isDefEq.respectTransparency=false]",
   "1e046d1e40f8a855"]],
 "depHash": "7ee4146629ef02ae"}