{"synthetic": false,
 "schemaVersion": "2025-09-10",
 "outputs":
 {"rs": "e57d544e2b2470db.ir.sig",
  "r": "61f1992edf2d51d6.ir",
  "o":
  ["2c2c61d379f29135.olean",
   "79a138e0af1be21d.olean.server",
   "d77ac085fb550ea9.olean.private"],
  "m": true,
  "i": "6b106a7748b07119.ilean",
  "c": "d803248c656627bb.c"},
 "log":
 [{"message":
   ".> LEAN_PATH=C:\\lean\\mathlib4\\.lake\\packages\\Cli\\.lake\\build\\lib\\lean;C:\\lean\\mathlib4\\.lake\\packages\\batteries\\.lake\\build\\lib\\lean;C:\\lean\\mathlib4\\.lake\\packages\\Qq\\.lake\\build\\lib\\lean;C:\\lean\\mathlib4\\.lake\\packages\\aesop\\.lake\\build\\lib\\lean;C:\\lean\\mathlib4\\.lake\\packages\\proofwidgets\\.lake\\build\\lib\\lean;C:\\lean\\mathlib4\\.lake\\packages\\importGraph\\.lake\\build\\lib\\lean;C:\\lean\\mathlib4\\.lake\\packages\\LeanSearchClient\\.lake\\build\\lib\\lean;C:\\lean\\mathlib4\\.lake\\packages\\plausible\\.lake\\build\\lib\\lean;C:\\lean\\mathlib4\\.lake\\build\\lib\\lean;C:\\lean\\libs\\Lean-QIT\\.lake\\build\\lib\\lean c:\\Users\\Administrator\\.elan\\toolchains\\leanprover--lean4---v4.34.0-rc1\\bin\\lean.exe -DautoImplicit=false -Dbackward.isDefEq.respectTransparency=false C:\\lean\\libs\\Lean-QIT\\QIT\\Asymptotic.lean -o C:\\lean\\libs\\Lean-QIT\\.lake\\build\\lib\\lean\\QIT\\Asymptotic.olean -i C:\\lean\\libs\\Lean-QIT\\.lake\\build\\lib\\lean\\QIT\\Asymptotic.ilean -c C:\\lean\\libs\\Lean-QIT\\.lake\\build\\ir\\QIT\\Asymptotic.c --setup C:\\lean\\libs\\Lean-QIT\\.lake\\build\\ir\\QIT\\Asymptotic.setup.json --json",
   "level": "trace"}],
 "inputs":
 [["deps",
   [["QIT/QIT:extraDep", [["@QIT:extraDep", "00000000000006bb"]]],
    ["imports",
     [["QIT.Asymptotic.Typicality transitive imports (public)",
       "f520b2fd599a63e3"],
      ["QIT.Asymptotic.Typicality:importArts", "b9b66af6e990a24f"],
      ["QIT.Asymptotic.ClassicalTypicality transitive imports (public)",
       "255f899807f371f0"],
      ["QIT.Asymptotic.ClassicalTypicality:importArts", "e283e792c5d238bb"],
      ["QIT.Asymptotic.ConditionalTypicality transitive imports (public)",
       "6636709dc5896c7c"],
      ["QIT.Asymptotic.ConditionalTypicality:importArts", "d25b3f098376f7f2"],
      ["QIT.Asymptotic.AEP transitive imports (public)", "93e0c32b2862da0b"],
      ["QIT.Asymptotic.AEP:importArts", "243c247921fa0c97"],
      ["QIT.Asymptotic.FixedSmoothMinEntropy transitive imports (public)",
       "e3dd99950a40d809"],
      ["QIT.Asymptotic.FixedSmoothMinEntropy:importArts", "76ca32692c4467af"],
      ["QIT.Asymptotic.FixedEpsilonAEP transitive imports (public)",
       "98d916f25041e2dc"],
      ["QIT.Asymptotic.FixedEpsilonAEP:importArts", "fee61d59d51be706"]]]]],
  ["libs",
   [["import dynlibs", "00000000000006bb"],
    ["package external libraries", "00000000000006bb"],
    ["module dynlibs", "00000000000006bb"],
    ["module plugins", "00000000000006bb"]]],
  ["Lean 4.34.0, commit 3447a668783dbce1a8fdb97101dd067687b2b418",
   "421484e3e0c70198"],
  ["C:\\lean\\libs\\Lean-QIT\\QIT\\Asymptotic.lean", "e65737bc4900b2a3"],
  ["options", "00000000000006bb"],
  ["isModule: true", "760fcc16989f4b9b"],
  ["Module.name: QIT.Asymptotic", "87d27d2dc7a1fb8c"],
  ["Package.id?: (some QIT)", "07d8d7419f989369"],
  ["Module.leanArgs: #[-DautoImplicit=false, -Dbackward.isDefEq.respectTransparency=false]",
   "1e046d1e40f8a855"]],
 "depHash": "c95e9e4dd295ae4c"}