{"synthetic": false,
 "schemaVersion": "2025-09-10",
 "outputs":
 {"rs": "ee2aa37a9e493c9d.ir.sig",
  "r": "1382fd6d7c66cfb0.ir",
  "o":
  ["5568d13088896995.olean",
   "76252bfef2094601.olean.server",
   "d92cdafd0558a766.olean.private"],
  "m": true,
  "i": "6a91a839ce5ece60.ilean",
  "c": "40f8210bd90ac3bc.c"},
 "log":
 [{"message":
   ".> LEAN_PATH=C:\\lean\\mathlib4\\.lake\\packages\\Cli\\.lake\\build\\lib\\lean;C:\\lean\\mathlib4\\.lake\\packages\\batteries\\.lake\\build\\lib\\lean;C:\\lean\\mathlib4\\.lake\\packages\\Qq\\.lake\\build\\lib\\lean;C:\\lean\\mathlib4\\.lake\\packages\\aesop\\.lake\\build\\lib\\lean;C:\\lean\\mathlib4\\.lake\\packages\\proofwidgets\\.lake\\build\\lib\\lean;C:\\lean\\mathlib4\\.lake\\packages\\importGraph\\.lake\\build\\lib\\lean;C:\\lean\\mathlib4\\.lake\\packages\\LeanSearchClient\\.lake\\build\\lib\\lean;C:\\lean\\mathlib4\\.lake\\packages\\plausible\\.lake\\build\\lib\\lean;C:\\lean\\mathlib4\\.lake\\build\\lib\\lean;C:\\lean\\libs\\Lean-QIT\\.lake\\build\\lib\\lean c:\\Users\\Administrator\\.elan\\toolchains\\leanprover--lean4---v4.34.0-rc1\\bin\\lean.exe -DautoImplicit=false -Dbackward.isDefEq.respectTransparency=false C:\\lean\\libs\\Lean-QIT\\QIT\\Channels.lean -o C:\\lean\\libs\\Lean-QIT\\.lake\\build\\lib\\lean\\QIT\\Channels.olean -i C:\\lean\\libs\\Lean-QIT\\.lake\\build\\lib\\lean\\QIT\\Channels.ilean -c C:\\lean\\libs\\Lean-QIT\\.lake\\build\\ir\\QIT\\Channels.c --setup C:\\lean\\libs\\Lean-QIT\\.lake\\build\\ir\\QIT\\Channels.setup.json --json",
   "level": "trace"}],
 "inputs":
 [["deps",
   [["QIT/QIT:extraDep", [["@QIT:extraDep", "00000000000006bb"]]],
    ["imports",
     [["QIT.Core.Channel transitive imports (public)", "b6e4d2cc4097993b"],
      ["QIT.Core.Channel:importArts", "2cdfba71d0e2c8b1"],
      ["QIT.Channels.Topology transitive imports (public)", "8b7afb780e6631e7"],
      ["QIT.Channels.Topology:importArts", "e3464557027778d8"],
      ["QIT.Channels.Diamond transitive imports (public)", "61417a77302563ca"],
      ["QIT.Channels.Diamond:importArts", "ab49bd34d7569eff"]]]]],
  ["libs",
   [["import dynlibs", "00000000000006bb"],
    ["package external libraries", "00000000000006bb"],
    ["module dynlibs", "00000000000006bb"],
    ["module plugins", "00000000000006bb"]]],
  ["Lean 4.34.0, commit 3447a668783dbce1a8fdb97101dd067687b2b418",
   "421484e3e0c70198"],
  ["C:\\lean\\libs\\Lean-QIT\\QIT\\Channels.lean", "a5ca6c68a84b1f8a"],
  ["options", "00000000000006bb"],
  ["isModule: true", "760fcc16989f4b9b"],
  ["Module.name: QIT.Channels", "efd493db6ed2874b"],
  ["Package.id?: (some QIT)", "07d8d7419f989369"],
  ["Module.leanArgs: #[-DautoImplicit=false, -Dbackward.isDefEq.respectTransparency=false]",
   "1e046d1e40f8a855"]],
 "depHash": "a249fa0bf20dfe03"}