{"synthetic": false,
 "schemaVersion": "2025-09-10",
 "outputs":
 {"rs": "bc3092638a3778ea.ir.sig",
  "r": "acb24d7aaa4257f3.ir",
  "o":
  ["43efdd13dc67648e.olean",
   "24ef7f44a476879e.olean.server",
   "deb2acc41a5f4774.olean.private"],
  "m": true,
  "i": "3d1e6bf25e4a31ec.ilean",
  "c": "bb0cc8eec446f088.c"},
 "log":
 [{"message":
   ".> LEAN_PATH=C:\\lean\\mathlib4\\.lake\\packages\\Cli\\.lake\\build\\lib\\lean;C:\\lean\\mathlib4\\.lake\\packages\\batteries\\.lake\\build\\lib\\lean;C:\\lean\\mathlib4\\.lake\\packages\\Qq\\.lake\\build\\lib\\lean;C:\\lean\\mathlib4\\.lake\\packages\\aesop\\.lake\\build\\lib\\lean;C:\\lean\\mathlib4\\.lake\\packages\\proofwidgets\\.lake\\build\\lib\\lean;C:\\lean\\mathlib4\\.lake\\packages\\importGraph\\.lake\\build\\lib\\lean;C:\\lean\\mathlib4\\.lake\\packages\\LeanSearchClient\\.lake\\build\\lib\\lean;C:\\lean\\mathlib4\\.lake\\packages\\plausible\\.lake\\build\\lib\\lean;C:\\lean\\mathlib4\\.lake\\build\\lib\\lean;C:\\lean\\libs\\Lean-QIT\\.lake\\build\\lib\\lean c:\\Users\\Administrator\\.elan\\toolchains\\leanprover--lean4---v4.34.0-rc1\\bin\\lean.exe -DautoImplicit=false -Dbackward.isDefEq.respectTransparency=false C:\\lean\\libs\\Lean-QIT\\QIT\\Core.lean -o C:\\lean\\libs\\Lean-QIT\\.lake\\build\\lib\\lean\\QIT\\Core.olean -i C:\\lean\\libs\\Lean-QIT\\.lake\\build\\lib\\lean\\QIT\\Core.ilean -c C:\\lean\\libs\\Lean-QIT\\.lake\\build\\ir\\QIT\\Core.c --setup C:\\lean\\libs\\Lean-QIT\\.lake\\build\\ir\\QIT\\Core.setup.json --json",
   "level": "trace"}],
 "inputs":
 [["deps",
   [["QIT/QIT:extraDep", [["@QIT:extraDep", "00000000000006bb"]]],
    ["imports",
     [["QIT.Core.System transitive imports (public)", "7ada5f2230cdc944"],
      ["QIT.Core.System:importArts", "9c65c2d7ece6eb6c"],
      ["QIT.Core.State transitive imports (public)", "81d9312d467bbba2"],
      ["QIT.Core.State:importArts", "6ca6c3b0fa26882a"],
      ["QIT.Core.Pure transitive imports (public)", "66880a5eded90ac3"],
      ["QIT.Core.Pure:importArts", "770bfe2bcbfe067a"],
      ["QIT.Core.Map transitive imports (public)", "3a1541b761856ece"],
      ["QIT.Core.Map:importArts", "727b9b82770754ae"],
      ["QIT.Core.Map.ChoiCharacterization transitive imports (public)",
       "d8edebbcef53c19b"],
      ["QIT.Core.Map.ChoiCharacterization:importArts", "15daaeaf67a9802f"],
      ["QIT.Core.Channel transitive imports (public)", "b6e4d2cc4097993b"],
      ["QIT.Core.Channel:importArts", "2cdfba71d0e2c8b1"],
      ["QIT.Core.Measurement transitive imports (public)", "c483eeb52c3bc8be"],
      ["QIT.Core.Measurement:importArts", "0c2623c13887175c"],
      ["QIT.Core.POVMProbability transitive imports (public)",
       "f7d0575f5b55265d"],
      ["QIT.Core.POVMProbability:importArts", "7542a47d8cf3b4f8"],
      ["QIT.Core.Components transitive imports (public)", "00000000000006bb"],
      ["QIT.Core.Components:importArts", "ca6c3c56259f7a07"]]]]],
  ["libs",
   [["import dynlibs", "00000000000006bb"],
    ["package external libraries", "00000000000006bb"],
    ["module dynlibs", "00000000000006bb"],
    ["module plugins", "00000000000006bb"]]],
  ["Lean 4.34.0, commit 3447a668783dbce1a8fdb97101dd067687b2b418",
   "421484e3e0c70198"],
  ["C:\\lean\\libs\\Lean-QIT\\QIT\\Core.lean", "fde1e2f63860a10a"],
  ["options", "00000000000006bb"],
  ["isModule: true", "760fcc16989f4b9b"],
  ["Module.name: QIT.Core", "3f4bfa36ebf9f586"],
  ["Package.id?: (some QIT)", "07d8d7419f989369"],
  ["Module.leanArgs: #[-DautoImplicit=false, -Dbackward.isDefEq.respectTransparency=false]",
   "1e046d1e40f8a855"]],
 "depHash": "22c278499019ca22"}