{"synthetic": false,
 "schemaVersion": "2025-09-10",
 "outputs":
 {"rs": "395ef021a2a16812.ir.sig",
  "r": "b8e96d31b535562c.ir",
  "o":
  ["096d1487ad9815bd.olean",
   "03dbb4fe19a750ba.olean.server",
   "ab10bfe3687cbfc2.olean.private"],
  "m": true,
  "i": "d011c14e0b305691.ilean",
  "c": "121f30953a0ea18c.c"},
 "log":
 [{"message":
   ".> LEAN_PATH=C:\\lean\\mathlib4\\.lake\\packages\\Cli\\.lake\\build\\lib\\lean;C:\\lean\\mathlib4\\.lake\\packages\\batteries\\.lake\\build\\lib\\lean;C:\\lean\\mathlib4\\.lake\\packages\\Qq\\.lake\\build\\lib\\lean;C:\\lean\\mathlib4\\.lake\\packages\\aesop\\.lake\\build\\lib\\lean;C:\\lean\\mathlib4\\.lake\\packages\\proofwidgets\\.lake\\build\\lib\\lean;C:\\lean\\mathlib4\\.lake\\packages\\importGraph\\.lake\\build\\lib\\lean;C:\\lean\\mathlib4\\.lake\\packages\\LeanSearchClient\\.lake\\build\\lib\\lean;C:\\lean\\mathlib4\\.lake\\packages\\plausible\\.lake\\build\\lib\\lean;C:\\lean\\mathlib4\\.lake\\build\\lib\\lean;C:\\lean\\libs\\Lean-QIT\\.lake\\build\\lib\\lean c:\\Users\\Administrator\\.elan\\toolchains\\leanprover--lean4---v4.34.0-rc1\\bin\\lean.exe -DautoImplicit=false -Dbackward.isDefEq.respectTransparency=false C:\\lean\\libs\\Lean-QIT\\QIT\\Entanglement.lean -o C:\\lean\\libs\\Lean-QIT\\.lake\\build\\lib\\lean\\QIT\\Entanglement.olean -i C:\\lean\\libs\\Lean-QIT\\.lake\\build\\lib\\lean\\QIT\\Entanglement.ilean -c C:\\lean\\libs\\Lean-QIT\\.lake\\build\\ir\\QIT\\Entanglement.c --setup C:\\lean\\libs\\Lean-QIT\\.lake\\build\\ir\\QIT\\Entanglement.setup.json --json",
   "level": "trace"}],
 "inputs":
 [["deps",
   [["QIT/QIT:extraDep", [["@QIT:extraDep", "00000000000006bb"]]],
    ["imports",
     [["QIT.Entanglement.Separable transitive imports (public)",
       "3088cb63a77c4f7b"],
      ["QIT.Entanglement.Separable:importArts", "5c8b382c74a9f528"],
      ["QIT.Entanglement.PPT transitive imports (public)", "b35a9f4f81ecf73a"],
      ["QIT.Entanglement.PPT:importArts", "5322e8cbe150b945"],
      ["QIT.Entanglement.Majorization transitive imports (public)",
       "17d99faaaa828b01"],
      ["QIT.Entanglement.Majorization:importArts", "64b711f29820504f"],
      ["QIT.Entanglement.MaximallyEntangled transitive imports (public)",
       "fab40b7834b67bc7"],
      ["QIT.Entanglement.MaximallyEntangled:importArts",
       "3fdabff940d3d738"]]]]],
  ["libs",
   [["import dynlibs", "00000000000006bb"],
    ["package external libraries", "00000000000006bb"],
    ["module dynlibs", "00000000000006bb"],
    ["module plugins", "00000000000006bb"]]],
  ["Lean 4.34.0, commit 3447a668783dbce1a8fdb97101dd067687b2b418",
   "421484e3e0c70198"],
  ["C:\\lean\\libs\\Lean-QIT\\QIT\\Entanglement.lean", "2387d4fcdc5a8ba8"],
  ["options", "00000000000006bb"],
  ["isModule: true", "760fcc16989f4b9b"],
  ["Module.name: QIT.Entanglement", "4f0efbea7c7f6be1"],
  ["Package.id?: (some QIT)", "07d8d7419f989369"],
  ["Module.leanArgs: #[-DautoImplicit=false, -Dbackward.isDefEq.respectTransparency=false]",
   "1e046d1e40f8a855"]],
 "depHash": "5c783b4db8e73d98"}