{"synthetic": false,
 "schemaVersion": "2025-09-10",
 "outputs":
 {"rs": "68f9392e9b453714.ir.sig",
  "r": "6c49e74a4ea407ff.ir",
  "o":
  ["add4c8b6a41abb89.olean",
   "8f9f978c70458f10.olean.server",
   "525e27b73f9f63bb.olean.private"],
  "m": true,
  "i": "0633f745843c3166.ilean",
  "c": "ccc12e1c75e47aaa.c"},
 "log":
 [{"message":
   ".> LEAN_PATH=C:\\lean\\mathlib4\\.lake\\packages\\Cli\\.lake\\build\\lib\\lean;C:\\lean\\mathlib4\\.lake\\packages\\batteries\\.lake\\build\\lib\\lean;C:\\lean\\mathlib4\\.lake\\packages\\Qq\\.lake\\build\\lib\\lean;C:\\lean\\mathlib4\\.lake\\packages\\aesop\\.lake\\build\\lib\\lean;C:\\lean\\mathlib4\\.lake\\packages\\proofwidgets\\.lake\\build\\lib\\lean;C:\\lean\\mathlib4\\.lake\\packages\\importGraph\\.lake\\build\\lib\\lean;C:\\lean\\mathlib4\\.lake\\packages\\LeanSearchClient\\.lake\\build\\lib\\lean;C:\\lean\\mathlib4\\.lake\\packages\\plausible\\.lake\\build\\lib\\lean;C:\\lean\\mathlib4\\.lake\\build\\lib\\lean;C:\\lean\\libs\\Lean-QIT\\.lake\\build\\lib\\lean c:\\Users\\Administrator\\.elan\\toolchains\\leanprover--lean4---v4.34.0-rc1\\bin\\lean.exe -DautoImplicit=false -Dbackward.isDefEq.respectTransparency=false C:\\lean\\libs\\Lean-QIT\\QIT\\Information.lean -o C:\\lean\\libs\\Lean-QIT\\.lake\\build\\lib\\lean\\QIT\\Information.olean -i C:\\lean\\libs\\Lean-QIT\\.lake\\build\\lib\\lean\\QIT\\Information.ilean -c C:\\lean\\libs\\Lean-QIT\\.lake\\build\\ir\\QIT\\Information.c --setup C:\\lean\\libs\\Lean-QIT\\.lake\\build\\ir\\QIT\\Information.setup.json --json",
   "level": "trace"}],
 "inputs":
 [["deps",
   [["QIT/QIT:extraDep", [["@QIT:extraDep", "00000000000006bb"]]],
    ["imports",
     [["QIT.Information.Foundations transitive imports (public)",
       "79d93e6dc0d7add6"],
      ["QIT.Information.Foundations:importArts", "398166eb2562c6ce"],
      ["QIT.OneShot transitive imports (public)", "f5f9bff2f9c6d9c9"],
      ["QIT.OneShot:importArts", "8c926451f2533d5d"],
      ["QIT.Information.Entropy transitive imports (public)",
       "ff075a54b5f52977"],
      ["QIT.Information.Entropy:importArts", "25dc3363b05c4383"],
      ["QIT.Information.Renyi transitive imports (public)", "1563fdc3db685e81"],
      ["QIT.Information.Renyi:importArts", "ae1f9d7f4b0503cb"],
      ["QIT.Information.BinaryHypothesisTest transitive imports (public)",
       "38e8c27cab756eb7"],
      ["QIT.Information.BinaryHypothesisTest:importArts", "0fc78e937425c1ad"],
      ["QIT.Information.AlickiFannesWinter transitive imports (public)",
       "dcc12b80b8aeccf5"],
      ["QIT.Information.AlickiFannesWinter:importArts", "6098101f22cb1c68"],
      ["QIT.Information.Fannes transitive imports (public)",
       "f48189891fbbb50a"],
      ["QIT.Information.Fannes:importArts", "65addf38eb79a8af"],
      ["QIT.HypothesisTesting.PetzComparison transitive imports (public)",
       "10cd2b5561625aec"],
      ["QIT.HypothesisTesting.PetzComparison:importArts", "da4ff9cb2fb3f405"],
      ["QIT.HypothesisTesting.SandwichedComparison transitive imports (public)",
       "af1e613e918de7a3"],
      ["QIT.HypothesisTesting.SandwichedComparison:importArts",
       "edbcc681b95c3698"],
      ["QIT.Information.Basic transitive imports (public)", "251319d09e636176"],
      ["QIT.Information.Basic:importArts", "9408a647baf99d90"]]]]],
  ["libs",
   [["import dynlibs", "00000000000006bb"],
    ["package external libraries", "00000000000006bb"],
    ["module dynlibs", "00000000000006bb"],
    ["module plugins", "00000000000006bb"]]],
  ["Lean 4.34.0, commit 3447a668783dbce1a8fdb97101dd067687b2b418",
   "421484e3e0c70198"],
  ["C:\\lean\\libs\\Lean-QIT\\QIT\\Information.lean", "db1de5fdb6b9bb85"],
  ["options", "00000000000006bb"],
  ["isModule: true", "760fcc16989f4b9b"],
  ["Module.name: QIT.Information", "39c69a5e4f7c490c"],
  ["Package.id?: (some QIT)", "07d8d7419f989369"],
  ["Module.leanArgs: #[-DautoImplicit=false, -Dbackward.isDefEq.respectTransparency=false]",
   "1e046d1e40f8a855"]],
 "depHash": "f5f61355fbc32762"}