{"synthetic": false,
 "schemaVersion": "2025-09-10",
 "outputs":
 {"rs": "f77d533a2fa6f92f.ir.sig",
  "r": "b9d2faeef206bf2e.ir",
  "o":
  ["ff487a1cb4e1bda1.olean",
   "b938c4220ed9363b.olean.server",
   "25f64e1c085647ef.olean.private"],
  "m": true,
  "i": "df132ecb24aa50f8.ilean",
  "c": "105dc4c265378582.c"},
 "log":
 [{"message":
   ".> LEAN_PATH=C:\\lean\\mathlib4\\.lake\\packages\\Cli\\.lake\\build\\lib\\lean;C:\\lean\\mathlib4\\.lake\\packages\\batteries\\.lake\\build\\lib\\lean;C:\\lean\\mathlib4\\.lake\\packages\\Qq\\.lake\\build\\lib\\lean;C:\\lean\\mathlib4\\.lake\\packages\\aesop\\.lake\\build\\lib\\lean;C:\\lean\\mathlib4\\.lake\\packages\\proofwidgets\\.lake\\build\\lib\\lean;C:\\lean\\mathlib4\\.lake\\packages\\importGraph\\.lake\\build\\lib\\lean;C:\\lean\\mathlib4\\.lake\\packages\\LeanSearchClient\\.lake\\build\\lib\\lean;C:\\lean\\mathlib4\\.lake\\packages\\plausible\\.lake\\build\\lib\\lean;C:\\lean\\mathlib4\\.lake\\build\\lib\\lean;C:\\lean\\libs\\Lean-QIT\\.lake\\build\\lib\\lean c:\\Users\\Administrator\\.elan\\toolchains\\leanprover--lean4---v4.34.0-rc1\\bin\\lean.exe -DautoImplicit=false -Dbackward.isDefEq.respectTransparency=false C:\\lean\\libs\\Lean-QIT\\QIT\\Measurements.lean -o C:\\lean\\libs\\Lean-QIT\\.lake\\build\\lib\\lean\\QIT\\Measurements.olean -i C:\\lean\\libs\\Lean-QIT\\.lake\\build\\lib\\lean\\QIT\\Measurements.ilean -c C:\\lean\\libs\\Lean-QIT\\.lake\\build\\ir\\QIT\\Measurements.c --setup C:\\lean\\libs\\Lean-QIT\\.lake\\build\\ir\\QIT\\Measurements.setup.json --json",
   "level": "trace"}],
 "inputs":
 [["deps",
   [["QIT/QIT:extraDep", [["@QIT:extraDep", "00000000000006bb"]]],
    ["imports",
     [["QIT.Measurements.Naimark transitive imports (public)",
       "cbf1d3a1df08e65d"],
      ["QIT.Measurements.Naimark:importArts", "e67abe2158548dba"],
      ["QIT.Measurements.Projective transitive imports (public)",
       "dea711cf278204c0"],
      ["QIT.Measurements.Projective:importArts", "aa2959a45fbdd2ea"],
      ["QIT.Measurements.SquareRootMeasurement transitive imports (public)",
       "e312d52eeca47aaf"],
      ["QIT.Measurements.SquareRootMeasurement:importArts", "2a9bb7941c1f6c20"],
      ["QIT.Measurements.Support transitive imports (public)",
       "9d11f79064b3f338"],
      ["QIT.Measurements.Support:importArts", "595e43ebdeeaa92c"],
      ["QIT.Core.Measurement transitive imports (public)", "c483eeb52c3bc8be"],
      ["QIT.Core.Measurement:importArts", "0c2623c13887175c"],
      ["QIT.Measurements.Map transitive imports (public)", "f71a079363d19a99"],
      ["QIT.Measurements.Map:importArts", "259fb0add3001b67"],
      ["QIT.Measurements.Overlap transitive imports (public)",
       "fce23d132320de32"],
      ["QIT.Measurements.Overlap:importArts", "5a518e88ea6ba65c"],
      ["QIT.Measurements.OverlapDomination transitive imports (public)",
       "cfb9491aff8a25f8"],
      ["QIT.Measurements.OverlapDomination:importArts", "ea6a0628a0718445"],
      ["QIT.Measurements.Coherent transitive imports (public)",
       "7eada8fe9fc802f0"],
      ["QIT.Measurements.Coherent:importArts", "7573b8777972c5b9"],
      ["QIT.Core.POVMProbability transitive imports (public)",
       "f7d0575f5b55265d"],
      ["QIT.Core.POVMProbability:importArts", "7542a47d8cf3b4f8"]]]]],
  ["libs",
   [["import dynlibs", "00000000000006bb"],
    ["package external libraries", "00000000000006bb"],
    ["module dynlibs", "00000000000006bb"],
    ["module plugins", "00000000000006bb"]]],
  ["Lean 4.34.0, commit 3447a668783dbce1a8fdb97101dd067687b2b418",
   "421484e3e0c70198"],
  ["C:\\lean\\libs\\Lean-QIT\\QIT\\Measurements.lean", "7cd5167fb85f42ca"],
  ["options", "00000000000006bb"],
  ["isModule: true", "760fcc16989f4b9b"],
  ["Module.name: QIT.Measurements", "7a22df311906a765"],
  ["Package.id?: (some QIT)", "07d8d7419f989369"],
  ["Module.leanArgs: #[-DautoImplicit=false, -Dbackward.isDefEq.respectTransparency=false]",
   "1e046d1e40f8a855"]],
 "depHash": "f44f457ca76784db"}