{"synthetic": false,
 "schemaVersion": "2025-09-10",
 "outputs":
 {"rs": "b6cd7ccbcf71d6d6.ir.sig",
  "r": "10a7a6eafc8550d4.ir",
  "o":
  ["7954fc14f1acf07a.olean",
   "bb77eaa8038b0d34.olean.server",
   "82052c8b95bacad1.olean.private"],
  "m": true,
  "i": "643a4394c3d149c7.ilean",
  "c": "4689340811c7e27b.c"},
 "log":
 [{"message":
   ".> LEAN_PATH=C:\\lean\\mathlib4\\.lake\\packages\\Cli\\.lake\\build\\lib\\lean;C:\\lean\\mathlib4\\.lake\\packages\\batteries\\.lake\\build\\lib\\lean;C:\\lean\\mathlib4\\.lake\\packages\\Qq\\.lake\\build\\lib\\lean;C:\\lean\\mathlib4\\.lake\\packages\\aesop\\.lake\\build\\lib\\lean;C:\\lean\\mathlib4\\.lake\\packages\\proofwidgets\\.lake\\build\\lib\\lean;C:\\lean\\mathlib4\\.lake\\packages\\importGraph\\.lake\\build\\lib\\lean;C:\\lean\\mathlib4\\.lake\\packages\\LeanSearchClient\\.lake\\build\\lib\\lean;C:\\lean\\mathlib4\\.lake\\packages\\plausible\\.lake\\build\\lib\\lean;C:\\lean\\mathlib4\\.lake\\build\\lib\\lean;C:\\lean\\libs\\Lean-QIT\\.lake\\build\\lib\\lean c:\\Users\\Administrator\\.elan\\toolchains\\leanprover--lean4---v4.34.0-rc1\\bin\\lean.exe -DautoImplicit=false -Dbackward.isDefEq.respectTransparency=false C:\\lean\\libs\\Lean-QIT\\QIT\\Nonlocality.lean -o C:\\lean\\libs\\Lean-QIT\\.lake\\build\\lib\\lean\\QIT\\Nonlocality.olean -i C:\\lean\\libs\\Lean-QIT\\.lake\\build\\lib\\lean\\QIT\\Nonlocality.ilean -c C:\\lean\\libs\\Lean-QIT\\.lake\\build\\ir\\QIT\\Nonlocality.c --setup C:\\lean\\libs\\Lean-QIT\\.lake\\build\\ir\\QIT\\Nonlocality.setup.json --json",
   "level": "trace"}],
 "inputs":
 [["deps",
   [["QIT/QIT:extraDep", [["@QIT:extraDep", "00000000000006bb"]]],
    ["imports",
     [["QIT.Nonlocality.Bell transitive imports (public)", "0dbad2c0b4650290"],
      ["QIT.Nonlocality.Bell:importArts", "0deec40073e44186"],
      ["QIT.Nonlocality.Tsirelson transitive imports (public)",
       "5266fdf5e894556d"],
      ["QIT.Nonlocality.Tsirelson:importArts", "e55e4a425e164cf3"],
      ["QIT.Nonlocality.TwoQubit transitive imports (public)",
       "e3d6c258646bd583"],
      ["QIT.Nonlocality.TwoQubit:importArts", "d46c19fcfcfdfef2"],
      ["QIT.Nonlocality.SelfTesting transitive imports (public)",
       "d6ec621889084962"],
      ["QIT.Nonlocality.SelfTesting:importArts", "bf4835974fd4dee7"],
      ["QIT.Nonlocality.ProjectiveRealization transitive imports (public)",
       "a4fd8a1005240089"],
      ["QIT.Nonlocality.ProjectiveRealization:importArts", "5b501995adf81c70"],
      ["QIT.Nonlocality.YangNavascues transitive imports (public)",
       "491fd8823ad61585"],
      ["QIT.Nonlocality.YangNavascues:importArts", "73a532805e82db00"],
      ["QIT.Nonlocality.YangNavascues.BobLocal transitive imports (public)",
       "d8f0e2e1173d97b7"],
      ["QIT.Nonlocality.YangNavascues.BobLocal:importArts", "07c83f9e4fcbd800"],
      ["QIT.Nonlocality.YangNavascues.RankOneSupport transitive imports (public)",
       "dd09fc225bda1952"],
      ["QIT.Nonlocality.YangNavascues.RankOneSupport:importArts",
       "c69bd9aa094a446b"],
      ["QIT.Nonlocality.YangNavascues.BobSupport transitive imports (public)",
       "d9225769801f7b8a"],
      ["QIT.Nonlocality.YangNavascues.BobSupport:importArts",
       "c9c97c5c977e3204"],
      ["QIT.Nonlocality.YangNavascues.Fourier transitive imports (public)",
       "c5e75902023958ed"],
      ["QIT.Nonlocality.YangNavascues.Fourier:importArts", "a16cb2399a9515b6"],
      ["QIT.Nonlocality.YangNavascues.LocalIsometry transitive imports (public)",
       "58dc3336dfc7870f"],
      ["QIT.Nonlocality.YangNavascues.LocalIsometry:importArts",
       "7eae0df1fa13840a"],
      ["QIT.Nonlocality.YangNavascues.Coherence transitive imports (public)",
       "0911eb037846419a"],
      ["QIT.Nonlocality.YangNavascues.Coherence:importArts",
       "50e7386728ee1b0f"],
      ["QIT.Nonlocality.YangNavascues.Action transitive imports (public)",
       "f7dcd08bcc2eaf9e"],
      ["QIT.Nonlocality.YangNavascues.Action:importArts", "286e128426a95f5d"],
      ["QIT.Nonlocality.YangNavascues.Extraction transitive imports (public)",
       "42e8d1729365c150"],
      ["QIT.Nonlocality.YangNavascues.Extraction:importArts",
       "8d4f01fe2dbe6070"]]]]],
  ["libs",
   [["import dynlibs", "00000000000006bb"],
    ["package external libraries", "00000000000006bb"],
    ["module dynlibs", "00000000000006bb"],
    ["module plugins", "00000000000006bb"]]],
  ["Lean 4.34.0, commit 3447a668783dbce1a8fdb97101dd067687b2b418",
   "421484e3e0c70198"],
  ["C:\\lean\\libs\\Lean-QIT\\QIT\\Nonlocality.lean", "5cf931df22c9cf47"],
  ["options", "00000000000006bb"],
  ["isModule: true", "760fcc16989f4b9b"],
  ["Module.name: QIT.Nonlocality", "48803c0246335010"],
  ["Package.id?: (some QIT)", "07d8d7419f989369"],
  ["Module.leanArgs: #[-DautoImplicit=false, -Dbackward.isDefEq.respectTransparency=false]",
   "1e046d1e40f8a855"]],
 "depHash": "2bfa2e5e95af6d7a"}