{"synthetic": false,
 "schemaVersion": "2025-09-10",
 "outputs":
 {"rs": "4b10bec681b52693.ir.sig",
  "r": "e30886d592d9c55f.ir",
  "o":
  ["e996c8efd37b405e.olean",
   "84c7a946f0a1a19f.olean.server",
   "efb26569d4f1592d.olean.private"],
  "m": true,
  "i": "fbe30ec58d1ecffd.ilean",
  "c": "4d1a32da5b359279.c"},
 "log":
 [{"message":
   ".> LEAN_PATH=C:\\lean\\mathlib4\\.lake\\packages\\Cli\\.lake\\build\\lib\\lean;C:\\lean\\mathlib4\\.lake\\packages\\batteries\\.lake\\build\\lib\\lean;C:\\lean\\mathlib4\\.lake\\packages\\Qq\\.lake\\build\\lib\\lean;C:\\lean\\mathlib4\\.lake\\packages\\aesop\\.lake\\build\\lib\\lean;C:\\lean\\mathlib4\\.lake\\packages\\proofwidgets\\.lake\\build\\lib\\lean;C:\\lean\\mathlib4\\.lake\\packages\\importGraph\\.lake\\build\\lib\\lean;C:\\lean\\mathlib4\\.lake\\packages\\LeanSearchClient\\.lake\\build\\lib\\lean;C:\\lean\\mathlib4\\.lake\\packages\\plausible\\.lake\\build\\lib\\lean;C:\\lean\\mathlib4\\.lake\\build\\lib\\lean;C:\\lean\\libs\\Lean-QIT\\.lake\\build\\lib\\lean c:\\Users\\Administrator\\.elan\\toolchains\\leanprover--lean4---v4.34.0-rc1\\bin\\lean.exe -DautoImplicit=false -Dbackward.isDefEq.respectTransparency=false C:\\lean\\libs\\Lean-QIT\\QIT\\OneShot.lean -o C:\\lean\\libs\\Lean-QIT\\.lake\\build\\lib\\lean\\QIT\\OneShot.olean -i C:\\lean\\libs\\Lean-QIT\\.lake\\build\\lib\\lean\\QIT\\OneShot.ilean -c C:\\lean\\libs\\Lean-QIT\\.lake\\build\\ir\\QIT\\OneShot.c --setup C:\\lean\\libs\\Lean-QIT\\.lake\\build\\ir\\QIT\\OneShot.setup.json --json",
   "level": "trace"}],
 "inputs":
 [["deps",
   [["QIT/QIT:extraDep", [["@QIT:extraDep", "00000000000006bb"]]],
    ["imports",
     [["QIT.OneShot.CQGuessing transitive imports (public)",
       "cdf925898ce37544"],
      ["QIT.OneShot.CQGuessing:importArts", "8171da259e98646c"],
      ["QIT.OneShot.Smooth transitive imports (public)", "ae7e1bf246362ce3"],
      ["QIT.OneShot.Smooth:importArts", "a837ef6fe49c8877"],
      ["QIT.OneShot.SmoothEndpoint transitive imports (public)",
       "475ef58c3f78f1e6"],
      ["QIT.OneShot.SmoothEndpoint:importArts", "d2c564a493492cf4"],
      ["QIT.OneShot.SmoothAttainment transitive imports (public)",
       "6cd8828cccbec7a6"],
      ["QIT.OneShot.SmoothAttainment:importArts", "443fdc39652db459"],
      ["QIT.OneShot.SmoothSupportRestriction transitive imports (public)",
       "16ab18b502382381"],
      ["QIT.OneShot.SmoothSupportRestriction:importArts", "f150eeb48fe77de4"],
      ["QIT.OneShot.SmoothIsometry transitive imports (public)",
       "3c631f978519546b"],
      ["QIT.OneShot.SmoothIsometry:importArts", "baace83f30944e0f"],
      ["QIT.OneShot.SmoothClassical transitive imports (public)",
       "ed93ae4473ad52d7"],
      ["QIT.OneShot.SmoothClassical:importArts", "52021e3eff22507e"],
      ["QIT.OneShot.SmoothComparison transitive imports (public)",
       "36abc18ddd5cb178"],
      ["QIT.OneShot.SmoothComparison:importArts", "7b7b529cd72bfd38"],
      ["QIT.OneShot.ConditionalRenyiExtendedDuality transitive imports (public)",
       "be1cf69fbbb020ea"],
      ["QIT.OneShot.ConditionalRenyiExtendedDuality:importArts",
       "79d57d030d73ff48"],
      ["QIT.OneShot.EntropicUncertaintyComparison transitive imports (public)",
       "a436aaca60241fe2"],
      ["QIT.OneShot.EntropicUncertaintyComparison:importArts",
       "0d7655b2cc67371f"],
      ["QIT.OneShot.EntropicUncertainty transitive imports (public)",
       "ad47fe540b9da898"],
      ["QIT.OneShot.EntropicUncertainty:importArts", "509f782086f8a04f"],
      ["QIT.OneShot.Decoupling transitive imports (public)",
       "7734731dd17af8f0"],
      ["QIT.OneShot.Decoupling:importArts", "2f804239157fbec8"],
      ["QIT.OneShot.GentleMeasurement transitive imports (public)",
       "d2a49ea7874590af"],
      ["QIT.OneShot.GentleMeasurement:importArts", "9eb89ba98b4d7921"],
      ["QIT.HypothesisTesting.MutualInformation transitive imports (public)",
       "f3fc34214abf188b"],
      ["QIT.HypothesisTesting.MutualInformation:importArts",
       "258d0f54a8d4ca0c"],
      ["QIT.HypothesisTesting.ComparatorTest transitive imports (public)",
       "b4705308fb328571"],
      ["QIT.HypothesisTesting.ComparatorTest:importArts", "11ad69eb50f3ddf3"],
      ["QIT.HypothesisTesting.DPI transitive imports (public)",
       "3ca3d39049e6064f"],
      ["QIT.HypothesisTesting.DPI:importArts", "f54f3d3a5d8c7011"],
      ["QIT.HypothesisTesting.PetzComparison transitive imports (public)",
       "10cd2b5561625aec"],
      ["QIT.HypothesisTesting.PetzComparison:importArts",
       "da4ff9cb2fb3f405"]]]]],
  ["libs",
   [["import dynlibs", "00000000000006bb"],
    ["package external libraries", "00000000000006bb"],
    ["module dynlibs", "00000000000006bb"],
    ["module plugins", "00000000000006bb"]]],
  ["Lean 4.34.0, commit 3447a668783dbce1a8fdb97101dd067687b2b418",
   "421484e3e0c70198"],
  ["C:\\lean\\libs\\Lean-QIT\\QIT\\OneShot.lean", "a710828969553843"],
  ["options", "00000000000006bb"],
  ["isModule: true", "760fcc16989f4b9b"],
  ["Module.name: QIT.OneShot", "fd76df107493e57b"],
  ["Package.id?: (some QIT)", "07d8d7419f989369"],
  ["Module.leanArgs: #[-DautoImplicit=false, -Dbackward.isDefEq.respectTransparency=false]",
   "1e046d1e40f8a855"]],
 "depHash": "3dc0d1d125f62f9c"}