{"synthetic": false,
 "schemaVersion": "2025-09-10",
 "outputs":
 {"rs": "332000a656be23d0.ir.sig",
  "r": "e9bcea831de071b2.ir",
  "o":
  ["21ac7b756d482e46.olean",
   "4ddfe5ea9890e700.olean.server",
   "ec51e43a568b0b6a.olean.private"],
  "m": true,
  "i": "13eb838aabaae423.ilean",
  "c": "73460013fb53fc52.c"},
 "log":
 [{"message":
   ".> LEAN_PATH=C:\\lean\\mathlib4\\.lake\\packages\\Cli\\.lake\\build\\lib\\lean;C:\\lean\\mathlib4\\.lake\\packages\\batteries\\.lake\\build\\lib\\lean;C:\\lean\\mathlib4\\.lake\\packages\\Qq\\.lake\\build\\lib\\lean;C:\\lean\\mathlib4\\.lake\\packages\\aesop\\.lake\\build\\lib\\lean;C:\\lean\\mathlib4\\.lake\\packages\\proofwidgets\\.lake\\build\\lib\\lean;C:\\lean\\mathlib4\\.lake\\packages\\importGraph\\.lake\\build\\lib\\lean;C:\\lean\\mathlib4\\.lake\\packages\\LeanSearchClient\\.lake\\build\\lib\\lean;C:\\lean\\mathlib4\\.lake\\packages\\plausible\\.lake\\build\\lib\\lean;C:\\lean\\mathlib4\\.lake\\build\\lib\\lean;C:\\lean\\libs\\Lean-QIT\\.lake\\build\\lib\\lean c:\\Users\\Administrator\\.elan\\toolchains\\leanprover--lean4---v4.34.0-rc1\\bin\\lean.exe -DautoImplicit=false -Dbackward.isDefEq.respectTransparency=false C:\\lean\\libs\\Lean-QIT\\QIT\\Protocols.lean -o C:\\lean\\libs\\Lean-QIT\\.lake\\build\\lib\\lean\\QIT\\Protocols.olean -i C:\\lean\\libs\\Lean-QIT\\.lake\\build\\lib\\lean\\QIT\\Protocols.ilean -c C:\\lean\\libs\\Lean-QIT\\.lake\\build\\ir\\QIT\\Protocols.c --setup C:\\lean\\libs\\Lean-QIT\\.lake\\build\\ir\\QIT\\Protocols.setup.json --json",
   "level": "trace"}],
 "inputs":
 [["deps",
   [["QIT/QIT:extraDep", [["@QIT:extraDep", "00000000000006bb"]]],
    ["imports",
     [["QIT.OneShot.Decoupling transitive imports (public)",
       "7734731dd17af8f0"],
      ["QIT.OneShot.Decoupling:importArts", "2f804239157fbec8"],
      ["QIT.Protocols.LOCC transitive imports (public)", "6bbe1fbefce634e8"],
      ["QIT.Protocols.LOCC:importArts", "cc276d99c8105442"],
      ["QIT.Protocols.StateMerging transitive imports (public)",
       "d36a3f698ca771c2"],
      ["QIT.Protocols.StateMerging:importArts", "d4d549eef1cb3098"],
      ["QIT.Protocols.FQSW transitive imports (public)", "1814bd96076a38f6"],
      ["QIT.Protocols.FQSW:importArts", "4fb4da1087074dcf"],
      ["QIT.Protocols.Recovery transitive imports (public)",
       "6053db7289ffec69"],
      ["QIT.Protocols.Recovery:importArts", "2465e54a880b33ba"],
      ["QIT.Protocols.CoherentStateTransfer transitive imports (public)",
       "ec715332b1ac6461"],
      ["QIT.Protocols.CoherentStateTransfer:importArts", "141849fc818f4ad2"],
      ["QIT.Protocols.Teleportation transitive imports (public)",
       "4fe9ae2c2c85fe3d"],
      ["QIT.Protocols.Teleportation:importArts", "affd657135e265d1"],
      ["QIT.Protocols.TeleportationLOCC transitive imports (public)",
       "541eb8a563638461"],
      ["QIT.Protocols.TeleportationLOCC:importArts", "64ea49b711d127d8"]]]]],
  ["libs",
   [["import dynlibs", "00000000000006bb"],
    ["package external libraries", "00000000000006bb"],
    ["module dynlibs", "00000000000006bb"],
    ["module plugins", "00000000000006bb"]]],
  ["Lean 4.34.0, commit 3447a668783dbce1a8fdb97101dd067687b2b418",
   "421484e3e0c70198"],
  ["C:\\lean\\libs\\Lean-QIT\\QIT\\Protocols.lean", "bd75cc9e90655fb4"],
  ["options", "00000000000006bb"],
  ["isModule: true", "760fcc16989f4b9b"],
  ["Module.name: QIT.Protocols", "b047c3c0f47b8dc9"],
  ["Package.id?: (some QIT)", "07d8d7419f989369"],
  ["Module.leanArgs: #[-DautoImplicit=false, -Dbackward.isDefEq.respectTransparency=false]",
   "1e046d1e40f8a855"]],
 "depHash": "d671ff9dc05b48e7"}