{"synthetic": false,
 "schemaVersion": "2025-09-10",
 "outputs":
 {"rs": "4561ace6714ed718.ir.sig",
  "r": "71d9b937bd0982d7.ir",
  "o":
  ["0101d5852cc9634e.olean",
   "31366d3b8f9b665f.olean.server",
   "2cfe884eeb2cff67.olean.private"],
  "m": true,
  "i": "192bd9bb9ffa1abe.ilean",
  "c": "c990ca61530ec009.c"},
 "log":
 [{"message":
   ".> LEAN_PATH=C:\\lean\\mathlib4\\.lake\\packages\\Cli\\.lake\\build\\lib\\lean;C:\\lean\\mathlib4\\.lake\\packages\\batteries\\.lake\\build\\lib\\lean;C:\\lean\\mathlib4\\.lake\\packages\\Qq\\.lake\\build\\lib\\lean;C:\\lean\\mathlib4\\.lake\\packages\\aesop\\.lake\\build\\lib\\lean;C:\\lean\\mathlib4\\.lake\\packages\\proofwidgets\\.lake\\build\\lib\\lean;C:\\lean\\mathlib4\\.lake\\packages\\importGraph\\.lake\\build\\lib\\lean;C:\\lean\\mathlib4\\.lake\\packages\\LeanSearchClient\\.lake\\build\\lib\\lean;C:\\lean\\mathlib4\\.lake\\packages\\plausible\\.lake\\build\\lib\\lean;C:\\lean\\mathlib4\\.lake\\build\\lib\\lean;C:\\lean\\libs\\Lean-QIT\\.lake\\build\\lib\\lean c:\\Users\\Administrator\\.elan\\toolchains\\leanprover--lean4---v4.34.0-rc1\\bin\\lean.exe -DautoImplicit=false -Dbackward.isDefEq.respectTransparency=false C:\\lean\\libs\\Lean-QIT\\QIT\\Security.lean -o C:\\lean\\libs\\Lean-QIT\\.lake\\build\\lib\\lean\\QIT\\Security.olean -i C:\\lean\\libs\\Lean-QIT\\.lake\\build\\lib\\lean\\QIT\\Security.ilean -c C:\\lean\\libs\\Lean-QIT\\.lake\\build\\ir\\QIT\\Security.c --setup C:\\lean\\libs\\Lean-QIT\\.lake\\build\\ir\\QIT\\Security.setup.json --json",
   "level": "trace"}],
 "inputs":
 [["deps",
   [["QIT/QIT:extraDep", [["@QIT:extraDep", "00000000000006bb"]]],
    ["imports",
     [["QIT.Security.Key transitive imports (public)", "1085a363e4709a40"],
      ["QIT.Security.Key:importArts", "9878a775914044dd"],
      ["QIT.Security.KeyDistillation transitive imports (public)",
       "5666b38a01ea0450"],
      ["QIT.Security.KeyDistillation:importArts", "724f705d50a773e9"],
      ["QIT.Security.Extractor transitive imports (public)",
       "f336f05e6909db14"],
      ["QIT.Security.Extractor:importArts", "0e1e7ea7f9cd046b"],
      ["QIT.Security.ExtractorAveraging transitive imports (public)",
       "1958e253b85f1a34"],
      ["QIT.Security.ExtractorAveraging:importArts", "d264bdae281a620d"],
      ["QIT.Security.ExtractorAnalytic transitive imports (public)",
       "459d4009ed8dfaeb"],
      ["QIT.Security.ExtractorAnalytic:importArts", "bb33b80bd1a24bef"],
      ["QIT.Security.ExtractorTraceBridge transitive imports (public)",
       "76e073d6be2ecd81"],
      ["QIT.Security.ExtractorTraceBridge:importArts", "3032d63889af46c8"],
      ["QIT.Security.ExtractorQuadraticBridge transitive imports (public)",
       "305fce9558c7a03d"],
      ["QIT.Security.ExtractorQuadraticBridge:importArts", "6f006c46bac8a422"],
      ["QIT.Security.RandomnessExtraction transitive imports (public)",
       "bb2d7eed5e886cb3"],
      ["QIT.Security.RandomnessExtraction:importArts", "a29a93f4bac1b839"],
      ["QIT.Security.RandomnessExtractionOptimized transitive imports (public)",
       "6437e976cb6f8fd6"],
      ["QIT.Security.RandomnessExtractionOptimized:importArts",
       "fc01409ff7134b4e"],
      ["QIT.Security.RandomnessExtractionConverse transitive imports (public)",
       "8b7a6a9e893ee679"],
      ["QIT.Security.RandomnessExtractionConverse:importArts",
       "287bd065a5d655eb"],
      ["QIT.Security.BB84 transitive imports (public)", "cf836b94f9d1de60"],
      ["QIT.Security.BB84:importArts", "c2c7495e50a6ad31"]]]]],
  ["libs",
   [["import dynlibs", "00000000000006bb"],
    ["package external libraries", "00000000000006bb"],
    ["module dynlibs", "00000000000006bb"],
    ["module plugins", "00000000000006bb"]]],
  ["Lean 4.34.0, commit 3447a668783dbce1a8fdb97101dd067687b2b418",
   "421484e3e0c70198"],
  ["C:\\lean\\libs\\Lean-QIT\\QIT\\Security.lean", "c51e9a756f32d834"],
  ["options", "00000000000006bb"],
  ["isModule: true", "760fcc16989f4b9b"],
  ["Module.name: QIT.Security", "867494a0d83ef78c"],
  ["Package.id?: (some QIT)", "07d8d7419f989369"],
  ["Module.leanArgs: #[-DautoImplicit=false, -Dbackward.isDefEq.respectTransparency=false]",
   "1e046d1e40f8a855"]],
 "depHash": "96eadacb1d3a8efe"}