{"synthetic": false,
 "schemaVersion": "2025-09-10",
 "outputs":
 {"rs": "5aa1f872432cb356.ir.sig",
  "r": "29c24f16d643561e.ir",
  "o":
  ["ac2ea6bd489ff1b3.olean",
   "5a79024451b6a957.olean.server",
   "dd238f36f141c123.olean.private"],
  "m": true,
  "i": "15a0517b9c17b1b0.ilean",
  "c": "a2e29c7fb8a317bd.c"},
 "log":
 [{"message":
   ".> LEAN_PATH=C:\\lean\\mathlib4\\.lake\\packages\\Cli\\.lake\\build\\lib\\lean;C:\\lean\\mathlib4\\.lake\\packages\\batteries\\.lake\\build\\lib\\lean;C:\\lean\\mathlib4\\.lake\\packages\\Qq\\.lake\\build\\lib\\lean;C:\\lean\\mathlib4\\.lake\\packages\\aesop\\.lake\\build\\lib\\lean;C:\\lean\\mathlib4\\.lake\\packages\\proofwidgets\\.lake\\build\\lib\\lean;C:\\lean\\mathlib4\\.lake\\packages\\importGraph\\.lake\\build\\lib\\lean;C:\\lean\\mathlib4\\.lake\\packages\\LeanSearchClient\\.lake\\build\\lib\\lean;C:\\lean\\mathlib4\\.lake\\packages\\plausible\\.lake\\build\\lib\\lean;C:\\lean\\mathlib4\\.lake\\build\\lib\\lean;C:\\lean\\libs\\Lean-QIT\\.lake\\build\\lib\\lean c:\\Users\\Administrator\\.elan\\toolchains\\leanprover--lean4---v4.34.0-rc1\\bin\\lean.exe -DautoImplicit=false -Dbackward.isDefEq.respectTransparency=false C:\\lean\\libs\\Lean-QIT\\QIT\\States.lean -o C:\\lean\\libs\\Lean-QIT\\.lake\\build\\lib\\lean\\QIT\\States.olean -i C:\\lean\\libs\\Lean-QIT\\.lake\\build\\lib\\lean\\QIT\\States.ilean -c C:\\lean\\libs\\Lean-QIT\\.lake\\build\\ir\\QIT\\States.c --setup C:\\lean\\libs\\Lean-QIT\\.lake\\build\\ir\\QIT\\States.setup.json --json",
   "level": "trace"}],
 "inputs":
 [["deps",
   [["QIT/QIT:extraDep", [["@QIT:extraDep", "00000000000006bb"]]],
    ["imports",
     [["QIT.Core.State transitive imports (public)", "81d9312d467bbba2"],
      ["QIT.Core.State:importArts", "6ca6c3b0fa26882a"],
      ["QIT.Core.Pure transitive imports (public)", "66880a5eded90ac3"],
      ["QIT.Core.Pure:importArts", "770bfe2bcbfe067a"],
      ["QIT.States.PosSqrt transitive imports (public)", "05e32ac2ac38785f"],
      ["QIT.States.PosSqrt:importArts", "f95d943b09afbc2c"],
      ["QIT.States.PosSqrtOrder transitive imports (public)",
       "5534d71301e51536"],
      ["QIT.States.PosSqrtOrder:importArts", "7aee6afb92acc92c"],
      ["QIT.States.Product transitive imports (public)", "3a1541b761856ece"],
      ["QIT.States.Product:importArts", "58a47a2fd6611f30"],
      ["QIT.States.Schatten transitive imports (public)", "abfa80813de4efdc"],
      ["QIT.States.Schatten:importArts", "d2d82d46ceca5ae8"],
      ["QIT.States.MaximallyMixed transitive imports (public)",
       "e2331ce12dfd2172"],
      ["QIT.States.MaximallyMixed:importArts", "4efc140cdb2b0c15"],
      ["QIT.States.MaximallyEntangled transitive imports (public)",
       "5f63c973f3798d1c"],
      ["QIT.States.MaximallyEntangled:importArts", "5b26b8907281f8ec"],
      ["QIT.States.Subnormalized transitive imports (public)",
       "39084ca4fff4e807"],
      ["QIT.States.Subnormalized:importArts", "0dc3053f16a733f6"],
      ["QIT.States.SubnormalizedTopology transitive imports (public)",
       "33bd33672eaf5b91"],
      ["QIT.States.SubnormalizedTopology:importArts", "532b3d2a16317012"],
      ["QIT.States.SubnormalizedConvexity transitive imports (public)",
       "1ca8d040ddb44c2b"],
      ["QIT.States.SubnormalizedConvexity:importArts", "85d669c29b22df58"],
      ["QIT.States.Topology transitive imports (public)", "84ca8da048c20a62"],
      ["QIT.States.Topology:importArts", "af71e634dc3bedc5"],
      ["QIT.States.Purification.Canonical transitive imports (public)",
       "a1c47988c1ef28b6"],
      ["QIT.States.Purification.Canonical:importArts", "c947b6fcd1f6232a"],
      ["QIT.States.Purification.Conditioning transitive imports (public)",
       "c4c3cf2a7dcc8534"],
      ["QIT.States.Purification.Conditioning:importArts", "508fe0ea96ca68c0"],
      ["QIT.States.Purification.Equivalence transitive imports (public)",
       "ae5b3461319b1721"],
      ["QIT.States.Purification.Equivalence:importArts", "2070d2d282ddde73"],
      ["QIT.States.Purification.Gram transitive imports (public)",
       "0515f2203c494e08"],
      ["QIT.States.Purification.Gram:importArts", "3ebe6ef684633783"],
      ["QIT.States.Purification.GramFactorization transitive imports (public)",
       "4ff834d277d65c28"],
      ["QIT.States.Purification.GramFactorization:importArts",
       "4ba0a2bd6011ce71"],
      ["QIT.States.Purification.GramFacts transitive imports (public)",
       "1f7bab77e62aac01"],
      ["QIT.States.Purification.GramFacts:importArts", "b6df0a70ce9a5df5"],
      ["QIT.States.Purification.PartialIsometry transitive imports (public)",
       "cf2bdc0f33f0f1e3"],
      ["QIT.States.Purification.PartialIsometry:importArts",
       "67e5d11f5caca8ae"],
      ["QIT.States.Purification.Predicate transitive imports (public)",
       "ee057940a8100e60"],
      ["QIT.States.Purification.Predicate:importArts", "52c95ecc419f5840"],
      ["QIT.States.Purification.PureGeometry transitive imports (public)",
       "3c4d852b6dbfb667"],
      ["QIT.States.Purification.PureGeometry:importArts", "27fda32d7516b233"],
      ["QIT.States.Purification.ReferenceExtension transitive imports (public)",
       "d3cf56878ca63b25"],
      ["QIT.States.Purification.ReferenceExtension:importArts",
       "51589f3af9d529de"],
      ["QIT.States.Purification.ReferenceIsometry transitive imports (public)",
       "0515f2203c494e08"],
      ["QIT.States.Purification.ReferenceIsometry:importArts",
       "dfa6159376dc0e77"],
      ["QIT.States.Purification.ReferenceUnitary transitive imports (public)",
       "dad857afd445f488"],
      ["QIT.States.Purification.ReferenceUnitary:importArts",
       "3306941017b25e69"],
      ["QIT.States.Purification.Schatten transitive imports (public)",
       "17778bf37b0ed555"],
      ["QIT.States.Purification.Schatten:importArts", "3bbe55b44f25fcef"],
      ["QIT.States.Purification.Uhlmann transitive imports (public)",
       "d96c7d07d0a1c94c"],
      ["QIT.States.Purification.Uhlmann:importArts", "6039a2d9b5474dd3"],
      ["QIT.States.TraceNorm.Distance transitive imports (public)",
       "78553cbac33be9f5"],
      ["QIT.States.TraceNorm.Distance:importArts", "3876b0a690d1048c"],
      ["QIT.States.TraceNorm.Audenaert transitive imports (public)",
       "f2948a6f50b785e1"],
      ["QIT.States.TraceNorm.Audenaert:importArts", "9bcf4226be320628"],
      ["QIT.States.TraceNorm.BlockMatrix transitive imports (public)",
       "d74df357d0b73303"],
      ["QIT.States.TraceNorm.BlockMatrix:importArts", "43fcb2ce41fef40d"],
      ["QIT.States.TraceNorm.PositivePart transitive imports (public)",
       "bccd802d8ef2f5f5"],
      ["QIT.States.TraceNorm.PositivePart:importArts", "aa9f291da12d10b2"],
      ["QIT.States.TraceNorm.Spectral transitive imports (public)",
       "073fffc2980681ce"],
      ["QIT.States.TraceNorm.Spectral:importArts", "a54708d3d69666a1"],
      ["QIT.States.TraceNorm.Variational transitive imports (public)",
       "caedc03284f50ce1"],
      ["QIT.States.TraceNorm.Variational:importArts", "04031cded5047a9c"],
      ["QIT.States.Geometry transitive imports (public)", "321ac4aba1c6fc86"],
      ["QIT.States.Geometry:importArts", "dfdee410e2140a0d"]]]]],
  ["libs",
   [["import dynlibs", "00000000000006bb"],
    ["package external libraries", "00000000000006bb"],
    ["module dynlibs", "00000000000006bb"],
    ["module plugins", "00000000000006bb"]]],
  ["Lean 4.34.0, commit 3447a668783dbce1a8fdb97101dd067687b2b418",
   "421484e3e0c70198"],
  ["C:\\lean\\libs\\Lean-QIT\\QIT\\States.lean", "eed008e18f1531cb"],
  ["options", "00000000000006bb"],
  ["isModule: true", "760fcc16989f4b9b"],
  ["Module.name: QIT.States", "7e9a93b7b163e4ca"],
  ["Package.id?: (some QIT)", "07d8d7419f989369"],
  ["Module.leanArgs: #[-DautoImplicit=false, -Dbackward.isDefEq.respectTransparency=false]",
   "1e046d1e40f8a855"]],
 "depHash": "3ec6f8710059f0e3"}