{"synthetic": false,
 "schemaVersion": "2025-09-10",
 "outputs":
 {"rs": "dc0e439b1762f3bb.ir.sig",
  "r": "eb04c11766189290.ir",
  "o":
  ["ac7db1d165522e21.olean",
   "596dd021d8f3c8fc.olean.server",
   "9dfd65afcc5297d0.olean.private"],
  "m": true,
  "i": "ec1ef50fc78dcbf7.ilean",
  "c": "975fa69d8a90b557.c"},
 "log":
 [{"message":
   ".> LEAN_PATH=C:\\lean\\mathlib4\\.lake\\packages\\Cli\\.lake\\build\\lib\\lean;C:\\lean\\mathlib4\\.lake\\packages\\batteries\\.lake\\build\\lib\\lean;C:\\lean\\mathlib4\\.lake\\packages\\Qq\\.lake\\build\\lib\\lean;C:\\lean\\mathlib4\\.lake\\packages\\aesop\\.lake\\build\\lib\\lean;C:\\lean\\mathlib4\\.lake\\packages\\proofwidgets\\.lake\\build\\lib\\lean;C:\\lean\\mathlib4\\.lake\\packages\\importGraph\\.lake\\build\\lib\\lean;C:\\lean\\mathlib4\\.lake\\packages\\LeanSearchClient\\.lake\\build\\lib\\lean;C:\\lean\\mathlib4\\.lake\\packages\\plausible\\.lake\\build\\lib\\lean;C:\\lean\\mathlib4\\.lake\\build\\lib\\lean;C:\\lean\\libs\\Lean-QIT\\.lake\\build\\lib\\lean c:\\Users\\Administrator\\.elan\\toolchains\\leanprover--lean4---v4.34.0-rc1\\bin\\lean.exe -DautoImplicit=false -Dbackward.isDefEq.respectTransparency=false C:\\lean\\libs\\Lean-QIT\\QIT\\Symmetry.lean -o C:\\lean\\libs\\Lean-QIT\\.lake\\build\\lib\\lean\\QIT\\Symmetry.olean -i C:\\lean\\libs\\Lean-QIT\\.lake\\build\\lib\\lean\\QIT\\Symmetry.ilean -c C:\\lean\\libs\\Lean-QIT\\.lake\\build\\ir\\QIT\\Symmetry.c --setup C:\\lean\\libs\\Lean-QIT\\.lake\\build\\ir\\QIT\\Symmetry.setup.json --json",
   "level": "trace"}],
 "inputs":
 [["deps",
   [["QIT/QIT:extraDep", [["@QIT:extraDep", "00000000000006bb"]]],
    ["imports",
     [["QIT.Symmetry.SymmetricSubspace transitive imports (public)",
       "14af29b8f166698c"],
      ["QIT.Symmetry.SymmetricSubspace:importArts", "22233fc9a1bdb1b9"],
      ["QIT.Symmetry.TensorPowerSplit transitive imports (public)",
       "9a5eec2ba3769ee7"],
      ["QIT.Symmetry.TensorPowerSplit:importArts", "659c4fc51da36691"],
      ["QIT.Symmetry.UnitaryTwirl transitive imports (public)",
       "bc8d6fd11828b9ca"],
      ["QIT.Symmetry.UnitaryTwirl:importArts", "0241480b197ebe2e"],
      ["QIT.Symmetry.DeFinetti transitive imports (public)",
       "6f1ef9a37e5ce258"],
      ["QIT.Symmetry.DeFinetti:importArts", "5e050313a6d261d7"]]]]],
  ["libs",
   [["import dynlibs", "00000000000006bb"],
    ["package external libraries", "00000000000006bb"],
    ["module dynlibs", "00000000000006bb"],
    ["module plugins", "00000000000006bb"]]],
  ["Lean 4.34.0, commit 3447a668783dbce1a8fdb97101dd067687b2b418",
   "421484e3e0c70198"],
  ["C:\\lean\\libs\\Lean-QIT\\QIT\\Symmetry.lean", "333eed974ce51f4d"],
  ["options", "00000000000006bb"],
  ["isModule: true", "760fcc16989f4b9b"],
  ["Module.name: QIT.Symmetry", "c86f162fa3c67e12"],
  ["Package.id?: (some QIT)", "07d8d7419f989369"],
  ["Module.leanArgs: #[-DautoImplicit=false, -Dbackward.isDefEq.respectTransparency=false]",
   "1e046d1e40f8a855"]],
 "depHash": "8cce64db81355705"}