{"synthetic": false,
 "schemaVersion": "2025-09-10",
 "outputs":
 {"rs": "13b9993bf5ef837a.ir.sig",
  "r": "21ce1a2032705b3d.ir",
  "o":
  ["149ad6aa87eb66c6.olean",
   "478c89237829e9a4.olean.server",
   "3b8e6da1055c5ee4.olean.private"],
  "m": true,
  "i": "2cb3b648b705c34e.ilean",
  "c": "7d260f4551789f2b.c"},
 "log":
 [{"message":
   ".> LEAN_PATH=C:\\lean\\mathlib4\\.lake\\packages\\Cli\\.lake\\build\\lib\\lean;C:\\lean\\mathlib4\\.lake\\packages\\batteries\\.lake\\build\\lib\\lean;C:\\lean\\mathlib4\\.lake\\packages\\Qq\\.lake\\build\\lib\\lean;C:\\lean\\mathlib4\\.lake\\packages\\aesop\\.lake\\build\\lib\\lean;C:\\lean\\mathlib4\\.lake\\packages\\proofwidgets\\.lake\\build\\lib\\lean;C:\\lean\\mathlib4\\.lake\\packages\\importGraph\\.lake\\build\\lib\\lean;C:\\lean\\mathlib4\\.lake\\packages\\LeanSearchClient\\.lake\\build\\lib\\lean;C:\\lean\\mathlib4\\.lake\\packages\\plausible\\.lake\\build\\lib\\lean;C:\\lean\\mathlib4\\.lake\\build\\lib\\lean;C:\\lean\\libs\\Lean-QIT\\.lake\\build\\lib\\lean c:\\Users\\Administrator\\.elan\\toolchains\\leanprover--lean4---v4.34.0-rc1\\bin\\lean.exe -DautoImplicit=false -Dbackward.isDefEq.respectTransparency=false C:\\lean\\libs\\Lean-QIT\\QIT\\Util.lean -o C:\\lean\\libs\\Lean-QIT\\.lake\\build\\lib\\lean\\QIT\\Util.olean -i C:\\lean\\libs\\Lean-QIT\\.lake\\build\\lib\\lean\\QIT\\Util.ilean -c C:\\lean\\libs\\Lean-QIT\\.lake\\build\\ir\\QIT\\Util.c --setup C:\\lean\\libs\\Lean-QIT\\.lake\\build\\ir\\QIT\\Util.setup.json --json",
   "level": "trace"}],
 "inputs":
 [["deps",
   [["QIT/QIT:extraDep", [["@QIT:extraDep", "00000000000006bb"]]],
    ["imports",
     [["QIT.Util.Matrix transitive imports (public)", "6d1c32c224f4149b"],
      ["QIT.Util.Matrix:importArts", "a1af509f387b0fae"],
      ["QIT.Util.Matrix.PosSqrt transitive imports (public)",
       "ee0464503a3bf1cb"],
      ["QIT.Util.Matrix.PosSqrt:importArts", "359564e74956c964"],
      ["QIT.Util.BlockMatrix transitive imports (public)", "8696f0a78820697a"],
      ["QIT.Util.BlockMatrix:importArts", "c827862322141664"],
      ["QIT.Util.RpowOperatorConvex transitive imports (public)",
       "9742f35bf89eea81"],
      ["QIT.Util.RpowOperatorConvex:importArts", "b982d1a7afa1ce98"],
      ["QIT.Util.Order.EReal transitive imports (public)", "ec563bb31cb0d7d6"],
      ["QIT.Util.Order.EReal:importArts", "42207e58b8d37e19"],
      ["QIT.Util.TensorPower transitive imports (public)", "c05a185025c23ba3"],
      ["QIT.Util.TensorPower:importArts", "55f800f542ff5207"],
      ["QIT.Util.Wires transitive imports (public)", "3cb89ded586e969d"],
      ["QIT.Util.Wires:importArts", "8e6f36c21046856b"],
      ["QIT.Util.CMatrixCLM transitive imports (public)", "ca9e9d82ecf1aa24"],
      ["QIT.Util.CMatrixCLM:importArts", "fab1b9517bf3b823"]]]]],
  ["libs",
   [["import dynlibs", "00000000000006bb"],
    ["package external libraries", "00000000000006bb"],
    ["module dynlibs", "00000000000006bb"],
    ["module plugins", "00000000000006bb"]]],
  ["Lean 4.34.0, commit 3447a668783dbce1a8fdb97101dd067687b2b418",
   "421484e3e0c70198"],
  ["C:\\lean\\libs\\Lean-QIT\\QIT\\Util.lean", "799b1ad694580d41"],
  ["options", "00000000000006bb"],
  ["isModule: true", "760fcc16989f4b9b"],
  ["Module.name: QIT.Util", "8c3bb930f8ae24fd"],
  ["Package.id?: (some QIT)", "07d8d7419f989369"],
  ["Module.leanArgs: #[-DautoImplicit=false, -Dbackward.isDefEq.respectTransparency=false]",
   "1e046d1e40f8a855"]],
 "depHash": "5dab9133fb8c8cea"}