{"synthetic": false,
 "schemaVersion": "2025-09-10",
 "outputs":
 {"rs": "23f0ee82e30d5634.ir.sig",
  "r": "32f5125013ac7f6e.ir",
  "o":
  ["88d55aeb7eb32467.olean",
   "3b4577cd83feacce.olean.server",
   "2a1a5d23994a8e4c.olean.private"],
  "m": true,
  "i": "545c79aa96dc6f8d.ilean",
  "c": "db5a8fe67472808e.c"},
 "log":
 [{"message":
   ".> LEAN_PATH=C:\\lean\\mathlib4\\.lake\\packages\\Cli\\.lake\\build\\lib\\lean;C:\\lean\\mathlib4\\.lake\\packages\\batteries\\.lake\\build\\lib\\lean;C:\\lean\\mathlib4\\.lake\\packages\\Qq\\.lake\\build\\lib\\lean;C:\\lean\\mathlib4\\.lake\\packages\\aesop\\.lake\\build\\lib\\lean;C:\\lean\\mathlib4\\.lake\\packages\\proofwidgets\\.lake\\build\\lib\\lean;C:\\lean\\mathlib4\\.lake\\packages\\importGraph\\.lake\\build\\lib\\lean;C:\\lean\\mathlib4\\.lake\\packages\\LeanSearchClient\\.lake\\build\\lib\\lean;C:\\lean\\mathlib4\\.lake\\packages\\plausible\\.lake\\build\\lib\\lean;C:\\lean\\mathlib4\\.lake\\build\\lib\\lean;C:\\lean\\libs\\Lean-QIT\\.lake\\build\\lib\\lean c:\\Users\\Administrator\\.elan\\toolchains\\leanprover--lean4---v4.34.0-rc1\\bin\\lean.exe -DautoImplicit=false -Dbackward.isDefEq.respectTransparency=false C:\\lean\\libs\\Lean-QIT\\QIT\\Coding\\EntanglementAssisted\\Renyi\\Sandwiched\\Additivity\\Basic.lean -o C:\\lean\\libs\\Lean-QIT\\.lake\\build\\lib\\lean\\QIT\\Coding\\EntanglementAssisted\\Renyi\\Sandwiched\\Additivity\\Basic.olean -i C:\\lean\\libs\\Lean-QIT\\.lake\\build\\lib\\lean\\QIT\\Coding\\EntanglementAssisted\\Renyi\\Sandwiched\\Additivity\\Basic.ilean -c C:\\lean\\libs\\Lean-QIT\\.lake\\build\\ir\\QIT\\Coding\\EntanglementAssisted\\Renyi\\Sandwiched\\Additivity\\Basic.c --setup C:\\lean\\libs\\Lean-QIT\\.lake\\build\\ir\\QIT\\Coding\\EntanglementAssisted\\Renyi\\Sandwiched\\Additivity\\Basic.setup.json --json",
   "level": "trace"}],
 "inputs":
 [["deps",
   [["QIT/QIT:extraDep", [["@QIT:extraDep", "00000000000006bb"]]],
    ["imports",
     [["QIT.Coding.EntanglementAssisted.Renyi.Sandwiched.Basic transitive imports (public)",
       "52b98463be339017"],
      ["QIT.Coding.EntanglementAssisted.Renyi.Sandwiched.Basic:importArts",
       "1ce36949b322bb86"],
      ["QIT.Coding.EntanglementAssisted.Renyi.Petz.Additivity transitive imports (public)",
       "13fcd514991b00b7"],
      ["QIT.Coding.EntanglementAssisted.Renyi.Petz.Additivity:importArts",
       "eb250a5bc2341cb0"],
      ["QIT.Coding.EntanglementAssisted.Renyi.Sandwiched.CBNorm transitive imports (public)",
       "8d018264b7802650"],
      ["QIT.Coding.EntanglementAssisted.Renyi.Sandwiched.CBNorm:importArts",
       "2c502b53ca076b4f"],
      ["QIT.Information.Renyi.ConditionalRenyiMinimax transitive imports (public)",
       "c1c1c1f62fcbd87a"],
      ["QIT.Information.Renyi.ConditionalRenyiMinimax:importArts",
       "8ff6425d30ae70c8"],
      ["QIT.Information.Renyi.SandwichedRenyiOptimizedUSC transitive imports (public)",
       "49846c9ac7555a19"],
      ["QIT.Information.Renyi.SandwichedRenyiOptimizedUSC:importArts",
       "5dcdb0584f8d1d7c"],
      ["QIT.HypothesisTesting.DPI transitive imports (public)",
       "3ca3d39049e6064f"],
      ["QIT.HypothesisTesting.DPI:importArts", "f54f3d3a5d8c7011"],
      ["QIT.States.Purification.Canonical transitive imports (public)",
       "a1c47988c1ef28b6"],
      ["QIT.States.Purification.Canonical:importArts", "c947b6fcd1f6232a"],
      ["QIT.Util.Matrix transitive imports (public)", "6d1c32c224f4149b"],
      ["QIT.Util.Matrix:importArts", "a1af509f387b0fae"],
      ["QIT.Util.Order.EReal transitive imports (public)", "ec563bb31cb0d7d6"],
      ["QIT.Util.Order.EReal:importArts", "42207e58b8d37e19"]]]]],
  ["libs",
   [["import dynlibs", "00000000000006bb"],
    ["package external libraries", "00000000000006bb"],
    ["module dynlibs", "00000000000006bb"],
    ["module plugins", "00000000000006bb"]]],
  ["Lean 4.34.0, commit 3447a668783dbce1a8fdb97101dd067687b2b418",
   "421484e3e0c70198"],
  ["C:\\lean\\libs\\Lean-QIT\\QIT\\Coding\\EntanglementAssisted\\Renyi\\Sandwiched\\Additivity\\Basic.lean",
   "9aa6692902a7e703"],
  ["options", "00000000000006bb"],
  ["isModule: true", "760fcc16989f4b9b"],
  ["Module.name: QIT.Coding.EntanglementAssisted.Renyi.Sandwiched.Additivity.Basic",
   "a165a68ee685c495"],
  ["Package.id?: (some QIT)", "07d8d7419f989369"],
  ["Module.leanArgs: #[-DautoImplicit=false, -Dbackward.isDefEq.respectTransparency=false]",
   "1e046d1e40f8a855"]],
 "depHash": "c4509ec1b5e58b06"}