{"synthetic": false,
 "schemaVersion": "2025-09-10",
 "outputs":
 {"rs": "bbbc42fe8193c826.ir.sig",
  "r": "118d39410a974c1b.ir",
  "o":
  ["77eae7fb332de331.olean",
   "c1f6304eb660284c.olean.server",
   "28c0db78ba00b57d.olean.private"],
  "m": true,
  "i": "7fffc0038156519e.ilean",
  "c": "8d6321f530c17024.c"},
 "log":
 [{"message":
   ".> LEAN_PATH=C:\\lean\\mathlib4\\.lake\\packages\\Cli\\.lake\\build\\lib\\lean;C:\\lean\\mathlib4\\.lake\\packages\\batteries\\.lake\\build\\lib\\lean;C:\\lean\\mathlib4\\.lake\\packages\\Qq\\.lake\\build\\lib\\lean;C:\\lean\\mathlib4\\.lake\\packages\\aesop\\.lake\\build\\lib\\lean;C:\\lean\\mathlib4\\.lake\\packages\\proofwidgets\\.lake\\build\\lib\\lean;C:\\lean\\mathlib4\\.lake\\packages\\importGraph\\.lake\\build\\lib\\lean;C:\\lean\\mathlib4\\.lake\\packages\\LeanSearchClient\\.lake\\build\\lib\\lean;C:\\lean\\mathlib4\\.lake\\packages\\plausible\\.lake\\build\\lib\\lean;C:\\lean\\mathlib4\\.lake\\build\\lib\\lean;C:\\lean\\libs\\Lean-QIT\\.lake\\build\\lib\\lean c:\\Users\\Administrator\\.elan\\toolchains\\leanprover--lean4---v4.34.0-rc1\\bin\\lean.exe -DautoImplicit=false -Dbackward.isDefEq.respectTransparency=false C:\\lean\\libs\\Lean-QIT\\QIT\\Coding\\EntanglementAssisted\\Renyi\\Sandwiched\\Additivity\\PureVectorBridge.lean -o C:\\lean\\libs\\Lean-QIT\\.lake\\build\\lib\\lean\\QIT\\Coding\\EntanglementAssisted\\Renyi\\Sandwiched\\Additivity\\PureVectorBridge.olean -i C:\\lean\\libs\\Lean-QIT\\.lake\\build\\lib\\lean\\QIT\\Coding\\EntanglementAssisted\\Renyi\\Sandwiched\\Additivity\\PureVectorBridge.ilean -c C:\\lean\\libs\\Lean-QIT\\.lake\\build\\ir\\QIT\\Coding\\EntanglementAssisted\\Renyi\\Sandwiched\\Additivity\\PureVectorBridge.c --setup C:\\lean\\libs\\Lean-QIT\\.lake\\build\\ir\\QIT\\Coding\\EntanglementAssisted\\Renyi\\Sandwiched\\Additivity\\PureVectorBridge.setup.json --json",
   "level": "trace"}],
 "inputs":
 [["deps",
   [["QIT/QIT:extraDep", [["@QIT:extraDep", "00000000000006bb"]]],
    ["imports",
     [["QIT.Coding.EntanglementAssisted.Renyi.Sandwiched.Additivity.WeightedSion transitive imports (public)",
       "2bcb20c250e5277d"],
      ["QIT.Coding.EntanglementAssisted.Renyi.Sandwiched.Additivity.WeightedSion:importArts",
       "a8d7fe8c6a918805"]]]]],
  ["libs",
   [["import dynlibs", "00000000000006bb"],
    ["package external libraries", "00000000000006bb"],
    ["module dynlibs", "00000000000006bb"],
    ["module plugins", "00000000000006bb"]]],
  ["Lean 4.34.0, commit 3447a668783dbce1a8fdb97101dd067687b2b418",
   "421484e3e0c70198"],
  ["C:\\lean\\libs\\Lean-QIT\\QIT\\Coding\\EntanglementAssisted\\Renyi\\Sandwiched\\Additivity\\PureVectorBridge.lean",
   "b549517ae67f1b91"],
  ["options", "00000000000006bb"],
  ["isModule: true", "760fcc16989f4b9b"],
  ["Module.name: QIT.Coding.EntanglementAssisted.Renyi.Sandwiched.Additivity.PureVectorBridge",
   "a685823326592cbe"],
  ["Package.id?: (some QIT)", "07d8d7419f989369"],
  ["Module.leanArgs: #[-DautoImplicit=false, -Dbackward.isDefEq.respectTransparency=false]",
   "1e046d1e40f8a855"]],
 "depHash": "4b703586a4db74af"}