{"synthetic": false,
 "schemaVersion": "2025-09-10",
 "outputs":
 {"rs": "aec5f9580024970b.ir.sig",
  "r": "3fd2b1c02c7f362a.ir",
  "o":
  ["d8f3969e4ef6e16e.olean",
   "482e66eeb1b97cf8.olean.server",
   "75b162cf73f533cf.olean.private"],
  "m": true,
  "i": "505d2f25e71a1858.ilean",
  "c": "1efe64bcde18de7b.c"},
 "log":
 [{"message":
   ".> LEAN_PATH=C:\\lean\\mathlib4\\.lake\\packages\\Cli\\.lake\\build\\lib\\lean;C:\\lean\\mathlib4\\.lake\\packages\\batteries\\.lake\\build\\lib\\lean;C:\\lean\\mathlib4\\.lake\\packages\\Qq\\.lake\\build\\lib\\lean;C:\\lean\\mathlib4\\.lake\\packages\\aesop\\.lake\\build\\lib\\lean;C:\\lean\\mathlib4\\.lake\\packages\\proofwidgets\\.lake\\build\\lib\\lean;C:\\lean\\mathlib4\\.lake\\packages\\importGraph\\.lake\\build\\lib\\lean;C:\\lean\\mathlib4\\.lake\\packages\\LeanSearchClient\\.lake\\build\\lib\\lean;C:\\lean\\mathlib4\\.lake\\packages\\plausible\\.lake\\build\\lib\\lean;C:\\lean\\mathlib4\\.lake\\build\\lib\\lean;C:\\lean\\libs\\Lean-QIT\\.lake\\build\\lib\\lean c:\\Users\\Administrator\\.elan\\toolchains\\leanprover--lean4---v4.34.0-rc1\\bin\\lean.exe -DautoImplicit=false -Dbackward.isDefEq.respectTransparency=false C:\\lean\\libs\\Lean-QIT\\QIT\\Coding\\EntanglementAssisted\\Asymptotic\\Upper\\Input.lean -o C:\\lean\\libs\\Lean-QIT\\.lake\\build\\lib\\lean\\QIT\\Coding\\EntanglementAssisted\\Asymptotic\\Upper\\Input.olean -i C:\\lean\\libs\\Lean-QIT\\.lake\\build\\lib\\lean\\QIT\\Coding\\EntanglementAssisted\\Asymptotic\\Upper\\Input.ilean -c C:\\lean\\libs\\Lean-QIT\\.lake\\build\\ir\\QIT\\Coding\\EntanglementAssisted\\Asymptotic\\Upper\\Input.c --setup C:\\lean\\libs\\Lean-QIT\\.lake\\build\\ir\\QIT\\Coding\\EntanglementAssisted\\Asymptotic\\Upper\\Input.setup.json --json",
   "level": "trace"}],
 "inputs":
 [["deps",
   [["QIT/QIT:extraDep", [["@QIT:extraDep", "00000000000006bb"]]],
    ["imports",
     [["QIT.Coding.EntanglementAssisted.Asymptotic.SandwichedTensorPower transitive imports (public)",
       "4b1c1763cf246b8f"],
      ["QIT.Coding.EntanglementAssisted.Asymptotic.SandwichedTensorPower:importArts",
       "961ec845bf73c837"],
      ["QIT.Coding.EntanglementAssisted.Asymptotic.ProtocolLifting transitive imports (public)",
       "4839b2c67869a80a"],
      ["QIT.Coding.EntanglementAssisted.Asymptotic.ProtocolLifting:importArts",
       "732c38f86edad7f9"],
      ["QIT.Coding.EntanglementAssisted.OneShot.Upper transitive imports (public)",
       "ef675f9531e22155"],
      ["QIT.Coding.EntanglementAssisted.OneShot.Upper:importArts",
       "6f4fc4fddd12d5eb"],
      ["QIT.Coding.EntanglementAssisted.Renyi.Sandwiched.Converse transitive imports (public)",
       "d1c0e374a96c5797"],
      ["QIT.Coding.EntanglementAssisted.Renyi.Sandwiched.Converse:importArts",
       "4c22f8ef9d64c7c6"],
      ["QIT.Coding.EntanglementAssisted.Renyi.Sandwiched.Limit transitive imports (public)",
       "18b390ae7a80322e"],
      ["QIT.Coding.EntanglementAssisted.Renyi.Sandwiched.Limit:importArts",
       "bb8f680a409a2323"]]]]],
  ["libs",
   [["import dynlibs", "00000000000006bb"],
    ["package external libraries", "00000000000006bb"],
    ["module dynlibs", "00000000000006bb"],
    ["module plugins", "00000000000006bb"]]],
  ["Lean 4.34.0, commit 3447a668783dbce1a8fdb97101dd067687b2b418",
   "421484e3e0c70198"],
  ["C:\\lean\\libs\\Lean-QIT\\QIT\\Coding\\EntanglementAssisted\\Asymptotic\\Upper\\Input.lean",
   "64a0b3209ab2067b"],
  ["options", "00000000000006bb"],
  ["isModule: true", "760fcc16989f4b9b"],
  ["Module.name: QIT.Coding.EntanglementAssisted.Asymptotic.Upper.Input",
   "9919345e1136fccf"],
  ["Package.id?: (some QIT)", "07d8d7419f989369"],
  ["Module.leanArgs: #[-DautoImplicit=false, -Dbackward.isDefEq.respectTransparency=false]",
   "1e046d1e40f8a855"]],
 "depHash": "b460e2b92d3d7f26"}