{"synthetic": false,
 "schemaVersion": "2025-09-10",
 "outputs":
 {"rs": "c0da5851b764b657.ir.sig",
  "r": "b0ea64eb87bc7ecc.ir",
  "o":
  ["b0b3d437702845ba.olean",
   "58692b4825d9d114.olean.server",
   "003a6e4d6722a369.olean.private"],
  "m": true,
  "i": "66777ee7de5af5bf.ilean",
  "c": "cd2f9799c1d7d318.c"},
 "log":
 [{"message":
   ".> LEAN_PATH=C:\\lean\\mathlib4\\.lake\\packages\\Cli\\.lake\\build\\lib\\lean;C:\\lean\\mathlib4\\.lake\\packages\\batteries\\.lake\\build\\lib\\lean;C:\\lean\\mathlib4\\.lake\\packages\\Qq\\.lake\\build\\lib\\lean;C:\\lean\\mathlib4\\.lake\\packages\\aesop\\.lake\\build\\lib\\lean;C:\\lean\\mathlib4\\.lake\\packages\\proofwidgets\\.lake\\build\\lib\\lean;C:\\lean\\mathlib4\\.lake\\packages\\importGraph\\.lake\\build\\lib\\lean;C:\\lean\\mathlib4\\.lake\\packages\\LeanSearchClient\\.lake\\build\\lib\\lean;C:\\lean\\mathlib4\\.lake\\packages\\plausible\\.lake\\build\\lib\\lean;C:\\lean\\mathlib4\\.lake\\build\\lib\\lean;C:\\lean\\libs\\Lean-QIT\\.lake\\build\\lib\\lean c:\\Users\\Administrator\\.elan\\toolchains\\leanprover--lean4---v4.34.0-rc1\\bin\\lean.exe -DautoImplicit=false -Dbackward.isDefEq.respectTransparency=false C:\\lean\\libs\\Lean-QIT\\QIT\\Coding\\EntanglementAssisted\\Renyi\\Petz\\Limit.lean -o C:\\lean\\libs\\Lean-QIT\\.lake\\build\\lib\\lean\\QIT\\Coding\\EntanglementAssisted\\Renyi\\Petz\\Limit.olean -i C:\\lean\\libs\\Lean-QIT\\.lake\\build\\lib\\lean\\QIT\\Coding\\EntanglementAssisted\\Renyi\\Petz\\Limit.ilean -c C:\\lean\\libs\\Lean-QIT\\.lake\\build\\ir\\QIT\\Coding\\EntanglementAssisted\\Renyi\\Petz\\Limit.c --setup C:\\lean\\libs\\Lean-QIT\\.lake\\build\\ir\\QIT\\Coding\\EntanglementAssisted\\Renyi\\Petz\\Limit.setup.json --json",
   "level": "trace"}],
 "inputs":
 [["deps",
   [["QIT/QIT:extraDep", [["@QIT:extraDep", "00000000000006bb"]]],
    ["imports",
     [["QIT.Coding.EntanglementAssisted.OneShot.Lower.Petz transitive imports (public)",
       "41f89f072a5cb6dc"],
      ["QIT.Coding.EntanglementAssisted.OneShot.Lower.Petz:importArts",
       "9cd27efd97b2150a"],
      ["QIT.Coding.EntanglementAssisted.Basic transitive imports (public)",
       "95f94ff2ec131d47"],
      ["QIT.Coding.EntanglementAssisted.Basic:importArts", "40c994454175be93"],
      ["QIT.Information.BinaryHypothesisTest transitive imports (public)",
       "38e8c27cab756eb7"],
      ["QIT.Information.BinaryHypothesisTest:importArts", "0fc78e937425c1ad"],
      ["QIT.Information.Renyi.RenyiLimit transitive imports (public)",
       "9e50b21c9cb9e4a1"],
      ["QIT.Information.Renyi.RenyiLimit:importArts", "d41fda9b6fe9427c"],
      ["QIT.Util.Order.EReal transitive imports (public)", "ec563bb31cb0d7d6"],
      ["QIT.Util.Order.EReal:importArts", "42207e58b8d37e19"]]]]],
  ["libs",
   [["import dynlibs", "00000000000006bb"],
    ["package external libraries", "00000000000006bb"],
    ["module dynlibs", "00000000000006bb"],
    ["module plugins", "00000000000006bb"]]],
  ["Lean 4.34.0, commit 3447a668783dbce1a8fdb97101dd067687b2b418",
   "421484e3e0c70198"],
  ["C:\\lean\\libs\\Lean-QIT\\QIT\\Coding\\EntanglementAssisted\\Renyi\\Petz\\Limit.lean",
   "682a4da604c750c0"],
  ["options", "00000000000006bb"],
  ["isModule: true", "760fcc16989f4b9b"],
  ["Module.name: QIT.Coding.EntanglementAssisted.Renyi.Petz.Limit",
   "7cff695d831f2991"],
  ["Package.id?: (some QIT)", "07d8d7419f989369"],
  ["Module.leanArgs: #[-DautoImplicit=false, -Dbackward.isDefEq.respectTransparency=false]",
   "1e046d1e40f8a855"]],
 "depHash": "d3e76ae3e88054ff"}