{"synthetic": false,
 "schemaVersion": "2025-09-10",
 "outputs":
 {"rs": "c7aa68701d21f4f0.ir.sig",
  "r": "f6a95e0f9f104b1a.ir",
  "o":
  ["1b8135688e5feabe.olean",
   "5c258b18ac366729.olean.server",
   "227901161e52bef4.olean.private"],
  "m": true,
  "i": "c20a513ac7b263b6.ilean",
  "c": "a0a88394c4bc12dd.c"},
 "log":
 [{"message":
   ".> LEAN_PATH=C:\\lean\\mathlib4\\.lake\\packages\\Cli\\.lake\\build\\lib\\lean;C:\\lean\\mathlib4\\.lake\\packages\\batteries\\.lake\\build\\lib\\lean;C:\\lean\\mathlib4\\.lake\\packages\\Qq\\.lake\\build\\lib\\lean;C:\\lean\\mathlib4\\.lake\\packages\\aesop\\.lake\\build\\lib\\lean;C:\\lean\\mathlib4\\.lake\\packages\\proofwidgets\\.lake\\build\\lib\\lean;C:\\lean\\mathlib4\\.lake\\packages\\importGraph\\.lake\\build\\lib\\lean;C:\\lean\\mathlib4\\.lake\\packages\\LeanSearchClient\\.lake\\build\\lib\\lean;C:\\lean\\mathlib4\\.lake\\packages\\plausible\\.lake\\build\\lib\\lean;C:\\lean\\mathlib4\\.lake\\build\\lib\\lean;C:\\lean\\libs\\Lean-QIT\\.lake\\build\\lib\\lean c:\\Users\\Administrator\\.elan\\toolchains\\leanprover--lean4---v4.34.0-rc1\\bin\\lean.exe -DautoImplicit=false -Dbackward.isDefEq.respectTransparency=false C:\\lean\\libs\\Lean-QIT\\QIT\\Util\\Matrix\\PosSqrt.lean -o C:\\lean\\libs\\Lean-QIT\\.lake\\build\\lib\\lean\\QIT\\Util\\Matrix\\PosSqrt.olean -i C:\\lean\\libs\\Lean-QIT\\.lake\\build\\lib\\lean\\QIT\\Util\\Matrix\\PosSqrt.ilean -c C:\\lean\\libs\\Lean-QIT\\.lake\\build\\ir\\QIT\\Util\\Matrix\\PosSqrt.c --setup C:\\lean\\libs\\Lean-QIT\\.lake\\build\\ir\\QIT\\Util\\Matrix\\PosSqrt.setup.json --json",
   "level": "trace"}],
 "inputs":
 [["deps",
   [["QIT/QIT:extraDep", [["@QIT:extraDep", "00000000000006bb"]]],
    ["imports",
     [["QIT.Util.Matrix transitive imports (public)", "6d1c32c224f4149b"],
      ["QIT.Util.Matrix:importArts", "a1af509f387b0fae"],
      ["Mathlib.Analysis.CStarAlgebra.ContinuousFunctionalCalculus.Order transitive imports (public)",
       "b65e0bef0b981a36"],
      ["Mathlib.Analysis.CStarAlgebra.ContinuousFunctionalCalculus.Order:importArts",
       "8ad069d71014d82c"]]]]],
  ["libs",
   [["import dynlibs", "00000000000006bb"],
    ["package external libraries", "00000000000006bb"],
    ["module dynlibs", "00000000000006bb"],
    ["module plugins", "00000000000006bb"]]],
  ["Lean 4.34.0, commit 3447a668783dbce1a8fdb97101dd067687b2b418",
   "421484e3e0c70198"],
  ["C:\\lean\\libs\\Lean-QIT\\QIT\\Util\\Matrix\\PosSqrt.lean",
   "606dd732c5443dfb"],
  ["options", "00000000000006bb"],
  ["isModule: true", "760fcc16989f4b9b"],
  ["Module.name: QIT.Util.Matrix.PosSqrt", "2c7abfa97c24d895"],
  ["Package.id?: (some QIT)", "07d8d7419f989369"],
  ["Module.leanArgs: #[-DautoImplicit=false, -Dbackward.isDefEq.respectTransparency=false]",
   "1e046d1e40f8a855"]],
 "depHash": "2fa302a180bd5392"}