{"synthetic": false,
 "schemaVersion": "2025-09-10",
 "outputs":
 {"rs": "aaad3a2b5ed1e29e.ir.sig",
  "r": "d31ce6c13adc99a8.ir",
  "o":
  ["6ad9838a9ab56ba5.olean",
   "ff5b1c670fd3d3e4.olean.server",
   "a77bb69671902ec0.olean.private"],
  "m": true,
  "i": "30f3b68a83348684.ilean",
  "c": "4d5d31ccc3781703.c"},
 "log":
 [{"message":
   ".> LEAN_PATH=C:\\lean\\mathlib4\\.lake\\packages\\Cli\\.lake\\build\\lib\\lean;C:\\lean\\mathlib4\\.lake\\packages\\batteries\\.lake\\build\\lib\\lean;C:\\lean\\mathlib4\\.lake\\packages\\Qq\\.lake\\build\\lib\\lean;C:\\lean\\mathlib4\\.lake\\packages\\aesop\\.lake\\build\\lib\\lean;C:\\lean\\mathlib4\\.lake\\packages\\proofwidgets\\.lake\\build\\lib\\lean;C:\\lean\\mathlib4\\.lake\\packages\\importGraph\\.lake\\build\\lib\\lean;C:\\lean\\mathlib4\\.lake\\packages\\LeanSearchClient\\.lake\\build\\lib\\lean;C:\\lean\\mathlib4\\.lake\\packages\\plausible\\.lake\\build\\lib\\lean;C:\\lean\\mathlib4\\.lake\\build\\lib\\lean;C:\\lean\\libs\\Lean-QIT\\.lake\\build\\lib\\lean c:\\Users\\Administrator\\.elan\\toolchains\\leanprover--lean4---v4.34.0-rc1\\bin\\lean.exe -DautoImplicit=false -Dbackward.isDefEq.respectTransparency=false C:\\lean\\libs\\Lean-QIT\\QIT\\States\\Purification\\Canonical.lean -o C:\\lean\\libs\\Lean-QIT\\.lake\\build\\lib\\lean\\QIT\\States\\Purification\\Canonical.olean -i C:\\lean\\libs\\Lean-QIT\\.lake\\build\\lib\\lean\\QIT\\States\\Purification\\Canonical.ilean -c C:\\lean\\libs\\Lean-QIT\\.lake\\build\\ir\\QIT\\States\\Purification\\Canonical.c --setup C:\\lean\\libs\\Lean-QIT\\.lake\\build\\ir\\QIT\\States\\Purification\\Canonical.setup.json --json",
   "level": "trace"}],
 "inputs":
 [["deps",
   [["QIT/QIT:extraDep", [["@QIT:extraDep", "00000000000006bb"]]],
    ["imports",
     [["QIT.Core.Pure transitive imports (public)", "66880a5eded90ac3"],
      ["QIT.Core.Pure:importArts", "770bfe2bcbfe067a"],
      ["QIT.States.MaximallyEntangled transitive imports (public)",
       "5f63c973f3798d1c"],
      ["QIT.States.MaximallyEntangled:importArts", "5b26b8907281f8ec"],
      ["QIT.States.MaximallyMixed transitive imports (public)",
       "e2331ce12dfd2172"],
      ["QIT.States.MaximallyMixed:importArts", "4efc140cdb2b0c15"],
      ["QIT.States.Purification.Equivalence transitive imports (public)",
       "ae5b3461319b1721"],
      ["QIT.States.Purification.Equivalence:importArts", "2070d2d282ddde73"],
      ["QIT.States.Purification.Predicate transitive imports (public)",
       "ee057940a8100e60"],
      ["QIT.States.Purification.Predicate:importArts", "52c95ecc419f5840"],
      ["QIT.States.PosSqrt transitive imports (public)", "05e32ac2ac38785f"],
      ["QIT.States.PosSqrt:importArts", "f95d943b09afbc2c"]]]]],
  ["libs",
   [["import dynlibs", "00000000000006bb"],
    ["package external libraries", "00000000000006bb"],
    ["module dynlibs", "00000000000006bb"],
    ["module plugins", "00000000000006bb"]]],
  ["Lean 4.34.0, commit 3447a668783dbce1a8fdb97101dd067687b2b418",
   "421484e3e0c70198"],
  ["C:\\lean\\libs\\Lean-QIT\\QIT\\States\\Purification\\Canonical.lean",
   "9cb0d7a9918500e3"],
  ["options", "00000000000006bb"],
  ["isModule: true", "760fcc16989f4b9b"],
  ["Module.name: QIT.States.Purification.Canonical", "e421e45d71b9d4d3"],
  ["Package.id?: (some QIT)", "07d8d7419f989369"],
  ["Module.leanArgs: #[-DautoImplicit=false, -Dbackward.isDefEq.respectTransparency=false]",
   "1e046d1e40f8a855"]],
 "depHash": "f8b73c7076e468ee"}