{"synthetic": false,
 "schemaVersion": "2025-09-10",
 "outputs":
 {"rs": "022c9ae9539b73a8.ir.sig",
  "r": "baf17d3dca6a8e4f.ir",
  "o":
  ["e2a4bf3d8dbb7891.olean",
   "a543b3a628b0eaed.olean.server",
   "1a16146ef0edae29.olean.private"],
  "m": true,
  "i": "c193385b602e342a.ilean",
  "c": "b41453d5ed525fce.c"},
 "log":
 [{"message":
   ".> LEAN_PATH=C:\\lean\\mathlib4\\.lake\\packages\\Cli\\.lake\\build\\lib\\lean;C:\\lean\\mathlib4\\.lake\\packages\\batteries\\.lake\\build\\lib\\lean;C:\\lean\\mathlib4\\.lake\\packages\\Qq\\.lake\\build\\lib\\lean;C:\\lean\\mathlib4\\.lake\\packages\\aesop\\.lake\\build\\lib\\lean;C:\\lean\\mathlib4\\.lake\\packages\\proofwidgets\\.lake\\build\\lib\\lean;C:\\lean\\mathlib4\\.lake\\packages\\importGraph\\.lake\\build\\lib\\lean;C:\\lean\\mathlib4\\.lake\\packages\\LeanSearchClient\\.lake\\build\\lib\\lean;C:\\lean\\mathlib4\\.lake\\packages\\plausible\\.lake\\build\\lib\\lean;C:\\lean\\mathlib4\\.lake\\build\\lib\\lean;C:\\lean\\libs\\Lean-QIT\\.lake\\build\\lib\\lean c:\\Users\\Administrator\\.elan\\toolchains\\leanprover--lean4---v4.34.0-rc1\\bin\\lean.exe -DautoImplicit=false -Dbackward.isDefEq.respectTransparency=false C:\\lean\\libs\\Lean-QIT\\QIT\\States\\Purification\\Conditioning.lean -o C:\\lean\\libs\\Lean-QIT\\.lake\\build\\lib\\lean\\QIT\\States\\Purification\\Conditioning.olean -i C:\\lean\\libs\\Lean-QIT\\.lake\\build\\lib\\lean\\QIT\\States\\Purification\\Conditioning.ilean -c C:\\lean\\libs\\Lean-QIT\\.lake\\build\\ir\\QIT\\States\\Purification\\Conditioning.c --setup C:\\lean\\libs\\Lean-QIT\\.lake\\build\\ir\\QIT\\States\\Purification\\Conditioning.setup.json --json",
   "level": "trace"}],
 "inputs":
 [["deps",
   [["QIT/QIT:extraDep", [["@QIT:extraDep", "00000000000006bb"]]],
    ["imports",
     [["QIT.Core.State transitive imports (public)", "81d9312d467bbba2"],
      ["QIT.Core.State:importArts", "6ca6c3b0fa26882a"],
      ["QIT.Core.Pure transitive imports (public)", "66880a5eded90ac3"],
      ["QIT.Core.Pure:importArts", "770bfe2bcbfe067a"],
      ["QIT.Core.Map transitive imports (public)", "3a1541b761856ece"],
      ["QIT.Core.Map:importArts", "727b9b82770754ae"],
      ["QIT.Core.Channel transitive imports (public)", "b6e4d2cc4097993b"],
      ["QIT.Core.Channel:importArts", "2cdfba71d0e2c8b1"],
      ["QIT.Util.Matrix transitive imports (public)", "6d1c32c224f4149b"],
      ["QIT.Util.Matrix:importArts", "a1af509f387b0fae"],
      ["QIT.States.Subnormalized transitive imports (public)",
       "39084ca4fff4e807"],
      ["QIT.States.Subnormalized:importArts", "0dc3053f16a733f6"],
      ["QIT.States.Purification.ReferenceIsometry transitive imports (public)",
       "0515f2203c494e08"],
      ["QIT.States.Purification.ReferenceIsometry:importArts",
       "dfa6159376dc0e77"],
      ["QIT.Channels.Diamond transitive imports (public)", "61417a77302563ca"],
      ["QIT.Channels.Diamond:importArts", "ab49bd34d7569eff"],
      ["QIT.States.Schatten transitive imports (public)", "abfa80813de4efdc"],
      ["QIT.States.Schatten:importArts", "d2d82d46ceca5ae8"]]]]],
  ["libs",
   [["import dynlibs", "00000000000006bb"],
    ["package external libraries", "00000000000006bb"],
    ["module dynlibs", "00000000000006bb"],
    ["module plugins", "00000000000006bb"]]],
  ["Lean 4.34.0, commit 3447a668783dbce1a8fdb97101dd067687b2b418",
   "421484e3e0c70198"],
  ["C:\\lean\\libs\\Lean-QIT\\QIT\\States\\Purification\\Conditioning.lean",
   "f7aeec224c24aea5"],
  ["options", "00000000000006bb"],
  ["isModule: true", "760fcc16989f4b9b"],
  ["Module.name: QIT.States.Purification.Conditioning", "89c8b398fe633a29"],
  ["Package.id?: (some QIT)", "07d8d7419f989369"],
  ["Module.leanArgs: #[-DautoImplicit=false, -Dbackward.isDefEq.respectTransparency=false]",
   "1e046d1e40f8a855"]],
 "depHash": "d6b981f802c88749"}