{"synthetic": false,
 "schemaVersion": "2025-09-10",
 "outputs":
 {"rs": "37a2cf2f940058a9.ir.sig",
  "r": "d9bc0b405a763540.ir",
  "o":
  ["ef19744cb44b07d1.olean",
   "f760c478eacf017e.olean.server",
   "346ddaae14446dd8.olean.private"],
  "m": true,
  "i": "e538d1f75593fbc1.ilean",
  "c": "800a52dd176b82de.c"},
 "log":
 [{"message":
   ".> LEAN_PATH=C:\\lean\\mathlib4\\.lake\\packages\\Cli\\.lake\\build\\lib\\lean;C:\\lean\\mathlib4\\.lake\\packages\\batteries\\.lake\\build\\lib\\lean;C:\\lean\\mathlib4\\.lake\\packages\\Qq\\.lake\\build\\lib\\lean;C:\\lean\\mathlib4\\.lake\\packages\\aesop\\.lake\\build\\lib\\lean;C:\\lean\\mathlib4\\.lake\\packages\\proofwidgets\\.lake\\build\\lib\\lean;C:\\lean\\mathlib4\\.lake\\packages\\importGraph\\.lake\\build\\lib\\lean;C:\\lean\\mathlib4\\.lake\\packages\\LeanSearchClient\\.lake\\build\\lib\\lean;C:\\lean\\mathlib4\\.lake\\packages\\plausible\\.lake\\build\\lib\\lean;C:\\lean\\mathlib4\\.lake\\build\\lib\\lean;C:\\lean\\libs\\Lean-QIT\\.lake\\build\\lib\\lean c:\\Users\\Administrator\\.elan\\toolchains\\leanprover--lean4---v4.34.0-rc1\\bin\\lean.exe -DautoImplicit=false -Dbackward.isDefEq.respectTransparency=false C:\\lean\\libs\\Lean-QIT\\QIT\\States\\Purification\\GramFactorization.lean -o C:\\lean\\libs\\Lean-QIT\\.lake\\build\\lib\\lean\\QIT\\States\\Purification\\GramFactorization.olean -i C:\\lean\\libs\\Lean-QIT\\.lake\\build\\lib\\lean\\QIT\\States\\Purification\\GramFactorization.ilean -c C:\\lean\\libs\\Lean-QIT\\.lake\\build\\ir\\QIT\\States\\Purification\\GramFactorization.c --setup C:\\lean\\libs\\Lean-QIT\\.lake\\build\\ir\\QIT\\States\\Purification\\GramFactorization.setup.json --json",
   "level": "trace"}],
 "inputs":
 [["deps",
   [["QIT/QIT:extraDep", [["@QIT:extraDep", "00000000000006bb"]]],
    ["imports",
     [["QIT.States.Purification.ReferenceExtension transitive imports (public)",
       "d3cf56878ca63b25"],
      ["QIT.States.Purification.ReferenceExtension:importArts",
       "51589f3af9d529de"],
      ["QIT.States.Purification.ReferenceIsometry transitive imports (public)",
       "0515f2203c494e08"],
      ["QIT.States.Purification.ReferenceIsometry:importArts",
       "dfa6159376dc0e77"],
      ["Mathlib.Analysis.InnerProductSpace.PiL2 transitive imports (public)",
       "a55bdc01a0dde5a8"],
      ["Mathlib.Analysis.InnerProductSpace.PiL2:importArts",
       "48adcc0d6a462566"]]]]],
  ["libs",
   [["import dynlibs", "00000000000006bb"],
    ["package external libraries", "00000000000006bb"],
    ["module dynlibs", "00000000000006bb"],
    ["module plugins", "00000000000006bb"]]],
  ["Lean 4.34.0, commit 3447a668783dbce1a8fdb97101dd067687b2b418",
   "421484e3e0c70198"],
  ["C:\\lean\\libs\\Lean-QIT\\QIT\\States\\Purification\\GramFactorization.lean",
   "8a287faf274cfbb4"],
  ["options", "00000000000006bb"],
  ["isModule: true", "760fcc16989f4b9b"],
  ["Module.name: QIT.States.Purification.GramFactorization",
   "84d95ee1f2d6c91e"],
  ["Package.id?: (some QIT)", "07d8d7419f989369"],
  ["Module.leanArgs: #[-DautoImplicit=false, -Dbackward.isDefEq.respectTransparency=false]",
   "1e046d1e40f8a855"]],
 "depHash": "7e4f0b45aa9c403b"}