{"synthetic": false,
 "schemaVersion": "2025-09-10",
 "outputs":
 {"rs": "464e594b18e1a23a.ir.sig",
  "r": "69d735b55b36df58.ir",
  "o":
  ["68f0c0c91ea1f83f.olean",
   "e54642dfce8ffad6.olean.server",
   "63e4d4aaf7a6aea0.olean.private"],
  "m": true,
  "i": "666aeaa0cdaaea30.ilean",
  "c": "28b3057d8fc7ea36.c"},
 "log":
 [{"message":
   ".> LEAN_PATH=C:\\lean\\mathlib4\\.lake\\packages\\Cli\\.lake\\build\\lib\\lean;C:\\lean\\mathlib4\\.lake\\packages\\batteries\\.lake\\build\\lib\\lean;C:\\lean\\mathlib4\\.lake\\packages\\Qq\\.lake\\build\\lib\\lean;C:\\lean\\mathlib4\\.lake\\packages\\aesop\\.lake\\build\\lib\\lean;C:\\lean\\mathlib4\\.lake\\packages\\proofwidgets\\.lake\\build\\lib\\lean;C:\\lean\\mathlib4\\.lake\\packages\\importGraph\\.lake\\build\\lib\\lean;C:\\lean\\mathlib4\\.lake\\packages\\LeanSearchClient\\.lake\\build\\lib\\lean;C:\\lean\\mathlib4\\.lake\\packages\\plausible\\.lake\\build\\lib\\lean;C:\\lean\\mathlib4\\.lake\\build\\lib\\lean;C:\\lean\\libs\\Lean-QIT\\.lake\\build\\lib\\lean c:\\Users\\Administrator\\.elan\\toolchains\\leanprover--lean4---v4.34.0-rc1\\bin\\lean.exe -DautoImplicit=false -Dbackward.isDefEq.respectTransparency=false C:\\lean\\libs\\Lean-QIT\\QIT\\States\\Purification\\Schatten.lean -o C:\\lean\\libs\\Lean-QIT\\.lake\\build\\lib\\lean\\QIT\\States\\Purification\\Schatten.olean -i C:\\lean\\libs\\Lean-QIT\\.lake\\build\\lib\\lean\\QIT\\States\\Purification\\Schatten.ilean -c C:\\lean\\libs\\Lean-QIT\\.lake\\build\\ir\\QIT\\States\\Purification\\Schatten.c --setup C:\\lean\\libs\\Lean-QIT\\.lake\\build\\ir\\QIT\\States\\Purification\\Schatten.setup.json --json",
   "level": "trace"}],
 "inputs":
 [["deps",
   [["QIT/QIT:extraDep", [["@QIT:extraDep", "00000000000006bb"]]],
    ["imports",
     [["QIT.States.Schatten transitive imports (public)", "abfa80813de4efdc"],
      ["QIT.States.Schatten:importArts", "d2d82d46ceca5ae8"],
      ["QIT.States.Purification.Gram transitive imports (public)",
       "0515f2203c494e08"],
      ["QIT.States.Purification.Gram:importArts", "3ebe6ef684633783"]]]]],
  ["libs",
   [["import dynlibs", "00000000000006bb"],
    ["package external libraries", "00000000000006bb"],
    ["module dynlibs", "00000000000006bb"],
    ["module plugins", "00000000000006bb"]]],
  ["Lean 4.34.0, commit 3447a668783dbce1a8fdb97101dd067687b2b418",
   "421484e3e0c70198"],
  ["C:\\lean\\libs\\Lean-QIT\\QIT\\States\\Purification\\Schatten.lean",
   "1bf7760655cfd2ff"],
  ["options", "00000000000006bb"],
  ["isModule: true", "760fcc16989f4b9b"],
  ["Module.name: QIT.States.Purification.Schatten", "c3d2aecc27944d08"],
  ["Package.id?: (some QIT)", "07d8d7419f989369"],
  ["Module.leanArgs: #[-DautoImplicit=false, -Dbackward.isDefEq.respectTransparency=false]",
   "1e046d1e40f8a855"]],
 "depHash": "097e6c496ba955c4"}