{"synthetic": false,
 "schemaVersion": "2025-09-10",
 "outputs":
 {"rs": "4e98fadfe0b38fa5.ir.sig",
  "r": "c4f14a3015e0531e.ir",
  "o":
  ["67025b54da05951a.olean",
   "488b34b5ddaa540d.olean.server",
   "474e9b41ca941185.olean.private"],
  "m": true,
  "i": "766dd180076db1f6.ilean",
  "c": "e39aa4a77e14bd2a.c"},
 "log":
 [{"message":
   ".> LEAN_PATH=C:\\lean\\mathlib4\\.lake\\packages\\Cli\\.lake\\build\\lib\\lean;C:\\lean\\mathlib4\\.lake\\packages\\batteries\\.lake\\build\\lib\\lean;C:\\lean\\mathlib4\\.lake\\packages\\Qq\\.lake\\build\\lib\\lean;C:\\lean\\mathlib4\\.lake\\packages\\aesop\\.lake\\build\\lib\\lean;C:\\lean\\mathlib4\\.lake\\packages\\proofwidgets\\.lake\\build\\lib\\lean;C:\\lean\\mathlib4\\.lake\\packages\\importGraph\\.lake\\build\\lib\\lean;C:\\lean\\mathlib4\\.lake\\packages\\LeanSearchClient\\.lake\\build\\lib\\lean;C:\\lean\\mathlib4\\.lake\\packages\\plausible\\.lake\\build\\lib\\lean;C:\\lean\\mathlib4\\.lake\\build\\lib\\lean;C:\\lean\\libs\\Lean-QIT\\.lake\\build\\lib\\lean c:\\Users\\Administrator\\.elan\\toolchains\\leanprover--lean4---v4.34.0-rc1\\bin\\lean.exe -DautoImplicit=false -Dbackward.isDefEq.respectTransparency=false C:\\lean\\libs\\Lean-QIT\\QIT\\States\\Purification\\Uhlmann.lean -o C:\\lean\\libs\\Lean-QIT\\.lake\\build\\lib\\lean\\QIT\\States\\Purification\\Uhlmann.olean -i C:\\lean\\libs\\Lean-QIT\\.lake\\build\\lib\\lean\\QIT\\States\\Purification\\Uhlmann.ilean -c C:\\lean\\libs\\Lean-QIT\\.lake\\build\\ir\\QIT\\States\\Purification\\Uhlmann.c --setup C:\\lean\\libs\\Lean-QIT\\.lake\\build\\ir\\QIT\\States\\Purification\\Uhlmann.setup.json --json",
   "level": "trace"}],
 "inputs":
 [["deps",
   [["QIT/QIT:extraDep", [["@QIT:extraDep", "00000000000006bb"]]],
    ["imports",
     [["QIT.States.Geometry.Fidelity transitive imports (public)",
       "483ced7bfef16671"],
      ["QIT.States.Geometry.Fidelity:importArts", "369e245d9940a33d"],
      ["QIT.Core.Channel transitive imports (public)", "b6e4d2cc4097993b"],
      ["QIT.Core.Channel:importArts", "2cdfba71d0e2c8b1"],
      ["QIT.States.Purification.Canonical transitive imports (public)",
       "a1c47988c1ef28b6"],
      ["QIT.States.Purification.Canonical:importArts", "c947b6fcd1f6232a"],
      ["QIT.States.Purification.Equivalence transitive imports (public)",
       "ae5b3461319b1721"],
      ["QIT.States.Purification.Equivalence:importArts", "2070d2d282ddde73"],
      ["QIT.States.Purification.ReferenceUnitary transitive imports (public)",
       "dad857afd445f488"],
      ["QIT.States.Purification.ReferenceUnitary:importArts",
       "3306941017b25e69"],
      ["QIT.States.TraceNorm.Variational transitive imports (public)",
       "caedc03284f50ce1"],
      ["QIT.States.TraceNorm.Variational:importArts", "04031cded5047a9c"],
      ["Mathlib.Data.Fintype.EquivFin transitive imports (public)",
       "8f4bf151b97600dc"],
      ["Mathlib.Data.Fintype.EquivFin:importArts", "1240ebbe719a0b41"]]]]],
  ["libs",
   [["import dynlibs", "00000000000006bb"],
    ["package external libraries", "00000000000006bb"],
    ["module dynlibs", "00000000000006bb"],
    ["module plugins", "00000000000006bb"]]],
  ["Lean 4.34.0, commit 3447a668783dbce1a8fdb97101dd067687b2b418",
   "421484e3e0c70198"],
  ["C:\\lean\\libs\\Lean-QIT\\QIT\\States\\Purification\\Uhlmann.lean",
   "c147ddf73f04b37d"],
  ["options", "00000000000006bb"],
  ["isModule: true", "760fcc16989f4b9b"],
  ["Module.name: QIT.States.Purification.Uhlmann", "ddbd09c3d924383b"],
  ["Package.id?: (some QIT)", "07d8d7419f989369"],
  ["Module.leanArgs: #[-DautoImplicit=false, -Dbackward.isDefEq.respectTransparency=false]",
   "1e046d1e40f8a855"]],
 "depHash": "5124a321b5312654"}