{"synthetic": false,
 "schemaVersion": "2025-09-10",
 "outputs":
 {"rs": "2cdbef4a821a5ba9.ir.sig",
  "r": "cf134d5a4759a619.ir",
  "o":
  ["c25ee33797e0b35a.olean",
   "61c0cadc56054d60.olean.server",
   "57f9f1c1095da69b.olean.private"],
  "m": true,
  "i": "1ee01fcaae999c28.ilean",
  "c": "213557bf3e969b94.c"},
 "log":
 [{"message":
   ".> LEAN_PATH=C:\\lean\\mathlib4\\.lake\\packages\\Cli\\.lake\\build\\lib\\lean;C:\\lean\\mathlib4\\.lake\\packages\\batteries\\.lake\\build\\lib\\lean;C:\\lean\\mathlib4\\.lake\\packages\\Qq\\.lake\\build\\lib\\lean;C:\\lean\\mathlib4\\.lake\\packages\\aesop\\.lake\\build\\lib\\lean;C:\\lean\\mathlib4\\.lake\\packages\\proofwidgets\\.lake\\build\\lib\\lean;C:\\lean\\mathlib4\\.lake\\packages\\importGraph\\.lake\\build\\lib\\lean;C:\\lean\\mathlib4\\.lake\\packages\\LeanSearchClient\\.lake\\build\\lib\\lean;C:\\lean\\mathlib4\\.lake\\packages\\plausible\\.lake\\build\\lib\\lean;C:\\lean\\mathlib4\\.lake\\build\\lib\\lean;C:\\lean\\libs\\Lean-QIT\\.lake\\build\\lib\\lean c:\\Users\\Administrator\\.elan\\toolchains\\leanprover--lean4---v4.34.0-rc1\\bin\\lean.exe -DautoImplicit=false -Dbackward.isDefEq.respectTransparency=false C:\\lean\\libs\\Lean-QIT\\QIT\\Information\\Renyi\\AlphaEntropyContinuity.lean -o C:\\lean\\libs\\Lean-QIT\\.lake\\build\\lib\\lean\\QIT\\Information\\Renyi\\AlphaEntropyContinuity.olean -i C:\\lean\\libs\\Lean-QIT\\.lake\\build\\lib\\lean\\QIT\\Information\\Renyi\\AlphaEntropyContinuity.ilean -c C:\\lean\\libs\\Lean-QIT\\.lake\\build\\ir\\QIT\\Information\\Renyi\\AlphaEntropyContinuity.c --setup C:\\lean\\libs\\Lean-QIT\\.lake\\build\\ir\\QIT\\Information\\Renyi\\AlphaEntropyContinuity.setup.json --json",
   "level": "trace"},
  {"message":
   "QIT/Information/Renyi/AlphaEntropyContinuity.lean:271:33: Try this:\n  [apply] ring_nf\n  \n  The `ring` tactic failed to close the goal. Use `ring_nf` to obtain a normal form.\n    \n  Note that `ring` works primarily in *commutative* rings. If you have a noncommutative ring, abelian group or module, consider using `noncomm_ring`, `abel` or `module` instead.",
   "level": "info"}],
 "inputs":
 [["deps",
   [["QIT/QIT:extraDep", [["@QIT:extraDep", "00000000000006bb"]]],
    ["imports",
     [["QIT.Information.Renyi.ConditionalPetzRenyi transitive imports (public)",
       "ff2a416928f6c2f7"],
      ["QIT.Information.Renyi.ConditionalPetzRenyi:importArts",
       "99a347b86933f44f"],
      ["QIT.Information.Entropy.EntropyTensorPower transitive imports (public)",
       "c514b78aacc6200c"],
      ["QIT.Information.Entropy.EntropyTensorPower:importArts",
       "6947a1a56eb4070f"],
      ["QIT.Information.Entropy.RelativeEntropyDPI transitive imports (public)",
       "00db450358d36ad2"],
      ["QIT.Information.Entropy.RelativeEntropyDPI:importArts",
       "629e9214e5ea3b6a"],
      ["QIT.States.Schatten transitive imports (public)", "abfa80813de4efdc"],
      ["QIT.States.Schatten:importArts", "d2d82d46ceca5ae8"],
      ["QIT.Util.BlockMatrix transitive imports (public)", "8696f0a78820697a"],
      ["QIT.Util.BlockMatrix:importArts", "c827862322141664"],
      ["QIT.Util.Matrix transitive imports (public)", "6d1c32c224f4149b"],
      ["QIT.Util.Matrix:importArts", "a1af509f387b0fae"],
      ["Mathlib.Analysis.Convex.Deriv transitive imports (public)",
       "b0f82373660972e3"],
      ["Mathlib.Analysis.Convex.Deriv:importArts", "aab2813a25d72edf"],
      ["Mathlib.Analysis.Complex.Exponential transitive imports (public)",
       "bb7a2e810b594b8a"],
      ["Mathlib.Analysis.Complex.Exponential:importArts", "9713efa3ef461340"],
      ["Mathlib.Analysis.Complex.ExponentialBounds transitive imports (public)",
       "c64eb801fec604f2"],
      ["Mathlib.Analysis.Complex.ExponentialBounds:importArts",
       "dc4e883e8667aee2"],
      ["Mathlib.Analysis.SpecialFunctions.Trigonometric.DerivHyp transitive imports (public)",
       "ad68f99483a82c38"],
      ["Mathlib.Analysis.SpecialFunctions.Trigonometric.DerivHyp:importArts",
       "5538bba0685fa967"],
      ["Mathlib.Analysis.SpecialFunctions.Trigonometric.Series transitive imports (public)",
       "276ecb9e79a520f8"],
      ["Mathlib.Analysis.SpecialFunctions.Trigonometric.Series:importArts",
       "38a2879df7423c41"],
      ["Mathlib.Analysis.SpecialFunctions.Pow.Deriv transitive imports (public)",
       "1af626334d247e3d"],
      ["Mathlib.Analysis.SpecialFunctions.Pow.Deriv:importArts",
       "b86f3b1c82771b31"],
      ["Mathlib.Analysis.SpecialFunctions.Log.Deriv transitive imports (public)",
       "5f72973750383f8c"],
      ["Mathlib.Analysis.SpecialFunctions.Log.Deriv:importArts",
       "05c9b6280d4a1de2"],
      ["Mathlib.Analysis.SpecialFunctions.ContinuousFunctionalCalculus.ExpLog.Order transitive imports (public)",
       "1d92f7248f630b7c"],
      ["Mathlib.Analysis.SpecialFunctions.ContinuousFunctionalCalculus.ExpLog.Order:importArts",
       "befb52d1d8dd0d2f"]]]]],
  ["libs",
   [["import dynlibs", "00000000000006bb"],
    ["package external libraries", "00000000000006bb"],
    ["module dynlibs", "00000000000006bb"],
    ["module plugins", "00000000000006bb"]]],
  ["Lean 4.34.0, commit 3447a668783dbce1a8fdb97101dd067687b2b418",
   "421484e3e0c70198"],
  ["C:\\lean\\libs\\Lean-QIT\\QIT\\Information\\Renyi\\AlphaEntropyContinuity.lean",
   "38eb2df9568ea8d1"],
  ["options", "00000000000006bb"],
  ["isModule: true", "760fcc16989f4b9b"],
  ["Module.name: QIT.Information.Renyi.AlphaEntropyContinuity",
   "f78441470ae1890c"],
  ["Package.id?: (some QIT)", "07d8d7419f989369"],
  ["Module.leanArgs: #[-DautoImplicit=false, -Dbackward.isDefEq.respectTransparency=false]",
   "1e046d1e40f8a855"]],
 "depHash": "e0db6802f7ee1661"}