{"synthetic": false,
 "schemaVersion": "2025-09-10",
 "outputs":
 {"rs": "4a5e079292f98b59.ir.sig",
  "r": "f1e7cddb197e31b1.ir",
  "o":
  ["2e49f565e5994426.olean",
   "6a09a029db0edcea.olean.server",
   "64f60c94e6aa8bfe.olean.private"],
  "m": true,
  "i": "5a3f55326623ea6f.ilean",
  "c": "2c35657adcb23b77.c"},
 "log":
 [{"message":
   ".> LEAN_PATH=C:\\lean\\mathlib4\\.lake\\packages\\Cli\\.lake\\build\\lib\\lean;C:\\lean\\mathlib4\\.lake\\packages\\batteries\\.lake\\build\\lib\\lean;C:\\lean\\mathlib4\\.lake\\packages\\Qq\\.lake\\build\\lib\\lean;C:\\lean\\mathlib4\\.lake\\packages\\aesop\\.lake\\build\\lib\\lean;C:\\lean\\mathlib4\\.lake\\packages\\proofwidgets\\.lake\\build\\lib\\lean;C:\\lean\\mathlib4\\.lake\\packages\\importGraph\\.lake\\build\\lib\\lean;C:\\lean\\mathlib4\\.lake\\packages\\LeanSearchClient\\.lake\\build\\lib\\lean;C:\\lean\\mathlib4\\.lake\\packages\\plausible\\.lake\\build\\lib\\lean;C:\\lean\\mathlib4\\.lake\\build\\lib\\lean;C:\\lean\\libs\\Lean-QIT\\.lake\\build\\lib\\lean c:\\Users\\Administrator\\.elan\\toolchains\\leanprover--lean4---v4.34.0-rc1\\bin\\lean.exe -DautoImplicit=false -Dbackward.isDefEq.respectTransparency=false C:\\lean\\libs\\Lean-QIT\\QIT\\Information\\Renyi\\ConditionalPetzRenyiDuality.lean -o C:\\lean\\libs\\Lean-QIT\\.lake\\build\\lib\\lean\\QIT\\Information\\Renyi\\ConditionalPetzRenyiDuality.olean -i C:\\lean\\libs\\Lean-QIT\\.lake\\build\\lib\\lean\\QIT\\Information\\Renyi\\ConditionalPetzRenyiDuality.ilean -c C:\\lean\\libs\\Lean-QIT\\.lake\\build\\ir\\QIT\\Information\\Renyi\\ConditionalPetzRenyiDuality.c --setup C:\\lean\\libs\\Lean-QIT\\.lake\\build\\ir\\QIT\\Information\\Renyi\\ConditionalPetzRenyiDuality.setup.json --json",
   "level": "trace"}],
 "inputs":
 [["deps",
   [["QIT/QIT:extraDep", [["@QIT:extraDep", "00000000000006bb"]]],
    ["imports",
     [["QIT.Information.Renyi.ConditionalRenyiSource transitive imports (public)",
       "6365d53bdd49eb9d"],
      ["QIT.Information.Renyi.ConditionalRenyiSource:importArts",
       "76cc24d5a0385ecf"],
      ["QIT.Information.Renyi.ConditionalRenyiClassical transitive imports (public)",
       "9e843b72491798ec"],
      ["QIT.Information.Renyi.ConditionalRenyiClassical:importArts",
       "d1f893164e9d2635"],
      ["QIT.Information.AlickiFannesWinter transitive imports (public)",
       "dcc12b80b8aeccf5"],
      ["QIT.Information.AlickiFannesWinter:importArts", "6098101f22cb1c68"],
      ["QIT.Measurements.Support transitive imports (public)",
       "9d11f79064b3f338"],
      ["QIT.Measurements.Support:importArts", "595e43ebdeeaa92c"]]]]],
  ["libs",
   [["import dynlibs", "00000000000006bb"],
    ["package external libraries", "00000000000006bb"],
    ["module dynlibs", "00000000000006bb"],
    ["module plugins", "00000000000006bb"]]],
  ["Lean 4.34.0, commit 3447a668783dbce1a8fdb97101dd067687b2b418",
   "421484e3e0c70198"],
  ["C:\\lean\\libs\\Lean-QIT\\QIT\\Information\\Renyi\\ConditionalPetzRenyiDuality.lean",
   "cf623fda56a71d7a"],
  ["options", "00000000000006bb"],
  ["isModule: true", "760fcc16989f4b9b"],
  ["Module.name: QIT.Information.Renyi.ConditionalPetzRenyiDuality",
   "641024fc9a383609"],
  ["Package.id?: (some QIT)", "07d8d7419f989369"],
  ["Module.leanArgs: #[-DautoImplicit=false, -Dbackward.isDefEq.respectTransparency=false]",
   "1e046d1e40f8a855"]],
 "depHash": "6bdaa57cb8cc1aba"}