{"synthetic": false,
 "schemaVersion": "2025-09-10",
 "outputs":
 {"rs": "c28749906d2b05a4.ir.sig",
  "r": "7b9b6fb4fe1aafd2.ir",
  "o":
  ["a6dbe11924292bb7.olean",
   "885c755d04e4514f.olean.server",
   "93e3b981438ad56d.olean.private"],
  "m": true,
  "i": "4bd412b8d5aea152.ilean",
  "c": "95601a81f58c3926.c"},
 "log":
 [{"message":
   ".> LEAN_PATH=C:\\lean\\mathlib4\\.lake\\packages\\Cli\\.lake\\build\\lib\\lean;C:\\lean\\mathlib4\\.lake\\packages\\batteries\\.lake\\build\\lib\\lean;C:\\lean\\mathlib4\\.lake\\packages\\Qq\\.lake\\build\\lib\\lean;C:\\lean\\mathlib4\\.lake\\packages\\aesop\\.lake\\build\\lib\\lean;C:\\lean\\mathlib4\\.lake\\packages\\proofwidgets\\.lake\\build\\lib\\lean;C:\\lean\\mathlib4\\.lake\\packages\\importGraph\\.lake\\build\\lib\\lean;C:\\lean\\mathlib4\\.lake\\packages\\LeanSearchClient\\.lake\\build\\lib\\lean;C:\\lean\\mathlib4\\.lake\\packages\\plausible\\.lake\\build\\lib\\lean;C:\\lean\\mathlib4\\.lake\\build\\lib\\lean;C:\\lean\\libs\\Lean-QIT\\.lake\\build\\lib\\lean c:\\Users\\Administrator\\.elan\\toolchains\\leanprover--lean4---v4.34.0-rc1\\bin\\lean.exe -DautoImplicit=false -Dbackward.isDefEq.respectTransparency=false C:\\lean\\libs\\Lean-QIT\\QIT\\Information\\Renyi\\ConditionalPetzSandwichedDuality.lean -o C:\\lean\\libs\\Lean-QIT\\.lake\\build\\lib\\lean\\QIT\\Information\\Renyi\\ConditionalPetzSandwichedDuality.olean -i C:\\lean\\libs\\Lean-QIT\\.lake\\build\\lib\\lean\\QIT\\Information\\Renyi\\ConditionalPetzSandwichedDuality.ilean -c C:\\lean\\libs\\Lean-QIT\\.lake\\build\\ir\\QIT\\Information\\Renyi\\ConditionalPetzSandwichedDuality.c --setup C:\\lean\\libs\\Lean-QIT\\.lake\\build\\ir\\QIT\\Information\\Renyi\\ConditionalPetzSandwichedDuality.setup.json --json",
   "level": "trace"}],
 "inputs":
 [["deps",
   [["QIT/QIT:extraDep", [["@QIT:extraDep", "00000000000006bb"]]],
    ["imports",
     [["QIT.Information.Renyi.ConditionalPetzRenyiAlternative transitive imports (public)",
       "49e1c089341e5c9c"],
      ["QIT.Information.Renyi.ConditionalPetzRenyiAlternative:importArts",
       "d5d632a747e17a82"],
      ["QIT.Information.Renyi.ConditionalPetzRenyiDuality transitive imports (public)",
       "6b5f01ff1c8cfe55"],
      ["QIT.Information.Renyi.ConditionalPetzRenyiDuality:importArts",
       "26edf230ed14c344"],
      ["QIT.Information.Renyi.ConditionalSandwichedRenyiDuality transitive imports (public)",
       "cfa8b6f773c1e5e7"],
      ["QIT.Information.Renyi.ConditionalSandwichedRenyiDuality:importArts",
       "6aa89665d2ee0914"]]]]],
  ["libs",
   [["import dynlibs", "00000000000006bb"],
    ["package external libraries", "00000000000006bb"],
    ["module dynlibs", "00000000000006bb"],
    ["module plugins", "00000000000006bb"]]],
  ["Lean 4.34.0, commit 3447a668783dbce1a8fdb97101dd067687b2b418",
   "421484e3e0c70198"],
  ["C:\\lean\\libs\\Lean-QIT\\QIT\\Information\\Renyi\\ConditionalPetzSandwichedDuality.lean",
   "5823e64b92c0cbf1"],
  ["options", "00000000000006bb"],
  ["isModule: true", "760fcc16989f4b9b"],
  ["Module.name: QIT.Information.Renyi.ConditionalPetzSandwichedDuality",
   "1ef556551858edb2"],
  ["Package.id?: (some QIT)", "07d8d7419f989369"],
  ["Module.leanArgs: #[-DautoImplicit=false, -Dbackward.isDefEq.respectTransparency=false]",
   "1e046d1e40f8a855"]],
 "depHash": "b457004f9b4d8400"}