{"synthetic": false,
 "schemaVersion": "2025-09-10",
 "outputs":
 {"rs": "aa3c57dc4961c25f.ir.sig",
  "r": "3fd899f9ae7bd760.ir",
  "o":
  ["04c3aa834adabc64.olean",
   "ce41107a04a9b562.olean.server",
   "bb59f8a42ecb5370.olean.private"],
  "m": true,
  "i": "8f582e22abb55d99.ilean",
  "c": "ea1310d8132ab40e.c"},
 "log":
 [{"message":
   ".> LEAN_PATH=C:\\lean\\mathlib4\\.lake\\packages\\Cli\\.lake\\build\\lib\\lean;C:\\lean\\mathlib4\\.lake\\packages\\batteries\\.lake\\build\\lib\\lean;C:\\lean\\mathlib4\\.lake\\packages\\Qq\\.lake\\build\\lib\\lean;C:\\lean\\mathlib4\\.lake\\packages\\aesop\\.lake\\build\\lib\\lean;C:\\lean\\mathlib4\\.lake\\packages\\proofwidgets\\.lake\\build\\lib\\lean;C:\\lean\\mathlib4\\.lake\\packages\\importGraph\\.lake\\build\\lib\\lean;C:\\lean\\mathlib4\\.lake\\packages\\LeanSearchClient\\.lake\\build\\lib\\lean;C:\\lean\\mathlib4\\.lake\\packages\\plausible\\.lake\\build\\lib\\lean;C:\\lean\\mathlib4\\.lake\\build\\lib\\lean;C:\\lean\\libs\\Lean-QIT\\.lake\\build\\lib\\lean c:\\Users\\Administrator\\.elan\\toolchains\\leanprover--lean4---v4.34.0-rc1\\bin\\lean.exe -DautoImplicit=false -Dbackward.isDefEq.respectTransparency=false C:\\lean\\libs\\Lean-QIT\\QIT\\Information\\Renyi\\ConditionalSandwichedRenyiDuality.lean -o C:\\lean\\libs\\Lean-QIT\\.lake\\build\\lib\\lean\\QIT\\Information\\Renyi\\ConditionalSandwichedRenyiDuality.olean -i C:\\lean\\libs\\Lean-QIT\\.lake\\build\\lib\\lean\\QIT\\Information\\Renyi\\ConditionalSandwichedRenyiDuality.ilean -c C:\\lean\\libs\\Lean-QIT\\.lake\\build\\ir\\QIT\\Information\\Renyi\\ConditionalSandwichedRenyiDuality.c --setup C:\\lean\\libs\\Lean-QIT\\.lake\\build\\ir\\QIT\\Information\\Renyi\\ConditionalSandwichedRenyiDuality.setup.json --json",
   "level": "trace"}],
 "inputs":
 [["deps",
   [["QIT/QIT:extraDep", [["@QIT:extraDep", "00000000000006bb"]]],
    ["imports",
     [["QIT.Information.Renyi.ConditionalRenyiMinimaxBoundary transitive imports (public)",
       "27d1a30bb7e732a7"],
      ["QIT.Information.Renyi.ConditionalRenyiMinimaxBoundary:importArts",
       "4925df8711f98d0f"],
      ["QIT.Information.Renyi.ConditionalRenyiSource transitive imports (public)",
       "6365d53bdd49eb9d"],
      ["QIT.Information.Renyi.ConditionalRenyiSource:importArts",
       "76cc24d5a0385ecf"],
      ["QIT.Information.Renyi.RenyiDPIStatement transitive imports (public)",
       "484677fd80dcd226"],
      ["QIT.Information.Renyi.RenyiDPIStatement:importArts",
       "a7709df1f6f1c6a4"],
      ["QIT.States.Purification.Schatten transitive imports (public)",
       "17778bf37b0ed555"],
      ["QIT.States.Purification.Schatten:importArts", "3bbe55b44f25fcef"],
      ["QIT.Util.Order.EReal transitive imports (public)", "ec563bb31cb0d7d6"],
      ["QIT.Util.Order.EReal:importArts", "42207e58b8d37e19"]]]]],
  ["libs",
   [["import dynlibs", "00000000000006bb"],
    ["package external libraries", "00000000000006bb"],
    ["module dynlibs", "00000000000006bb"],
    ["module plugins", "00000000000006bb"]]],
  ["Lean 4.34.0, commit 3447a668783dbce1a8fdb97101dd067687b2b418",
   "421484e3e0c70198"],
  ["C:\\lean\\libs\\Lean-QIT\\QIT\\Information\\Renyi\\ConditionalSandwichedRenyiDuality.lean",
   "1f64e0f3830d8ea3"],
  ["options", "00000000000006bb"],
  ["isModule: true", "760fcc16989f4b9b"],
  ["Module.name: QIT.Information.Renyi.ConditionalSandwichedRenyiDuality",
   "02862a94a2a80b27"],
  ["Package.id?: (some QIT)", "07d8d7419f989369"],
  ["Module.leanArgs: #[-DautoImplicit=false, -Dbackward.isDefEq.respectTransparency=false]",
   "1e046d1e40f8a855"]],
 "depHash": "ab7e94c4086cd6ae"}