{"synthetic": false,
 "schemaVersion": "2025-09-10",
 "outputs":
 {"rs": "eb803166c90bbedc.ir.sig",
  "r": "245106101a064511.ir",
  "o":
  ["fe49b3091036ee29.olean",
   "8bbe48faf9532592.olean.server",
   "6344b5bd5d03bc85.olean.private"],
  "m": true,
  "i": "61b42cf701849cc4.ilean",
  "c": "4c0ae3995f111937.c"},
 "log":
 [{"message":
   ".> LEAN_PATH=C:\\lean\\mathlib4\\.lake\\packages\\Cli\\.lake\\build\\lib\\lean;C:\\lean\\mathlib4\\.lake\\packages\\batteries\\.lake\\build\\lib\\lean;C:\\lean\\mathlib4\\.lake\\packages\\Qq\\.lake\\build\\lib\\lean;C:\\lean\\mathlib4\\.lake\\packages\\aesop\\.lake\\build\\lib\\lean;C:\\lean\\mathlib4\\.lake\\packages\\proofwidgets\\.lake\\build\\lib\\lean;C:\\lean\\mathlib4\\.lake\\packages\\importGraph\\.lake\\build\\lib\\lean;C:\\lean\\mathlib4\\.lake\\packages\\LeanSearchClient\\.lake\\build\\lib\\lean;C:\\lean\\mathlib4\\.lake\\packages\\plausible\\.lake\\build\\lib\\lean;C:\\lean\\mathlib4\\.lake\\build\\lib\\lean;C:\\lean\\libs\\Lean-QIT\\.lake\\build\\lib\\lean c:\\Users\\Administrator\\.elan\\toolchains\\leanprover--lean4---v4.34.0-rc1\\bin\\lean.exe -DautoImplicit=false -Dbackward.isDefEq.respectTransparency=false C:\\lean\\libs\\Lean-QIT\\QIT\\Information\\Renyi\\ConditionalRenyiMinimax.lean -o C:\\lean\\libs\\Lean-QIT\\.lake\\build\\lib\\lean\\QIT\\Information\\Renyi\\ConditionalRenyiMinimax.olean -i C:\\lean\\libs\\Lean-QIT\\.lake\\build\\lib\\lean\\QIT\\Information\\Renyi\\ConditionalRenyiMinimax.ilean -c C:\\lean\\libs\\Lean-QIT\\.lake\\build\\ir\\QIT\\Information\\Renyi\\ConditionalRenyiMinimax.c --setup C:\\lean\\libs\\Lean-QIT\\.lake\\build\\ir\\QIT\\Information\\Renyi\\ConditionalRenyiMinimax.setup.json --json",
   "level": "trace"}],
 "inputs":
 [["deps",
   [["QIT/QIT:extraDep", [["@QIT:extraDep", "00000000000006bb"]]],
    ["imports",
     [["QIT.Information.Renyi.ConditionalRenyiTraceBridge transitive imports (public)",
       "f4d8c5e4b560ac9c"],
      ["QIT.Information.Renyi.ConditionalRenyiTraceBridge:importArts",
       "5ac13b1c6350134a"],
      ["QIT.Information.Renyi.FrankLieb.ScalarOperator transitive imports (public)",
       "27bec0656bcae3ae"],
      ["QIT.Information.Renyi.FrankLieb.ScalarOperator:importArts",
       "bcd6555161725906"],
      ["QIT.States.TraceNorm.Spectral transitive imports (public)",
       "073fffc2980681ce"],
      ["QIT.States.TraceNorm.Spectral:importArts", "a54708d3d69666a1"],
      ["QIT.States.PosSqrtOrder transitive imports (public)",
       "5534d71301e51536"],
      ["QIT.States.PosSqrtOrder:importArts", "7aee6afb92acc92c"],
      ["QIT.Classical.Bridge transitive imports (public)", "e1bc9b47b4fcb39a"],
      ["QIT.Classical.Bridge:importArts", "dde0e508756c2d95"],
      ["Mathlib.Analysis.SpecialFunctions.ContinuousFunctionalCalculus.Rpow.RingInverseOrder transitive imports (public)",
       "af74d75f1a9a4a1c"],
      ["Mathlib.Analysis.SpecialFunctions.ContinuousFunctionalCalculus.Rpow.RingInverseOrder:importArts",
       "1994c0b23e69bab1"],
      ["Mathlib.Topology.Sion transitive imports (public)", "68af8a31963ae029"],
      ["Mathlib.Topology.Sion:importArts", "189663ae090caf0b"]]]]],
  ["libs",
   [["import dynlibs", "00000000000006bb"],
    ["package external libraries", "00000000000006bb"],
    ["module dynlibs", "00000000000006bb"],
    ["module plugins", "00000000000006bb"]]],
  ["Lean 4.34.0, commit 3447a668783dbce1a8fdb97101dd067687b2b418",
   "421484e3e0c70198"],
  ["C:\\lean\\libs\\Lean-QIT\\QIT\\Information\\Renyi\\ConditionalRenyiMinimax.lean",
   "156d1e6d6f20fff5"],
  ["options", "00000000000006bb"],
  ["isModule: true", "760fcc16989f4b9b"],
  ["Module.name: QIT.Information.Renyi.ConditionalRenyiMinimax",
   "10abf44e6bc0b6de"],
  ["Package.id?: (some QIT)", "07d8d7419f989369"],
  ["Module.leanArgs: #[-DautoImplicit=false, -Dbackward.isDefEq.respectTransparency=false]",
   "1e046d1e40f8a855"]],
 "depHash": "1fb5fecaf4a500b9"}