{"synthetic": false,
 "schemaVersion": "2025-09-10",
 "outputs":
 {"rs": "eb2c906e0c7bcf84.ir.sig",
  "r": "ff5d3b88fd295598.ir",
  "o":
  ["79728f6e621c55fe.olean",
   "6a9ac96c177e2c59.olean.server",
   "4bec7a1375b64951.olean.private"],
  "m": true,
  "i": "3a1ffe60a779ac04.ilean",
  "c": "8255906659dcce31.c"},
 "log":
 [{"message":
   ".> LEAN_PATH=C:\\lean\\mathlib4\\.lake\\packages\\Cli\\.lake\\build\\lib\\lean;C:\\lean\\mathlib4\\.lake\\packages\\batteries\\.lake\\build\\lib\\lean;C:\\lean\\mathlib4\\.lake\\packages\\Qq\\.lake\\build\\lib\\lean;C:\\lean\\mathlib4\\.lake\\packages\\aesop\\.lake\\build\\lib\\lean;C:\\lean\\mathlib4\\.lake\\packages\\proofwidgets\\.lake\\build\\lib\\lean;C:\\lean\\mathlib4\\.lake\\packages\\importGraph\\.lake\\build\\lib\\lean;C:\\lean\\mathlib4\\.lake\\packages\\LeanSearchClient\\.lake\\build\\lib\\lean;C:\\lean\\mathlib4\\.lake\\packages\\plausible\\.lake\\build\\lib\\lean;C:\\lean\\mathlib4\\.lake\\build\\lib\\lean;C:\\lean\\libs\\Lean-QIT\\.lake\\build\\lib\\lean c:\\Users\\Administrator\\.elan\\toolchains\\leanprover--lean4---v4.34.0-rc1\\bin\\lean.exe -DautoImplicit=false -Dbackward.isDefEq.respectTransparency=false C:\\lean\\libs\\Lean-QIT\\QIT\\Information\\Renyi\\ConditionalPetzRenyiClassicalConditioning.lean -o C:\\lean\\libs\\Lean-QIT\\.lake\\build\\lib\\lean\\QIT\\Information\\Renyi\\ConditionalPetzRenyiClassicalConditioning.olean -i C:\\lean\\libs\\Lean-QIT\\.lake\\build\\lib\\lean\\QIT\\Information\\Renyi\\ConditionalPetzRenyiClassicalConditioning.ilean -c C:\\lean\\libs\\Lean-QIT\\.lake\\build\\ir\\QIT\\Information\\Renyi\\ConditionalPetzRenyiClassicalConditioning.c --setup C:\\lean\\libs\\Lean-QIT\\.lake\\build\\ir\\QIT\\Information\\Renyi\\ConditionalPetzRenyiClassicalConditioning.setup.json --json",
   "level": "trace"}],
 "inputs":
 [["deps",
   [["QIT/QIT:extraDep", [["@QIT:extraDep", "00000000000006bb"]]],
    ["imports",
     [["QIT.Information.Renyi.ConditionalRenyiClassical transitive imports (public)",
       "9e843b72491798ec"],
      ["QIT.Information.Renyi.ConditionalRenyiClassical:importArts",
       "d1f893164e9d2635"],
      ["QIT.Information.Renyi.ConditionalPetzRenyiAlternative transitive imports (public)",
       "49e1c089341e5c9c"],
      ["QIT.Information.Renyi.ConditionalPetzRenyiAlternative:importArts",
       "d5d632a747e17a82"],
      ["QIT.Util.Order.EReal transitive imports (public)", "ec563bb31cb0d7d6"],
      ["QIT.Util.Order.EReal:importArts", "42207e58b8d37e19"]]]]],
  ["libs",
   [["import dynlibs", "00000000000006bb"],
    ["package external libraries", "00000000000006bb"],
    ["module dynlibs", "00000000000006bb"],
    ["module plugins", "00000000000006bb"]]],
  ["Lean 4.34.0, commit 3447a668783dbce1a8fdb97101dd067687b2b418",
   "421484e3e0c70198"],
  ["C:\\lean\\libs\\Lean-QIT\\QIT\\Information\\Renyi\\ConditionalPetzRenyiClassicalConditioning.lean",
   "ea12481d01b78c15"],
  ["options", "00000000000006bb"],
  ["isModule: true", "760fcc16989f4b9b"],
  ["Module.name: QIT.Information.Renyi.ConditionalPetzRenyiClassicalConditioning",
   "33a107a6e6d19a80"],
  ["Package.id?: (some QIT)", "07d8d7419f989369"],
  ["Module.leanArgs: #[-DautoImplicit=false, -Dbackward.isDefEq.respectTransparency=false]",
   "1e046d1e40f8a855"]],
 "depHash": "797496fbeb6ae7ce"}