{"synthetic": false,
 "schemaVersion": "2025-09-10",
 "outputs":
 {"rs": "2d6df1d24adcdee0.ir.sig",
  "r": "b521542fd6f2ae2a.ir",
  "o":
  ["8fd52daa6389a70a.olean",
   "edbd1f549ec87809.olean.server",
   "4f90cf07b19c8909.olean.private"],
  "m": true,
  "i": "7f8938630d7649fe.ilean",
  "c": "1e049dad75358570.c"},
 "log":
 [{"message":
   ".> LEAN_PATH=C:\\lean\\mathlib4\\.lake\\packages\\Cli\\.lake\\build\\lib\\lean;C:\\lean\\mathlib4\\.lake\\packages\\batteries\\.lake\\build\\lib\\lean;C:\\lean\\mathlib4\\.lake\\packages\\Qq\\.lake\\build\\lib\\lean;C:\\lean\\mathlib4\\.lake\\packages\\aesop\\.lake\\build\\lib\\lean;C:\\lean\\mathlib4\\.lake\\packages\\proofwidgets\\.lake\\build\\lib\\lean;C:\\lean\\mathlib4\\.lake\\packages\\importGraph\\.lake\\build\\lib\\lean;C:\\lean\\mathlib4\\.lake\\packages\\LeanSearchClient\\.lake\\build\\lib\\lean;C:\\lean\\mathlib4\\.lake\\packages\\plausible\\.lake\\build\\lib\\lean;C:\\lean\\mathlib4\\.lake\\build\\lib\\lean;C:\\lean\\libs\\Lean-QIT\\.lake\\build\\lib\\lean c:\\Users\\Administrator\\.elan\\toolchains\\leanprover--lean4---v4.34.0-rc1\\bin\\lean.exe -DautoImplicit=false -Dbackward.isDefEq.respectTransparency=false C:\\lean\\libs\\Lean-QIT\\QIT\\Information\\Renyi\\FrankLieb.lean -o C:\\lean\\libs\\Lean-QIT\\.lake\\build\\lib\\lean\\QIT\\Information\\Renyi\\FrankLieb.olean -i C:\\lean\\libs\\Lean-QIT\\.lake\\build\\lib\\lean\\QIT\\Information\\Renyi\\FrankLieb.ilean -c C:\\lean\\libs\\Lean-QIT\\.lake\\build\\ir\\QIT\\Information\\Renyi\\FrankLieb.c --setup C:\\lean\\libs\\Lean-QIT\\.lake\\build\\ir\\QIT\\Information\\Renyi\\FrankLieb.setup.json --json",
   "level": "trace"}],
 "inputs":
 [["deps",
   [["QIT/QIT:extraDep", [["@QIT:extraDep", "00000000000006bb"]]],
    ["imports",
     [["QIT.Information.Renyi.FrankLieb.ScalarOperator transitive imports (public)",
       "27bec0656bcae3ae"],
      ["QIT.Information.Renyi.FrankLieb.ScalarOperator:importArts",
       "bcd6555161725906"],
      ["QIT.Information.Renyi.FrankLieb.Variational transitive imports (public)",
       "18fb5917685d36b9"],
      ["QIT.Information.Renyi.FrankLieb.Variational:importArts",
       "ecff234543142465"],
      ["QIT.Information.Renyi.FrankLieb.Concavity transitive imports (public)",
       "d7b58dce211d3105"],
      ["QIT.Information.Renyi.FrankLieb.Concavity:importArts",
       "8b7279b5e40878a9"],
      ["QIT.Information.Renyi.FrankLieb.DPI transitive imports (public)",
       "7be24cb1daaed0a9"],
      ["QIT.Information.Renyi.FrankLieb.DPI:importArts",
       "00708bf110526c1d"]]]]],
  ["libs",
   [["import dynlibs", "00000000000006bb"],
    ["package external libraries", "00000000000006bb"],
    ["module dynlibs", "00000000000006bb"],
    ["module plugins", "00000000000006bb"]]],
  ["Lean 4.34.0, commit 3447a668783dbce1a8fdb97101dd067687b2b418",
   "421484e3e0c70198"],
  ["C:\\lean\\libs\\Lean-QIT\\QIT\\Information\\Renyi\\FrankLieb.lean",
   "1677c33fa20ecc50"],
  ["options", "00000000000006bb"],
  ["isModule: true", "760fcc16989f4b9b"],
  ["Module.name: QIT.Information.Renyi.FrankLieb", "ba3f339aeb01636f"],
  ["Package.id?: (some QIT)", "07d8d7419f989369"],
  ["Module.leanArgs: #[-DautoImplicit=false, -Dbackward.isDefEq.respectTransparency=false]",
   "1e046d1e40f8a855"]],
 "depHash": "f19454d7485d7fd8"}