{"synthetic": false,
 "schemaVersion": "2025-09-10",
 "outputs":
 {"rs": "a9b93818f75d80e4.ir.sig",
  "r": "4c36e9bccbf4b571.ir",
  "o":
  ["01d46269ae2b0997.olean",
   "7c56bc8b3a58ab88.olean.server",
   "ca5dbcc82419ad80.olean.private"],
  "m": true,
  "i": "f8293fdf086337c6.ilean",
  "c": "3e5b1b2496688327.c"},
 "log":
 [{"message":
   ".> LEAN_PATH=C:\\lean\\mathlib4\\.lake\\packages\\Cli\\.lake\\build\\lib\\lean;C:\\lean\\mathlib4\\.lake\\packages\\batteries\\.lake\\build\\lib\\lean;C:\\lean\\mathlib4\\.lake\\packages\\Qq\\.lake\\build\\lib\\lean;C:\\lean\\mathlib4\\.lake\\packages\\aesop\\.lake\\build\\lib\\lean;C:\\lean\\mathlib4\\.lake\\packages\\proofwidgets\\.lake\\build\\lib\\lean;C:\\lean\\mathlib4\\.lake\\packages\\importGraph\\.lake\\build\\lib\\lean;C:\\lean\\mathlib4\\.lake\\packages\\LeanSearchClient\\.lake\\build\\lib\\lean;C:\\lean\\mathlib4\\.lake\\packages\\plausible\\.lake\\build\\lib\\lean;C:\\lean\\mathlib4\\.lake\\build\\lib\\lean;C:\\lean\\libs\\Lean-QIT\\.lake\\build\\lib\\lean c:\\Users\\Administrator\\.elan\\toolchains\\leanprover--lean4---v4.34.0-rc1\\bin\\lean.exe -DautoImplicit=false -Dbackward.isDefEq.respectTransparency=false C:\\lean\\libs\\Lean-QIT\\QIT\\Information\\Renyi\\RenyiDPI.lean -o C:\\lean\\libs\\Lean-QIT\\.lake\\build\\lib\\lean\\QIT\\Information\\Renyi\\RenyiDPI.olean -i C:\\lean\\libs\\Lean-QIT\\.lake\\build\\lib\\lean\\QIT\\Information\\Renyi\\RenyiDPI.ilean -c C:\\lean\\libs\\Lean-QIT\\.lake\\build\\ir\\QIT\\Information\\Renyi\\RenyiDPI.c --setup C:\\lean\\libs\\Lean-QIT\\.lake\\build\\ir\\QIT\\Information\\Renyi\\RenyiDPI.setup.json --json",
   "level": "trace"}],
 "inputs":
 [["deps",
   [["QIT/QIT:extraDep", [["@QIT:extraDep", "00000000000006bb"]]],
    ["imports",
     [["QIT.Information.Renyi.RenyiDPI.Domain transitive imports (public)",
       "22f9b8edb3b4f02a"],
      ["QIT.Information.Renyi.RenyiDPI.Domain:importArts", "1b33fdc48ac50732"],
      ["QIT.Information.Renyi.RenyiDPI.HighAlpha transitive imports (public)",
       "040e50f7164ce5c5"],
      ["QIT.Information.Renyi.RenyiDPI.HighAlpha:importArts",
       "f929150d8657389d"],
      ["QIT.Information.Renyi.RenyiDPI.LowAlpha transitive imports (public)",
       "430b8ee8f6e38e5e"],
      ["QIT.Information.Renyi.RenyiDPI.LowAlpha:importArts",
       "7ed91a1665343e0f"],
      ["QIT.Information.Renyi.RenyiDPI.TraceLogBridge transitive imports (public)",
       "ec79fc2172e1e362"],
      ["QIT.Information.Renyi.RenyiDPI.TraceLogBridge:importArts",
       "1a7ff0f74b6995e2"],
      ["QIT.Information.Renyi.RenyiDPI.AlphaToOne transitive imports (public)",
       "c6f3632f7155ed0d"],
      ["QIT.Information.Renyi.RenyiDPI.AlphaToOne:importArts",
       "d3d1f770350c3a88"],
      ["QIT.Information.Renyi.RenyiDPI.ReferenceOrder transitive imports (public)",
       "4b10f881126a1005"],
      ["QIT.Information.Renyi.RenyiDPI.ReferenceOrder:importArts",
       "d14f659d792d3258"],
      ["QIT.Information.Renyi.RenyiDPI.ConditionalMeasurementSource transitive imports (public)",
       "b8bc33c003f12106"],
      ["QIT.Information.Renyi.RenyiDPI.ConditionalMeasurementSource:importArts",
       "ba25afded3996443"],
      ["QIT.Information.Renyi.RenyiDPI.ConditionalConditioningSource transitive imports (public)",
       "57e0f84fc19d688a"],
      ["QIT.Information.Renyi.RenyiDPI.ConditionalConditioningSource:importArts",
       "8980a37b904cb234"]]]]],
  ["libs",
   [["import dynlibs", "00000000000006bb"],
    ["package external libraries", "00000000000006bb"],
    ["module dynlibs", "00000000000006bb"],
    ["module plugins", "00000000000006bb"]]],
  ["Lean 4.34.0, commit 3447a668783dbce1a8fdb97101dd067687b2b418",
   "421484e3e0c70198"],
  ["C:\\lean\\libs\\Lean-QIT\\QIT\\Information\\Renyi\\RenyiDPI.lean",
   "f5ea37e32fa86b60"],
  ["options", "00000000000006bb"],
  ["isModule: true", "760fcc16989f4b9b"],
  ["Module.name: QIT.Information.Renyi.RenyiDPI", "e9cc0fcc5f7bf155"],
  ["Package.id?: (some QIT)", "07d8d7419f989369"],
  ["Module.leanArgs: #[-DautoImplicit=false, -Dbackward.isDefEq.respectTransparency=false]",
   "1e046d1e40f8a855"]],
 "depHash": "409f9a7a280e1631"}