{"synthetic": false,
 "schemaVersion": "2025-09-10",
 "outputs":
 {"rs": "e7f2d9029eaebd88.ir.sig",
  "r": "f32379f2bc315b63.ir",
  "o":
  ["e126692f31aaea73.olean",
   "61271142b3f5edfc.olean.server",
   "478c2f97c3580901.olean.private"],
  "m": true,
  "i": "b96282902742bc92.ilean",
  "c": "14d6a356dc3184dd.c"},
 "log":
 [{"message":
   ".> LEAN_PATH=C:\\lean\\mathlib4\\.lake\\packages\\Cli\\.lake\\build\\lib\\lean;C:\\lean\\mathlib4\\.lake\\packages\\batteries\\.lake\\build\\lib\\lean;C:\\lean\\mathlib4\\.lake\\packages\\Qq\\.lake\\build\\lib\\lean;C:\\lean\\mathlib4\\.lake\\packages\\aesop\\.lake\\build\\lib\\lean;C:\\lean\\mathlib4\\.lake\\packages\\proofwidgets\\.lake\\build\\lib\\lean;C:\\lean\\mathlib4\\.lake\\packages\\importGraph\\.lake\\build\\lib\\lean;C:\\lean\\mathlib4\\.lake\\packages\\LeanSearchClient\\.lake\\build\\lib\\lean;C:\\lean\\mathlib4\\.lake\\packages\\plausible\\.lake\\build\\lib\\lean;C:\\lean\\mathlib4\\.lake\\build\\lib\\lean;C:\\lean\\libs\\Lean-QIT\\.lake\\build\\lib\\lean c:\\Users\\Administrator\\.elan\\toolchains\\leanprover--lean4---v4.34.0-rc1\\bin\\lean.exe -DautoImplicit=false -Dbackward.isDefEq.respectTransparency=false C:\\lean\\libs\\Lean-QIT\\QIT\\Information\\Renyi\\SandwichedMutualInformation.lean -o C:\\lean\\libs\\Lean-QIT\\.lake\\build\\lib\\lean\\QIT\\Information\\Renyi\\SandwichedMutualInformation.olean -i C:\\lean\\libs\\Lean-QIT\\.lake\\build\\lib\\lean\\QIT\\Information\\Renyi\\SandwichedMutualInformation.ilean -c C:\\lean\\libs\\Lean-QIT\\.lake\\build\\ir\\QIT\\Information\\Renyi\\SandwichedMutualInformation.c --setup C:\\lean\\libs\\Lean-QIT\\.lake\\build\\ir\\QIT\\Information\\Renyi\\SandwichedMutualInformation.setup.json --json",
   "level": "trace"}],
 "inputs":
 [["deps",
   [["QIT/QIT:extraDep", [["@QIT:extraDep", "00000000000006bb"]]],
    ["imports",
     [["QIT.Information.Renyi.Renyi transitive imports (public)",
       "17f7ebd75aa00640"],
      ["QIT.Information.Renyi.Renyi:importArts", "23b6ad5e9b803b3b"],
      ["QIT.Information.Renyi.FrankLieb.DPI transitive imports (public)",
       "7be24cb1daaed0a9"],
      ["QIT.Information.Renyi.FrankLieb.DPI:importArts", "00708bf110526c1d"],
      ["QIT.Core.State transitive imports (public)", "81d9312d467bbba2"],
      ["QIT.Core.State:importArts", "6ca6c3b0fa26882a"],
      ["QIT.Classical.Bridge transitive imports (public)", "e1bc9b47b4fcb39a"],
      ["QIT.Classical.Bridge:importArts", "dde0e508756c2d95"]]]]],
  ["libs",
   [["import dynlibs", "00000000000006bb"],
    ["package external libraries", "00000000000006bb"],
    ["module dynlibs", "00000000000006bb"],
    ["module plugins", "00000000000006bb"]]],
  ["Lean 4.34.0, commit 3447a668783dbce1a8fdb97101dd067687b2b418",
   "421484e3e0c70198"],
  ["C:\\lean\\libs\\Lean-QIT\\QIT\\Information\\Renyi\\SandwichedMutualInformation.lean",
   "716ced8d20096587"],
  ["options", "00000000000006bb"],
  ["isModule: true", "760fcc16989f4b9b"],
  ["Module.name: QIT.Information.Renyi.SandwichedMutualInformation",
   "f41a7025a64ae209"],
  ["Package.id?: (some QIT)", "07d8d7419f989369"],
  ["Module.leanArgs: #[-DautoImplicit=false, -Dbackward.isDefEq.respectTransparency=false]",
   "1e046d1e40f8a855"]],
 "depHash": "9fa716c605bbdf3c"}