{"synthetic": false,
 "schemaVersion": "2025-09-10",
 "outputs":
 {"rs": "bc584f0a44d964eb.ir.sig",
  "r": "0377575d8e0fe344.ir",
  "o":
  ["03cd7d6c89d3e5dd.olean",
   "debc2b4549b3e3ad.olean.server",
   "41195638a1af8801.olean.private"],
  "m": true,
  "i": "1e1cee2297976703.ilean",
  "c": "59fc29be621b864a.c"},
 "log":
 [{"message":
   ".> LEAN_PATH=C:\\lean\\mathlib4\\.lake\\packages\\Cli\\.lake\\build\\lib\\lean;C:\\lean\\mathlib4\\.lake\\packages\\batteries\\.lake\\build\\lib\\lean;C:\\lean\\mathlib4\\.lake\\packages\\Qq\\.lake\\build\\lib\\lean;C:\\lean\\mathlib4\\.lake\\packages\\aesop\\.lake\\build\\lib\\lean;C:\\lean\\mathlib4\\.lake\\packages\\proofwidgets\\.lake\\build\\lib\\lean;C:\\lean\\mathlib4\\.lake\\packages\\importGraph\\.lake\\build\\lib\\lean;C:\\lean\\mathlib4\\.lake\\packages\\LeanSearchClient\\.lake\\build\\lib\\lean;C:\\lean\\mathlib4\\.lake\\packages\\plausible\\.lake\\build\\lib\\lean;C:\\lean\\mathlib4\\.lake\\build\\lib\\lean;C:\\lean\\libs\\Lean-QIT\\.lake\\build\\lib\\lean c:\\Users\\Administrator\\.elan\\toolchains\\leanprover--lean4---v4.34.0-rc1\\bin\\lean.exe -DautoImplicit=false -Dbackward.isDefEq.respectTransparency=false C:\\lean\\libs\\Lean-QIT\\QIT\\Information\\Renyi\\SandwichedRenyiMonotonicity.lean -o C:\\lean\\libs\\Lean-QIT\\.lake\\build\\lib\\lean\\QIT\\Information\\Renyi\\SandwichedRenyiMonotonicity.olean -i C:\\lean\\libs\\Lean-QIT\\.lake\\build\\lib\\lean\\QIT\\Information\\Renyi\\SandwichedRenyiMonotonicity.ilean -c C:\\lean\\libs\\Lean-QIT\\.lake\\build\\ir\\QIT\\Information\\Renyi\\SandwichedRenyiMonotonicity.c --setup C:\\lean\\libs\\Lean-QIT\\.lake\\build\\ir\\QIT\\Information\\Renyi\\SandwichedRenyiMonotonicity.setup.json --json",
   "level": "trace"}],
 "inputs":
 [["deps",
   [["QIT/QIT:extraDep", [["@QIT:extraDep", "00000000000006bb"]]],
    ["imports",
     [["QIT.Information.Renyi.SandwichedMutualInformation transitive imports (public)",
       "2677a49508ef9938"],
      ["QIT.Information.Renyi.SandwichedMutualInformation:importArts",
       "d22687cbf90db8a5"],
      ["QIT.Information.Renyi.FrankLieb.DPI transitive imports (public)",
       "7be24cb1daaed0a9"],
      ["QIT.Information.Renyi.FrankLieb.DPI:importArts", "00708bf110526c1d"],
      ["Mathlib.Analysis.Calculus.Deriv.Basic transitive imports (public)",
       "b65f610f80ba34ba"],
      ["Mathlib.Analysis.Calculus.Deriv.Basic:importArts", "1e1ee4cb6f4e0870"],
      ["Mathlib.Analysis.Calculus.Deriv.MeanValue transitive imports (public)",
       "7c894384c665faa3"],
      ["Mathlib.Analysis.Calculus.Deriv.MeanValue:importArts",
       "32760e60f04a599a"]]]]],
  ["libs",
   [["import dynlibs", "00000000000006bb"],
    ["package external libraries", "00000000000006bb"],
    ["module dynlibs", "00000000000006bb"],
    ["module plugins", "00000000000006bb"]]],
  ["Lean 4.34.0, commit 3447a668783dbce1a8fdb97101dd067687b2b418",
   "421484e3e0c70198"],
  ["C:\\lean\\libs\\Lean-QIT\\QIT\\Information\\Renyi\\SandwichedRenyiMonotonicity.lean",
   "cdfed5849cf51238"],
  ["options", "00000000000006bb"],
  ["isModule: true", "760fcc16989f4b9b"],
  ["Module.name: QIT.Information.Renyi.SandwichedRenyiMonotonicity",
   "254d24ce0f246a05"],
  ["Package.id?: (some QIT)", "07d8d7419f989369"],
  ["Module.leanArgs: #[-DautoImplicit=false, -Dbackward.isDefEq.respectTransparency=false]",
   "1e046d1e40f8a855"]],
 "depHash": "2e9657e3742b34aa"}