{"synthetic": false,
 "schemaVersion": "2025-09-10",
 "outputs":
 {"rs": "4c25332abd6e2ca4.ir.sig",
  "r": "fc5013fe1eb4e789.ir",
  "o":
  ["23a6ea94a7e0ed40.olean",
   "9afff57d0ba85e97.olean.server",
   "a8c7e93f34e85fd5.olean.private"],
  "m": true,
  "i": "941662570862bb21.ilean",
  "c": "2bd68a768f24d192.c"},
 "log":
 [{"message":
   ".> LEAN_PATH=C:\\lean\\mathlib4\\.lake\\packages\\Cli\\.lake\\build\\lib\\lean;C:\\lean\\mathlib4\\.lake\\packages\\batteries\\.lake\\build\\lib\\lean;C:\\lean\\mathlib4\\.lake\\packages\\Qq\\.lake\\build\\lib\\lean;C:\\lean\\mathlib4\\.lake\\packages\\aesop\\.lake\\build\\lib\\lean;C:\\lean\\mathlib4\\.lake\\packages\\proofwidgets\\.lake\\build\\lib\\lean;C:\\lean\\mathlib4\\.lake\\packages\\importGraph\\.lake\\build\\lib\\lean;C:\\lean\\mathlib4\\.lake\\packages\\LeanSearchClient\\.lake\\build\\lib\\lean;C:\\lean\\mathlib4\\.lake\\packages\\plausible\\.lake\\build\\lib\\lean;C:\\lean\\mathlib4\\.lake\\build\\lib\\lean;C:\\lean\\libs\\Lean-QIT\\.lake\\build\\lib\\lean c:\\Users\\Administrator\\.elan\\toolchains\\leanprover--lean4---v4.34.0-rc1\\bin\\lean.exe -DautoImplicit=false -Dbackward.isDefEq.respectTransparency=false C:\\lean\\libs\\Lean-QIT\\QIT\\Coding\\EntanglementAssisted\\Renyi\\Sandwiched\\CBNorm.lean -o C:\\lean\\libs\\Lean-QIT\\.lake\\build\\lib\\lean\\QIT\\Coding\\EntanglementAssisted\\Renyi\\Sandwiched\\CBNorm.olean -i C:\\lean\\libs\\Lean-QIT\\.lake\\build\\lib\\lean\\QIT\\Coding\\EntanglementAssisted\\Renyi\\Sandwiched\\CBNorm.ilean -c C:\\lean\\libs\\Lean-QIT\\.lake\\build\\ir\\QIT\\Coding\\EntanglementAssisted\\Renyi\\Sandwiched\\CBNorm.c --setup C:\\lean\\libs\\Lean-QIT\\.lake\\build\\ir\\QIT\\Coding\\EntanglementAssisted\\Renyi\\Sandwiched\\CBNorm.setup.json --json",
   "level": "trace"}],
 "inputs":
 [["deps",
   [["QIT/QIT:extraDep", [["@QIT:extraDep", "00000000000006bb"]]],
    ["imports",
     [["QIT.Coding.EntanglementAssisted.Renyi.Sandwiched.CBNorm.Basic transitive imports (public)",
       "03069a72c4fa20e5"],
      ["QIT.Coding.EntanglementAssisted.Renyi.Sandwiched.CBNorm.Basic:importArts",
       "6dfada4490254409"],
      ["QIT.Coding.EntanglementAssisted.Renyi.Sandwiched.CBNorm.Induced transitive imports (public)",
       "9f613690977ebef7"],
      ["QIT.Coding.EntanglementAssisted.Renyi.Sandwiched.CBNorm.Induced:importArts",
       "6eb527ab97635edf"],
      ["QIT.Coding.EntanglementAssisted.Renyi.Sandwiched.CBNorm.Concavity transitive imports (public)",
       "a126af5c45f26137"],
      ["QIT.Coding.EntanglementAssisted.Renyi.Sandwiched.CBNorm.Concavity:importArts",
       "65eae55f625e0393"],
      ["QIT.Coding.EntanglementAssisted.Renyi.Sandwiched.CBNorm.Collapse.LeftIdentity transitive imports (public)",
       "e6c10ad0c0fb09da"],
      ["QIT.Coding.EntanglementAssisted.Renyi.Sandwiched.CBNorm.Collapse.LeftIdentity:importArts",
       "91116602174f083c"],
      ["QIT.Coding.EntanglementAssisted.Renyi.Sandwiched.CBNorm.Collapse.RightIdentity transitive imports (public)",
       "010dc00511ab3ed4"],
      ["QIT.Coding.EntanglementAssisted.Renyi.Sandwiched.CBNorm.Collapse.RightIdentity:importArts",
       "724b9e62a794f413"],
      ["QIT.Coding.EntanglementAssisted.Renyi.Sandwiched.CBNorm.Complement transitive imports (public)",
       "d8edebbcef53c19b"],
      ["QIT.Coding.EntanglementAssisted.Renyi.Sandwiched.CBNorm.Complement:importArts",
       "65d976fbc6fea39d"],
      ["QIT.Coding.EntanglementAssisted.Renyi.Sandwiched.CBNorm.ComplementBridge transitive imports (public)",
       "a9041bb00e5abaa6"],
      ["QIT.Coding.EntanglementAssisted.Renyi.Sandwiched.CBNorm.ComplementBridge:importArts",
       "c35c9ea4a809aa28"],
      ["QIT.Coding.EntanglementAssisted.Renyi.Sandwiched.CBNorm.Product transitive imports (public)",
       "1c0e9ccd9ced19d8"],
      ["QIT.Coding.EntanglementAssisted.Renyi.Sandwiched.CBNorm.Product:importArts",
       "d91696629a553a6c"],
      ["QIT.Coding.EntanglementAssisted.Renyi.Sandwiched.CBNorm.Alternate transitive imports (public)",
       "7a9c1bbbdc13779d"],
      ["QIT.Coding.EntanglementAssisted.Renyi.Sandwiched.CBNorm.Alternate:importArts",
       "ee65ac417f18534e"]]]]],
  ["libs",
   [["import dynlibs", "00000000000006bb"],
    ["package external libraries", "00000000000006bb"],
    ["module dynlibs", "00000000000006bb"],
    ["module plugins", "00000000000006bb"]]],
  ["Lean 4.34.0, commit 3447a668783dbce1a8fdb97101dd067687b2b418",
   "421484e3e0c70198"],
  ["C:\\lean\\libs\\Lean-QIT\\QIT\\Coding\\EntanglementAssisted\\Renyi\\Sandwiched\\CBNorm.lean",
   "c10ee98a0aeb600e"],
  ["options", "00000000000006bb"],
  ["isModule: true", "760fcc16989f4b9b"],
  ["Module.name: QIT.Coding.EntanglementAssisted.Renyi.Sandwiched.CBNorm",
   "dcfd182d98f36748"],
  ["Package.id?: (some QIT)", "07d8d7419f989369"],
  ["Module.leanArgs: #[-DautoImplicit=false, -Dbackward.isDefEq.respectTransparency=false]",
   "1e046d1e40f8a855"]],
 "depHash": "1fc6f92345ce983a"}