{"synthetic": false,
 "schemaVersion": "2025-09-10",
 "outputs":
 {"rs": "ea83f67cde0ade8a.ir.sig",
  "r": "cce98b31c01ceedc.ir",
  "o":
  ["d2698f2d3c20fcf9.olean",
   "f67c15a8a776298c.olean.server",
   "8133ebaa8b706e11.olean.private"],
  "m": true,
  "i": "73dd4ddff65b1573.ilean",
  "c": "927c76801dca6a28.c"},
 "log":
 [{"message":
   ".> LEAN_PATH=C:\\lean\\mathlib4\\.lake\\packages\\Cli\\.lake\\build\\lib\\lean;C:\\lean\\mathlib4\\.lake\\packages\\batteries\\.lake\\build\\lib\\lean;C:\\lean\\mathlib4\\.lake\\packages\\Qq\\.lake\\build\\lib\\lean;C:\\lean\\mathlib4\\.lake\\packages\\aesop\\.lake\\build\\lib\\lean;C:\\lean\\mathlib4\\.lake\\packages\\proofwidgets\\.lake\\build\\lib\\lean;C:\\lean\\mathlib4\\.lake\\packages\\importGraph\\.lake\\build\\lib\\lean;C:\\lean\\mathlib4\\.lake\\packages\\LeanSearchClient\\.lake\\build\\lib\\lean;C:\\lean\\mathlib4\\.lake\\packages\\plausible\\.lake\\build\\lib\\lean;C:\\lean\\mathlib4\\.lake\\build\\lib\\lean;C:\\lean\\libs\\Lean-QIT\\.lake\\build\\lib\\lean c:\\Users\\Administrator\\.elan\\toolchains\\leanprover--lean4---v4.34.0-rc1\\bin\\lean.exe -DautoImplicit=false -Dbackward.isDefEq.respectTransparency=false C:\\lean\\libs\\Lean-QIT\\QIT\\Coding\\EntanglementAssisted\\Renyi\\Sandwiched\\Limit.lean -o C:\\lean\\libs\\Lean-QIT\\.lake\\build\\lib\\lean\\QIT\\Coding\\EntanglementAssisted\\Renyi\\Sandwiched\\Limit.olean -i C:\\lean\\libs\\Lean-QIT\\.lake\\build\\lib\\lean\\QIT\\Coding\\EntanglementAssisted\\Renyi\\Sandwiched\\Limit.ilean -c C:\\lean\\libs\\Lean-QIT\\.lake\\build\\ir\\QIT\\Coding\\EntanglementAssisted\\Renyi\\Sandwiched\\Limit.c --setup C:\\lean\\libs\\Lean-QIT\\.lake\\build\\ir\\QIT\\Coding\\EntanglementAssisted\\Renyi\\Sandwiched\\Limit.setup.json --json",
   "level": "trace"}],
 "inputs":
 [["deps",
   [["QIT/QIT:extraDep", [["@QIT:extraDep", "00000000000006bb"]]],
    ["imports",
     [["QIT.Coding.EntanglementAssisted.Renyi.Sandwiched.Basic transitive imports (public)",
       "52b98463be339017"],
      ["QIT.Coding.EntanglementAssisted.Renyi.Sandwiched.Basic:importArts",
       "1ce36949b322bb86"],
      ["QIT.Information.Renyi.SandwichedRenyiOptimizedUSC transitive imports (public)",
       "49846c9ac7555a19"],
      ["QIT.Information.Renyi.SandwichedRenyiOptimizedUSC:importArts",
       "5dcdb0584f8d1d7c"],
      ["QIT.Information.Entropy.MutualInformationDPI transitive imports (public)",
       "4d4aff414c0e0899"],
      ["QIT.Information.Entropy.MutualInformationDPI:importArts",
       "3f3272b183b6adff"],
      ["Mathlib.Topology.Order.AtTopBotIxx transitive imports (public)",
       "3d4cb0f286dc7422"],
      ["Mathlib.Topology.Order.AtTopBotIxx:importArts", "df93bb4d9057028f"],
      ["Mathlib.Topology.Order.MonotoneConvergence transitive imports (public)",
       "3bd0cc78ef0164ee"],
      ["Mathlib.Topology.Order.MonotoneConvergence:importArts",
       "09f06eea1db3405a"],
      ["Mathlib.Topology.Semicontinuity.Basic transitive imports (public)",
       "e862a659a7f13105"],
      ["Mathlib.Topology.Semicontinuity.Basic:importArts",
       "ca01f0d71b6763c1"]]]]],
  ["libs",
   [["import dynlibs", "00000000000006bb"],
    ["package external libraries", "00000000000006bb"],
    ["module dynlibs", "00000000000006bb"],
    ["module plugins", "00000000000006bb"]]],
  ["Lean 4.34.0, commit 3447a668783dbce1a8fdb97101dd067687b2b418",
   "421484e3e0c70198"],
  ["C:\\lean\\libs\\Lean-QIT\\QIT\\Coding\\EntanglementAssisted\\Renyi\\Sandwiched\\Limit.lean",
   "d363bd776c245b12"],
  ["options", "00000000000006bb"],
  ["isModule: true", "760fcc16989f4b9b"],
  ["Module.name: QIT.Coding.EntanglementAssisted.Renyi.Sandwiched.Limit",
   "6ab405fbbb9ebc26"],
  ["Package.id?: (some QIT)", "07d8d7419f989369"],
  ["Module.leanArgs: #[-DautoImplicit=false, -Dbackward.isDefEq.respectTransparency=false]",
   "1e046d1e40f8a855"]],
 "depHash": "9a579cd7ec1428ed"}