{"synthetic": false,
 "schemaVersion": "2025-09-10",
 "outputs":
 {"rs": "954270ba1a1ffe50.ir.sig",
  "r": "44def640e1ef12ea.ir",
  "o":
  ["f0faa40c82708141.olean",
   "9945b2d3337b41a3.olean.server",
   "657f69dda36d1a5a.olean.private"],
  "m": true,
  "i": "e32aac4c512f5ad6.ilean",
  "c": "d30e725e3b9c0d44.c"},
 "log":
 [{"message":
   ".> LEAN_PATH=C:\\lean\\mathlib4\\.lake\\packages\\Cli\\.lake\\build\\lib\\lean;C:\\lean\\mathlib4\\.lake\\packages\\batteries\\.lake\\build\\lib\\lean;C:\\lean\\mathlib4\\.lake\\packages\\Qq\\.lake\\build\\lib\\lean;C:\\lean\\mathlib4\\.lake\\packages\\aesop\\.lake\\build\\lib\\lean;C:\\lean\\mathlib4\\.lake\\packages\\proofwidgets\\.lake\\build\\lib\\lean;C:\\lean\\mathlib4\\.lake\\packages\\importGraph\\.lake\\build\\lib\\lean;C:\\lean\\mathlib4\\.lake\\packages\\LeanSearchClient\\.lake\\build\\lib\\lean;C:\\lean\\mathlib4\\.lake\\packages\\plausible\\.lake\\build\\lib\\lean;C:\\lean\\mathlib4\\.lake\\build\\lib\\lean;C:\\lean\\libs\\Lean-QIT\\.lake\\build\\lib\\lean c:\\Users\\Administrator\\.elan\\toolchains\\leanprover--lean4---v4.34.0-rc1\\bin\\lean.exe -DautoImplicit=false -Dbackward.isDefEq.respectTransparency=false C:\\lean\\libs\\Lean-QIT\\QIT\\Measurements\\Naimark.lean -o C:\\lean\\libs\\Lean-QIT\\.lake\\build\\lib\\lean\\QIT\\Measurements\\Naimark.olean -i C:\\lean\\libs\\Lean-QIT\\.lake\\build\\lib\\lean\\QIT\\Measurements\\Naimark.ilean -c C:\\lean\\libs\\Lean-QIT\\.lake\\build\\ir\\QIT\\Measurements\\Naimark.c --setup C:\\lean\\libs\\Lean-QIT\\.lake\\build\\ir\\QIT\\Measurements\\Naimark.setup.json --json",
   "level": "trace"}],
 "inputs":
 [["deps",
   [["QIT/QIT:extraDep", [["@QIT:extraDep", "00000000000006bb"]]],
    ["imports",
     [["QIT.Core.POVMProbability transitive imports (public)",
       "f7d0575f5b55265d"],
      ["QIT.Core.POVMProbability:importArts", "7542a47d8cf3b4f8"],
      ["QIT.Measurements.Projective transitive imports (public)",
       "dea711cf278204c0"],
      ["QIT.Measurements.Projective:importArts", "aa2959a45fbdd2ea"],
      ["QIT.States.PosSqrt transitive imports (public)", "05e32ac2ac38785f"],
      ["QIT.States.PosSqrt:importArts", "f95d943b09afbc2c"],
      ["QIT.States.Purification.GramFactorization transitive imports (public)",
       "4ff834d277d65c28"],
      ["QIT.States.Purification.GramFactorization:importArts",
       "4ba0a2bd6011ce71"]]]]],
  ["libs",
   [["import dynlibs", "00000000000006bb"],
    ["package external libraries", "00000000000006bb"],
    ["module dynlibs", "00000000000006bb"],
    ["module plugins", "00000000000006bb"]]],
  ["Lean 4.34.0, commit 3447a668783dbce1a8fdb97101dd067687b2b418",
   "421484e3e0c70198"],
  ["C:\\lean\\libs\\Lean-QIT\\QIT\\Measurements\\Naimark.lean",
   "f6cbb4194ef501c2"],
  ["options", "00000000000006bb"],
  ["isModule: true", "760fcc16989f4b9b"],
  ["Module.name: QIT.Measurements.Naimark", "3daaa4f09182f6a3"],
  ["Package.id?: (some QIT)", "07d8d7419f989369"],
  ["Module.leanArgs: #[-DautoImplicit=false, -Dbackward.isDefEq.respectTransparency=false]",
   "1e046d1e40f8a855"]],
 "depHash": "44428ffa422b37c8"}