{"synthetic": false,
 "schemaVersion": "2025-09-10",
 "outputs":
 {"rs": "46bb65c7596d3297.ir.sig",
  "r": "89c69c3878539170.ir",
  "o":
  ["42b8134e48b83c37.olean",
   "c1e8a7eb08924ef1.olean.server",
   "d92f3d07b54d7e9b.olean.private"],
  "m": true,
  "i": "c5677f3a319405df.ilean",
  "c": "9ba81eecb5cb6ad5.c"},
 "log":
 [{"message":
   ".> LEAN_PATH=C:\\lean\\mathlib4\\.lake\\packages\\Cli\\.lake\\build\\lib\\lean;C:\\lean\\mathlib4\\.lake\\packages\\batteries\\.lake\\build\\lib\\lean;C:\\lean\\mathlib4\\.lake\\packages\\Qq\\.lake\\build\\lib\\lean;C:\\lean\\mathlib4\\.lake\\packages\\aesop\\.lake\\build\\lib\\lean;C:\\lean\\mathlib4\\.lake\\packages\\proofwidgets\\.lake\\build\\lib\\lean;C:\\lean\\mathlib4\\.lake\\packages\\importGraph\\.lake\\build\\lib\\lean;C:\\lean\\mathlib4\\.lake\\packages\\LeanSearchClient\\.lake\\build\\lib\\lean;C:\\lean\\mathlib4\\.lake\\packages\\plausible\\.lake\\build\\lib\\lean;C:\\lean\\mathlib4\\.lake\\build\\lib\\lean;C:\\lean\\libs\\Lean-QIT\\.lake\\build\\lib\\lean c:\\Users\\Administrator\\.elan\\toolchains\\leanprover--lean4---v4.34.0-rc1\\bin\\lean.exe -DautoImplicit=false -Dbackward.isDefEq.respectTransparency=false C:\\lean\\libs\\Lean-QIT\\QIT\\Measurements\\SquareRootMeasurement.lean -o C:\\lean\\libs\\Lean-QIT\\.lake\\build\\lib\\lean\\QIT\\Measurements\\SquareRootMeasurement.olean -i C:\\lean\\libs\\Lean-QIT\\.lake\\build\\lib\\lean\\QIT\\Measurements\\SquareRootMeasurement.ilean -c C:\\lean\\libs\\Lean-QIT\\.lake\\build\\ir\\QIT\\Measurements\\SquareRootMeasurement.c --setup C:\\lean\\libs\\Lean-QIT\\.lake\\build\\ir\\QIT\\Measurements\\SquareRootMeasurement.setup.json --json",
   "level": "trace"}],
 "inputs":
 [["deps",
   [["QIT/QIT:extraDep", [["@QIT:extraDep", "00000000000006bb"]]],
    ["imports",
     [["QIT.Core.Measurement transitive imports (public)", "c483eeb52c3bc8be"],
      ["QIT.Core.Measurement:importArts", "0c2623c13887175c"],
      ["QIT.States.PosSqrt transitive imports (public)", "05e32ac2ac38785f"],
      ["QIT.States.PosSqrt:importArts", "f95d943b09afbc2c"]]]]],
  ["libs",
   [["import dynlibs", "00000000000006bb"],
    ["package external libraries", "00000000000006bb"],
    ["module dynlibs", "00000000000006bb"],
    ["module plugins", "00000000000006bb"]]],
  ["Lean 4.34.0, commit 3447a668783dbce1a8fdb97101dd067687b2b418",
   "421484e3e0c70198"],
  ["C:\\lean\\libs\\Lean-QIT\\QIT\\Measurements\\SquareRootMeasurement.lean",
   "2c40a5529954e95b"],
  ["options", "00000000000006bb"],
  ["isModule: true", "760fcc16989f4b9b"],
  ["Module.name: QIT.Measurements.SquareRootMeasurement", "5f3c0171244c8559"],
  ["Package.id?: (some QIT)", "07d8d7419f989369"],
  ["Module.leanArgs: #[-DautoImplicit=false, -Dbackward.isDefEq.respectTransparency=false]",
   "1e046d1e40f8a855"]],
 "depHash": "3a9fe35aae0fec3a"}