{"synthetic": false,
 "schemaVersion": "2025-09-10",
 "outputs":
 {"rs": "63123f83f20aeccf.ir.sig",
  "r": "4c1b95ed9c112515.ir",
  "o":
  ["33823b156f9fcb4e.olean",
   "ce4775c0846b2387.olean.server",
   "f8937fbc150a69a3.olean.private"],
  "m": true,
  "i": "3e4106b1e5d75614.ilean",
  "c": "559dbf9e4f22c281.c"},
 "log":
 [{"message":
   ".> LEAN_PATH=C:\\lean\\mathlib4\\.lake\\packages\\Cli\\.lake\\build\\lib\\lean;C:\\lean\\mathlib4\\.lake\\packages\\batteries\\.lake\\build\\lib\\lean;C:\\lean\\mathlib4\\.lake\\packages\\Qq\\.lake\\build\\lib\\lean;C:\\lean\\mathlib4\\.lake\\packages\\aesop\\.lake\\build\\lib\\lean;C:\\lean\\mathlib4\\.lake\\packages\\proofwidgets\\.lake\\build\\lib\\lean;C:\\lean\\mathlib4\\.lake\\packages\\importGraph\\.lake\\build\\lib\\lean;C:\\lean\\mathlib4\\.lake\\packages\\LeanSearchClient\\.lake\\build\\lib\\lean;C:\\lean\\mathlib4\\.lake\\packages\\plausible\\.lake\\build\\lib\\lean;C:\\lean\\mathlib4\\.lake\\build\\lib\\lean;C:\\lean\\libs\\Lean-QIT\\.lake\\build\\lib\\lean c:\\Users\\Administrator\\.elan\\toolchains\\leanprover--lean4---v4.34.0-rc1\\bin\\lean.exe -DautoImplicit=false -Dbackward.isDefEq.respectTransparency=false C:\\lean\\libs\\Lean-QIT\\QIT\\Measurements\\Support.lean -o C:\\lean\\libs\\Lean-QIT\\.lake\\build\\lib\\lean\\QIT\\Measurements\\Support.olean -i C:\\lean\\libs\\Lean-QIT\\.lake\\build\\lib\\lean\\QIT\\Measurements\\Support.ilean -c C:\\lean\\libs\\Lean-QIT\\.lake\\build\\ir\\QIT\\Measurements\\Support.c --setup C:\\lean\\libs\\Lean-QIT\\.lake\\build\\ir\\QIT\\Measurements\\Support.setup.json --json",
   "level": "trace"}],
 "inputs":
 [["deps",
   [["QIT/QIT:extraDep", [["@QIT:extraDep", "00000000000006bb"]]],
    ["imports",
     [["QIT.Core.State transitive imports (public)", "81d9312d467bbba2"],
      ["QIT.Core.State:importArts", "6ca6c3b0fa26882a"],
      ["Mathlib.Analysis.InnerProductSpace.PiL2 transitive imports (public)",
       "a55bdc01a0dde5a8"],
      ["Mathlib.Analysis.InnerProductSpace.PiL2:importArts",
       "48adcc0d6a462566"],
      ["Mathlib.Analysis.InnerProductSpace.Projection.Submodule transitive imports (public)",
       "8f953902b600185e"],
      ["Mathlib.Analysis.InnerProductSpace.Projection.Submodule:importArts",
       "ca0b1647acd621e3"]]]]],
  ["libs",
   [["import dynlibs", "00000000000006bb"],
    ["package external libraries", "00000000000006bb"],
    ["module dynlibs", "00000000000006bb"],
    ["module plugins", "00000000000006bb"]]],
  ["Lean 4.34.0, commit 3447a668783dbce1a8fdb97101dd067687b2b418",
   "421484e3e0c70198"],
  ["C:\\lean\\libs\\Lean-QIT\\QIT\\Measurements\\Support.lean",
   "0e7161a6e6d6ec83"],
  ["options", "00000000000006bb"],
  ["isModule: true", "760fcc16989f4b9b"],
  ["Module.name: QIT.Measurements.Support", "ed64949e9b5c1059"],
  ["Package.id?: (some QIT)", "07d8d7419f989369"],
  ["Module.leanArgs: #[-DautoImplicit=false, -Dbackward.isDefEq.respectTransparency=false]",
   "1e046d1e40f8a855"]],
 "depHash": "31ed9a28042f79a8"}