{"synthetic": false,
 "schemaVersion": "2025-09-10",
 "outputs":
 {"rs": "cc0c8c695c674362.ir.sig",
  "r": "80933412f2ad2463.ir",
  "o":
  ["f58c0e8c3298ac31.olean",
   "dfd5f8a62fbd7ed5.olean.server",
   "c4220514757e052b.olean.private"],
  "m": true,
  "i": "62b0667bc313e360.ilean",
  "c": "8e6d8b0b1a7d7455.c"},
 "log":
 [{"message":
   ".> LEAN_PATH=C:\\lean\\mathlib4\\.lake\\packages\\Cli\\.lake\\build\\lib\\lean;C:\\lean\\mathlib4\\.lake\\packages\\batteries\\.lake\\build\\lib\\lean;C:\\lean\\mathlib4\\.lake\\packages\\Qq\\.lake\\build\\lib\\lean;C:\\lean\\mathlib4\\.lake\\packages\\aesop\\.lake\\build\\lib\\lean;C:\\lean\\mathlib4\\.lake\\packages\\proofwidgets\\.lake\\build\\lib\\lean;C:\\lean\\mathlib4\\.lake\\packages\\importGraph\\.lake\\build\\lib\\lean;C:\\lean\\mathlib4\\.lake\\packages\\LeanSearchClient\\.lake\\build\\lib\\lean;C:\\lean\\mathlib4\\.lake\\packages\\plausible\\.lake\\build\\lib\\lean;C:\\lean\\mathlib4\\.lake\\build\\lib\\lean;C:\\lean\\libs\\Lean-QIT\\.lake\\build\\lib\\lean c:\\Users\\Administrator\\.elan\\toolchains\\leanprover--lean4---v4.34.0-rc1\\bin\\lean.exe -DautoImplicit=false -Dbackward.isDefEq.respectTransparency=false C:\\lean\\libs\\Lean-QIT\\QIT.lean -o C:\\lean\\libs\\Lean-QIT\\.lake\\build\\lib\\lean\\QIT.olean -i C:\\lean\\libs\\Lean-QIT\\.lake\\build\\lib\\lean\\QIT.ilean -c C:\\lean\\libs\\Lean-QIT\\.lake\\build\\ir\\QIT.c --setup C:\\lean\\libs\\Lean-QIT\\.lake\\build\\ir\\QIT.setup.json --json",
   "level": "trace"}],
 "inputs":
 [["deps",
   [["QIT/QIT:extraDep", [["@QIT:extraDep", "00000000000006bb"]]],
    ["imports",
     [["QIT.Init transitive imports (public)", "b3912df6123c3b27"],
      ["QIT.Init:importArts", "4714ba6cf987f86c"],
      ["QIT.Util transitive imports (public)", "c17716c973065f7a"],
      ["QIT.Util:importArts", "b65349ab60beb835"],
      ["QIT.Core transitive imports (public)", "0892ca35d20ce40f"],
      ["QIT.Core:importArts", "da717bde53acd307"],
      ["QIT.States transitive imports (public)", "9836502f53e0da44"],
      ["QIT.States:importArts", "6062f53b16c5fb49"],
      ["QIT.Channels transitive imports (public)", "7e5a182d45ef2af3"],
      ["QIT.Channels:importArts", "b34f23fa2baaf595"],
      ["QIT.Measurements transitive imports (public)", "079c8a8a951375a0"],
      ["QIT.Measurements:importArts", "232a359c29e64eb9"],
      ["QIT.Classical transitive imports (public)", "678a70b46c1d94d4"],
      ["QIT.Classical:importArts", "08172aa876ab4f67"],
      ["QIT.Information transitive imports (public)", "daf08765911558aa"],
      ["QIT.Information:importArts", "0f4419b9878d8912"],
      ["QIT.OneShot transitive imports (public)", "f5f9bff2f9c6d9c9"],
      ["QIT.OneShot:importArts", "8c926451f2533d5d"],
      ["QIT.HypothesisTesting transitive imports (public)", "f7c0807c29353d4a"],
      ["QIT.HypothesisTesting:importArts", "d23002f6ef7129d0"],
      ["QIT.Asymptotic transitive imports (public)", "c8a98b162816fbd3"],
      ["QIT.Asymptotic:importArts", "9d97db5ecf5b3321"],
      ["QIT.Symmetry transitive imports (public)", "90bd145aa091b0bd"],
      ["QIT.Symmetry:importArts", "7d050dec44adeecf"],
      ["QIT.Coding transitive imports (public)", "23801c94d134b14c"],
      ["QIT.Coding:importArts", "e30b72b23f99fc3a"],
      ["QIT.Protocols transitive imports (public)", "341e020be9a426a9"],
      ["QIT.Protocols:importArts", "6c6e9942e109b119"],
      ["QIT.Security transitive imports (public)", "3273c4f6743116fa"],
      ["QIT.Security:importArts", "ace6fc1fb9cdb25d"],
      ["QIT.Entanglement transitive imports (public)", "ad61fdaec5505ff9"],
      ["QIT.Entanglement:importArts", "e6b4f6c536afcd0e"],
      ["QIT.Nonlocality transitive imports (public)", "e1ad47154773fab1"],
      ["QIT.Nonlocality:importArts", "207381806f5e6e0e"]]]]],
  ["libs",
   [["import dynlibs", "00000000000006bb"],
    ["package external libraries", "00000000000006bb"],
    ["module dynlibs", "00000000000006bb"],
    ["module plugins", "00000000000006bb"]]],
  ["Lean 4.34.0, commit 3447a668783dbce1a8fdb97101dd067687b2b418",
   "421484e3e0c70198"],
  ["C:\\lean\\libs\\Lean-QIT\\QIT.lean", "92bd7fe6453cdea0"],
  ["options", "00000000000006bb"],
  ["isModule: true", "760fcc16989f4b9b"],
  ["Module.name: QIT", "c9db70e366b0fc7f"],
  ["Package.id?: (some QIT)", "07d8d7419f989369"],
  ["Module.leanArgs: #[-DautoImplicit=false, -Dbackward.isDefEq.respectTransparency=false]",
   "1e046d1e40f8a855"]],
 "depHash": "d9017426eb237c7a"}