{"synthetic": false,
 "schemaVersion": "2025-09-10",
 "outputs":
 {"rs": "905706f2bc36d936.ir.sig",
  "r": "ba7bd7dd7fffccba.ir",
  "o":
  ["42ad2598bb2b8224.olean",
   "04318b8f2034d48f.olean.server",
   "7cb67d1a8224d4a1.olean.private"],
  "m": true,
  "i": "c652bb6d0811f5aa.ilean",
  "c": "367a1f8d0e8a4d2f.c"},
 "log":
 [{"message":
   ".> LEAN_PATH=C:\\lean\\mathlib4\\.lake\\packages\\Cli\\.lake\\build\\lib\\lean;C:\\lean\\mathlib4\\.lake\\packages\\batteries\\.lake\\build\\lib\\lean;C:\\lean\\mathlib4\\.lake\\packages\\Qq\\.lake\\build\\lib\\lean;C:\\lean\\mathlib4\\.lake\\packages\\aesop\\.lake\\build\\lib\\lean;C:\\lean\\mathlib4\\.lake\\packages\\proofwidgets\\.lake\\build\\lib\\lean;C:\\lean\\mathlib4\\.lake\\packages\\importGraph\\.lake\\build\\lib\\lean;C:\\lean\\mathlib4\\.lake\\packages\\LeanSearchClient\\.lake\\build\\lib\\lean;C:\\lean\\mathlib4\\.lake\\packages\\plausible\\.lake\\build\\lib\\lean;C:\\lean\\mathlib4\\.lake\\build\\lib\\lean;C:\\lean\\libs\\Lean-QIT\\.lake\\build\\lib\\lean c:\\Users\\Administrator\\.elan\\toolchains\\leanprover--lean4---v4.34.0-rc1\\bin\\lean.exe -DautoImplicit=false -Dbackward.isDefEq.respectTransparency=false C:\\lean\\libs\\Lean-QIT\\QIT\\Coding\\EntanglementAssisted\\Renyi\\Sandwiched\\CBNorm\\ComplementBridge.lean -o C:\\lean\\libs\\Lean-QIT\\.lake\\build\\lib\\lean\\QIT\\Coding\\EntanglementAssisted\\Renyi\\Sandwiched\\CBNorm\\ComplementBridge.olean -i C:\\lean\\libs\\Lean-QIT\\.lake\\build\\lib\\lean\\QIT\\Coding\\EntanglementAssisted\\Renyi\\Sandwiched\\CBNorm\\ComplementBridge.ilean -c C:\\lean\\libs\\Lean-QIT\\.lake\\build\\ir\\QIT\\Coding\\EntanglementAssisted\\Renyi\\Sandwiched\\CBNorm\\ComplementBridge.c --setup C:\\lean\\libs\\Lean-QIT\\.lake\\build\\ir\\QIT\\Coding\\EntanglementAssisted\\Renyi\\Sandwiched\\CBNorm\\ComplementBridge.setup.json --json",
   "level": "trace"}],
 "inputs":
 [["deps",
   [["QIT/QIT:extraDep", [["@QIT:extraDep", "00000000000006bb"]]],
    ["imports",
     [["QIT.Coding.EntanglementAssisted.Renyi.Sandwiched.CBNorm.Induced transitive imports (public)",
       "9f613690977ebef7"],
      ["QIT.Coding.EntanglementAssisted.Renyi.Sandwiched.CBNorm.Induced:importArts",
       "6eb527ab97635edf"],
      ["QIT.Coding.EntanglementAssisted.Renyi.Sandwiched.CBNorm.Complement transitive imports (public)",
       "d8edebbcef53c19b"],
      ["QIT.Coding.EntanglementAssisted.Renyi.Sandwiched.CBNorm.Complement:importArts",
       "65d976fbc6fea39d"],
      ["QIT.States.Purification.Schatten transitive imports (public)",
       "17778bf37b0ed555"],
      ["QIT.States.Purification.Schatten:importArts", "3bbe55b44f25fcef"],
      ["QIT.Information.Renyi.FrankLieb.Variational transitive imports (public)",
       "18fb5917685d36b9"],
      ["QIT.Information.Renyi.FrankLieb.Variational:importArts",
       "ecff234543142465"]]]]],
  ["libs",
   [["import dynlibs", "00000000000006bb"],
    ["package external libraries", "00000000000006bb"],
    ["module dynlibs", "00000000000006bb"],
    ["module plugins", "00000000000006bb"]]],
  ["Lean 4.34.0, commit 3447a668783dbce1a8fdb97101dd067687b2b418",
   "421484e3e0c70198"],
  ["C:\\lean\\libs\\Lean-QIT\\QIT\\Coding\\EntanglementAssisted\\Renyi\\Sandwiched\\CBNorm\\ComplementBridge.lean",
   "ef2cb747cc145f08"],
  ["options", "00000000000006bb"],
  ["isModule: true", "760fcc16989f4b9b"],
  ["Module.name: QIT.Coding.EntanglementAssisted.Renyi.Sandwiched.CBNorm.ComplementBridge",
   "790b657949321a71"],
  ["Package.id?: (some QIT)", "07d8d7419f989369"],
  ["Module.leanArgs: #[-DautoImplicit=false, -Dbackward.isDefEq.respectTransparency=false]",
   "1e046d1e40f8a855"]],
 "depHash": "8888d6b59d7f9dc3"}