{"synthetic": false,
 "schemaVersion": "2025-09-10",
 "outputs":
 {"rs": "e5fb7c721f76d0c4.ir.sig",
  "r": "d7a7d948befde869.ir",
  "o":
  ["dce7740990872a75.olean",
   "18777e22a50dc926.olean.server",
   "d22a4d3d3bb4a0f3.olean.private"],
  "m": true,
  "i": "b9ee689b5650d923.ilean",
  "c": "2d0e4664be1a4fa1.c"},
 "log":
 [{"message":
   ".> LEAN_PATH=C:\\lean\\mathlib4\\.lake\\packages\\Cli\\.lake\\build\\lib\\lean;C:\\lean\\mathlib4\\.lake\\packages\\batteries\\.lake\\build\\lib\\lean;C:\\lean\\mathlib4\\.lake\\packages\\Qq\\.lake\\build\\lib\\lean;C:\\lean\\mathlib4\\.lake\\packages\\aesop\\.lake\\build\\lib\\lean;C:\\lean\\mathlib4\\.lake\\packages\\proofwidgets\\.lake\\build\\lib\\lean;C:\\lean\\mathlib4\\.lake\\packages\\importGraph\\.lake\\build\\lib\\lean;C:\\lean\\mathlib4\\.lake\\packages\\LeanSearchClient\\.lake\\build\\lib\\lean;C:\\lean\\mathlib4\\.lake\\packages\\plausible\\.lake\\build\\lib\\lean;C:\\lean\\mathlib4\\.lake\\build\\lib\\lean;C:\\lean\\libs\\Lean-QIT\\.lake\\build\\lib\\lean c:\\Users\\Administrator\\.elan\\toolchains\\leanprover--lean4---v4.34.0-rc1\\bin\\lean.exe -DautoImplicit=false -Dbackward.isDefEq.respectTransparency=false C:\\lean\\libs\\Lean-QIT\\QIT\\Coding\\EntanglementAssisted\\Renyi\\Sandwiched\\CBNorm\\Product.lean -o C:\\lean\\libs\\Lean-QIT\\.lake\\build\\lib\\lean\\QIT\\Coding\\EntanglementAssisted\\Renyi\\Sandwiched\\CBNorm\\Product.olean -i C:\\lean\\libs\\Lean-QIT\\.lake\\build\\lib\\lean\\QIT\\Coding\\EntanglementAssisted\\Renyi\\Sandwiched\\CBNorm\\Product.ilean -c C:\\lean\\libs\\Lean-QIT\\.lake\\build\\ir\\QIT\\Coding\\EntanglementAssisted\\Renyi\\Sandwiched\\CBNorm\\Product.c --setup C:\\lean\\libs\\Lean-QIT\\.lake\\build\\ir\\QIT\\Coding\\EntanglementAssisted\\Renyi\\Sandwiched\\CBNorm\\Product.setup.json --json",
   "level": "trace"}],
 "inputs":
 [["deps",
   [["QIT/QIT:extraDep", [["@QIT:extraDep", "00000000000006bb"]]],
    ["imports",
     [["QIT.Coding.EntanglementAssisted.Renyi.Sandwiched.CBNorm.Collapse.RightIdentity transitive imports (public)",
       "010dc00511ab3ed4"],
      ["QIT.Coding.EntanglementAssisted.Renyi.Sandwiched.CBNorm.Collapse.RightIdentity:importArts",
       "724b9e62a794f413"],
      ["QIT.Coding.EntanglementAssisted.Renyi.Sandwiched.CBNorm.ComplementBridge transitive imports (public)",
       "a9041bb00e5abaa6"],
      ["QIT.Coding.EntanglementAssisted.Renyi.Sandwiched.CBNorm.ComplementBridge:importArts",
       "c35c9ea4a809aa28"]]]]],
  ["libs",
   [["import dynlibs", "00000000000006bb"],
    ["package external libraries", "00000000000006bb"],
    ["module dynlibs", "00000000000006bb"],
    ["module plugins", "00000000000006bb"]]],
  ["Lean 4.34.0, commit 3447a668783dbce1a8fdb97101dd067687b2b418",
   "421484e3e0c70198"],
  ["C:\\lean\\libs\\Lean-QIT\\QIT\\Coding\\EntanglementAssisted\\Renyi\\Sandwiched\\CBNorm\\Product.lean",
   "2e41e1b8dbb2813a"],
  ["options", "00000000000006bb"],
  ["isModule: true", "760fcc16989f4b9b"],
  ["Module.name: QIT.Coding.EntanglementAssisted.Renyi.Sandwiched.CBNorm.Product",
   "8250688833de6fc2"],
  ["Package.id?: (some QIT)", "07d8d7419f989369"],
  ["Module.leanArgs: #[-DautoImplicit=false, -Dbackward.isDefEq.respectTransparency=false]",
   "1e046d1e40f8a855"]],
 "depHash": "43eeac1f58b8d3ce"}