{"synthetic": false,
 "schemaVersion": "2025-09-10",
 "outputs":
 {"rs": "c916d516096cab0b.ir.sig",
  "r": "c78ae1f28e3cae85.ir",
  "o":
  ["186bccec30f7c56c.olean",
   "93a3ab5b10150baf.olean.server",
   "0756a501a5f9b467.olean.private"],
  "m": true,
  "i": "621518d828dd3490.ilean",
  "c": "4ef9ff7493e572ba.c"},
 "log":
 [{"message":
   ".> LEAN_PATH=C:\\lean\\mathlib4\\.lake\\packages\\Cli\\.lake\\build\\lib\\lean;C:\\lean\\mathlib4\\.lake\\packages\\batteries\\.lake\\build\\lib\\lean;C:\\lean\\mathlib4\\.lake\\packages\\Qq\\.lake\\build\\lib\\lean;C:\\lean\\mathlib4\\.lake\\packages\\aesop\\.lake\\build\\lib\\lean;C:\\lean\\mathlib4\\.lake\\packages\\proofwidgets\\.lake\\build\\lib\\lean;C:\\lean\\mathlib4\\.lake\\packages\\importGraph\\.lake\\build\\lib\\lean;C:\\lean\\mathlib4\\.lake\\packages\\LeanSearchClient\\.lake\\build\\lib\\lean;C:\\lean\\mathlib4\\.lake\\packages\\plausible\\.lake\\build\\lib\\lean;C:\\lean\\mathlib4\\.lake\\build\\lib\\lean;C:\\lean\\libs\\Lean-QIT\\.lake\\build\\lib\\lean c:\\Users\\Administrator\\.elan\\toolchains\\leanprover--lean4---v4.34.0-rc1\\bin\\lean.exe -DautoImplicit=false -Dbackward.isDefEq.respectTransparency=false C:\\lean\\libs\\Lean-QIT\\QIT\\States\\TraceNorm\\Audenaert.lean -o C:\\lean\\libs\\Lean-QIT\\.lake\\build\\lib\\lean\\QIT\\States\\TraceNorm\\Audenaert.olean -i C:\\lean\\libs\\Lean-QIT\\.lake\\build\\lib\\lean\\QIT\\States\\TraceNorm\\Audenaert.ilean -c C:\\lean\\libs\\Lean-QIT\\.lake\\build\\ir\\QIT\\States\\TraceNorm\\Audenaert.c --setup C:\\lean\\libs\\Lean-QIT\\.lake\\build\\ir\\QIT\\States\\TraceNorm\\Audenaert.setup.json --json",
   "level": "trace"}],
 "inputs":
 [["deps",
   [["QIT/QIT:extraDep", [["@QIT:extraDep", "00000000000006bb"]]],
    ["imports",
     [["QIT.Util.Matrix transitive imports (public)", "6d1c32c224f4149b"],
      ["QIT.Util.Matrix:importArts", "a1af509f387b0fae"],
      ["QIT.Util.SDP.HermitianPSDTraceDuality transitive imports (public)",
       "2833af4f98f60895"],
      ["QIT.Util.SDP.HermitianPSDTraceDuality:importArts", "dc8809179411f645"],
      ["QIT.States.TraceNorm.PositivePartBlock transitive imports (public)",
       "5b76dc642026d232"],
      ["QIT.States.TraceNorm.PositivePartBlock:importArts", "7da995df6cd9e653"],
      ["Mathlib.Analysis.CStarAlgebra.Basic transitive imports (public)",
       "ac1ee3b7068e80ed"],
      ["Mathlib.Analysis.CStarAlgebra.Basic:importArts", "37d180d5c802bf36"],
      ["Mathlib.Analysis.CStarAlgebra.Matrix transitive imports (public)",
       "45e2adb3868dfdc9"],
      ["Mathlib.Analysis.CStarAlgebra.Matrix:importArts", "673875de75f5cfcb"],
      ["Mathlib.Analysis.Calculus.Deriv.Mul transitive imports (public)",
       "8b3dccef0a26ab4c"],
      ["Mathlib.Analysis.Calculus.Deriv.Mul:importArts", "8ecacfbfe6698c5d"],
      ["Mathlib.Analysis.Calculus.FDeriv.Mul transitive imports (public)",
       "b7ce8519d9e492c4"],
      ["Mathlib.Analysis.Calculus.FDeriv.Mul:importArts", "ba4767a1b49c4f50"],
      ["Mathlib.Analysis.Matrix.Order transitive imports (public)",
       "21996938c2ae3a91"],
      ["Mathlib.Analysis.Matrix.Order:importArts", "5609cbc977b857eb"],
      ["Mathlib.Analysis.Normed.Group.Continuity transitive imports (public)",
       "4e5e41655eaf20b1"],
      ["Mathlib.Analysis.Normed.Group.Continuity:importArts",
       "8647e7e1a9758eec"],
      ["Mathlib.Analysis.SpecialFunctions.ContinuousFunctionalCalculus.Rpow.IntegralRepresentation transitive imports (public)",
       "57eb03453bf9f73b"],
      ["Mathlib.Analysis.SpecialFunctions.ContinuousFunctionalCalculus.Rpow.IntegralRepresentation:importArts",
       "09162ad0a5488bac"],
      ["Mathlib.LinearAlgebra.Matrix.NonsingularInverse transitive imports (public)",
       "1acc73bf5573d796"],
      ["Mathlib.LinearAlgebra.Matrix.NonsingularInverse:importArts",
       "2fb5d30a6f1755f5"],
      ["Mathlib.MeasureTheory.Integral.Bochner.Basic transitive imports (public)",
       "b7d1acb69818ad11"],
      ["Mathlib.MeasureTheory.Integral.Bochner.Basic:importArts",
       "dea15e04c3253ae6"],
      ["Mathlib.MeasureTheory.Integral.IntervalIntegral.FundThmCalculus transitive imports (public)",
       "9fcbafa03a8db2f6"],
      ["Mathlib.MeasureTheory.Integral.IntervalIntegral.FundThmCalculus:importArts",
       "c0b5157f2be83310"],
      ["Mathlib.Topology.Algebra.Module.FiniteDimension transitive imports (public)",
       "2dfd3a2454d54136"],
      ["Mathlib.Topology.Algebra.Module.FiniteDimension:importArts",
       "5949502fcbf8ee2b"]]]]],
  ["libs",
   [["import dynlibs", "00000000000006bb"],
    ["package external libraries", "00000000000006bb"],
    ["module dynlibs", "00000000000006bb"],
    ["module plugins", "00000000000006bb"]]],
  ["Lean 4.34.0, commit 3447a668783dbce1a8fdb97101dd067687b2b418",
   "421484e3e0c70198"],
  ["C:\\lean\\libs\\Lean-QIT\\QIT\\States\\TraceNorm\\Audenaert.lean",
   "c2c532b4f6d1506b"],
  ["options", "00000000000006bb"],
  ["isModule: true", "760fcc16989f4b9b"],
  ["Module.name: QIT.States.TraceNorm.Audenaert", "f68a9c0a48813381"],
  ["Package.id?: (some QIT)", "07d8d7419f989369"],
  ["Module.leanArgs: #[-DautoImplicit=false, -Dbackward.isDefEq.respectTransparency=false]",
   "1e046d1e40f8a855"]],
 "depHash": "0983b40288cd9565"}