{"synthetic": false,
 "schemaVersion": "2025-09-10",
 "outputs":
 {"rs": "a7671cdc3db38bff.ir.sig",
  "r": "367719e9add24722.ir",
  "o":
  ["933c8fd8a2be8a3e.olean",
   "18dcf0bba705ecc2.olean.server",
   "d44a90ed655a754c.olean.private"],
  "m": true,
  "i": "e0d032942bcccc61.ilean",
  "c": "8236ef16b0f6d7e3.c"},
 "log":
 [{"message":
   ".> LEAN_PATH=C:\\lean\\mathlib4\\.lake\\packages\\Cli\\.lake\\build\\lib\\lean;C:\\lean\\mathlib4\\.lake\\packages\\batteries\\.lake\\build\\lib\\lean;C:\\lean\\mathlib4\\.lake\\packages\\Qq\\.lake\\build\\lib\\lean;C:\\lean\\mathlib4\\.lake\\packages\\aesop\\.lake\\build\\lib\\lean;C:\\lean\\mathlib4\\.lake\\packages\\proofwidgets\\.lake\\build\\lib\\lean;C:\\lean\\mathlib4\\.lake\\packages\\importGraph\\.lake\\build\\lib\\lean;C:\\lean\\mathlib4\\.lake\\packages\\LeanSearchClient\\.lake\\build\\lib\\lean;C:\\lean\\mathlib4\\.lake\\packages\\plausible\\.lake\\build\\lib\\lean;C:\\lean\\mathlib4\\.lake\\build\\lib\\lean;C:\\lean\\libs\\Lean-QIT\\.lake\\build\\lib\\lean c:\\Users\\Administrator\\.elan\\toolchains\\leanprover--lean4---v4.34.0-rc1\\bin\\lean.exe -DautoImplicit=false -Dbackward.isDefEq.respectTransparency=false C:\\lean\\libs\\Lean-QIT\\QIT\\States\\TraceNorm\\Distance.lean -o C:\\lean\\libs\\Lean-QIT\\.lake\\build\\lib\\lean\\QIT\\States\\TraceNorm\\Distance.olean -i C:\\lean\\libs\\Lean-QIT\\.lake\\build\\lib\\lean\\QIT\\States\\TraceNorm\\Distance.ilean -c C:\\lean\\libs\\Lean-QIT\\.lake\\build\\ir\\QIT\\States\\TraceNorm\\Distance.c --setup C:\\lean\\libs\\Lean-QIT\\.lake\\build\\ir\\QIT\\States\\TraceNorm\\Distance.setup.json --json",
   "level": "trace"}],
 "inputs":
 [["deps",
   [["QIT/QIT:extraDep", [["@QIT:extraDep", "00000000000006bb"]]],
    ["imports",
     [["QIT.States.PosSqrt transitive imports (public)", "05e32ac2ac38785f"],
      ["QIT.States.PosSqrt:importArts", "f95d943b09afbc2c"],
      ["Mathlib.Analysis.CStarAlgebra.Classes transitive imports (public)",
       "90d10b644255df58"],
      ["Mathlib.Analysis.CStarAlgebra.Classes:importArts", "0f8a3ff33185fca4"],
      ["Mathlib.Analysis.CStarAlgebra.ContinuousFunctionalCalculus.Basic transitive imports (public)",
       "29b577e95f2fee1a"],
      ["Mathlib.Analysis.CStarAlgebra.ContinuousFunctionalCalculus.Basic:importArts",
       "6924ef7a9d7c42ff"],
      ["Mathlib.Analysis.CStarAlgebra.ContinuousFunctionalCalculus.Continuity transitive imports (public)",
       "afbf9d0f456e71db"],
      ["Mathlib.Analysis.CStarAlgebra.ContinuousFunctionalCalculus.Continuity:importArts",
       "fe7f4b75c5eb6f43"],
      ["Mathlib.Analysis.CStarAlgebra.ContinuousFunctionalCalculus.Instances transitive imports (public)",
       "14937ad39f581a05"],
      ["Mathlib.Analysis.CStarAlgebra.ContinuousFunctionalCalculus.Instances:importArts",
       "7b05583de17f6822"],
      ["Mathlib.Analysis.CStarAlgebra.Matrix transitive imports (public)",
       "45e2adb3868dfdc9"],
      ["Mathlib.Analysis.CStarAlgebra.Matrix:importArts", "673875de75f5cfcb"],
      ["Mathlib.Analysis.SpecialFunctions.ContinuousFunctionalCalculus.Rpow.Isometric transitive imports (public)",
       "2cc43f1ab4b399ee"],
      ["Mathlib.Analysis.SpecialFunctions.ContinuousFunctionalCalculus.Rpow.Isometric:importArts",
       "d9de26afb3f1d6f2"],
      ["Mathlib.Topology.Instances.Matrix transitive imports (public)",
       "f995cbf1e08b59b9"],
      ["Mathlib.Topology.Instances.Matrix:importArts", "4314cf2d2b1a8b7b"]]]]],
  ["libs",
   [["import dynlibs", "00000000000006bb"],
    ["package external libraries", "00000000000006bb"],
    ["module dynlibs", "00000000000006bb"],
    ["module plugins", "00000000000006bb"]]],
  ["Lean 4.34.0, commit 3447a668783dbce1a8fdb97101dd067687b2b418",
   "421484e3e0c70198"],
  ["C:\\lean\\libs\\Lean-QIT\\QIT\\States\\TraceNorm\\Distance.lean",
   "ebe8a790f12d7352"],
  ["options", "00000000000006bb"],
  ["isModule: true", "760fcc16989f4b9b"],
  ["Module.name: QIT.States.TraceNorm.Distance", "c4604765afa6bb9f"],
  ["Package.id?: (some QIT)", "07d8d7419f989369"],
  ["Module.leanArgs: #[-DautoImplicit=false, -Dbackward.isDefEq.respectTransparency=false]",
   "1e046d1e40f8a855"]],
 "depHash": "6c8f6e560516bd23"}