{"synthetic": false,
 "schemaVersion": "2025-09-10",
 "outputs":
 {"rs": "65c914cd90aa05f4.ir.sig",
  "r": "e1d6575e1f46b6e8.ir",
  "o":
  ["badf4156e33414f0.olean",
   "ca3d5c0ca87be7f0.olean.server",
   "8e077893a5d87f20.olean.private"],
  "m": true,
  "i": "8105f39074c55a08.ilean",
  "c": "e942e847891496ce.c"},
 "log":
 [{"message":
   ".> LEAN_PATH=C:\\lean\\mathlib4\\.lake\\packages\\Cli\\.lake\\build\\lib\\lean;C:\\lean\\mathlib4\\.lake\\packages\\batteries\\.lake\\build\\lib\\lean;C:\\lean\\mathlib4\\.lake\\packages\\Qq\\.lake\\build\\lib\\lean;C:\\lean\\mathlib4\\.lake\\packages\\aesop\\.lake\\build\\lib\\lean;C:\\lean\\mathlib4\\.lake\\packages\\proofwidgets\\.lake\\build\\lib\\lean;C:\\lean\\mathlib4\\.lake\\packages\\importGraph\\.lake\\build\\lib\\lean;C:\\lean\\mathlib4\\.lake\\packages\\LeanSearchClient\\.lake\\build\\lib\\lean;C:\\lean\\mathlib4\\.lake\\packages\\plausible\\.lake\\build\\lib\\lean;C:\\lean\\mathlib4\\.lake\\build\\lib\\lean;C:\\lean\\libs\\Lean-QIT\\.lake\\build\\lib\\lean c:\\Users\\Administrator\\.elan\\toolchains\\leanprover--lean4---v4.34.0-rc1\\bin\\lean.exe -DautoImplicit=false -Dbackward.isDefEq.respectTransparency=false C:\\lean\\libs\\Lean-QIT\\QIT\\States\\TraceNorm\\PositivePartBlock.lean -o C:\\lean\\libs\\Lean-QIT\\.lake\\build\\lib\\lean\\QIT\\States\\TraceNorm\\PositivePartBlock.olean -i C:\\lean\\libs\\Lean-QIT\\.lake\\build\\lib\\lean\\QIT\\States\\TraceNorm\\PositivePartBlock.ilean -c C:\\lean\\libs\\Lean-QIT\\.lake\\build\\ir\\QIT\\States\\TraceNorm\\PositivePartBlock.c --setup C:\\lean\\libs\\Lean-QIT\\.lake\\build\\ir\\QIT\\States\\TraceNorm\\PositivePartBlock.setup.json --json",
   "level": "trace"}],
 "inputs":
 [["deps",
   [["QIT/QIT:extraDep", [["@QIT:extraDep", "00000000000006bb"]]],
    ["imports",
     [["QIT.States.TraceNorm.PositivePart transitive imports (public)",
       "bccd802d8ef2f5f5"],
      ["QIT.States.TraceNorm.PositivePart:importArts", "aa9f291da12d10b2"],
      ["QIT.Util.BlockMatrix transitive imports (public)", "8696f0a78820697a"],
      ["QIT.Util.BlockMatrix:importArts", "c827862322141664"]]]]],
  ["libs",
   [["import dynlibs", "00000000000006bb"],
    ["package external libraries", "00000000000006bb"],
    ["module dynlibs", "00000000000006bb"],
    ["module plugins", "00000000000006bb"]]],
  ["Lean 4.34.0, commit 3447a668783dbce1a8fdb97101dd067687b2b418",
   "421484e3e0c70198"],
  ["C:\\lean\\libs\\Lean-QIT\\QIT\\States\\TraceNorm\\PositivePartBlock.lean",
   "c12022700a891c4d"],
  ["options", "00000000000006bb"],
  ["isModule: true", "760fcc16989f4b9b"],
  ["Module.name: QIT.States.TraceNorm.PositivePartBlock", "e4965affc9bdde70"],
  ["Package.id?: (some QIT)", "07d8d7419f989369"],
  ["Module.leanArgs: #[-DautoImplicit=false, -Dbackward.isDefEq.respectTransparency=false]",
   "1e046d1e40f8a855"]],
 "depHash": "037e711120267213"}