{"synthetic": false,
 "schemaVersion": "2025-09-10",
 "outputs":
 {"rs": "566e0cd6b08a4b02.ir.sig",
  "r": "2f98743b9f54b34a.ir",
  "o":
  ["878bec84eb725928.olean",
   "6b12a7a330c4c42f.olean.server",
   "f069c07d425286ff.olean.private"],
  "m": true,
  "i": "aa2d88ce2af0e1c5.ilean",
  "c": "21127fa8e9857554.c"},
 "log":
 [{"message":
   ".> LEAN_PATH=C:\\lean\\mathlib4\\.lake\\packages\\Cli\\.lake\\build\\lib\\lean;C:\\lean\\mathlib4\\.lake\\packages\\batteries\\.lake\\build\\lib\\lean;C:\\lean\\mathlib4\\.lake\\packages\\Qq\\.lake\\build\\lib\\lean;C:\\lean\\mathlib4\\.lake\\packages\\aesop\\.lake\\build\\lib\\lean;C:\\lean\\mathlib4\\.lake\\packages\\proofwidgets\\.lake\\build\\lib\\lean;C:\\lean\\mathlib4\\.lake\\packages\\importGraph\\.lake\\build\\lib\\lean;C:\\lean\\mathlib4\\.lake\\packages\\LeanSearchClient\\.lake\\build\\lib\\lean;C:\\lean\\mathlib4\\.lake\\packages\\plausible\\.lake\\build\\lib\\lean;C:\\lean\\mathlib4\\.lake\\build\\lib\\lean;C:\\lean\\libs\\Lean-QIT\\.lake\\build\\lib\\lean c:\\Users\\Administrator\\.elan\\toolchains\\leanprover--lean4---v4.34.0-rc1\\bin\\lean.exe -DautoImplicit=false -Dbackward.isDefEq.respectTransparency=false C:\\lean\\libs\\Lean-QIT\\QIT\\States\\TraceNorm\\Spectral.lean -o C:\\lean\\libs\\Lean-QIT\\.lake\\build\\lib\\lean\\QIT\\States\\TraceNorm\\Spectral.olean -i C:\\lean\\libs\\Lean-QIT\\.lake\\build\\lib\\lean\\QIT\\States\\TraceNorm\\Spectral.ilean -c C:\\lean\\libs\\Lean-QIT\\.lake\\build\\ir\\QIT\\States\\TraceNorm\\Spectral.c --setup C:\\lean\\libs\\Lean-QIT\\.lake\\build\\ir\\QIT\\States\\TraceNorm\\Spectral.setup.json --json",
   "level": "trace"}],
 "inputs":
 [["deps",
   [["QIT/QIT:extraDep", [["@QIT:extraDep", "00000000000006bb"]]],
    ["imports",
     [["QIT.States.TraceNorm.Distance transitive imports (public)",
       "78553cbac33be9f5"],
      ["QIT.States.TraceNorm.Distance:importArts", "3876b0a690d1048c"],
      ["Mathlib.Analysis.InnerProductSpace.SingularValues transitive imports (public)",
       "d997b8283ec4ce2e"],
      ["Mathlib.Analysis.InnerProductSpace.SingularValues:importArts",
       "7c7cd39725612bf2"],
      ["Mathlib.Analysis.Matrix.HermitianFunctionalCalculus transitive imports (public)",
       "9962ca0f239faece"],
      ["Mathlib.Analysis.Matrix.HermitianFunctionalCalculus:importArts",
       "d3676c681e2c7cbf"],
      ["Mathlib.Algebra.Star.UnitaryStarAlgAut transitive imports (public)",
       "5474c390c519257a"],
      ["Mathlib.Algebra.Star.UnitaryStarAlgAut:importArts", "b4409421e088409a"],
      ["Mathlib.LinearAlgebra.Dimension.Constructions transitive imports (public)",
       "099776c020e3d1a0"],
      ["Mathlib.LinearAlgebra.Dimension.Constructions:importArts",
       "71ef722e4f179157"],
      ["Mathlib.MeasureTheory.Function.L2Space transitive imports (public)",
       "9638aa2a9b1dbaf7"],
      ["Mathlib.MeasureTheory.Function.L2Space:importArts", "86755778909c2212"],
      ["Mathlib.MeasureTheory.Integral.Average transitive imports (public)",
       "eebe1f7808f42a04"],
      ["Mathlib.MeasureTheory.Integral.Average:importArts", "b2fa904161077bcd"],
      ["QIT.Util.SDP.HermitianPSDTraceDuality transitive imports (public)",
       "2833af4f98f60895"],
      ["QIT.Util.SDP.HermitianPSDTraceDuality:importArts",
       "dc8809179411f645"]]]]],
  ["libs",
   [["import dynlibs", "00000000000006bb"],
    ["package external libraries", "00000000000006bb"],
    ["module dynlibs", "00000000000006bb"],
    ["module plugins", "00000000000006bb"]]],
  ["Lean 4.34.0, commit 3447a668783dbce1a8fdb97101dd067687b2b418",
   "421484e3e0c70198"],
  ["C:\\lean\\libs\\Lean-QIT\\QIT\\States\\TraceNorm\\Spectral.lean",
   "c293f675a45d1bea"],
  ["options", "00000000000006bb"],
  ["isModule: true", "760fcc16989f4b9b"],
  ["Module.name: QIT.States.TraceNorm.Spectral", "25d89e23cff00925"],
  ["Package.id?: (some QIT)", "07d8d7419f989369"],
  ["Module.leanArgs: #[-DautoImplicit=false, -Dbackward.isDefEq.respectTransparency=false]",
   "1e046d1e40f8a855"]],
 "depHash": "e51a15053ce1c16a"}