{"synthetic": false,
 "schemaVersion": "2025-09-10",
 "outputs":
 {"rs": "e76c51059db81d41.ir.sig",
  "r": "c580a19823d771a6.ir",
  "o":
  ["43cdc1937671637e.olean",
   "a1ad98dc6815753d.olean.server",
   "8b55edda0c439adc.olean.private"],
  "m": true,
  "i": "9ce94cafa1483287.ilean",
  "c": "0493af2e1db0999e.c"},
 "log":
 [{"message":
   ".> LEAN_PATH=C:\\lean\\mathlib4\\.lake\\packages\\Cli\\.lake\\build\\lib\\lean;C:\\lean\\mathlib4\\.lake\\packages\\batteries\\.lake\\build\\lib\\lean;C:\\lean\\mathlib4\\.lake\\packages\\Qq\\.lake\\build\\lib\\lean;C:\\lean\\mathlib4\\.lake\\packages\\aesop\\.lake\\build\\lib\\lean;C:\\lean\\mathlib4\\.lake\\packages\\proofwidgets\\.lake\\build\\lib\\lean;C:\\lean\\mathlib4\\.lake\\packages\\importGraph\\.lake\\build\\lib\\lean;C:\\lean\\mathlib4\\.lake\\packages\\LeanSearchClient\\.lake\\build\\lib\\lean;C:\\lean\\mathlib4\\.lake\\packages\\plausible\\.lake\\build\\lib\\lean;C:\\lean\\mathlib4\\.lake\\build\\lib\\lean;C:\\lean\\libs\\Lean-QIT\\.lake\\build\\lib\\lean c:\\Users\\Administrator\\.elan\\toolchains\\leanprover--lean4---v4.34.0-rc1\\bin\\lean.exe -DautoImplicit=false -Dbackward.isDefEq.respectTransparency=false C:\\lean\\libs\\Lean-QIT\\QIT\\States\\TraceNorm\\Variational.lean -o C:\\lean\\libs\\Lean-QIT\\.lake\\build\\lib\\lean\\QIT\\States\\TraceNorm\\Variational.olean -i C:\\lean\\libs\\Lean-QIT\\.lake\\build\\lib\\lean\\QIT\\States\\TraceNorm\\Variational.ilean -c C:\\lean\\libs\\Lean-QIT\\.lake\\build\\ir\\QIT\\States\\TraceNorm\\Variational.c --setup C:\\lean\\libs\\Lean-QIT\\.lake\\build\\ir\\QIT\\States\\TraceNorm\\Variational.setup.json --json",
   "level": "trace"}],
 "inputs":
 [["deps",
   [["QIT/QIT:extraDep", [["@QIT:extraDep", "00000000000006bb"]]],
    ["imports",
     [["QIT.States.Purification.GramFactorization transitive imports (public)",
       "4ff834d277d65c28"],
      ["QIT.States.Purification.GramFactorization:importArts",
       "4ba0a2bd6011ce71"],
      ["QIT.States.Purification.ReferenceUnitary transitive imports (public)",
       "dad857afd445f488"],
      ["QIT.States.Purification.ReferenceUnitary:importArts",
       "3306941017b25e69"],
      ["QIT.States.TraceNorm.Spectral transitive imports (public)",
       "073fffc2980681ce"],
      ["QIT.States.TraceNorm.Spectral:importArts", "a54708d3d69666a1"],
      ["Mathlib.Analysis.CStarAlgebra.Matrix transitive imports (public)",
       "45e2adb3868dfdc9"],
      ["Mathlib.Analysis.CStarAlgebra.Matrix:importArts", "673875de75f5cfcb"],
      ["QIT.States.Purification.ReferenceIsometry transitive imports (public)",
       "0515f2203c494e08"],
      ["QIT.States.Purification.ReferenceIsometry:importArts",
       "dfa6159376dc0e77"],
      ["QIT.States.TraceNorm.BlockMatrix transitive imports (public)",
       "d74df357d0b73303"],
      ["QIT.States.TraceNorm.BlockMatrix:importArts", "43fcb2ce41fef40d"]]]]],
  ["libs",
   [["import dynlibs", "00000000000006bb"],
    ["package external libraries", "00000000000006bb"],
    ["module dynlibs", "00000000000006bb"],
    ["module plugins", "00000000000006bb"]]],
  ["Lean 4.34.0, commit 3447a668783dbce1a8fdb97101dd067687b2b418",
   "421484e3e0c70198"],
  ["C:\\lean\\libs\\Lean-QIT\\QIT\\States\\TraceNorm\\Variational.lean",
   "5578e1c7d0051f99"],
  ["options", "00000000000006bb"],
  ["isModule: true", "760fcc16989f4b9b"],
  ["Module.name: QIT.States.TraceNorm.Variational", "f7d5f7c82377e934"],
  ["Package.id?: (some QIT)", "07d8d7419f989369"],
  ["Module.leanArgs: #[-DautoImplicit=false, -Dbackward.isDefEq.respectTransparency=false]",
   "1e046d1e40f8a855"]],
 "depHash": "7de235cd24698ca9"}