{"synthetic": false,
 "schemaVersion": "2025-09-10",
 "outputs":
 {"rs": "2feecb1befcea412.ir.sig",
  "r": "83c1c1258bbcc324.ir",
  "o":
  ["41f4b088ba9d36ab.olean",
   "e6497ab59429fbd2.olean.server",
   "9e639229a86a0c35.olean.private"],
  "m": true,
  "i": "bb0a8e5a421c3e4d.ilean",
  "c": "8c779df308fec879.c"},
 "log":
 [{"message":
   ".> LEAN_PATH=C:\\lean\\mathlib4\\.lake\\packages\\Cli\\.lake\\build\\lib\\lean;C:\\lean\\mathlib4\\.lake\\packages\\batteries\\.lake\\build\\lib\\lean;C:\\lean\\mathlib4\\.lake\\packages\\Qq\\.lake\\build\\lib\\lean;C:\\lean\\mathlib4\\.lake\\packages\\aesop\\.lake\\build\\lib\\lean;C:\\lean\\mathlib4\\.lake\\packages\\proofwidgets\\.lake\\build\\lib\\lean;C:\\lean\\mathlib4\\.lake\\packages\\importGraph\\.lake\\build\\lib\\lean;C:\\lean\\mathlib4\\.lake\\packages\\LeanSearchClient\\.lake\\build\\lib\\lean;C:\\lean\\mathlib4\\.lake\\packages\\plausible\\.lake\\build\\lib\\lean;C:\\lean\\mathlib4\\.lake\\build\\lib\\lean;C:\\lean\\libs\\Lean-QIT\\.lake\\build\\lib\\lean c:\\Users\\Administrator\\.elan\\toolchains\\leanprover--lean4---v4.34.0-rc1\\bin\\lean.exe -DautoImplicit=false -Dbackward.isDefEq.respectTransparency=false C:\\lean\\libs\\Lean-QIT\\QIT\\Symmetry\\DeFinetti.lean -o C:\\lean\\libs\\Lean-QIT\\.lake\\build\\lib\\lean\\QIT\\Symmetry\\DeFinetti.olean -i C:\\lean\\libs\\Lean-QIT\\.lake\\build\\lib\\lean\\QIT\\Symmetry\\DeFinetti.ilean -c C:\\lean\\libs\\Lean-QIT\\.lake\\build\\ir\\QIT\\Symmetry\\DeFinetti.c --setup C:\\lean\\libs\\Lean-QIT\\.lake\\build\\ir\\QIT\\Symmetry\\DeFinetti.setup.json --json",
   "level": "trace"}],
 "inputs":
 [["deps",
   [["QIT/QIT:extraDep", [["@QIT:extraDep", "00000000000006bb"]]],
    ["imports",
     [["QIT.Symmetry.DeFinetti.ProfilesMixtures transitive imports (public)",
       "84e8d637b790cf8e"],
      ["QIT.Symmetry.DeFinetti.ProfilesMixtures:importArts",
       "5bf414d875b6660e"],
      ["QIT.Symmetry.DeFinetti.Domination transitive imports (public)",
       "7e309bef2a2dbd05"],
      ["QIT.Symmetry.DeFinetti.Domination:importArts", "11f025346f127877"],
      ["QIT.Symmetry.DeFinetti.Twirling transitive imports (public)",
       "4d633e87ed1254da"],
      ["QIT.Symmetry.DeFinetti.Twirling:importArts", "d1aecd7af3a039f0"],
      ["QIT.Symmetry.DeFinetti.RennerProjectors transitive imports (public)",
       "c76ec2bc27627929"],
      ["QIT.Symmetry.DeFinetti.RennerProjectors:importArts",
       "93bea58207fa1636"],
      ["QIT.Symmetry.DeFinetti.Postselection transitive imports (public)",
       "dfafe2a053f2dd38"],
      ["QIT.Symmetry.DeFinetti.Postselection:importArts",
       "06622ae6be566bd0"]]]]],
  ["libs",
   [["import dynlibs", "00000000000006bb"],
    ["package external libraries", "00000000000006bb"],
    ["module dynlibs", "00000000000006bb"],
    ["module plugins", "00000000000006bb"]]],
  ["Lean 4.34.0, commit 3447a668783dbce1a8fdb97101dd067687b2b418",
   "421484e3e0c70198"],
  ["C:\\lean\\libs\\Lean-QIT\\QIT\\Symmetry\\DeFinetti.lean",
   "e3cd3db9146abad0"],
  ["options", "00000000000006bb"],
  ["isModule: true", "760fcc16989f4b9b"],
  ["Module.name: QIT.Symmetry.DeFinetti", "0afe7fcbab9eda8d"],
  ["Package.id?: (some QIT)", "07d8d7419f989369"],
  ["Module.leanArgs: #[-DautoImplicit=false, -Dbackward.isDefEq.respectTransparency=false]",
   "1e046d1e40f8a855"]],
 "depHash": "09301a529b657bc6"}