{"synthetic": false,
 "schemaVersion": "2025-09-10",
 "outputs":
 {"rs": "f655756df53cb633.ir.sig",
  "r": "96ec5bb67f699bb7.ir",
  "o":
  ["a7a940d71585e2d8.olean",
   "ecb49b6c0dbedba6.olean.server",
   "36be6ac8448b4e72.olean.private"],
  "m": true,
  "i": "1c1c4909c3e80bcf.ilean",
  "c": "761aa2408555431f.c"},
 "log":
 [{"message":
   ".> LEAN_PATH=C:\\lean\\mathlib4\\.lake\\packages\\Cli\\.lake\\build\\lib\\lean;C:\\lean\\mathlib4\\.lake\\packages\\batteries\\.lake\\build\\lib\\lean;C:\\lean\\mathlib4\\.lake\\packages\\Qq\\.lake\\build\\lib\\lean;C:\\lean\\mathlib4\\.lake\\packages\\aesop\\.lake\\build\\lib\\lean;C:\\lean\\mathlib4\\.lake\\packages\\proofwidgets\\.lake\\build\\lib\\lean;C:\\lean\\mathlib4\\.lake\\packages\\importGraph\\.lake\\build\\lib\\lean;C:\\lean\\mathlib4\\.lake\\packages\\LeanSearchClient\\.lake\\build\\lib\\lean;C:\\lean\\mathlib4\\.lake\\packages\\plausible\\.lake\\build\\lib\\lean;C:\\lean\\mathlib4\\.lake\\build\\lib\\lean;C:\\lean\\libs\\Lean-QIT\\.lake\\build\\lib\\lean c:\\Users\\Administrator\\.elan\\toolchains\\leanprover--lean4---v4.34.0-rc1\\bin\\lean.exe -DautoImplicit=false -Dbackward.isDefEq.respectTransparency=false C:\\lean\\libs\\Lean-QIT\\QIT\\Symmetry\\SymmetricSubspace.lean -o C:\\lean\\libs\\Lean-QIT\\.lake\\build\\lib\\lean\\QIT\\Symmetry\\SymmetricSubspace.olean -i C:\\lean\\libs\\Lean-QIT\\.lake\\build\\lib\\lean\\QIT\\Symmetry\\SymmetricSubspace.ilean -c C:\\lean\\libs\\Lean-QIT\\.lake\\build\\ir\\QIT\\Symmetry\\SymmetricSubspace.c --setup C:\\lean\\libs\\Lean-QIT\\.lake\\build\\ir\\QIT\\Symmetry\\SymmetricSubspace.setup.json --json",
   "level": "trace"}],
 "inputs":
 [["deps",
   [["QIT/QIT:extraDep", [["@QIT:extraDep", "00000000000006bb"]]],
    ["imports",
     [["QIT.Core.Channel transitive imports (public)", "b6e4d2cc4097993b"],
      ["QIT.Core.Channel:importArts", "2cdfba71d0e2c8b1"],
      ["QIT.Core.Pure transitive imports (public)", "66880a5eded90ac3"],
      ["QIT.Core.Pure:importArts", "770bfe2bcbfe067a"],
      ["Mathlib.Algebra.Group.End transitive imports (public)",
       "e524162434eee023"],
      ["Mathlib.Algebra.Group.End:importArts", "68667d56f600e5b4"],
      ["Mathlib.Algebra.Group.Action.Defs transitive imports (public)",
       "960a130a7eca2f95"],
      ["Mathlib.Algebra.Group.Action.Defs:importArts", "25755ed2049d8fac"],
      ["Mathlib.Algebra.BigOperators.Group.Finset.Basic transitive imports (public)",
       "124e4581289edf07"],
      ["Mathlib.Algebra.BigOperators.Group.Finset.Basic:importArts",
       "b046cd84c58073d4"],
      ["Mathlib.Logic.Equiv.Basic transitive imports (public)",
       "2fd03f935aef37ea"],
      ["Mathlib.Logic.Equiv.Basic:importArts", "12a86cc39d7f07e6"],
      ["Mathlib.Data.Complex.Basic transitive imports (public)",
       "30a5db0161ef031f"],
      ["Mathlib.Data.Complex.Basic:importArts", "d0a54f546516f731"],
      ["Mathlib.Data.Finsupp.Multiset transitive imports (public)",
       "024a45c6001db4b4"],
      ["Mathlib.Data.Finsupp.Multiset:importArts", "d2c23d98565b0f40"],
      ["Mathlib.Data.Nat.Choose.Multinomial transitive imports (public)",
       "d932cb33e44f72c9"],
      ["Mathlib.Data.Nat.Choose.Multinomial:importArts", "2464b07a2324e680"],
      ["Mathlib.Data.Sym.Card transitive imports (public)", "169827177a46ce1f"],
      ["Mathlib.Data.Sym.Card:importArts", "0f05e8aa24dc5433"],
      ["Mathlib.LinearAlgebra.Matrix.Permutation transitive imports (public)",
       "a047cd84dbfc7829"],
      ["Mathlib.LinearAlgebra.Matrix.Permutation:importArts",
       "ef57306b9b6b9b8b"],
      ["QIT.Util.TensorPower transitive imports (public)", "c05a185025c23ba3"],
      ["QIT.Util.TensorPower:importArts", "55f800f542ff5207"]]]]],
  ["libs",
   [["import dynlibs", "00000000000006bb"],
    ["package external libraries", "00000000000006bb"],
    ["module dynlibs", "00000000000006bb"],
    ["module plugins", "00000000000006bb"]]],
  ["Lean 4.34.0, commit 3447a668783dbce1a8fdb97101dd067687b2b418",
   "421484e3e0c70198"],
  ["C:\\lean\\libs\\Lean-QIT\\QIT\\Symmetry\\SymmetricSubspace.lean",
   "25a105d7f6187aef"],
  ["options", "00000000000006bb"],
  ["isModule: true", "760fcc16989f4b9b"],
  ["Module.name: QIT.Symmetry.SymmetricSubspace", "743dfecf290e3ee4"],
  ["Package.id?: (some QIT)", "07d8d7419f989369"],
  ["Module.leanArgs: #[-DautoImplicit=false, -Dbackward.isDefEq.respectTransparency=false]",
   "1e046d1e40f8a855"]],
 "depHash": "ec7b547a59f6cf4e"}