{"synthetic": false,
 "schemaVersion": "2025-09-10",
 "outputs":
 {"rs": "b8ff9cea70394e02.ir.sig",
  "r": "6fa1c6338a4cd97a.ir",
  "o":
  ["924bdc4e45d7ecc4.olean",
   "ed7ce20f2933718f.olean.server",
   "1c140c5d486a2b27.olean.private"],
  "m": true,
  "i": "9aec2b769315fecc.ilean",
  "c": "99342301b65e4219.c"},
 "log":
 [{"message":
   ".> LEAN_PATH=C:\\lean\\mathlib4\\.lake\\packages\\Cli\\.lake\\build\\lib\\lean;C:\\lean\\mathlib4\\.lake\\packages\\batteries\\.lake\\build\\lib\\lean;C:\\lean\\mathlib4\\.lake\\packages\\Qq\\.lake\\build\\lib\\lean;C:\\lean\\mathlib4\\.lake\\packages\\aesop\\.lake\\build\\lib\\lean;C:\\lean\\mathlib4\\.lake\\packages\\proofwidgets\\.lake\\build\\lib\\lean;C:\\lean\\mathlib4\\.lake\\packages\\importGraph\\.lake\\build\\lib\\lean;C:\\lean\\mathlib4\\.lake\\packages\\LeanSearchClient\\.lake\\build\\lib\\lean;C:\\lean\\mathlib4\\.lake\\packages\\plausible\\.lake\\build\\lib\\lean;C:\\lean\\mathlib4\\.lake\\build\\lib\\lean;C:\\lean\\libs\\Lean-QIT\\.lake\\build\\lib\\lean c:\\Users\\Administrator\\.elan\\toolchains\\leanprover--lean4---v4.34.0-rc1\\bin\\lean.exe -DautoImplicit=false -Dbackward.isDefEq.respectTransparency=false C:\\lean\\libs\\Lean-QIT\\QIT\\Symmetry\\UnitaryTwirl.lean -o C:\\lean\\libs\\Lean-QIT\\.lake\\build\\lib\\lean\\QIT\\Symmetry\\UnitaryTwirl.olean -i C:\\lean\\libs\\Lean-QIT\\.lake\\build\\lib\\lean\\QIT\\Symmetry\\UnitaryTwirl.ilean -c C:\\lean\\libs\\Lean-QIT\\.lake\\build\\ir\\QIT\\Symmetry\\UnitaryTwirl.c --setup C:\\lean\\libs\\Lean-QIT\\.lake\\build\\ir\\QIT\\Symmetry\\UnitaryTwirl.setup.json --json",
   "level": "trace"}],
 "inputs":
 [["deps",
   [["QIT/QIT:extraDep", [["@QIT:extraDep", "00000000000006bb"]]],
    ["imports",
     [["QIT.Symmetry.SymmetricSubspace transitive imports (public)",
       "14af29b8f166698c"],
      ["QIT.Symmetry.SymmetricSubspace:importArts", "22233fc9a1bdb1b9"],
      ["QIT.Util.CMatrixCLM transitive imports (public)", "ca9e9d82ecf1aa24"],
      ["QIT.Util.CMatrixCLM:importArts", "fab1b9517bf3b823"],
      ["Mathlib.Analysis.CStarAlgebra.Basic transitive imports (public)",
       "ac1ee3b7068e80ed"],
      ["Mathlib.Analysis.CStarAlgebra.Basic:importArts", "37d180d5c802bf36"],
      ["Mathlib.Analysis.CStarAlgebra.Matrix transitive imports (public)",
       "45e2adb3868dfdc9"],
      ["Mathlib.Analysis.CStarAlgebra.Matrix:importArts", "673875de75f5cfcb"],
      ["Mathlib.Analysis.Normed.Module.FiniteDimension transitive imports (public)",
       "62c71ab30499a36e"],
      ["Mathlib.Analysis.Normed.Module.FiniteDimension:importArts",
       "557c8f7145bc7476"],
      ["Mathlib.MeasureTheory.Function.LocallyIntegrable transitive imports (public)",
       "e49d78a42e16bc1e"],
      ["Mathlib.MeasureTheory.Function.LocallyIntegrable:importArts",
       "2e00741a9f5fb15d"],
      ["Mathlib.MeasureTheory.Constructions.BorelSpace.Basic transitive imports (public)",
       "b894b53ced00ff64"],
      ["Mathlib.MeasureTheory.Constructions.BorelSpace.Basic:importArts",
       "f29889e47ccb714b"],
      ["Mathlib.MeasureTheory.Group.Measure transitive imports (public)",
       "550b42d5030a21e0"],
      ["Mathlib.MeasureTheory.Group.Measure:importArts", "8559f95b3cfe10b5"],
      ["Mathlib.MeasureTheory.Group.Integral transitive imports (public)",
       "55e74cea9c4d6459"],
      ["Mathlib.MeasureTheory.Group.Integral:importArts", "f92d4861c129138b"],
      ["Mathlib.MeasureTheory.Integral.Bochner.ContinuousLinearMap transitive imports (public)",
       "ce2df8c89a7d29b2"],
      ["Mathlib.MeasureTheory.Integral.Bochner.ContinuousLinearMap:importArts",
       "ebb3de17112ce190"],
      ["Mathlib.MeasureTheory.Measure.Haar.Basic transitive imports (public)",
       "3423864758d8f6b9"],
      ["Mathlib.MeasureTheory.Measure.Haar.Basic:importArts",
       "8c116caec9d4ac57"],
      ["Mathlib.Topology.Algebra.Group.Basic transitive imports (public)",
       "cc582db52df0c573"],
      ["Mathlib.Topology.Algebra.Group.Basic:importArts", "ab49228a8def45ba"],
      ["Mathlib.Topology.MetricSpace.ProperSpace transitive imports (public)",
       "96e2fda9eecd4cfb"],
      ["Mathlib.Topology.MetricSpace.ProperSpace:importArts",
       "06990ed3f83a7f60"],
      ["Mathlib.Topology.Sets.Compacts transitive imports (public)",
       "1b831bc7d309109a"],
      ["Mathlib.Topology.Sets.Compacts:importArts", "59535295e9b9b23f"],
      ["Mathlib.Analysis.Fourier.ZMod transitive imports (public)",
       "1e7d307e3c7009de"],
      ["Mathlib.Analysis.Fourier.ZMod:importArts", "cdb0db2155083469"],
      ["Mathlib.Analysis.SpecialFunctions.Trigonometric.Deriv transitive imports (public)",
       "e0d0b5b9f3dbe5d2"],
      ["Mathlib.Analysis.SpecialFunctions.Trigonometric.Deriv:importArts",
       "ae339fa258f03a8a"]]]]],
  ["libs",
   [["import dynlibs", "00000000000006bb"],
    ["package external libraries", "00000000000006bb"],
    ["module dynlibs", "00000000000006bb"],
    ["module plugins", "00000000000006bb"]]],
  ["Lean 4.34.0, commit 3447a668783dbce1a8fdb97101dd067687b2b418",
   "421484e3e0c70198"],
  ["C:\\lean\\libs\\Lean-QIT\\QIT\\Symmetry\\UnitaryTwirl.lean",
   "612f932f4b0d9f68"],
  ["options", "00000000000006bb"],
  ["isModule: true", "760fcc16989f4b9b"],
  ["Module.name: QIT.Symmetry.UnitaryTwirl", "6d534dfce61cc596"],
  ["Package.id?: (some QIT)", "07d8d7419f989369"],
  ["Module.leanArgs: #[-DautoImplicit=false, -Dbackward.isDefEq.respectTransparency=false]",
   "1e046d1e40f8a855"]],
 "depHash": "1b545908652bfdc3"}