{"synthetic": false,
 "schemaVersion": "2025-09-10",
 "outputs":
 {"rs": "da9d8558ae092c56.ir.sig",
  "r": "168efda27297d743.ir",
  "o":
  ["9d289adf78b942e4.olean",
   "e6b9bf710628328d.olean.server",
   "7474fb7cb80b08a9.olean.private"],
  "m": true,
  "i": "bff4f8aeea90e714.ilean",
  "c": "7c2920d10b867f64.c"},
 "log":
 [{"message":
   ".> LEAN_PATH=C:\\lean\\mathlib4\\.lake\\packages\\Cli\\.lake\\build\\lib\\lean;C:\\lean\\mathlib4\\.lake\\packages\\batteries\\.lake\\build\\lib\\lean;C:\\lean\\mathlib4\\.lake\\packages\\Qq\\.lake\\build\\lib\\lean;C:\\lean\\mathlib4\\.lake\\packages\\aesop\\.lake\\build\\lib\\lean;C:\\lean\\mathlib4\\.lake\\packages\\proofwidgets\\.lake\\build\\lib\\lean;C:\\lean\\mathlib4\\.lake\\packages\\importGraph\\.lake\\build\\lib\\lean;C:\\lean\\mathlib4\\.lake\\packages\\LeanSearchClient\\.lake\\build\\lib\\lean;C:\\lean\\mathlib4\\.lake\\packages\\plausible\\.lake\\build\\lib\\lean;C:\\lean\\mathlib4\\.lake\\build\\lib\\lean;C:\\lean\\libs\\Lean-QIT\\.lake\\build\\lib\\lean c:\\Users\\Administrator\\.elan\\toolchains\\leanprover--lean4---v4.34.0-rc1\\bin\\lean.exe -DautoImplicit=false -Dbackward.isDefEq.respectTransparency=false C:\\lean\\libs\\Lean-QIT\\QIT\\Coding\\Classical\\HSWDirect\\Rates.lean -o C:\\lean\\libs\\Lean-QIT\\.lake\\build\\lib\\lean\\QIT\\Coding\\Classical\\HSWDirect\\Rates.olean -i C:\\lean\\libs\\Lean-QIT\\.lake\\build\\lib\\lean\\QIT\\Coding\\Classical\\HSWDirect\\Rates.ilean -c C:\\lean\\libs\\Lean-QIT\\.lake\\build\\ir\\QIT\\Coding\\Classical\\HSWDirect\\Rates.c --setup C:\\lean\\libs\\Lean-QIT\\.lake\\build\\ir\\QIT\\Coding\\Classical\\HSWDirect\\Rates.setup.json --json",
   "level": "trace"}],
 "inputs":
 [["deps",
   [["QIT/QIT:extraDep", [["@QIT:extraDep", "00000000000006bb"]]],
    ["imports",
     [["QIT.Coding.Classical.HSWDirect.TensorPower transitive imports (public)",
       "74cb711d2048a24f"],
      ["QIT.Coding.Classical.HSWDirect.TensorPower:importArts",
       "a83a90083b06de6c"]]]]],
  ["libs",
   [["import dynlibs", "00000000000006bb"],
    ["package external libraries", "00000000000006bb"],
    ["module dynlibs", "00000000000006bb"],
    ["module plugins", "00000000000006bb"]]],
  ["Lean 4.34.0, commit 3447a668783dbce1a8fdb97101dd067687b2b418",
   "421484e3e0c70198"],
  ["C:\\lean\\libs\\Lean-QIT\\QIT\\Coding\\Classical\\HSWDirect\\Rates.lean",
   "8e3a82a2a4a80af6"],
  ["options", "00000000000006bb"],
  ["isModule: true", "760fcc16989f4b9b"],
  ["Module.name: QIT.Coding.Classical.HSWDirect.Rates", "a710f57972245d07"],
  ["Package.id?: (some QIT)", "07d8d7419f989369"],
  ["Module.leanArgs: #[-DautoImplicit=false, -Dbackward.isDefEq.respectTransparency=false]",
   "1e046d1e40f8a855"]],
 "depHash": "68f0721b40322778"}