{"synthetic": false,
 "schemaVersion": "2025-09-10",
 "outputs":
 {"rs": "b89dd6022c3ceed7.ir.sig",
  "r": "0f9c7d5dcc4463a5.ir",
  "o":
  ["01445bcf4593c146.olean",
   "56862c498626c631.olean.server",
   "e7cc59a58c406a5b.olean.private"],
  "m": true,
  "i": "727e78186e28cb11.ilean",
  "c": "e460587de574f121.c"},
 "log":
 [{"message":
   ".> LEAN_PATH=C:\\lean\\mathlib4\\.lake\\packages\\Cli\\.lake\\build\\lib\\lean;C:\\lean\\mathlib4\\.lake\\packages\\batteries\\.lake\\build\\lib\\lean;C:\\lean\\mathlib4\\.lake\\packages\\Qq\\.lake\\build\\lib\\lean;C:\\lean\\mathlib4\\.lake\\packages\\aesop\\.lake\\build\\lib\\lean;C:\\lean\\mathlib4\\.lake\\packages\\proofwidgets\\.lake\\build\\lib\\lean;C:\\lean\\mathlib4\\.lake\\packages\\importGraph\\.lake\\build\\lib\\lean;C:\\lean\\mathlib4\\.lake\\packages\\LeanSearchClient\\.lake\\build\\lib\\lean;C:\\lean\\mathlib4\\.lake\\packages\\plausible\\.lake\\build\\lib\\lean;C:\\lean\\mathlib4\\.lake\\build\\lib\\lean;C:\\lean\\libs\\Lean-QIT\\.lake\\build\\lib\\lean c:\\Users\\Administrator\\.elan\\toolchains\\leanprover--lean4---v4.34.0-rc1\\bin\\lean.exe -DautoImplicit=false -Dbackward.isDefEq.respectTransparency=false C:\\lean\\libs\\Lean-QIT\\QIT\\OneShot\\SmoothEndpoint\\Normalized.lean -o C:\\lean\\libs\\Lean-QIT\\.lake\\build\\lib\\lean\\QIT\\OneShot\\SmoothEndpoint\\Normalized.olean -i C:\\lean\\libs\\Lean-QIT\\.lake\\build\\lib\\lean\\QIT\\OneShot\\SmoothEndpoint\\Normalized.ilean -c C:\\lean\\libs\\Lean-QIT\\.lake\\build\\ir\\QIT\\OneShot\\SmoothEndpoint\\Normalized.c --setup C:\\lean\\libs\\Lean-QIT\\.lake\\build\\ir\\QIT\\OneShot\\SmoothEndpoint\\Normalized.setup.json --json",
   "level": "trace"}],
 "inputs":
 [["deps",
   [["QIT/QIT:extraDep", [["@QIT:extraDep", "00000000000006bb"]]],
    ["imports",
     [["QIT.OneShot.SmoothEndpoint.Order transitive imports (public)",
       "860a57f08cdebfd8"],
      ["QIT.OneShot.SmoothEndpoint.Order:importArts", "5ef5bccb3dfa9a90"],
      ["QIT.OneShot.SmoothEndpoint.MaximallyEntangledProjector transitive imports (public)",
       "8323526eb057af6d"],
      ["QIT.OneShot.SmoothEndpoint.MaximallyEntangledProjector:importArts",
       "048a81148315a37c"],
      ["QIT.States.MaximallyMixed transitive imports (public)",
       "e2331ce12dfd2172"],
      ["QIT.States.MaximallyMixed:importArts", "4efc140cdb2b0c15"],
      ["QIT.States.TraceNorm.Spectral transitive imports (public)",
       "073fffc2980681ce"],
      ["QIT.States.TraceNorm.Spectral:importArts", "a54708d3d69666a1"]]]]],
  ["libs",
   [["import dynlibs", "00000000000006bb"],
    ["package external libraries", "00000000000006bb"],
    ["module dynlibs", "00000000000006bb"],
    ["module plugins", "00000000000006bb"]]],
  ["Lean 4.34.0, commit 3447a668783dbce1a8fdb97101dd067687b2b418",
   "421484e3e0c70198"],
  ["C:\\lean\\libs\\Lean-QIT\\QIT\\OneShot\\SmoothEndpoint\\Normalized.lean",
   "08d7001416155b84"],
  ["options", "00000000000006bb"],
  ["isModule: true", "760fcc16989f4b9b"],
  ["Module.name: QIT.OneShot.SmoothEndpoint.Normalized", "ac317615e1725192"],
  ["Package.id?: (some QIT)", "07d8d7419f989369"],
  ["Module.leanArgs: #[-DautoImplicit=false, -Dbackward.isDefEq.respectTransparency=false]",
   "1e046d1e40f8a855"]],
 "depHash": "72a44368e65f79a0"}