{"synthetic": false,
 "schemaVersion": "2025-09-10",
 "outputs":
 {"rs": "4c6b3619da726bc5.ir.sig",
  "r": "b9ecef18f89b31bf.ir",
  "o":
  ["eedc09fb15167dda.olean",
   "cbb84cf46181395c.olean.server",
   "cecd5c2c7d318b97.olean.private"],
  "m": true,
  "i": "80876096729c8f0b.ilean",
  "c": "0df10fc44ab7f126.c"},
 "log":
 [{"message":
   ".> LEAN_PATH=C:\\lean\\mathlib4\\.lake\\packages\\Cli\\.lake\\build\\lib\\lean;C:\\lean\\mathlib4\\.lake\\packages\\batteries\\.lake\\build\\lib\\lean;C:\\lean\\mathlib4\\.lake\\packages\\Qq\\.lake\\build\\lib\\lean;C:\\lean\\mathlib4\\.lake\\packages\\aesop\\.lake\\build\\lib\\lean;C:\\lean\\mathlib4\\.lake\\packages\\proofwidgets\\.lake\\build\\lib\\lean;C:\\lean\\mathlib4\\.lake\\packages\\importGraph\\.lake\\build\\lib\\lean;C:\\lean\\mathlib4\\.lake\\packages\\LeanSearchClient\\.lake\\build\\lib\\lean;C:\\lean\\mathlib4\\.lake\\packages\\plausible\\.lake\\build\\lib\\lean;C:\\lean\\mathlib4\\.lake\\build\\lib\\lean;C:\\lean\\libs\\Lean-QIT\\.lake\\build\\lib\\lean c:\\Users\\Administrator\\.elan\\toolchains\\leanprover--lean4---v4.34.0-rc1\\bin\\lean.exe -DautoImplicit=false -Dbackward.isDefEq.respectTransparency=false C:\\lean\\libs\\Lean-QIT\\QIT\\OneShot\\SmoothEndpoint\\Order.lean -o C:\\lean\\libs\\Lean-QIT\\.lake\\build\\lib\\lean\\QIT\\OneShot\\SmoothEndpoint\\Order.olean -i C:\\lean\\libs\\Lean-QIT\\.lake\\build\\lib\\lean\\QIT\\OneShot\\SmoothEndpoint\\Order.ilean -c C:\\lean\\libs\\Lean-QIT\\.lake\\build\\ir\\QIT\\OneShot\\SmoothEndpoint\\Order.c --setup C:\\lean\\libs\\Lean-QIT\\.lake\\build\\ir\\QIT\\OneShot\\SmoothEndpoint\\Order.setup.json --json",
   "level": "trace"}],
 "inputs":
 [["deps",
   [["QIT/QIT:extraDep", [["@QIT:extraDep", "00000000000006bb"]]],
    ["imports",
     [["Mathlib.Topology.Order.Monotone transitive imports (public)",
       "c7f1ff3d12314ef6"],
      ["Mathlib.Topology.Order.Monotone:importArts", "68d221ae29a398d6"],
      ["Mathlib.Topology.MetricSpace.Sequences transitive imports (public)",
       "69e3892653f46973"],
      ["Mathlib.Topology.MetricSpace.Sequences:importArts", "64d95cc2010dc95a"],
      ["Mathlib.Analysis.Normed.Operator.Basic transitive imports (public)",
       "49550c42bb0f3f0f"],
      ["Mathlib.Analysis.Normed.Operator.Basic:importArts", "4e36df315b6e0e80"],
      ["Mathlib.Data.EReal.Basic transitive imports (public)",
       "d9f1517d57fd6c73"],
      ["Mathlib.Data.EReal.Basic:importArts", "e70e093c08e65eec"],
      ["Mathlib.Analysis.Real.Sqrt transitive imports (public)",
       "473863102f53717b"],
      ["Mathlib.Analysis.Real.Sqrt:importArts", "ece49e4b97d9b862"],
      ["Mathlib.Analysis.CStarAlgebra.Matrix transitive imports (public)",
       "45e2adb3868dfdc9"],
      ["Mathlib.Analysis.CStarAlgebra.Matrix:importArts", "673875de75f5cfcb"],
      ["Mathlib.Analysis.CStarAlgebra.ContinuousFunctionalCalculus.Order transitive imports (public)",
       "b65e0bef0b981a36"],
      ["Mathlib.Analysis.CStarAlgebra.ContinuousFunctionalCalculus.Order:importArts",
       "8ad069d71014d82c"],
      ["QIT.Util.SDP.HermitianPSDTraceDuality transitive imports (public)",
       "2833af4f98f60895"],
      ["QIT.Util.SDP.HermitianPSDTraceDuality:importArts", "dc8809179411f645"],
      ["QIT.Util.SDP.PSDCone transitive imports (public)", "7df4b5d52ccd5292"],
      ["QIT.Util.SDP.PSDCone:importArts", "f4e8153b9d1de970"],
      ["QIT.Util.SDP.StrongDuality transitive imports (public)",
       "26aaa5082328036b"],
      ["QIT.Util.SDP.StrongDuality:importArts", "0fec1a4afbadee65"],
      ["QIT.States.Purification.ReferenceIsometry transitive imports (public)",
       "0515f2203c494e08"],
      ["QIT.States.Purification.ReferenceIsometry:importArts",
       "dfa6159376dc0e77"],
      ["QIT.OneShot.Smooth transitive imports (public)", "ae7e1bf246362ce3"],
      ["QIT.OneShot.Smooth:importArts", "a837ef6fe49c8877"],
      ["QIT.States.Geometry.FuchsVdG transitive imports (public)",
       "ba91393a9164284c"],
      ["QIT.States.Geometry.FuchsVdG:importArts", "2b949752d615489f"],
      ["QIT.Information.Entropy.Entropy transitive imports (public)",
       "d60a37feba8c0e73"],
      ["QIT.Information.Entropy.Entropy:importArts", "8b59fbc54bdbbd4b"],
      ["QIT.Information.Renyi.Renyi transitive imports (public)",
       "17f7ebd75aa00640"],
      ["QIT.Information.Renyi.Renyi:importArts", "23b6ad5e9b803b3b"],
      ["QIT.Information.Renyi.ConditionalRenyiTraceBridge transitive imports (public)",
       "f4d8c5e4b560ac9c"],
      ["QIT.Information.Renyi.ConditionalRenyiTraceBridge:importArts",
       "5ac13b1c6350134a"],
      ["QIT.States.TraceNorm.BlockMatrix transitive imports (public)",
       "d74df357d0b73303"],
      ["QIT.States.TraceNorm.BlockMatrix:importArts", "43fcb2ce41fef40d"],
      ["QIT.States.TraceNorm.Spectral transitive imports (public)",
       "073fffc2980681ce"],
      ["QIT.States.TraceNorm.Spectral:importArts", "a54708d3d69666a1"],
      ["QIT.States.TraceNorm.Variational transitive imports (public)",
       "caedc03284f50ce1"],
      ["QIT.States.TraceNorm.Variational:importArts", "04031cded5047a9c"],
      ["Mathlib.LinearAlgebra.Dimension.Constructions transitive imports (public)",
       "099776c020e3d1a0"],
      ["Mathlib.LinearAlgebra.Dimension.Constructions:importArts",
       "71ef722e4f179157"]]]]],
  ["libs",
   [["import dynlibs", "00000000000006bb"],
    ["package external libraries", "00000000000006bb"],
    ["module dynlibs", "00000000000006bb"],
    ["module plugins", "00000000000006bb"]]],
  ["Lean 4.34.0, commit 3447a668783dbce1a8fdb97101dd067687b2b418",
   "421484e3e0c70198"],
  ["C:\\lean\\libs\\Lean-QIT\\QIT\\OneShot\\SmoothEndpoint\\Order.lean",
   "e61c60d0fa0dbc32"],
  ["options", "00000000000006bb"],
  ["isModule: true", "760fcc16989f4b9b"],
  ["Module.name: QIT.OneShot.SmoothEndpoint.Order", "4cae8aeb42ec8a7c"],
  ["Package.id?: (some QIT)", "07d8d7419f989369"],
  ["Module.leanArgs: #[-DautoImplicit=false, -Dbackward.isDefEq.respectTransparency=false]",
   "1e046d1e40f8a855"]],
 "depHash": "e7a6ff0519f686d4"}