{"synthetic": false,
 "schemaVersion": "2025-09-10",
 "outputs":
 {"rs": "2da320d43472b318.ir.sig",
  "r": "dc55096aeef615a3.ir",
  "o":
  ["6b84b3b2c5687b9a.olean",
   "a5f320a5013fd5b0.olean.server",
   "995e2717b644588e.olean.private"],
  "m": true,
  "i": "3b1e9368e7bb7bc7.ilean",
  "c": "5524851b05ea324c.c"},
 "log":
 [{"message":
   ".> LEAN_PATH=C:\\lean\\mathlib4\\.lake\\packages\\Cli\\.lake\\build\\lib\\lean;C:\\lean\\mathlib4\\.lake\\packages\\batteries\\.lake\\build\\lib\\lean;C:\\lean\\mathlib4\\.lake\\packages\\Qq\\.lake\\build\\lib\\lean;C:\\lean\\mathlib4\\.lake\\packages\\aesop\\.lake\\build\\lib\\lean;C:\\lean\\mathlib4\\.lake\\packages\\proofwidgets\\.lake\\build\\lib\\lean;C:\\lean\\mathlib4\\.lake\\packages\\importGraph\\.lake\\build\\lib\\lean;C:\\lean\\mathlib4\\.lake\\packages\\LeanSearchClient\\.lake\\build\\lib\\lean;C:\\lean\\mathlib4\\.lake\\packages\\plausible\\.lake\\build\\lib\\lean;C:\\lean\\mathlib4\\.lake\\build\\lib\\lean;C:\\lean\\libs\\Lean-QIT\\.lake\\build\\lib\\lean c:\\Users\\Administrator\\.elan\\toolchains\\leanprover--lean4---v4.34.0-rc1\\bin\\lean.exe -DautoImplicit=false -Dbackward.isDefEq.respectTransparency=false C:\\lean\\libs\\Lean-QIT\\QIT\\Coding\\Classical.lean -o C:\\lean\\libs\\Lean-QIT\\.lake\\build\\lib\\lean\\QIT\\Coding\\Classical.olean -i C:\\lean\\libs\\Lean-QIT\\.lake\\build\\lib\\lean\\QIT\\Coding\\Classical.ilean -c C:\\lean\\libs\\Lean-QIT\\.lake\\build\\ir\\QIT\\Coding\\Classical.c --setup C:\\lean\\libs\\Lean-QIT\\.lake\\build\\ir\\QIT\\Coding\\Classical.setup.json --json",
   "level": "trace"}],
 "inputs":
 [["deps",
   [["QIT/QIT:extraDep", [["@QIT:extraDep", "00000000000006bb"]]],
    ["imports",
     [["QIT.Coding.Classical.HSW transitive imports (public)",
       "8989cf2e75973291"],
      ["QIT.Coding.Classical.HSW:importArts", "b02d22c4e1acd9c9"],
      ["QIT.Coding.Classical.HayashiNagaoka transitive imports (public)",
       "d21a9d07b5b0e53b"],
      ["QIT.Coding.Classical.HayashiNagaoka:importArts", "ee2e4424831e0cb6"],
      ["QIT.Coding.Classical.PackingLemma transitive imports (public)",
       "79aa06c8f9c7b897"],
      ["QIT.Coding.Classical.PackingLemma:importArts", "30a30b1e8534d04c"],
      ["QIT.Coding.Classical.RandomnessDistribution transitive imports (public)",
       "ae09ffd32a9ac058"],
      ["QIT.Coding.Classical.RandomnessDistribution:importArts",
       "6a64715cb61b99d6"],
      ["QIT.Coding.Classical.HSWConverse transitive imports (public)",
       "0468011942c6ea4b"],
      ["QIT.Coding.Classical.HSWConverse:importArts", "54b7d32170502e97"],
      ["QIT.Coding.Classical.HSWDirect transitive imports (public)",
       "865836ce0d31f2d2"],
      ["QIT.Coding.Classical.HSWDirect:importArts", "58cc36c6d5bc1fb6"],
      ["QIT.Coding.Classical.HSWLimit transitive imports (public)",
       "72d594ec822971f2"],
      ["QIT.Coding.Classical.HSWLimit:importArts", "e50af1c0667394ea"]]]]],
  ["libs",
   [["import dynlibs", "00000000000006bb"],
    ["package external libraries", "00000000000006bb"],
    ["module dynlibs", "00000000000006bb"],
    ["module plugins", "00000000000006bb"]]],
  ["Lean 4.34.0, commit 3447a668783dbce1a8fdb97101dd067687b2b418",
   "421484e3e0c70198"],
  ["C:\\lean\\libs\\Lean-QIT\\QIT\\Coding\\Classical.lean", "1b453ed1eb9ba076"],
  ["options", "00000000000006bb"],
  ["isModule: true", "760fcc16989f4b9b"],
  ["Module.name: QIT.Coding.Classical", "9050dcf582814cb0"],
  ["Package.id?: (some QIT)", "07d8d7419f989369"],
  ["Module.leanArgs: #[-DautoImplicit=false, -Dbackward.isDefEq.respectTransparency=false]",
   "1e046d1e40f8a855"]],
 "depHash": "09629557d304b0d0"}