{"synthetic": false,
 "schemaVersion": "2025-09-10",
 "outputs":
 {"rs": "adf7f4aba44b7b1e.ir.sig",
  "r": "3c4daf4db34d7799.ir",
  "o":
  ["be7176c4e9da5c5c.olean",
   "e08f4d7f9098dab8.olean.server",
   "8e9c6e2c31b6e430.olean.private"],
  "m": true,
  "i": "261c500f14d61a0a.ilean",
  "c": "bd6aab9a398522f6.c"},
 "log":
 [{"message":
   ".> LEAN_PATH=C:\\lean\\mathlib4\\.lake\\packages\\Cli\\.lake\\build\\lib\\lean;C:\\lean\\mathlib4\\.lake\\packages\\batteries\\.lake\\build\\lib\\lean;C:\\lean\\mathlib4\\.lake\\packages\\Qq\\.lake\\build\\lib\\lean;C:\\lean\\mathlib4\\.lake\\packages\\aesop\\.lake\\build\\lib\\lean;C:\\lean\\mathlib4\\.lake\\packages\\proofwidgets\\.lake\\build\\lib\\lean;C:\\lean\\mathlib4\\.lake\\packages\\importGraph\\.lake\\build\\lib\\lean;C:\\lean\\mathlib4\\.lake\\packages\\LeanSearchClient\\.lake\\build\\lib\\lean;C:\\lean\\mathlib4\\.lake\\packages\\plausible\\.lake\\build\\lib\\lean;C:\\lean\\mathlib4\\.lake\\build\\lib\\lean;C:\\lean\\libs\\Lean-QIT\\.lake\\build\\lib\\lean c:\\Users\\Administrator\\.elan\\toolchains\\leanprover--lean4---v4.34.0-rc1\\bin\\lean.exe -DautoImplicit=false -Dbackward.isDefEq.respectTransparency=false C:\\lean\\libs\\Lean-QIT\\QIT\\Coding\\EntanglementAssisted.lean -o C:\\lean\\libs\\Lean-QIT\\.lake\\build\\lib\\lean\\QIT\\Coding\\EntanglementAssisted.olean -i C:\\lean\\libs\\Lean-QIT\\.lake\\build\\lib\\lean\\QIT\\Coding\\EntanglementAssisted.ilean -c C:\\lean\\libs\\Lean-QIT\\.lake\\build\\ir\\QIT\\Coding\\EntanglementAssisted.c --setup C:\\lean\\libs\\Lean-QIT\\.lake\\build\\ir\\QIT\\Coding\\EntanglementAssisted.setup.json --json",
   "level": "trace"}],
 "inputs":
 [["deps",
   [["QIT/QIT:extraDep", [["@QIT:extraDep", "00000000000006bb"]]],
    ["imports",
     [["QIT.Coding.EntanglementAssisted.Basic transitive imports (public)",
       "95f94ff2ec131d47"],
      ["QIT.Coding.EntanglementAssisted.Basic:importArts", "40c994454175be93"],
      ["QIT.Coding.EntanglementAssisted.PositionBasedCoding transitive imports (public)",
       "da51a62abe0eb960"],
      ["QIT.Coding.EntanglementAssisted.PositionBasedCoding:importArts",
       "0d2e5742ed023abc"],
      ["QIT.Coding.EntanglementAssisted.PositionNaimarkTrace transitive imports (public)",
       "cbbde6c15b2d88b6"],
      ["QIT.Coding.EntanglementAssisted.PositionNaimarkTrace:importArts",
       "bfcdfc69b468e80c"],
      ["QIT.Coding.EntanglementAssisted.SequentialDecoding transitive imports (public)",
       "6e9f030976d7dc49"],
      ["QIT.Coding.EntanglementAssisted.SequentialDecoding:importArts",
       "061a3bf947480f1a"],
      ["QIT.Coding.EntanglementAssisted.OneShot transitive imports (public)",
       "2875fd98e6acfd78"],
      ["QIT.Coding.EntanglementAssisted.OneShot:importArts",
       "acf0f41739394ae4"],
      ["QIT.Coding.EntanglementAssisted.Renyi.Petz.Additivity transitive imports (public)",
       "13fcd514991b00b7"],
      ["QIT.Coding.EntanglementAssisted.Renyi.Petz.Additivity:importArts",
       "eb250a5bc2341cb0"],
      ["QIT.Coding.EntanglementAssisted.Renyi.Petz.Limit transitive imports (public)",
       "63b7107bff4708a8"],
      ["QIT.Coding.EntanglementAssisted.Renyi.Petz.Limit:importArts",
       "8d54d40643c47100"],
      ["QIT.Coding.EntanglementAssisted.Renyi.Sandwiched.Basic transitive imports (public)",
       "52b98463be339017"],
      ["QIT.Coding.EntanglementAssisted.Renyi.Sandwiched.Basic:importArts",
       "1ce36949b322bb86"],
      ["QIT.Coding.EntanglementAssisted.Renyi.Sandwiched.Additivity.ChannelProduct transitive imports (public)",
       "e41930652dd87b5d"],
      ["QIT.Coding.EntanglementAssisted.Renyi.Sandwiched.Additivity.ChannelProduct:importArts",
       "f00de126c29c2954"],
      ["QIT.Coding.EntanglementAssisted.Renyi.Sandwiched.Limit transitive imports (public)",
       "18b390ae7a80322e"],
      ["QIT.Coding.EntanglementAssisted.Renyi.Sandwiched.Limit:importArts",
       "bb8f680a409a2323"],
      ["QIT.Coding.EntanglementAssisted.Renyi.Sandwiched.CBNorm transitive imports (public)",
       "8d018264b7802650"],
      ["QIT.Coding.EntanglementAssisted.Renyi.Sandwiched.CBNorm:importArts",
       "2c502b53ca076b4f"],
      ["QIT.Coding.EntanglementAssisted.Asymptotic transitive imports (public)",
       "bdc01773d68efd0a"],
      ["QIT.Coding.EntanglementAssisted.Asymptotic:importArts",
       "83ec455b2a9564b7"],
      ["QIT.Coding.EntanglementAssisted.Asymptotic.Upper transitive imports (public)",
       "e222c4c6e6aae5ba"],
      ["QIT.Coding.EntanglementAssisted.Asymptotic.Upper:importArts",
       "037f5dcff4f407d1"],
      ["QIT.Coding.EntanglementAssisted.Asymptotic.Lower transitive imports (public)",
       "f6c637640d75fb18"],
      ["QIT.Coding.EntanglementAssisted.Asymptotic.Lower:importArts",
       "77ab71a7ab4fb5d5"],
      ["QIT.Coding.EntanglementAssisted.Asymptotic.Final transitive imports (public)",
       "319801137671d67a"],
      ["QIT.Coding.EntanglementAssisted.Asymptotic.Final:importArts",
       "80058497784de730"]]]]],
  ["libs",
   [["import dynlibs", "00000000000006bb"],
    ["package external libraries", "00000000000006bb"],
    ["module dynlibs", "00000000000006bb"],
    ["module plugins", "00000000000006bb"]]],
  ["Lean 4.34.0, commit 3447a668783dbce1a8fdb97101dd067687b2b418",
   "421484e3e0c70198"],
  ["C:\\lean\\libs\\Lean-QIT\\QIT\\Coding\\EntanglementAssisted.lean",
   "42d8e473f96fdfbf"],
  ["options", "00000000000006bb"],
  ["isModule: true", "760fcc16989f4b9b"],
  ["Module.name: QIT.Coding.EntanglementAssisted", "c1b73b08950b33ce"],
  ["Package.id?: (some QIT)", "07d8d7419f989369"],
  ["Module.leanArgs: #[-DautoImplicit=false, -Dbackward.isDefEq.respectTransparency=false]",
   "1e046d1e40f8a855"]],
 "depHash": "ab806a2fa67a21dc"}