{"synthetic": false,
 "schemaVersion": "2025-09-10",
 "outputs":
 {"rs": "d61f70cedb9c4015.ir.sig",
  "r": "8f7950aac4cc63d1.ir",
  "o":
  ["15784bf8241f8cf3.olean",
   "838c5d5c0feb92ef.olean.server",
   "e64155d2e8b51155.olean.private"],
  "m": true,
  "i": "17829f435a20a2b5.ilean",
  "c": "d241cfb5b4a01427.c"},
 "log":
 [{"message":
   ".> LEAN_PATH=C:\\lean\\mathlib4\\.lake\\packages\\Cli\\.lake\\build\\lib\\lean;C:\\lean\\mathlib4\\.lake\\packages\\batteries\\.lake\\build\\lib\\lean;C:\\lean\\mathlib4\\.lake\\packages\\Qq\\.lake\\build\\lib\\lean;C:\\lean\\mathlib4\\.lake\\packages\\aesop\\.lake\\build\\lib\\lean;C:\\lean\\mathlib4\\.lake\\packages\\proofwidgets\\.lake\\build\\lib\\lean;C:\\lean\\mathlib4\\.lake\\packages\\importGraph\\.lake\\build\\lib\\lean;C:\\lean\\mathlib4\\.lake\\packages\\LeanSearchClient\\.lake\\build\\lib\\lean;C:\\lean\\mathlib4\\.lake\\packages\\plausible\\.lake\\build\\lib\\lean;C:\\lean\\mathlib4\\.lake\\build\\lib\\lean;C:\\lean\\libs\\Lean-QIT\\.lake\\build\\lib\\lean c:\\Users\\Administrator\\.elan\\toolchains\\leanprover--lean4---v4.34.0-rc1\\bin\\lean.exe -DautoImplicit=false -Dbackward.isDefEq.respectTransparency=false C:\\lean\\libs\\Lean-QIT\\QIT\\Coding\\Source.lean -o C:\\lean\\libs\\Lean-QIT\\.lake\\build\\lib\\lean\\QIT\\Coding\\Source.olean -i C:\\lean\\libs\\Lean-QIT\\.lake\\build\\lib\\lean\\QIT\\Coding\\Source.ilean -c C:\\lean\\libs\\Lean-QIT\\.lake\\build\\ir\\QIT\\Coding\\Source.c --setup C:\\lean\\libs\\Lean-QIT\\.lake\\build\\ir\\QIT\\Coding\\Source.setup.json --json",
   "level": "trace"}],
 "inputs":
 [["deps",
   [["QIT/QIT:extraDep", [["@QIT:extraDep", "00000000000006bb"]]],
    ["imports",
     [["QIT.Coding.Source.Schumacher transitive imports (public)",
       "8ff12d042b2e312a"],
      ["QIT.Coding.Source.Schumacher:importArts", "b59a80f6dfa8e711"],
      ["QIT.Coding.Source.SchumacherDirect transitive imports (public)",
       "3fa4331753684f48"],
      ["QIT.Coding.Source.SchumacherDirect:importArts", "2e9eec9ac63de062"],
      ["QIT.Coding.Source.SchumacherConverse transitive imports (public)",
       "933beefa33c8080e"],
      ["QIT.Coding.Source.SchumacherConverse:importArts", "b4e34b974375e4af"],
      ["QIT.Coding.Source.SchumacherLimit transitive imports (public)",
       "7d0714a294a79a95"],
      ["QIT.Coding.Source.SchumacherLimit:importArts", "291ba02c7b91342f"]]]]],
  ["libs",
   [["import dynlibs", "00000000000006bb"],
    ["package external libraries", "00000000000006bb"],
    ["module dynlibs", "00000000000006bb"],
    ["module plugins", "00000000000006bb"]]],
  ["Lean 4.34.0, commit 3447a668783dbce1a8fdb97101dd067687b2b418",
   "421484e3e0c70198"],
  ["C:\\lean\\libs\\Lean-QIT\\QIT\\Coding\\Source.lean", "77ab824d91254a7c"],
  ["options", "00000000000006bb"],
  ["isModule: true", "760fcc16989f4b9b"],
  ["Module.name: QIT.Coding.Source", "0008ce15552d71e7"],
  ["Package.id?: (some QIT)", "07d8d7419f989369"],
  ["Module.leanArgs: #[-DautoImplicit=false, -Dbackward.isDefEq.respectTransparency=false]",
   "1e046d1e40f8a855"]],
 "depHash": "1a8afd2e09eea7de"}