{"synthetic": false,
 "schemaVersion": "2025-09-10",
 "outputs":
 {"rs": "114f9f78cb9ea632.ir.sig",
  "r": "6ab7f927b11eadc9.ir",
  "o":
  ["43d6254ae1195c28.olean",
   "442a9a85b853b8c0.olean.server",
   "c530b1759e8aeaff.olean.private"],
  "m": true,
  "i": "c31cd41b8d3d638f.ilean",
  "c": "2ad8146ce804bff6.c"},
 "log":
 [{"message":
   ".> LEAN_PATH=C:\\lean\\mathlib4\\.lake\\packages\\Cli\\.lake\\build\\lib\\lean;C:\\lean\\mathlib4\\.lake\\packages\\batteries\\.lake\\build\\lib\\lean;C:\\lean\\mathlib4\\.lake\\packages\\Qq\\.lake\\build\\lib\\lean;C:\\lean\\mathlib4\\.lake\\packages\\aesop\\.lake\\build\\lib\\lean;C:\\lean\\mathlib4\\.lake\\packages\\proofwidgets\\.lake\\build\\lib\\lean;C:\\lean\\mathlib4\\.lake\\packages\\importGraph\\.lake\\build\\lib\\lean;C:\\lean\\mathlib4\\.lake\\packages\\LeanSearchClient\\.lake\\build\\lib\\lean;C:\\lean\\mathlib4\\.lake\\packages\\plausible\\.lake\\build\\lib\\lean;C:\\lean\\mathlib4\\.lake\\build\\lib\\lean;C:\\lean\\libs\\Lean-QIT\\.lake\\build\\lib\\lean c:\\Users\\Administrator\\.elan\\toolchains\\leanprover--lean4---v4.34.0-rc1\\bin\\lean.exe -DautoImplicit=false -Dbackward.isDefEq.respectTransparency=false C:\\lean\\libs\\Lean-QIT\\QIT\\Information\\Renyi\\RenyiDPI\\ConditionalMeasurementSource.lean -o C:\\lean\\libs\\Lean-QIT\\.lake\\build\\lib\\lean\\QIT\\Information\\Renyi\\RenyiDPI\\ConditionalMeasurementSource.olean -i C:\\lean\\libs\\Lean-QIT\\.lake\\build\\lib\\lean\\QIT\\Information\\Renyi\\RenyiDPI\\ConditionalMeasurementSource.ilean -c C:\\lean\\libs\\Lean-QIT\\.lake\\build\\ir\\QIT\\Information\\Renyi\\RenyiDPI\\ConditionalMeasurementSource.c --setup C:\\lean\\libs\\Lean-QIT\\.lake\\build\\ir\\QIT\\Information\\Renyi\\RenyiDPI\\ConditionalMeasurementSource.setup.json --json",
   "level": "trace"}],
 "inputs":
 [["deps",
   [["QIT/QIT:extraDep", [["@QIT:extraDep", "00000000000006bb"]]],
    ["imports",
     [["QIT.Channels.Diamond transitive imports (public)", "61417a77302563ca"],
      ["QIT.Channels.Diamond:importArts", "ab49bd34d7569eff"],
      ["QIT.Information.Renyi.RenyiDPI.ReferenceOrder transitive imports (public)",
       "4b10f881126a1005"],
      ["QIT.Information.Renyi.RenyiDPI.ReferenceOrder:importArts",
       "d14f659d792d3258"],
      ["QIT.Information.Renyi.ConditionalSandwichedRenyiClassicalConditioning transitive imports (public)",
       "2982031cfb3c863e"],
      ["QIT.Information.Renyi.ConditionalSandwichedRenyiClassicalConditioning:importArts",
       "0846adc969626e5a"],
      ["QIT.Information.Renyi.AlphaEntropyContinuity transitive imports (public)",
       "1833f8268110dfb1"],
      ["QIT.Information.Renyi.AlphaEntropyContinuity:importArts",
       "38667f28a55a2de0"],
      ["QIT.Information.Renyi.RenyiOrderParameter transitive imports (public)",
       "486c8c41ed3e9600"],
      ["QIT.Information.Renyi.RenyiOrderParameter:importArts",
       "5ff62b1f8e3c776a"]]]]],
  ["libs",
   [["import dynlibs", "00000000000006bb"],
    ["package external libraries", "00000000000006bb"],
    ["module dynlibs", "00000000000006bb"],
    ["module plugins", "00000000000006bb"]]],
  ["Lean 4.34.0, commit 3447a668783dbce1a8fdb97101dd067687b2b418",
   "421484e3e0c70198"],
  ["C:\\lean\\libs\\Lean-QIT\\QIT\\Information\\Renyi\\RenyiDPI\\ConditionalMeasurementSource.lean",
   "8eb7eb77df6e14fc"],
  ["options", "00000000000006bb"],
  ["isModule: true", "760fcc16989f4b9b"],
  ["Module.name: QIT.Information.Renyi.RenyiDPI.ConditionalMeasurementSource",
   "7c28e6015ad1e0ea"],
  ["Package.id?: (some QIT)", "07d8d7419f989369"],
  ["Module.leanArgs: #[-DautoImplicit=false, -Dbackward.isDefEq.respectTransparency=false]",
   "1e046d1e40f8a855"]],
 "depHash": "dcf934c47a653c6d"}