{"synthetic": false,
 "schemaVersion": "2025-09-10",
 "outputs":
 {"rs": "2c2b1e67d3ed1f2a.ir.sig",
  "r": "2d7a2d748390910c.ir",
  "o":
  ["c4a78eb426c9d30d.olean",
   "893e5a9766cc86f4.olean.server",
   "958e74601ba0b573.olean.private"],
  "m": true,
  "i": "a7244d7f40e929f3.ilean",
  "c": "f762cfb0e579c566.c"},
 "log":
 [{"message":
   ".> LEAN_PATH=C:\\lean\\mathlib4\\.lake\\packages\\Cli\\.lake\\build\\lib\\lean;C:\\lean\\mathlib4\\.lake\\packages\\batteries\\.lake\\build\\lib\\lean;C:\\lean\\mathlib4\\.lake\\packages\\Qq\\.lake\\build\\lib\\lean;C:\\lean\\mathlib4\\.lake\\packages\\aesop\\.lake\\build\\lib\\lean;C:\\lean\\mathlib4\\.lake\\packages\\proofwidgets\\.lake\\build\\lib\\lean;C:\\lean\\mathlib4\\.lake\\packages\\importGraph\\.lake\\build\\lib\\lean;C:\\lean\\mathlib4\\.lake\\packages\\LeanSearchClient\\.lake\\build\\lib\\lean;C:\\lean\\mathlib4\\.lake\\packages\\plausible\\.lake\\build\\lib\\lean;C:\\lean\\mathlib4\\.lake\\build\\lib\\lean;C:\\lean\\libs\\Lean-QIT\\.lake\\build\\lib\\lean c:\\Users\\Administrator\\.elan\\toolchains\\leanprover--lean4---v4.34.0-rc1\\bin\\lean.exe -DautoImplicit=false -Dbackward.isDefEq.respectTransparency=false C:\\lean\\libs\\Lean-QIT\\QIT\\Information\\Renyi\\RenyiDPI\\HighAlpha.lean -o C:\\lean\\libs\\Lean-QIT\\.lake\\build\\lib\\lean\\QIT\\Information\\Renyi\\RenyiDPI\\HighAlpha.olean -i C:\\lean\\libs\\Lean-QIT\\.lake\\build\\lib\\lean\\QIT\\Information\\Renyi\\RenyiDPI\\HighAlpha.ilean -c C:\\lean\\libs\\Lean-QIT\\.lake\\build\\ir\\QIT\\Information\\Renyi\\RenyiDPI\\HighAlpha.c --setup C:\\lean\\libs\\Lean-QIT\\.lake\\build\\ir\\QIT\\Information\\Renyi\\RenyiDPI\\HighAlpha.setup.json --json",
   "level": "trace"}],
 "inputs":
 [["deps",
   [["QIT/QIT:extraDep", [["@QIT:extraDep", "00000000000006bb"]]],
    ["imports",
     [["QIT.Information.Renyi.RenyiDPI.Domain transitive imports (public)",
       "22f9b8edb3b4f02a"],
      ["QIT.Information.Renyi.RenyiDPI.Domain:importArts", "1b33fdc48ac50732"],
      ["QIT.Information.Entropy.Log2Lemmas transitive imports (public)",
       "36fe893b7a0a46c5"],
      ["QIT.Information.Entropy.Log2Lemmas:importArts", "cf4842d5c190cb5a"]]]]],
  ["libs",
   [["import dynlibs", "00000000000006bb"],
    ["package external libraries", "00000000000006bb"],
    ["module dynlibs", "00000000000006bb"],
    ["module plugins", "00000000000006bb"]]],
  ["Lean 4.34.0, commit 3447a668783dbce1a8fdb97101dd067687b2b418",
   "421484e3e0c70198"],
  ["C:\\lean\\libs\\Lean-QIT\\QIT\\Information\\Renyi\\RenyiDPI\\HighAlpha.lean",
   "3a6e074861cb86f2"],
  ["options", "00000000000006bb"],
  ["isModule: true", "760fcc16989f4b9b"],
  ["Module.name: QIT.Information.Renyi.RenyiDPI.HighAlpha", "18f0b2f6ee5e039d"],
  ["Package.id?: (some QIT)", "07d8d7419f989369"],
  ["Module.leanArgs: #[-DautoImplicit=false, -Dbackward.isDefEq.respectTransparency=false]",
   "1e046d1e40f8a855"]],
 "depHash": "17041589b70a9ab9"}