{"synthetic": false,
 "schemaVersion": "2025-09-10",
 "outputs":
 {"rs": "d55dc0e37ec6d227.ir.sig",
  "r": "76ed6a6c84b84a03.ir",
  "o":
  ["5d62a4f201e3331e.olean",
   "bded472c02a0dc52.olean.server",
   "342a0a9926c3b6c7.olean.private"],
  "m": true,
  "i": "80c5e9f184067415.ilean",
  "c": "779d088c0da55738.c"},
 "log":
 [{"message":
   ".> LEAN_PATH=C:\\lean\\mathlib4\\.lake\\packages\\Cli\\.lake\\build\\lib\\lean;C:\\lean\\mathlib4\\.lake\\packages\\batteries\\.lake\\build\\lib\\lean;C:\\lean\\mathlib4\\.lake\\packages\\Qq\\.lake\\build\\lib\\lean;C:\\lean\\mathlib4\\.lake\\packages\\aesop\\.lake\\build\\lib\\lean;C:\\lean\\mathlib4\\.lake\\packages\\proofwidgets\\.lake\\build\\lib\\lean;C:\\lean\\mathlib4\\.lake\\packages\\importGraph\\.lake\\build\\lib\\lean;C:\\lean\\mathlib4\\.lake\\packages\\LeanSearchClient\\.lake\\build\\lib\\lean;C:\\lean\\mathlib4\\.lake\\packages\\plausible\\.lake\\build\\lib\\lean;C:\\lean\\mathlib4\\.lake\\build\\lib\\lean;C:\\lean\\libs\\Lean-QIT\\.lake\\build\\lib\\lean c:\\Users\\Administrator\\.elan\\toolchains\\leanprover--lean4---v4.34.0-rc1\\bin\\lean.exe -DautoImplicit=false -Dbackward.isDefEq.respectTransparency=false C:\\lean\\libs\\Lean-QIT\\QIT\\Information\\Renyi\\RenyiDPI\\ReferenceOrder.lean -o C:\\lean\\libs\\Lean-QIT\\.lake\\build\\lib\\lean\\QIT\\Information\\Renyi\\RenyiDPI\\ReferenceOrder.olean -i C:\\lean\\libs\\Lean-QIT\\.lake\\build\\lib\\lean\\QIT\\Information\\Renyi\\RenyiDPI\\ReferenceOrder.ilean -c C:\\lean\\libs\\Lean-QIT\\.lake\\build\\ir\\QIT\\Information\\Renyi\\RenyiDPI\\ReferenceOrder.c --setup C:\\lean\\libs\\Lean-QIT\\.lake\\build\\ir\\QIT\\Information\\Renyi\\RenyiDPI\\ReferenceOrder.setup.json --json",
   "level": "trace"}],
 "inputs":
 [["deps",
   [["QIT/QIT:extraDep", [["@QIT:extraDep", "00000000000006bb"]]],
    ["imports",
     [["QIT.Information.Renyi.RenyiDPI.TraceLogBridge transitive imports (public)",
       "ec79fc2172e1e362"],
      ["QIT.Information.Renyi.RenyiDPI.TraceLogBridge:importArts",
       "1a7ff0f74b6995e2"],
      ["QIT.Information.Renyi.SandwichedRenyiOptimizedUSC transitive imports (public)",
       "49846c9ac7555a19"],
      ["QIT.Information.Renyi.SandwichedRenyiOptimizedUSC:importArts",
       "5dcdb0584f8d1d7c"],
      ["QIT.States.PosSqrtOrder transitive imports (public)",
       "5534d71301e51536"],
      ["QIT.States.PosSqrtOrder:importArts", "7aee6afb92acc92c"]]]]],
  ["libs",
   [["import dynlibs", "00000000000006bb"],
    ["package external libraries", "00000000000006bb"],
    ["module dynlibs", "00000000000006bb"],
    ["module plugins", "00000000000006bb"]]],
  ["Lean 4.34.0, commit 3447a668783dbce1a8fdb97101dd067687b2b418",
   "421484e3e0c70198"],
  ["C:\\lean\\libs\\Lean-QIT\\QIT\\Information\\Renyi\\RenyiDPI\\ReferenceOrder.lean",
   "ffaa2e91aa6540ad"],
  ["options", "00000000000006bb"],
  ["isModule: true", "760fcc16989f4b9b"],
  ["Module.name: QIT.Information.Renyi.RenyiDPI.ReferenceOrder",
   "075234387917b7c9"],
  ["Package.id?: (some QIT)", "07d8d7419f989369"],
  ["Module.leanArgs: #[-DautoImplicit=false, -Dbackward.isDefEq.respectTransparency=false]",
   "1e046d1e40f8a855"]],
 "depHash": "0341bb8f6b50ac20"}