{"synthetic": false,
 "schemaVersion": "2025-09-10",
 "outputs":
 {"rs": "41f5cf5257c432f7.ir.sig",
  "r": "f27be26be2588e18.ir",
  "o":
  ["33acc5614ee5f9c1.olean",
   "147d96763d0394f4.olean.server",
   "1423d9bcbd953351.olean.private"],
  "m": true,
  "i": "d476641fda661a0c.ilean",
  "c": "a5cf43d4d0f7cf38.c"},
 "log":
 [{"message":
   ".> LEAN_PATH=C:\\lean\\mathlib4\\.lake\\packages\\Cli\\.lake\\build\\lib\\lean;C:\\lean\\mathlib4\\.lake\\packages\\batteries\\.lake\\build\\lib\\lean;C:\\lean\\mathlib4\\.lake\\packages\\Qq\\.lake\\build\\lib\\lean;C:\\lean\\mathlib4\\.lake\\packages\\aesop\\.lake\\build\\lib\\lean;C:\\lean\\mathlib4\\.lake\\packages\\proofwidgets\\.lake\\build\\lib\\lean;C:\\lean\\mathlib4\\.lake\\packages\\importGraph\\.lake\\build\\lib\\lean;C:\\lean\\mathlib4\\.lake\\packages\\LeanSearchClient\\.lake\\build\\lib\\lean;C:\\lean\\mathlib4\\.lake\\packages\\plausible\\.lake\\build\\lib\\lean;C:\\lean\\mathlib4\\.lake\\build\\lib\\lean;C:\\lean\\libs\\Lean-QIT\\.lake\\build\\lib\\lean c:\\Users\\Administrator\\.elan\\toolchains\\leanprover--lean4---v4.34.0-rc1\\bin\\lean.exe -DautoImplicit=false -Dbackward.isDefEq.respectTransparency=false C:\\lean\\libs\\Lean-QIT\\QIT\\Information\\Renyi\\RenyiDPI\\TraceLogBridge.lean -o C:\\lean\\libs\\Lean-QIT\\.lake\\build\\lib\\lean\\QIT\\Information\\Renyi\\RenyiDPI\\TraceLogBridge.olean -i C:\\lean\\libs\\Lean-QIT\\.lake\\build\\lib\\lean\\QIT\\Information\\Renyi\\RenyiDPI\\TraceLogBridge.ilean -c C:\\lean\\libs\\Lean-QIT\\.lake\\build\\ir\\QIT\\Information\\Renyi\\RenyiDPI\\TraceLogBridge.c --setup C:\\lean\\libs\\Lean-QIT\\.lake\\build\\ir\\QIT\\Information\\Renyi\\RenyiDPI\\TraceLogBridge.setup.json --json",
   "level": "trace"}],
 "inputs":
 [["deps",
   [["QIT/QIT:extraDep", [["@QIT:extraDep", "00000000000006bb"]]],
    ["imports",
     [["QIT.Information.Entropy.RelativeEntropyTraceLog transitive imports (public)",
       "247b5b3002a61bc1"],
      ["QIT.Information.Entropy.RelativeEntropyTraceLog:importArts",
       "c4cef2cbe4bee779"],
      ["QIT.Information.Renyi.FrankLieb.DPI transitive imports (public)",
       "7be24cb1daaed0a9"],
      ["QIT.Information.Renyi.FrankLieb.DPI:importArts", "00708bf110526c1d"],
      ["Mathlib.Analysis.Calculus.DSlope transitive imports (public)",
       "dfd4f58957f720e6"],
      ["Mathlib.Analysis.Calculus.DSlope:importArts", "d5f0aaf2d08b54b3"],
      ["Mathlib.Analysis.CStarAlgebra.Matrix transitive imports (public)",
       "45e2adb3868dfdc9"],
      ["Mathlib.Analysis.CStarAlgebra.Matrix:importArts", "673875de75f5cfcb"],
      ["Mathlib.Analysis.SpecialFunctions.Log.Deriv transitive imports (public)",
       "5f72973750383f8c"],
      ["Mathlib.Analysis.SpecialFunctions.Log.Deriv:importArts",
       "05c9b6280d4a1de2"],
      ["Mathlib.Analysis.SpecialFunctions.Log.NegMulLog transitive imports (public)",
       "6b2df50cafa7980b"],
      ["Mathlib.Analysis.SpecialFunctions.Log.NegMulLog:importArts",
       "0c6193c4c0b77deb"],
      ["Mathlib.Analysis.SpecialFunctions.Log.RpowTendsto transitive imports (public)",
       "2f9233438835a501"],
      ["Mathlib.Analysis.SpecialFunctions.Log.RpowTendsto:importArts",
       "9a986eae12081382"],
      ["Mathlib.Analysis.SpecialFunctions.Pow.Deriv transitive imports (public)",
       "1af626334d247e3d"],
      ["Mathlib.Analysis.SpecialFunctions.Pow.Deriv:importArts",
       "b86f3b1c82771b31"],
      ["Mathlib.Analysis.SpecialFunctions.ContinuousFunctionalCalculus.ExpLog.Order transitive imports (public)",
       "1d92f7248f630b7c"],
      ["Mathlib.Analysis.SpecialFunctions.ContinuousFunctionalCalculus.ExpLog.Order:importArts",
       "befb52d1d8dd0d2f"]]]]],
  ["libs",
   [["import dynlibs", "00000000000006bb"],
    ["package external libraries", "00000000000006bb"],
    ["module dynlibs", "00000000000006bb"],
    ["module plugins", "00000000000006bb"]]],
  ["Lean 4.34.0, commit 3447a668783dbce1a8fdb97101dd067687b2b418",
   "421484e3e0c70198"],
  ["C:\\lean\\libs\\Lean-QIT\\QIT\\Information\\Renyi\\RenyiDPI\\TraceLogBridge.lean",
   "21921e62b5b9bb2a"],
  ["options", "00000000000006bb"],
  ["isModule: true", "760fcc16989f4b9b"],
  ["Module.name: QIT.Information.Renyi.RenyiDPI.TraceLogBridge",
   "8283c5273e652f56"],
  ["Package.id?: (some QIT)", "07d8d7419f989369"],
  ["Module.leanArgs: #[-DautoImplicit=false, -Dbackward.isDefEq.respectTransparency=false]",
   "1e046d1e40f8a855"]],
 "depHash": "6829907ad8593c28"}