{"synthetic": false,
 "schemaVersion": "2025-09-10",
 "outputs":
 {"rs": "d538ed1226a3e2ad.ir.sig",
  "r": "94ee97904b7ca1a4.ir",
  "o":
  ["76307c05398dd891.olean",
   "a3f3c41ff4f6d070.olean.server",
   "3974293406f68edd.olean.private"],
  "m": true,
  "i": "28236bd309313a2c.ilean",
  "c": "fce25a8e82856562.c"},
 "log":
 [{"message":
   ".> LEAN_PATH=C:\\lean\\mathlib4\\.lake\\packages\\Cli\\.lake\\build\\lib\\lean;C:\\lean\\mathlib4\\.lake\\packages\\batteries\\.lake\\build\\lib\\lean;C:\\lean\\mathlib4\\.lake\\packages\\Qq\\.lake\\build\\lib\\lean;C:\\lean\\mathlib4\\.lake\\packages\\aesop\\.lake\\build\\lib\\lean;C:\\lean\\mathlib4\\.lake\\packages\\proofwidgets\\.lake\\build\\lib\\lean;C:\\lean\\mathlib4\\.lake\\packages\\importGraph\\.lake\\build\\lib\\lean;C:\\lean\\mathlib4\\.lake\\packages\\LeanSearchClient\\.lake\\build\\lib\\lean;C:\\lean\\mathlib4\\.lake\\packages\\plausible\\.lake\\build\\lib\\lean;C:\\lean\\mathlib4\\.lake\\build\\lib\\lean;C:\\lean\\libs\\Lean-QIT\\.lake\\build\\lib\\lean c:\\Users\\Administrator\\.elan\\toolchains\\leanprover--lean4---v4.34.0-rc1\\bin\\lean.exe -DautoImplicit=false -Dbackward.isDefEq.respectTransparency=false C:\\lean\\libs\\Lean-QIT\\QIT\\Information\\Renyi\\ConditionalSandwichedRenyiClassicalConditioning\\BlockAlgebra.lean -o C:\\lean\\libs\\Lean-QIT\\.lake\\build\\lib\\lean\\QIT\\Information\\Renyi\\ConditionalSandwichedRenyiClassicalConditioning\\BlockAlgebra.olean -i C:\\lean\\libs\\Lean-QIT\\.lake\\build\\lib\\lean\\QIT\\Information\\Renyi\\ConditionalSandwichedRenyiClassicalConditioning\\BlockAlgebra.ilean -c C:\\lean\\libs\\Lean-QIT\\.lake\\build\\ir\\QIT\\Information\\Renyi\\ConditionalSandwichedRenyiClassicalConditioning\\BlockAlgebra.c --setup C:\\lean\\libs\\Lean-QIT\\.lake\\build\\ir\\QIT\\Information\\Renyi\\ConditionalSandwichedRenyiClassicalConditioning\\BlockAlgebra.setup.json --json",
   "level": "trace"},
  {"message":
   "QIT/Information/Renyi/ConditionalSandwichedRenyiClassicalConditioning/BlockAlgebra.lean:989:62: Try this:\n  [apply] ring_nf\n  \n  The `ring` tactic failed to close the goal. Use `ring_nf` to obtain a normal form.\n    \n  Note that `ring` works primarily in *commutative* rings. If you have a noncommutative ring, abelian group or module, consider using `noncomm_ring`, `abel` or `module` instead.",
   "level": "info"},
  {"message":
   "QIT/Information/Renyi/ConditionalSandwichedRenyiClassicalConditioning/BlockAlgebra.lean:1104:62: Try this:\n  [apply] ring_nf\n  \n  The `ring` tactic failed to close the goal. Use `ring_nf` to obtain a normal form.\n    \n  Note that `ring` works primarily in *commutative* rings. If you have a noncommutative ring, abelian group or module, consider using `noncomm_ring`, `abel` or `module` instead.",
   "level": "info"}],
 "inputs":
 [["deps",
   [["QIT/QIT:extraDep", [["@QIT:extraDep", "00000000000006bb"]]],
    ["imports",
     [["Mathlib.Algebra.Order.CompleteField transitive imports (public)",
       "b9e8f5a9f6c62dde"],
      ["Mathlib.Algebra.Order.CompleteField:importArts", "feb777cd3c002b7f"],
      ["QIT.Information.Renyi.ConditionalRenyiClassical transitive imports (public)",
       "9e843b72491798ec"],
      ["QIT.Information.Renyi.ConditionalRenyiClassical:importArts",
       "d1f893164e9d2635"],
      ["QIT.Information.Renyi.SandwichedRenyiOptimizedUSC transitive imports (public)",
       "49846c9ac7555a19"],
      ["QIT.Information.Renyi.SandwichedRenyiOptimizedUSC:importArts",
       "5dcdb0584f8d1d7c"],
      ["QIT.Information.Renyi.ConditionalSandwichedRenyiDuality transitive imports (public)",
       "cfa8b6f773c1e5e7"],
      ["QIT.Information.Renyi.ConditionalSandwichedRenyiDuality:importArts",
       "6aa89665d2ee0914"],
      ["QIT.Information.Renyi.ConditionalSandwichedRenyiAdditivity transitive imports (public)",
       "27c9692e52e5881a"],
      ["QIT.Information.Renyi.ConditionalSandwichedRenyiAdditivity:importArts",
       "efd43aafc58f0356"],
      ["QIT.Measurements.Projective transitive imports (public)",
       "dea711cf278204c0"],
      ["QIT.Measurements.Projective:importArts", "aa2959a45fbdd2ea"],
      ["QIT.OneShot.CQGuessing transitive imports (public)",
       "cdf925898ce37544"],
      ["QIT.OneShot.CQGuessing:importArts", "8171da259e98646c"]]]]],
  ["libs",
   [["import dynlibs", "00000000000006bb"],
    ["package external libraries", "00000000000006bb"],
    ["module dynlibs", "00000000000006bb"],
    ["module plugins", "00000000000006bb"]]],
  ["Lean 4.34.0, commit 3447a668783dbce1a8fdb97101dd067687b2b418",
   "421484e3e0c70198"],
  ["C:\\lean\\libs\\Lean-QIT\\QIT\\Information\\Renyi\\ConditionalSandwichedRenyiClassicalConditioning\\BlockAlgebra.lean",
   "30e29571d7726295"],
  ["options", "00000000000006bb"],
  ["isModule: true", "760fcc16989f4b9b"],
  ["Module.name: QIT.Information.Renyi.ConditionalSandwichedRenyiClassicalConditioning.BlockAlgebra",
   "c6e2258d728ecc83"],
  ["Package.id?: (some QIT)", "07d8d7419f989369"],
  ["Module.leanArgs: #[-DautoImplicit=false, -Dbackward.isDefEq.respectTransparency=false]",
   "1e046d1e40f8a855"]],
 "depHash": "6161e0b6f0399343"}