{"synthetic": false,
 "schemaVersion": "2025-09-10",
 "outputs":
 {"rs": "7fbec1e7417cea86.ir.sig",
  "r": "84e8ea74503f57c0.ir",
  "o":
  ["eb5f115a03c1ad23.olean",
   "2d2fd3f2d0735065.olean.server",
   "7d5d813f8f6ac4c0.olean.private"],
  "m": true,
  "i": "ef6802b5997e0c8d.ilean",
  "c": "f6a7f912e9b654ff.c"},
 "log":
 [{"message":
   ".> LEAN_PATH=C:\\lean\\mathlib4\\.lake\\packages\\Cli\\.lake\\build\\lib\\lean;C:\\lean\\mathlib4\\.lake\\packages\\batteries\\.lake\\build\\lib\\lean;C:\\lean\\mathlib4\\.lake\\packages\\Qq\\.lake\\build\\lib\\lean;C:\\lean\\mathlib4\\.lake\\packages\\aesop\\.lake\\build\\lib\\lean;C:\\lean\\mathlib4\\.lake\\packages\\proofwidgets\\.lake\\build\\lib\\lean;C:\\lean\\mathlib4\\.lake\\packages\\importGraph\\.lake\\build\\lib\\lean;C:\\lean\\mathlib4\\.lake\\packages\\LeanSearchClient\\.lake\\build\\lib\\lean;C:\\lean\\mathlib4\\.lake\\packages\\plausible\\.lake\\build\\lib\\lean;C:\\lean\\mathlib4\\.lake\\build\\lib\\lean;C:\\lean\\libs\\Lean-QIT\\.lake\\build\\lib\\lean c:\\Users\\Administrator\\.elan\\toolchains\\leanprover--lean4---v4.34.0-rc1\\bin\\lean.exe -DautoImplicit=false -Dbackward.isDefEq.respectTransparency=false C:\\lean\\libs\\Lean-QIT\\QIT\\Information\\Renyi\\ConditionalSandwichedRenyiClassicalConditioning\\HighAlphaSupport.lean -o C:\\lean\\libs\\Lean-QIT\\.lake\\build\\lib\\lean\\QIT\\Information\\Renyi\\ConditionalSandwichedRenyiClassicalConditioning\\HighAlphaSupport.olean -i C:\\lean\\libs\\Lean-QIT\\.lake\\build\\lib\\lean\\QIT\\Information\\Renyi\\ConditionalSandwichedRenyiClassicalConditioning\\HighAlphaSupport.ilean -c C:\\lean\\libs\\Lean-QIT\\.lake\\build\\ir\\QIT\\Information\\Renyi\\ConditionalSandwichedRenyiClassicalConditioning\\HighAlphaSupport.c --setup C:\\lean\\libs\\Lean-QIT\\.lake\\build\\ir\\QIT\\Information\\Renyi\\ConditionalSandwichedRenyiClassicalConditioning\\HighAlphaSupport.setup.json --json",
   "level": "trace"}],
 "inputs":
 [["deps",
   [["QIT/QIT:extraDep", [["@QIT:extraDep", "00000000000006bb"]]],
    ["imports",
     [["Mathlib.Algebra.Order.CompleteField transitive imports (public)",
       "b9e8f5a9f6c62dde"],
      ["Mathlib.Algebra.Order.CompleteField:importArts", "feb777cd3c002b7f"],
      ["QIT.Information.Renyi.ConditionalRenyiClassical transitive imports (public)",
       "9e843b72491798ec"],
      ["QIT.Information.Renyi.ConditionalRenyiClassical:importArts",
       "d1f893164e9d2635"],
      ["QIT.Information.Renyi.SandwichedRenyiOptimizedUSC transitive imports (public)",
       "49846c9ac7555a19"],
      ["QIT.Information.Renyi.SandwichedRenyiOptimizedUSC:importArts",
       "5dcdb0584f8d1d7c"],
      ["QIT.Information.Renyi.ConditionalSandwichedRenyiDuality transitive imports (public)",
       "cfa8b6f773c1e5e7"],
      ["QIT.Information.Renyi.ConditionalSandwichedRenyiDuality:importArts",
       "6aa89665d2ee0914"],
      ["QIT.Information.Renyi.ConditionalSandwichedRenyiAdditivity transitive imports (public)",
       "27c9692e52e5881a"],
      ["QIT.Information.Renyi.ConditionalSandwichedRenyiAdditivity:importArts",
       "efd43aafc58f0356"],
      ["QIT.Measurements.Projective transitive imports (public)",
       "dea711cf278204c0"],
      ["QIT.Measurements.Projective:importArts", "aa2959a45fbdd2ea"],
      ["QIT.Information.Renyi.ConditionalSandwichedRenyiClassicalConditioning.BlockAlgebra transitive imports (public)",
       "af7c244cdc599eef"],
      ["QIT.Information.Renyi.ConditionalSandwichedRenyiClassicalConditioning.BlockAlgebra:importArts",
       "89456699ccead487"],
      ["QIT.Information.Renyi.ConditionalSandwichedRenyiClassicalConditioning.LowAlphaQDecomposition transitive imports (public)",
       "a997fe299b375d86"],
      ["QIT.Information.Renyi.ConditionalSandwichedRenyiClassicalConditioning.LowAlphaQDecomposition:importArts",
       "3137c6a41bcbf9fa"]]]]],
  ["libs",
   [["import dynlibs", "00000000000006bb"],
    ["package external libraries", "00000000000006bb"],
    ["module dynlibs", "00000000000006bb"],
    ["module plugins", "00000000000006bb"]]],
  ["Lean 4.34.0, commit 3447a668783dbce1a8fdb97101dd067687b2b418",
   "421484e3e0c70198"],
  ["C:\\lean\\libs\\Lean-QIT\\QIT\\Information\\Renyi\\ConditionalSandwichedRenyiClassicalConditioning\\HighAlphaSupport.lean",
   "a56eb9f9d8bbe2c3"],
  ["options", "00000000000006bb"],
  ["isModule: true", "760fcc16989f4b9b"],
  ["Module.name: QIT.Information.Renyi.ConditionalSandwichedRenyiClassicalConditioning.HighAlphaSupport",
   "1e99533fe0c3b18b"],
  ["Package.id?: (some QIT)", "07d8d7419f989369"],
  ["Module.leanArgs: #[-DautoImplicit=false, -Dbackward.isDefEq.respectTransparency=false]",
   "1e046d1e40f8a855"]],
 "depHash": "30b5479cc3b6ca7a"}