{"synthetic": false,
 "schemaVersion": "2025-09-10",
 "outputs":
 {"rs": "7c7c270ad8bb99bf.ir.sig",
  "r": "99236c0ac05198f8.ir",
  "o":
  ["11601469f7537876.olean",
   "8aa17114616a4534.olean.server",
   "0988bc340aa1469f.olean.private"],
  "m": true,
  "i": "3ce8cf043ad267fc.ilean",
  "c": "01e8320187dff358.c"},
 "log":
 [{"message":
   ".> LEAN_PATH=C:\\lean\\mathlib4\\.lake\\packages\\Cli\\.lake\\build\\lib\\lean;C:\\lean\\mathlib4\\.lake\\packages\\batteries\\.lake\\build\\lib\\lean;C:\\lean\\mathlib4\\.lake\\packages\\Qq\\.lake\\build\\lib\\lean;C:\\lean\\mathlib4\\.lake\\packages\\aesop\\.lake\\build\\lib\\lean;C:\\lean\\mathlib4\\.lake\\packages\\proofwidgets\\.lake\\build\\lib\\lean;C:\\lean\\mathlib4\\.lake\\packages\\importGraph\\.lake\\build\\lib\\lean;C:\\lean\\mathlib4\\.lake\\packages\\LeanSearchClient\\.lake\\build\\lib\\lean;C:\\lean\\mathlib4\\.lake\\packages\\plausible\\.lake\\build\\lib\\lean;C:\\lean\\mathlib4\\.lake\\build\\lib\\lean;C:\\lean\\libs\\Lean-QIT\\.lake\\build\\lib\\lean c:\\Users\\Administrator\\.elan\\toolchains\\leanprover--lean4---v4.34.0-rc1\\bin\\lean.exe -DautoImplicit=false -Dbackward.isDefEq.respectTransparency=false C:\\lean\\libs\\Lean-QIT\\QIT\\Information\\Renyi\\ConditionalSandwichedRenyiClassicalConditioning\\LowAlphaQDecomposition.lean -o C:\\lean\\libs\\Lean-QIT\\.lake\\build\\lib\\lean\\QIT\\Information\\Renyi\\ConditionalSandwichedRenyiClassicalConditioning\\LowAlphaQDecomposition.olean -i C:\\lean\\libs\\Lean-QIT\\.lake\\build\\lib\\lean\\QIT\\Information\\Renyi\\ConditionalSandwichedRenyiClassicalConditioning\\LowAlphaQDecomposition.ilean -c C:\\lean\\libs\\Lean-QIT\\.lake\\build\\ir\\QIT\\Information\\Renyi\\ConditionalSandwichedRenyiClassicalConditioning\\LowAlphaQDecomposition.c --setup C:\\lean\\libs\\Lean-QIT\\.lake\\build\\ir\\QIT\\Information\\Renyi\\ConditionalSandwichedRenyiClassicalConditioning\\LowAlphaQDecomposition.setup.json --json",
   "level": "trace"}],
 "inputs":
 [["deps",
   [["QIT/QIT:extraDep", [["@QIT:extraDep", "00000000000006bb"]]],
    ["imports",
     [["Mathlib.Algebra.Order.CompleteField transitive imports (public)",
       "b9e8f5a9f6c62dde"],
      ["Mathlib.Algebra.Order.CompleteField:importArts", "feb777cd3c002b7f"],
      ["QIT.Information.Renyi.ConditionalRenyiClassical transitive imports (public)",
       "9e843b72491798ec"],
      ["QIT.Information.Renyi.ConditionalRenyiClassical:importArts",
       "d1f893164e9d2635"],
      ["QIT.Information.Renyi.SandwichedRenyiOptimizedUSC transitive imports (public)",
       "49846c9ac7555a19"],
      ["QIT.Information.Renyi.SandwichedRenyiOptimizedUSC:importArts",
       "5dcdb0584f8d1d7c"],
      ["QIT.Information.Renyi.ConditionalSandwichedRenyiDuality transitive imports (public)",
       "cfa8b6f773c1e5e7"],
      ["QIT.Information.Renyi.ConditionalSandwichedRenyiDuality:importArts",
       "6aa89665d2ee0914"],
      ["QIT.Information.Renyi.ConditionalSandwichedRenyiAdditivity transitive imports (public)",
       "27c9692e52e5881a"],
      ["QIT.Information.Renyi.ConditionalSandwichedRenyiAdditivity:importArts",
       "efd43aafc58f0356"],
      ["QIT.Measurements.Projective transitive imports (public)",
       "dea711cf278204c0"],
      ["QIT.Measurements.Projective:importArts", "aa2959a45fbdd2ea"],
      ["QIT.Information.Renyi.ConditionalSandwichedRenyiClassicalConditioning.BlockAlgebra transitive imports (public)",
       "af7c244cdc599eef"],
      ["QIT.Information.Renyi.ConditionalSandwichedRenyiClassicalConditioning.BlockAlgebra:importArts",
       "89456699ccead487"]]]]],
  ["libs",
   [["import dynlibs", "00000000000006bb"],
    ["package external libraries", "00000000000006bb"],
    ["module dynlibs", "00000000000006bb"],
    ["module plugins", "00000000000006bb"]]],
  ["Lean 4.34.0, commit 3447a668783dbce1a8fdb97101dd067687b2b418",
   "421484e3e0c70198"],
  ["C:\\lean\\libs\\Lean-QIT\\QIT\\Information\\Renyi\\ConditionalSandwichedRenyiClassicalConditioning\\LowAlphaQDecomposition.lean",
   "8802c1fb59b65b16"],
  ["options", "00000000000006bb"],
  ["isModule: true", "760fcc16989f4b9b"],
  ["Module.name: QIT.Information.Renyi.ConditionalSandwichedRenyiClassicalConditioning.LowAlphaQDecomposition",
   "22fbb4631a1265f3"],
  ["Package.id?: (some QIT)", "07d8d7419f989369"],
  ["Module.leanArgs: #[-DautoImplicit=false, -Dbackward.isDefEq.respectTransparency=false]",
   "1e046d1e40f8a855"]],
 "depHash": "75dbb8014abecdb1"}