{"synthetic": false,
 "schemaVersion": "2025-09-10",
 "outputs":
 {"rs": "35c9a2e19a833b0c.ir.sig",
  "r": "ab49fb871c70025a.ir",
  "o":
  ["6fcd0cd905e03ad7.olean",
   "2597a314a6f11de5.olean.server",
   "a7a6c04088fa5d92.olean.private"],
  "m": true,
  "i": "3874b8c61b0c910b.ilean",
  "c": "cd7c84f07fdf4065.c"},
 "log":
 [{"message":
   ".> LEAN_PATH=C:\\lean\\mathlib4\\.lake\\packages\\Cli\\.lake\\build\\lib\\lean;C:\\lean\\mathlib4\\.lake\\packages\\batteries\\.lake\\build\\lib\\lean;C:\\lean\\mathlib4\\.lake\\packages\\Qq\\.lake\\build\\lib\\lean;C:\\lean\\mathlib4\\.lake\\packages\\aesop\\.lake\\build\\lib\\lean;C:\\lean\\mathlib4\\.lake\\packages\\proofwidgets\\.lake\\build\\lib\\lean;C:\\lean\\mathlib4\\.lake\\packages\\importGraph\\.lake\\build\\lib\\lean;C:\\lean\\mathlib4\\.lake\\packages\\LeanSearchClient\\.lake\\build\\lib\\lean;C:\\lean\\mathlib4\\.lake\\packages\\plausible\\.lake\\build\\lib\\lean;C:\\lean\\mathlib4\\.lake\\build\\lib\\lean;C:\\lean\\libs\\Lean-QIT\\.lake\\build\\lib\\lean c:\\Users\\Administrator\\.elan\\toolchains\\leanprover--lean4---v4.34.0-rc1\\bin\\lean.exe -DautoImplicit=false -Dbackward.isDefEq.respectTransparency=false C:\\lean\\libs\\Lean-QIT\\QIT\\Information\\Renyi\\ConditionalSandwichedRenyiClassicalConditioning\\ScalarOptimizer.lean -o C:\\lean\\libs\\Lean-QIT\\.lake\\build\\lib\\lean\\QIT\\Information\\Renyi\\ConditionalSandwichedRenyiClassicalConditioning\\ScalarOptimizer.olean -i C:\\lean\\libs\\Lean-QIT\\.lake\\build\\lib\\lean\\QIT\\Information\\Renyi\\ConditionalSandwichedRenyiClassicalConditioning\\ScalarOptimizer.ilean -c C:\\lean\\libs\\Lean-QIT\\.lake\\build\\ir\\QIT\\Information\\Renyi\\ConditionalSandwichedRenyiClassicalConditioning\\ScalarOptimizer.c --setup C:\\lean\\libs\\Lean-QIT\\.lake\\build\\ir\\QIT\\Information\\Renyi\\ConditionalSandwichedRenyiClassicalConditioning\\ScalarOptimizer.setup.json --json",
   "level": "trace"}],
 "inputs":
 [["deps",
   [["QIT/QIT:extraDep", [["@QIT:extraDep", "00000000000006bb"]]],
    ["imports",
     [["Mathlib.Algebra.Order.CompleteField transitive imports (public)",
       "b9e8f5a9f6c62dde"],
      ["Mathlib.Algebra.Order.CompleteField:importArts", "feb777cd3c002b7f"],
      ["QIT.Information.Renyi.ConditionalRenyiClassical transitive imports (public)",
       "9e843b72491798ec"],
      ["QIT.Information.Renyi.ConditionalRenyiClassical:importArts",
       "d1f893164e9d2635"],
      ["QIT.Information.Renyi.SandwichedRenyiOptimizedUSC transitive imports (public)",
       "49846c9ac7555a19"],
      ["QIT.Information.Renyi.SandwichedRenyiOptimizedUSC:importArts",
       "5dcdb0584f8d1d7c"],
      ["QIT.Information.Renyi.ConditionalSandwichedRenyiDuality transitive imports (public)",
       "cfa8b6f773c1e5e7"],
      ["QIT.Information.Renyi.ConditionalSandwichedRenyiDuality:importArts",
       "6aa89665d2ee0914"],
      ["QIT.Information.Renyi.ConditionalSandwichedRenyiAdditivity transitive imports (public)",
       "27c9692e52e5881a"],
      ["QIT.Information.Renyi.ConditionalSandwichedRenyiAdditivity:importArts",
       "efd43aafc58f0356"],
      ["QIT.Measurements.Projective transitive imports (public)",
       "dea711cf278204c0"],
      ["QIT.Measurements.Projective:importArts", "aa2959a45fbdd2ea"],
      ["QIT.Information.Renyi.ConditionalSandwichedRenyiClassicalConditioning.BlockAlgebra transitive imports (public)",
       "af7c244cdc599eef"],
      ["QIT.Information.Renyi.ConditionalSandwichedRenyiClassicalConditioning.BlockAlgebra:importArts",
       "89456699ccead487"],
      ["QIT.Information.Renyi.ConditionalSandwichedRenyiClassicalConditioning.LowAlphaQDecomposition transitive imports (public)",
       "a997fe299b375d86"],
      ["QIT.Information.Renyi.ConditionalSandwichedRenyiClassicalConditioning.LowAlphaQDecomposition:importArts",
       "3137c6a41bcbf9fa"]]]]],
  ["libs",
   [["import dynlibs", "00000000000006bb"],
    ["package external libraries", "00000000000006bb"],
    ["module dynlibs", "00000000000006bb"],
    ["module plugins", "00000000000006bb"]]],
  ["Lean 4.34.0, commit 3447a668783dbce1a8fdb97101dd067687b2b418",
   "421484e3e0c70198"],
  ["C:\\lean\\libs\\Lean-QIT\\QIT\\Information\\Renyi\\ConditionalSandwichedRenyiClassicalConditioning\\ScalarOptimizer.lean",
   "81c5a227be44dc2e"],
  ["options", "00000000000006bb"],
  ["isModule: true", "760fcc16989f4b9b"],
  ["Module.name: QIT.Information.Renyi.ConditionalSandwichedRenyiClassicalConditioning.ScalarOptimizer",
   "a19599ffa1d54edb"],
  ["Package.id?: (some QIT)", "07d8d7419f989369"],
  ["Module.leanArgs: #[-DautoImplicit=false, -Dbackward.isDefEq.respectTransparency=false]",
   "1e046d1e40f8a855"]],
 "depHash": "ea26c2b6cedcc721"}