{"synthetic": false,
 "schemaVersion": "2025-09-10",
 "outputs":
 {"rs": "ae429ee776f43519.ir.sig",
  "r": "0b1ea5a540368b6a.ir",
  "o":
  ["bfcc19a5a18447d1.olean",
   "647359c157366cd2.olean.server",
   "06a847249d9967cd.olean.private"],
  "m": true,
  "i": "afd1f66fcbad60ce.ilean",
  "c": "2cf58cc9b5d76b90.c"},
 "log":
 [{"message":
   ".> LEAN_PATH=C:\\lean\\mathlib4\\.lake\\packages\\Cli\\.lake\\build\\lib\\lean;C:\\lean\\mathlib4\\.lake\\packages\\batteries\\.lake\\build\\lib\\lean;C:\\lean\\mathlib4\\.lake\\packages\\Qq\\.lake\\build\\lib\\lean;C:\\lean\\mathlib4\\.lake\\packages\\aesop\\.lake\\build\\lib\\lean;C:\\lean\\mathlib4\\.lake\\packages\\proofwidgets\\.lake\\build\\lib\\lean;C:\\lean\\mathlib4\\.lake\\packages\\importGraph\\.lake\\build\\lib\\lean;C:\\lean\\mathlib4\\.lake\\packages\\LeanSearchClient\\.lake\\build\\lib\\lean;C:\\lean\\mathlib4\\.lake\\packages\\plausible\\.lake\\build\\lib\\lean;C:\\lean\\mathlib4\\.lake\\build\\lib\\lean;C:\\lean\\libs\\Lean-QIT\\.lake\\build\\lib\\lean c:\\Users\\Administrator\\.elan\\toolchains\\leanprover--lean4---v4.34.0-rc1\\bin\\lean.exe -DautoImplicit=false -Dbackward.isDefEq.respectTransparency=false C:\\lean\\libs\\Lean-QIT\\QIT\\Coding\\Classical\\HSWConverse.lean -o C:\\lean\\libs\\Lean-QIT\\.lake\\build\\lib\\lean\\QIT\\Coding\\Classical\\HSWConverse.olean -i C:\\lean\\libs\\Lean-QIT\\.lake\\build\\lib\\lean\\QIT\\Coding\\Classical\\HSWConverse.ilean -c C:\\lean\\libs\\Lean-QIT\\.lake\\build\\ir\\QIT\\Coding\\Classical\\HSWConverse.c --setup C:\\lean\\libs\\Lean-QIT\\.lake\\build\\ir\\QIT\\Coding\\Classical\\HSWConverse.setup.json --json",
   "level": "trace"}],
 "inputs":
 [["deps",
   [["QIT/QIT:extraDep", [["@QIT:extraDep", "00000000000006bb"]]],
    ["imports",
     [["QIT.Coding.Classical.HSW transitive imports (public)",
       "8989cf2e75973291"],
      ["QIT.Coding.Classical.HSW:importArts", "b02d22c4e1acd9c9"],
      ["QIT.Information.Entropy.Holevo transitive imports (public)",
       "cb89cc70b0acbf85"],
      ["QIT.Information.Entropy.Holevo:importArts", "0cba14b301e5e490"],
      ["QIT.Information.Entropy.EntropyTensorPower transitive imports (public)",
       "c514b78aacc6200c"],
      ["QIT.Information.Entropy.EntropyTensorPower:importArts",
       "6947a1a56eb4070f"],
      ["QIT.Information.Entropy.MutualInformationDPI transitive imports (public)",
       "4d4aff414c0e0899"],
      ["QIT.Information.Entropy.MutualInformationDPI:importArts",
       "3f3272b183b6adff"],
      ["QIT.Coding.Classical.RandomnessDistribution transitive imports (public)",
       "ae09ffd32a9ac058"],
      ["QIT.Coding.Classical.RandomnessDistribution:importArts",
       "6a64715cb61b99d6"],
      ["QIT.Information.AlickiFannesWinter transitive imports (public)",
       "dcc12b80b8aeccf5"],
      ["QIT.Information.AlickiFannesWinter:importArts", "6098101f22cb1c68"]]]]],
  ["libs",
   [["import dynlibs", "00000000000006bb"],
    ["package external libraries", "00000000000006bb"],
    ["module dynlibs", "00000000000006bb"],
    ["module plugins", "00000000000006bb"]]],
  ["Lean 4.34.0, commit 3447a668783dbce1a8fdb97101dd067687b2b418",
   "421484e3e0c70198"],
  ["C:\\lean\\libs\\Lean-QIT\\QIT\\Coding\\Classical\\HSWConverse.lean",
   "363cf74b413e78f2"],
  ["options", "00000000000006bb"],
  ["isModule: true", "760fcc16989f4b9b"],
  ["Module.name: QIT.Coding.Classical.HSWConverse", "83e3808043562cc0"],
  ["Package.id?: (some QIT)", "07d8d7419f989369"],
  ["Module.leanArgs: #[-DautoImplicit=false, -Dbackward.isDefEq.respectTransparency=false]",
   "1e046d1e40f8a855"]],
 "depHash": "22b0ddd797ea16fa"}