{"synthetic": false,
 "schemaVersion": "2025-09-10",
 "outputs":
 {"rs": "0d95148ea4b6e64a.ir.sig",
  "r": "d2f4baf273cbc0e8.ir",
  "o":
  ["395b7ff7633a9143.olean",
   "bf60e032bd37a082.olean.server",
   "e50e82c98813fb40.olean.private"],
  "m": true,
  "i": "11f84985cce77dcc.ilean",
  "c": "2e1808f5b6f7f096.c"},
 "log":
 [{"message":
   ".> LEAN_PATH=C:\\lean\\mathlib4\\.lake\\packages\\Cli\\.lake\\build\\lib\\lean;C:\\lean\\mathlib4\\.lake\\packages\\batteries\\.lake\\build\\lib\\lean;C:\\lean\\mathlib4\\.lake\\packages\\Qq\\.lake\\build\\lib\\lean;C:\\lean\\mathlib4\\.lake\\packages\\aesop\\.lake\\build\\lib\\lean;C:\\lean\\mathlib4\\.lake\\packages\\proofwidgets\\.lake\\build\\lib\\lean;C:\\lean\\mathlib4\\.lake\\packages\\importGraph\\.lake\\build\\lib\\lean;C:\\lean\\mathlib4\\.lake\\packages\\LeanSearchClient\\.lake\\build\\lib\\lean;C:\\lean\\mathlib4\\.lake\\packages\\plausible\\.lake\\build\\lib\\lean;C:\\lean\\mathlib4\\.lake\\build\\lib\\lean;C:\\lean\\libs\\Lean-QIT\\.lake\\build\\lib\\lean c:\\Users\\Administrator\\.elan\\toolchains\\leanprover--lean4---v4.34.0-rc1\\bin\\lean.exe -DautoImplicit=false -Dbackward.isDefEq.respectTransparency=false C:\\lean\\libs\\Lean-QIT\\QIT\\Coding\\Classical\\HSWDirect.lean -o C:\\lean\\libs\\Lean-QIT\\.lake\\build\\lib\\lean\\QIT\\Coding\\Classical\\HSWDirect.olean -i C:\\lean\\libs\\Lean-QIT\\.lake\\build\\lib\\lean\\QIT\\Coding\\Classical\\HSWDirect.ilean -c C:\\lean\\libs\\Lean-QIT\\.lake\\build\\ir\\QIT\\Coding\\Classical\\HSWDirect.c --setup C:\\lean\\libs\\Lean-QIT\\.lake\\build\\ir\\QIT\\Coding\\Classical\\HSWDirect.setup.json --json",
   "level": "trace"}],
 "inputs":
 [["deps",
   [["QIT/QIT:extraDep", [["@QIT:extraDep", "00000000000006bb"]]],
    ["imports",
     [["QIT.Coding.Classical.HSWDirect.TensorPower transitive imports (public)",
       "74cb711d2048a24f"],
      ["QIT.Coding.Classical.HSWDirect.TensorPower:importArts",
       "a83a90083b06de6c"],
      ["QIT.Coding.Classical.HSWDirect.Rates transitive imports (public)",
       "b1791988fa47c75e"],
      ["QIT.Coding.Classical.HSWDirect.Rates:importArts", "9afdddd1b22add24"],
      ["QIT.Coding.Classical.HSWDirect.CodeTransforms transitive imports (public)",
       "9ea019a3a448bcb1"],
      ["QIT.Coding.Classical.HSWDirect.CodeTransforms:importArts",
       "a158ebb46e468464"],
      ["QIT.Coding.Classical.HSWDirect.WitnessAssembly transitive imports (public)",
       "4763deb9f5d46564"],
      ["QIT.Coding.Classical.HSWDirect.WitnessAssembly:importArts",
       "960041356c828e33"],
      ["QIT.Coding.Classical.HSWDirect.RegularizedAssembly transitive imports (public)",
       "ae6ee0d5ada55979"],
      ["QIT.Coding.Classical.HSWDirect.RegularizedAssembly:importArts",
       "05c43d9428a7f5f5"]]]]],
  ["libs",
   [["import dynlibs", "00000000000006bb"],
    ["package external libraries", "00000000000006bb"],
    ["module dynlibs", "00000000000006bb"],
    ["module plugins", "00000000000006bb"]]],
  ["Lean 4.34.0, commit 3447a668783dbce1a8fdb97101dd067687b2b418",
   "421484e3e0c70198"],
  ["C:\\lean\\libs\\Lean-QIT\\QIT\\Coding\\Classical\\HSWDirect.lean",
   "6e26b54cfa162be6"],
  ["options", "00000000000006bb"],
  ["isModule: true", "760fcc16989f4b9b"],
  ["Module.name: QIT.Coding.Classical.HSWDirect", "f02d8c6bb69f9577"],
  ["Package.id?: (some QIT)", "07d8d7419f989369"],
  ["Module.leanArgs: #[-DautoImplicit=false, -Dbackward.isDefEq.respectTransparency=false]",
   "1e046d1e40f8a855"]],
 "depHash": "31072ebfc992366d"}