{"synthetic": false,
 "schemaVersion": "2025-09-10",
 "outputs":
 {"rs": "a333dd30004374b8.ir.sig",
  "r": "93cbae25350bfd30.ir",
  "o":
  ["6bfa91541fde8fe0.olean",
   "db4b1baf836d7140.olean.server",
   "07a47eb9d569c762.olean.private"],
  "m": true,
  "i": "b1d9dab60d539213.ilean",
  "c": "a85d95ba29757f14.c"},
 "log":
 [{"message":
   ".> LEAN_PATH=C:\\lean\\mathlib4\\.lake\\packages\\Cli\\.lake\\build\\lib\\lean;C:\\lean\\mathlib4\\.lake\\packages\\batteries\\.lake\\build\\lib\\lean;C:\\lean\\mathlib4\\.lake\\packages\\Qq\\.lake\\build\\lib\\lean;C:\\lean\\mathlib4\\.lake\\packages\\aesop\\.lake\\build\\lib\\lean;C:\\lean\\mathlib4\\.lake\\packages\\proofwidgets\\.lake\\build\\lib\\lean;C:\\lean\\mathlib4\\.lake\\packages\\importGraph\\.lake\\build\\lib\\lean;C:\\lean\\mathlib4\\.lake\\packages\\LeanSearchClient\\.lake\\build\\lib\\lean;C:\\lean\\mathlib4\\.lake\\packages\\plausible\\.lake\\build\\lib\\lean;C:\\lean\\mathlib4\\.lake\\build\\lib\\lean;C:\\lean\\libs\\Lean-QIT\\.lake\\build\\lib\\lean c:\\Users\\Administrator\\.elan\\toolchains\\leanprover--lean4---v4.34.0-rc1\\bin\\lean.exe -DautoImplicit=false -Dbackward.isDefEq.respectTransparency=false C:\\lean\\libs\\Lean-QIT\\QIT\\Coding\\Classical\\HSWLimit.lean -o C:\\lean\\libs\\Lean-QIT\\.lake\\build\\lib\\lean\\QIT\\Coding\\Classical\\HSWLimit.olean -i C:\\lean\\libs\\Lean-QIT\\.lake\\build\\lib\\lean\\QIT\\Coding\\Classical\\HSWLimit.ilean -c C:\\lean\\libs\\Lean-QIT\\.lake\\build\\ir\\QIT\\Coding\\Classical\\HSWLimit.c --setup C:\\lean\\libs\\Lean-QIT\\.lake\\build\\ir\\QIT\\Coding\\Classical\\HSWLimit.setup.json --json",
   "level": "trace"}],
 "inputs":
 [["deps",
   [["QIT/QIT:extraDep", [["@QIT:extraDep", "00000000000006bb"]]],
    ["imports",
     [["QIT.Coding.Classical.HSWDirect transitive imports (public)",
       "865836ce0d31f2d2"],
      ["QIT.Coding.Classical.HSWDirect:importArts", "58cc36c6d5bc1fb6"],
      ["QIT.Coding.Classical.HSWConverse transitive imports (public)",
       "0468011942c6ea4b"],
      ["QIT.Coding.Classical.HSWConverse:importArts", "54b7d32170502e97"],
      ["QIT.Util.TensorPower transitive imports (public)", "c05a185025c23ba3"],
      ["QIT.Util.TensorPower:importArts", "55f800f542ff5207"]]]]],
  ["libs",
   [["import dynlibs", "00000000000006bb"],
    ["package external libraries", "00000000000006bb"],
    ["module dynlibs", "00000000000006bb"],
    ["module plugins", "00000000000006bb"]]],
  ["Lean 4.34.0, commit 3447a668783dbce1a8fdb97101dd067687b2b418",
   "421484e3e0c70198"],
  ["C:\\lean\\libs\\Lean-QIT\\QIT\\Coding\\Classical\\HSWLimit.lean",
   "83a379221eec2072"],
  ["options", "00000000000006bb"],
  ["isModule: true", "760fcc16989f4b9b"],
  ["Module.name: QIT.Coding.Classical.HSWLimit", "7a3ca737d324e421"],
  ["Package.id?: (some QIT)", "07d8d7419f989369"],
  ["Module.leanArgs: #[-DautoImplicit=false, -Dbackward.isDefEq.respectTransparency=false]",
   "1e046d1e40f8a855"]],
 "depHash": "4ad97922e14a6162"}