{"synthetic": false,
 "schemaVersion": "2025-09-10",
 "outputs":
 {"rs": "5f0e76386165f94c.ir.sig",
  "r": "e70ac1cf3ceadf4c.ir",
  "o":
  ["bae044f10cda94bf.olean",
   "e877416fde4d1d3a.olean.server",
   "0b72178473ac4d59.olean.private"],
  "m": true,
  "i": "a7f470440fdaa647.ilean",
  "c": "4e1f4f8247f6618f.c"},
 "log":
 [{"message":
   ".> LEAN_PATH=C:\\lean\\mathlib4\\.lake\\packages\\Cli\\.lake\\build\\lib\\lean;C:\\lean\\mathlib4\\.lake\\packages\\batteries\\.lake\\build\\lib\\lean;C:\\lean\\mathlib4\\.lake\\packages\\Qq\\.lake\\build\\lib\\lean;C:\\lean\\mathlib4\\.lake\\packages\\aesop\\.lake\\build\\lib\\lean;C:\\lean\\mathlib4\\.lake\\packages\\proofwidgets\\.lake\\build\\lib\\lean;C:\\lean\\mathlib4\\.lake\\packages\\importGraph\\.lake\\build\\lib\\lean;C:\\lean\\mathlib4\\.lake\\packages\\LeanSearchClient\\.lake\\build\\lib\\lean;C:\\lean\\mathlib4\\.lake\\packages\\plausible\\.lake\\build\\lib\\lean;C:\\lean\\mathlib4\\.lake\\build\\lib\\lean;C:\\lean\\libs\\Lean-QIT\\.lake\\build\\lib\\lean c:\\Users\\Administrator\\.elan\\toolchains\\leanprover--lean4---v4.34.0-rc1\\bin\\lean.exe -DautoImplicit=false -Dbackward.isDefEq.respectTransparency=false C:\\lean\\libs\\Lean-QIT\\QIT\\Coding\\Classical\\PackingLemma.lean -o C:\\lean\\libs\\Lean-QIT\\.lake\\build\\lib\\lean\\QIT\\Coding\\Classical\\PackingLemma.olean -i C:\\lean\\libs\\Lean-QIT\\.lake\\build\\lib\\lean\\QIT\\Coding\\Classical\\PackingLemma.ilean -c C:\\lean\\libs\\Lean-QIT\\.lake\\build\\ir\\QIT\\Coding\\Classical\\PackingLemma.c --setup C:\\lean\\libs\\Lean-QIT\\.lake\\build\\ir\\QIT\\Coding\\Classical\\PackingLemma.setup.json --json",
   "level": "trace"}],
 "inputs":
 [["deps",
   [["QIT/QIT:extraDep", [["@QIT:extraDep", "00000000000006bb"]]],
    ["imports",
     [["QIT.OneShot.GentleMeasurement transitive imports (public)",
       "d2a49ea7874590af"],
      ["QIT.OneShot.GentleMeasurement:importArts", "9eb89ba98b4d7921"],
      ["QIT.Coding.Classical.HayashiNagaoka transitive imports (public)",
       "d21a9d07b5b0e53b"],
      ["QIT.Coding.Classical.HayashiNagaoka:importArts", "ee2e4424831e0cb6"],
      ["QIT.Measurements.SquareRootMeasurement transitive imports (public)",
       "e312d52eeca47aaf"],
      ["QIT.Measurements.SquareRootMeasurement:importArts", "2a9bb7941c1f6c20"],
      ["QIT.Coding.Classical.HSW transitive imports (public)",
       "8989cf2e75973291"],
      ["QIT.Coding.Classical.HSW:importArts", "b02d22c4e1acd9c9"],
      ["QIT.States.TraceNorm.PositivePart transitive imports (public)",
       "bccd802d8ef2f5f5"],
      ["QIT.States.TraceNorm.PositivePart:importArts", "aa9f291da12d10b2"],
      ["QIT.Classical.Ensemble transitive imports (public)",
       "35dc7bcd8a9e966c"],
      ["QIT.Classical.Ensemble:importArts", "73d8d957dfd0f45d"]]]]],
  ["libs",
   [["import dynlibs", "00000000000006bb"],
    ["package external libraries", "00000000000006bb"],
    ["module dynlibs", "00000000000006bb"],
    ["module plugins", "00000000000006bb"]]],
  ["Lean 4.34.0, commit 3447a668783dbce1a8fdb97101dd067687b2b418",
   "421484e3e0c70198"],
  ["C:\\lean\\libs\\Lean-QIT\\QIT\\Coding\\Classical\\PackingLemma.lean",
   "c4df9042d14bb7a8"],
  ["options", "00000000000006bb"],
  ["isModule: true", "760fcc16989f4b9b"],
  ["Module.name: QIT.Coding.Classical.PackingLemma", "64299b205c7e60fe"],
  ["Package.id?: (some QIT)", "07d8d7419f989369"],
  ["Module.leanArgs: #[-DautoImplicit=false, -Dbackward.isDefEq.respectTransparency=false]",
   "1e046d1e40f8a855"]],
 "depHash": "e7bcfb0d57fee1d2"}