{"synthetic": false,
 "schemaVersion": "2025-09-10",
 "outputs":
 {"rs": "f0fa4d96986b7fac.ir.sig",
  "r": "0f53136a6ac15f5b.ir",
  "o":
  ["51ba75cb52895515.olean",
   "0bd231e6f4e10f6b.olean.server",
   "161be81169777116.olean.private"],
  "m": true,
  "i": "93d136a4835a6821.ilean",
  "c": "8f2c251b576f2061.c"},
 "log":
 [{"message":
   ".> LEAN_PATH=C:\\lean\\mathlib4\\.lake\\packages\\Cli\\.lake\\build\\lib\\lean;C:\\lean\\mathlib4\\.lake\\packages\\batteries\\.lake\\build\\lib\\lean;C:\\lean\\mathlib4\\.lake\\packages\\Qq\\.lake\\build\\lib\\lean;C:\\lean\\mathlib4\\.lake\\packages\\aesop\\.lake\\build\\lib\\lean;C:\\lean\\mathlib4\\.lake\\packages\\proofwidgets\\.lake\\build\\lib\\lean;C:\\lean\\mathlib4\\.lake\\packages\\importGraph\\.lake\\build\\lib\\lean;C:\\lean\\mathlib4\\.lake\\packages\\LeanSearchClient\\.lake\\build\\lib\\lean;C:\\lean\\mathlib4\\.lake\\packages\\plausible\\.lake\\build\\lib\\lean;C:\\lean\\mathlib4\\.lake\\build\\lib\\lean;C:\\lean\\libs\\Lean-QIT\\.lake\\build\\lib\\lean c:\\Users\\Administrator\\.elan\\toolchains\\leanprover--lean4---v4.34.0-rc1\\bin\\lean.exe -DautoImplicit=false -Dbackward.isDefEq.respectTransparency=false C:\\lean\\libs\\Lean-QIT\\QIT\\Protocols\\FQSW.lean -o C:\\lean\\libs\\Lean-QIT\\.lake\\build\\lib\\lean\\QIT\\Protocols\\FQSW.olean -i C:\\lean\\libs\\Lean-QIT\\.lake\\build\\lib\\lean\\QIT\\Protocols\\FQSW.ilean -c C:\\lean\\libs\\Lean-QIT\\.lake\\build\\ir\\QIT\\Protocols\\FQSW.c --setup C:\\lean\\libs\\Lean-QIT\\.lake\\build\\ir\\QIT\\Protocols\\FQSW.setup.json --json",
   "level": "trace"}],
 "inputs":
 [["deps",
   [["QIT/QIT:extraDep", [["@QIT:extraDep", "00000000000006bb"]]],
    ["imports",
     [["QIT.Protocols.FQSW.Core transitive imports (public)",
       "132b687efe16b3c3"],
      ["QIT.Protocols.FQSW.Core:importArts", "44be29fd6f9582e2"],
      ["QIT.Protocols.FQSW.OneShot transitive imports (public)",
       "d31ba18ecfb85a58"],
      ["QIT.Protocols.FQSW.OneShot:importArts", "dfca446e8f117aa1"],
      ["QIT.Protocols.FQSW.IIDTypical transitive imports (public)",
       "0dcd1714ac21b327"],
      ["QIT.Protocols.FQSW.IIDTypical:importArts", "dc2069f4c777aa30"],
      ["QIT.Protocols.FQSW.IIDRates transitive imports (public)",
       "8999fb133e015cfc"],
      ["QIT.Protocols.FQSW.IIDRates:importArts", "0ef4decb9e9fcbc8"],
      ["QIT.Protocols.FQSW.IIDDirect transitive imports (public)",
       "617fcc8890647ff5"],
      ["QIT.Protocols.FQSW.IIDDirect:importArts", "77cceed628d3cd28"]]]]],
  ["libs",
   [["import dynlibs", "00000000000006bb"],
    ["package external libraries", "00000000000006bb"],
    ["module dynlibs", "00000000000006bb"],
    ["module plugins", "00000000000006bb"]]],
  ["Lean 4.34.0, commit 3447a668783dbce1a8fdb97101dd067687b2b418",
   "421484e3e0c70198"],
  ["C:\\lean\\libs\\Lean-QIT\\QIT\\Protocols\\FQSW.lean", "1ce99e1775b5c1f0"],
  ["options", "00000000000006bb"],
  ["isModule: true", "760fcc16989f4b9b"],
  ["Module.name: QIT.Protocols.FQSW", "979fcf2fc5972b9e"],
  ["Package.id?: (some QIT)", "07d8d7419f989369"],
  ["Module.leanArgs: #[-DautoImplicit=false, -Dbackward.isDefEq.respectTransparency=false]",
   "1e046d1e40f8a855"]],
 "depHash": "1a0c67e95dd9e912"}