{"synthetic": false,
 "schemaVersion": "2025-09-10",
 "outputs":
 {"rs": "91e64316b1898d39.ir.sig",
  "r": "09814ff4968bba7f.ir",
  "o":
  ["4d017ad1f676ce73.olean",
   "6d9b4b071dc2b8f8.olean.server",
   "25e9e882c1d131e3.olean.private"],
  "m": true,
  "i": "01dfcc421ff3b377.ilean",
  "c": "13bad66af710ae90.c"},
 "log":
 [{"message":
   ".> LEAN_PATH=C:\\lean\\mathlib4\\.lake\\packages\\Cli\\.lake\\build\\lib\\lean;C:\\lean\\mathlib4\\.lake\\packages\\batteries\\.lake\\build\\lib\\lean;C:\\lean\\mathlib4\\.lake\\packages\\Qq\\.lake\\build\\lib\\lean;C:\\lean\\mathlib4\\.lake\\packages\\aesop\\.lake\\build\\lib\\lean;C:\\lean\\mathlib4\\.lake\\packages\\proofwidgets\\.lake\\build\\lib\\lean;C:\\lean\\mathlib4\\.lake\\packages\\importGraph\\.lake\\build\\lib\\lean;C:\\lean\\mathlib4\\.lake\\packages\\LeanSearchClient\\.lake\\build\\lib\\lean;C:\\lean\\mathlib4\\.lake\\packages\\plausible\\.lake\\build\\lib\\lean;C:\\lean\\mathlib4\\.lake\\build\\lib\\lean;C:\\lean\\libs\\Lean-QIT\\.lake\\build\\lib\\lean c:\\Users\\Administrator\\.elan\\toolchains\\leanprover--lean4---v4.34.0-rc1\\bin\\lean.exe -DautoImplicit=false -Dbackward.isDefEq.respectTransparency=false C:\\lean\\libs\\Lean-QIT\\QIT\\Protocols\\LOCC.lean -o C:\\lean\\libs\\Lean-QIT\\.lake\\build\\lib\\lean\\QIT\\Protocols\\LOCC.olean -i C:\\lean\\libs\\Lean-QIT\\.lake\\build\\lib\\lean\\QIT\\Protocols\\LOCC.ilean -c C:\\lean\\libs\\Lean-QIT\\.lake\\build\\ir\\QIT\\Protocols\\LOCC.c --setup C:\\lean\\libs\\Lean-QIT\\.lake\\build\\ir\\QIT\\Protocols\\LOCC.setup.json --json",
   "level": "trace"}],
 "inputs":
 [["deps",
   [["QIT/QIT:extraDep", [["@QIT:extraDep", "00000000000006bb"]]],
    ["imports",
     [["QIT.Protocols.LOCC.Core transitive imports (public)",
       "7b3898a8adf27d7e"],
      ["QIT.Protocols.LOCC.Core:importArts", "31a3f4f06ece4bf2"],
      ["QIT.Protocols.LOCC.Construction transitive imports (public)",
       "99d1251642b19193"],
      ["QIT.Protocols.LOCC.Construction:importArts", "74ba7af789d4183c"],
      ["QIT.Protocols.LOCC.Measurement transitive imports (public)",
       "99d1251642b19193"],
      ["QIT.Protocols.LOCC.Measurement:importArts", "69ae7ea3488345c8"],
      ["QIT.Protocols.LOCC.InstrumentEntanglement transitive imports (public)",
       "b436fd4390329529"],
      ["QIT.Protocols.LOCC.InstrumentEntanglement:importArts",
       "d72bdfc111ffe9ed"],
      ["QIT.Protocols.LOCC.PureEntanglement transitive imports (public)",
       "674d462234cd0855"],
      ["QIT.Protocols.LOCC.PureEntanglement:importArts", "7fe645af1b44ac49"],
      ["QIT.Protocols.LOCC.ReferenceLift transitive imports (public)",
       "99d1251642b19193"],
      ["QIT.Protocols.LOCC.ReferenceLift:importArts", "2d9d67a104e8d322"]]]]],
  ["libs",
   [["import dynlibs", "00000000000006bb"],
    ["package external libraries", "00000000000006bb"],
    ["module dynlibs", "00000000000006bb"],
    ["module plugins", "00000000000006bb"]]],
  ["Lean 4.34.0, commit 3447a668783dbce1a8fdb97101dd067687b2b418",
   "421484e3e0c70198"],
  ["C:\\lean\\libs\\Lean-QIT\\QIT\\Protocols\\LOCC.lean", "4dc7a1b974c91de4"],
  ["options", "00000000000006bb"],
  ["isModule: true", "760fcc16989f4b9b"],
  ["Module.name: QIT.Protocols.LOCC", "6efc7a43f7a59069"],
  ["Package.id?: (some QIT)", "07d8d7419f989369"],
  ["Module.leanArgs: #[-DautoImplicit=false, -Dbackward.isDefEq.respectTransparency=false]",
   "1e046d1e40f8a855"]],
 "depHash": "59f9f2ed557831b1"}