{"synthetic": false,
 "schemaVersion": "2025-09-10",
 "outputs":
 {"rs": "a7239a385ffd8db7.ir.sig",
  "r": "14eb2b987f5d6759.ir",
  "o":
  ["058104bdb6e633eb.olean",
   "325c6d7cb09f303d.olean.server",
   "7bed02f217578b91.olean.private"],
  "m": true,
  "i": "07e5f9a42cd94641.ilean",
  "c": "92953928f6c6de5b.c"},
 "log":
 [{"message":
   ".> LEAN_PATH=C:\\lean\\mathlib4\\.lake\\packages\\Cli\\.lake\\build\\lib\\lean;C:\\lean\\mathlib4\\.lake\\packages\\batteries\\.lake\\build\\lib\\lean;C:\\lean\\mathlib4\\.lake\\packages\\Qq\\.lake\\build\\lib\\lean;C:\\lean\\mathlib4\\.lake\\packages\\aesop\\.lake\\build\\lib\\lean;C:\\lean\\mathlib4\\.lake\\packages\\proofwidgets\\.lake\\build\\lib\\lean;C:\\lean\\mathlib4\\.lake\\packages\\importGraph\\.lake\\build\\lib\\lean;C:\\lean\\mathlib4\\.lake\\packages\\LeanSearchClient\\.lake\\build\\lib\\lean;C:\\lean\\mathlib4\\.lake\\packages\\plausible\\.lake\\build\\lib\\lean;C:\\lean\\mathlib4\\.lake\\build\\lib\\lean;C:\\lean\\libs\\Lean-QIT\\.lake\\build\\lib\\lean c:\\Users\\Administrator\\.elan\\toolchains\\leanprover--lean4---v4.34.0-rc1\\bin\\lean.exe -DautoImplicit=false -Dbackward.isDefEq.respectTransparency=false C:\\lean\\libs\\Lean-QIT\\QIT\\Protocols\\StateMerging.lean -o C:\\lean\\libs\\Lean-QIT\\.lake\\build\\lib\\lean\\QIT\\Protocols\\StateMerging.olean -i C:\\lean\\libs\\Lean-QIT\\.lake\\build\\lib\\lean\\QIT\\Protocols\\StateMerging.ilean -c C:\\lean\\libs\\Lean-QIT\\.lake\\build\\ir\\QIT\\Protocols\\StateMerging.c --setup C:\\lean\\libs\\Lean-QIT\\.lake\\build\\ir\\QIT\\Protocols\\StateMerging.setup.json --json",
   "level": "trace"}],
 "inputs":
 [["deps",
   [["QIT/QIT:extraDep", [["@QIT:extraDep", "00000000000006bb"]]],
    ["imports",
     [["QIT.Protocols.StateMerging.Converse transitive imports (public)",
       "8090bbda004c91fe"],
      ["QIT.Protocols.StateMerging.Converse:importArts", "e48c445232199481"],
      ["QIT.Protocols.StateMerging.InputSource transitive imports (public)",
       "f520472507abdd97"],
      ["QIT.Protocols.StateMerging.InputSource:importArts", "3cdf5d5bfc731ba3"],
      ["QIT.Protocols.StateMerging.RecordedOutcome transitive imports (public)",
       "9d684fe36ee4b438"],
      ["QIT.Protocols.StateMerging.RecordedOutcome:importArts",
       "00a05474fb7035a3"],
      ["QIT.Protocols.StateMerging.OneShotConverse transitive imports (public)",
       "264117996d4268a8"],
      ["QIT.Protocols.StateMerging.OneShotConverse:importArts",
       "09167f57616b9642"],
      ["QIT.Protocols.StateMerging.SmoothMinConverse transitive imports (public)",
       "6d6155267031605c"],
      ["QIT.Protocols.StateMerging.SmoothMinConverse:importArts",
       "11ce91a5eb52f87c"],
      ["QIT.Protocols.StateMerging.DirectRates transitive imports (public)",
       "09f2090efa1d267d"],
      ["QIT.Protocols.StateMerging.DirectRates:importArts", "0573529b14fda777"],
      ["QIT.Protocols.StateMerging.DirectProtocol transitive imports (public)",
       "86d67e25f75d4b2c"],
      ["QIT.Protocols.StateMerging.DirectProtocol:importArts",
       "c9dbdd58a257cd6c"],
      ["QIT.Protocols.StateMerging.DirectOperational transitive imports (public)",
       "ca93aa95da4b0452"],
      ["QIT.Protocols.StateMerging.DirectOperational:importArts",
       "d13809c5fbb461c5"],
      ["QIT.Protocols.StateMerging.Direct transitive imports (public)",
       "fb66f15202eba203"],
      ["QIT.Protocols.StateMerging.Direct:importArts", "d0c763a1a44e463d"],
      ["QIT.Protocols.StateMerging.Optimality transitive imports (public)",
       "8a4bb0049f58bd62"],
      ["QIT.Protocols.StateMerging.Optimality:importArts",
       "502e65c1780e9f96"]]]]],
  ["libs",
   [["import dynlibs", "00000000000006bb"],
    ["package external libraries", "00000000000006bb"],
    ["module dynlibs", "00000000000006bb"],
    ["module plugins", "00000000000006bb"]]],
  ["Lean 4.34.0, commit 3447a668783dbce1a8fdb97101dd067687b2b418",
   "421484e3e0c70198"],
  ["C:\\lean\\libs\\Lean-QIT\\QIT\\Protocols\\StateMerging.lean",
   "71b8344a46ce0b74"],
  ["options", "00000000000006bb"],
  ["isModule: true", "760fcc16989f4b9b"],
  ["Module.name: QIT.Protocols.StateMerging", "19842c764c147f0a"],
  ["Package.id?: (some QIT)", "07d8d7419f989369"],
  ["Module.leanArgs: #[-DautoImplicit=false, -Dbackward.isDefEq.respectTransparency=false]",
   "1e046d1e40f8a855"]],
 "depHash": "8c66540d21b02fc9"}