{"synthetic": false,
 "schemaVersion": "2025-09-10",
 "outputs":
 {"rs": "07533a2d0ee37f66.ir.sig",
  "r": "7734dd4b52cd8ebb.ir",
  "o":
  ["d610894cac3aeb2b.olean",
   "fe1cf2b13b35578e.olean.server",
   "012cb0c6972b6d21.olean.private"],
  "m": true,
  "i": "32ce240688965aaf.ilean",
  "c": "c537cb74430a717f.c"},
 "log":
 [{"message":
   ".> LEAN_PATH=C:\\lean\\mathlib4\\.lake\\packages\\Cli\\.lake\\build\\lib\\lean;C:\\lean\\mathlib4\\.lake\\packages\\batteries\\.lake\\build\\lib\\lean;C:\\lean\\mathlib4\\.lake\\packages\\Qq\\.lake\\build\\lib\\lean;C:\\lean\\mathlib4\\.lake\\packages\\aesop\\.lake\\build\\lib\\lean;C:\\lean\\mathlib4\\.lake\\packages\\proofwidgets\\.lake\\build\\lib\\lean;C:\\lean\\mathlib4\\.lake\\packages\\importGraph\\.lake\\build\\lib\\lean;C:\\lean\\mathlib4\\.lake\\packages\\LeanSearchClient\\.lake\\build\\lib\\lean;C:\\lean\\mathlib4\\.lake\\packages\\plausible\\.lake\\build\\lib\\lean;C:\\lean\\mathlib4\\.lake\\build\\lib\\lean;C:\\lean\\libs\\Lean-QIT\\.lake\\build\\lib\\lean c:\\Users\\Administrator\\.elan\\toolchains\\leanprover--lean4---v4.34.0-rc1\\bin\\lean.exe -DautoImplicit=false -Dbackward.isDefEq.respectTransparency=false C:\\lean\\libs\\Lean-QIT\\QIT\\Protocols\\Teleportation.lean -o C:\\lean\\libs\\Lean-QIT\\.lake\\build\\lib\\lean\\QIT\\Protocols\\Teleportation.olean -i C:\\lean\\libs\\Lean-QIT\\.lake\\build\\lib\\lean\\QIT\\Protocols\\Teleportation.ilean -c C:\\lean\\libs\\Lean-QIT\\.lake\\build\\ir\\QIT\\Protocols\\Teleportation.c --setup C:\\lean\\libs\\Lean-QIT\\.lake\\build\\ir\\QIT\\Protocols\\Teleportation.setup.json --json",
   "level": "trace"}],
 "inputs":
 [["deps",
   [["QIT/QIT:extraDep", [["@QIT:extraDep", "00000000000006bb"]]],
    ["imports",
     [["QIT.Core.Channel transitive imports (public)", "b6e4d2cc4097993b"],
      ["QIT.Core.Channel:importArts", "2cdfba71d0e2c8b1"],
      ["QIT.Entanglement.MaximallyEntangled transitive imports (public)",
       "fab40b7834b67bc7"],
      ["QIT.Entanglement.MaximallyEntangled:importArts", "3fdabff940d3d738"],
      ["QIT.Information.Entropy.Entropy transitive imports (public)",
       "d60a37feba8c0e73"],
      ["QIT.Information.Entropy.Entropy:importArts", "8b59fbc54bdbbd4b"],
      ["QIT.States.MaximallyEntangled transitive imports (public)",
       "5f63c973f3798d1c"],
      ["QIT.States.MaximallyEntangled:importArts", "5b26b8907281f8ec"],
      ["QIT.States.Purification.ReferenceIsometry transitive imports (public)",
       "0515f2203c494e08"],
      ["QIT.States.Purification.ReferenceIsometry:importArts",
       "dfa6159376dc0e77"],
      ["Mathlib.Analysis.Fourier.ZMod transitive imports (public)",
       "1e7d307e3c7009de"],
      ["Mathlib.Analysis.Fourier.ZMod:importArts", "cdb0db2155083469"],
      ["Mathlib.LinearAlgebra.Matrix.Permutation transitive imports (public)",
       "a047cd84dbfc7829"],
      ["Mathlib.LinearAlgebra.Matrix.Permutation:importArts",
       "ef57306b9b6b9b8b"],
      ["Mathlib.LinearAlgebra.UnitaryGroup transitive imports (public)",
       "766eb113d6d0e340"],
      ["Mathlib.LinearAlgebra.UnitaryGroup:importArts", "15ea465680e3a890"]]]]],
  ["libs",
   [["import dynlibs", "00000000000006bb"],
    ["package external libraries", "00000000000006bb"],
    ["module dynlibs", "00000000000006bb"],
    ["module plugins", "00000000000006bb"]]],
  ["Lean 4.34.0, commit 3447a668783dbce1a8fdb97101dd067687b2b418",
   "421484e3e0c70198"],
  ["C:\\lean\\libs\\Lean-QIT\\QIT\\Protocols\\Teleportation.lean",
   "e37c20e377ef8035"],
  ["options", "00000000000006bb"],
  ["isModule: true", "760fcc16989f4b9b"],
  ["Module.name: QIT.Protocols.Teleportation", "af02812feb8996d1"],
  ["Package.id?: (some QIT)", "07d8d7419f989369"],
  ["Module.leanArgs: #[-DautoImplicit=false, -Dbackward.isDefEq.respectTransparency=false]",
   "1e046d1e40f8a855"]],
 "depHash": "fbb48336a2f1e2bf"}