{"synthetic": false,
 "schemaVersion": "2025-09-10",
 "outputs":
 {"rs": "2f1cbfe06d31f956.ir.sig",
  "r": "dc7e892865a2a47e.ir",
  "o":
  ["587793e26f3cc417.olean",
   "9dc2216fdb63855b.olean.server",
   "b695c31380d453cb.olean.private"],
  "m": true,
  "i": "175543a86e223306.ilean",
  "c": "ba76d65664233c24.c"},
 "log":
 [{"message":
   ".> LEAN_PATH=C:\\lean\\mathlib4\\.lake\\packages\\Cli\\.lake\\build\\lib\\lean;C:\\lean\\mathlib4\\.lake\\packages\\batteries\\.lake\\build\\lib\\lean;C:\\lean\\mathlib4\\.lake\\packages\\Qq\\.lake\\build\\lib\\lean;C:\\lean\\mathlib4\\.lake\\packages\\aesop\\.lake\\build\\lib\\lean;C:\\lean\\mathlib4\\.lake\\packages\\proofwidgets\\.lake\\build\\lib\\lean;C:\\lean\\mathlib4\\.lake\\packages\\importGraph\\.lake\\build\\lib\\lean;C:\\lean\\mathlib4\\.lake\\packages\\LeanSearchClient\\.lake\\build\\lib\\lean;C:\\lean\\mathlib4\\.lake\\packages\\plausible\\.lake\\build\\lib\\lean;C:\\lean\\mathlib4\\.lake\\build\\lib\\lean;C:\\lean\\libs\\Lean-QIT\\.lake\\build\\lib\\lean c:\\Users\\Administrator\\.elan\\toolchains\\leanprover--lean4---v4.34.0-rc1\\bin\\lean.exe -DautoImplicit=false -Dbackward.isDefEq.respectTransparency=false C:\\lean\\libs\\Lean-QIT\\QIT\\Coding\\EntanglementAssisted\\Renyi\\Sandwiched\\CBNorm\\Collapse\\RightIdentity.lean -o C:\\lean\\libs\\Lean-QIT\\.lake\\build\\lib\\lean\\QIT\\Coding\\EntanglementAssisted\\Renyi\\Sandwiched\\CBNorm\\Collapse\\RightIdentity.olean -i C:\\lean\\libs\\Lean-QIT\\.lake\\build\\lib\\lean\\QIT\\Coding\\EntanglementAssisted\\Renyi\\Sandwiched\\CBNorm\\Collapse\\RightIdentity.ilean -c C:\\lean\\libs\\Lean-QIT\\.lake\\build\\ir\\QIT\\Coding\\EntanglementAssisted\\Renyi\\Sandwiched\\CBNorm\\Collapse\\RightIdentity.c --setup C:\\lean\\libs\\Lean-QIT\\.lake\\build\\ir\\QIT\\Coding\\EntanglementAssisted\\Renyi\\Sandwiched\\CBNorm\\Collapse\\RightIdentity.setup.json --json",
   "level": "trace"}],
 "inputs":
 [["deps",
   [["QIT/QIT:extraDep", [["@QIT:extraDep", "00000000000006bb"]]],
    ["imports",
     [["QIT.Coding.EntanglementAssisted.Renyi.Sandwiched.CBNorm.Collapse.LeftIdentity transitive imports (public)",
       "e6c10ad0c0fb09da"],
      ["QIT.Coding.EntanglementAssisted.Renyi.Sandwiched.CBNorm.Collapse.LeftIdentity:importArts",
       "91116602174f083c"]]]]],
  ["libs",
   [["import dynlibs", "00000000000006bb"],
    ["package external libraries", "00000000000006bb"],
    ["module dynlibs", "00000000000006bb"],
    ["module plugins", "00000000000006bb"]]],
  ["Lean 4.34.0, commit 3447a668783dbce1a8fdb97101dd067687b2b418",
   "421484e3e0c70198"],
  ["C:\\lean\\libs\\Lean-QIT\\QIT\\Coding\\EntanglementAssisted\\Renyi\\Sandwiched\\CBNorm\\Collapse\\RightIdentity.lean",
   "03d6547cb08f09f2"],
  ["options", "00000000000006bb"],
  ["isModule: true", "760fcc16989f4b9b"],
  ["Module.name: QIT.Coding.EntanglementAssisted.Renyi.Sandwiched.CBNorm.Collapse.RightIdentity",
   "32a86c6e4fe41a76"],
  ["Package.id?: (some QIT)", "07d8d7419f989369"],
  ["Module.leanArgs: #[-DautoImplicit=false, -Dbackward.isDefEq.respectTransparency=false]",
   "1e046d1e40f8a855"]],
 "depHash": "0d3da47e18204b34"}