{"synthetic": false,
 "schemaVersion": "2025-09-10",
 "outputs":
 {"rs": "189e185d8eeb8cac.ir.sig",
  "r": "1b5dd0c764ee15a4.ir",
  "o":
  ["b3b3feb89b913722.olean",
   "908f622459ffad12.olean.server",
   "fc69423526cde5ad.olean.private"],
  "m": true,
  "i": "f54fa6f3f302ba59.ilean",
  "c": "78b779644ad51555.c"},
 "log":
 [{"message":
   ".> LEAN_PATH=C:\\lean\\mathlib4\\.lake\\packages\\Cli\\.lake\\build\\lib\\lean;C:\\lean\\mathlib4\\.lake\\packages\\batteries\\.lake\\build\\lib\\lean;C:\\lean\\mathlib4\\.lake\\packages\\Qq\\.lake\\build\\lib\\lean;C:\\lean\\mathlib4\\.lake\\packages\\aesop\\.lake\\build\\lib\\lean;C:\\lean\\mathlib4\\.lake\\packages\\proofwidgets\\.lake\\build\\lib\\lean;C:\\lean\\mathlib4\\.lake\\packages\\importGraph\\.lake\\build\\lib\\lean;C:\\lean\\mathlib4\\.lake\\packages\\LeanSearchClient\\.lake\\build\\lib\\lean;C:\\lean\\mathlib4\\.lake\\packages\\plausible\\.lake\\build\\lib\\lean;C:\\lean\\mathlib4\\.lake\\build\\lib\\lean;C:\\lean\\libs\\Lean-QIT\\.lake\\build\\lib\\lean c:\\Users\\Administrator\\.elan\\toolchains\\leanprover--lean4---v4.34.0-rc1\\bin\\lean.exe -DautoImplicit=false -Dbackward.isDefEq.respectTransparency=false C:\\lean\\libs\\Lean-QIT\\QIT\\States\\Geometry.lean -o C:\\lean\\libs\\Lean-QIT\\.lake\\build\\lib\\lean\\QIT\\States\\Geometry.olean -i C:\\lean\\libs\\Lean-QIT\\.lake\\build\\lib\\lean\\QIT\\States\\Geometry.ilean -c C:\\lean\\libs\\Lean-QIT\\.lake\\build\\ir\\QIT\\States\\Geometry.c --setup C:\\lean\\libs\\Lean-QIT\\.lake\\build\\ir\\QIT\\States\\Geometry.setup.json --json",
   "level": "trace"}],
 "inputs":
 [["deps",
   [["QIT/QIT:extraDep", [["@QIT:extraDep", "00000000000006bb"]]],
    ["imports",
     [["QIT.States.Geometry.Fidelity transitive imports (public)",
       "483ced7bfef16671"],
      ["QIT.States.Geometry.Fidelity:importArts", "369e245d9940a33d"],
      ["QIT.States.Geometry.FidelityConcavity transitive imports (public)",
       "47060b77e897eb36"],
      ["QIT.States.Geometry.FidelityConcavity:importArts", "b07087c9d9d47968"],
      ["QIT.States.Geometry.PureTargetFidelity transitive imports (public)",
       "fce62b194f24baa4"],
      ["QIT.States.Geometry.PureTargetFidelity:importArts", "3d86d87e8f74c983"],
      ["QIT.States.Geometry.FuchsVdG transitive imports (public)",
       "ba91393a9164284c"],
      ["QIT.States.Geometry.FuchsVdG:importArts", "2b949752d615489f"],
      ["QIT.States.Geometry.PurifiedDistance transitive imports (public)",
       "fcf10c57ae4daf97"],
      ["QIT.States.Geometry.PurifiedDistance:importArts", "dff454cf08d2d46d"],
      ["QIT.States.Geometry.PurifiedDistanceAngle transitive imports (public)",
       "fc079e3ad4e826ff"],
      ["QIT.States.Geometry.PurifiedDistanceAngle:importArts",
       "951a86a8556094ff"]]]]],
  ["libs",
   [["import dynlibs", "00000000000006bb"],
    ["package external libraries", "00000000000006bb"],
    ["module dynlibs", "00000000000006bb"],
    ["module plugins", "00000000000006bb"]]],
  ["Lean 4.34.0, commit 3447a668783dbce1a8fdb97101dd067687b2b418",
   "421484e3e0c70198"],
  ["C:\\lean\\libs\\Lean-QIT\\QIT\\States\\Geometry.lean", "93005ca6e864a19d"],
  ["options", "00000000000006bb"],
  ["isModule: true", "760fcc16989f4b9b"],
  ["Module.name: QIT.States.Geometry", "cd9bb50dc31557cd"],
  ["Package.id?: (some QIT)", "07d8d7419f989369"],
  ["Module.leanArgs: #[-DautoImplicit=false, -Dbackward.isDefEq.respectTransparency=false]",
   "1e046d1e40f8a855"]],
 "depHash": "84b9c9e535002d7b"}