{"synthetic": false,
 "schemaVersion": "2025-09-10",
 "outputs":
 {"rs": "89091519290bde26.ir.sig",
  "r": "fff1f12cb1e48aef.ir",
  "o":
  ["d99671fa2860310c.olean",
   "81876fae69263536.olean.server",
   "a0d0c8941cfd9c06.olean.private"],
  "m": true,
  "i": "b77ea3befcd9dbe8.ilean",
  "c": "b95f37830f9fc61a.c"},
 "log":
 [{"message":
   ".> LEAN_PATH=C:\\lean\\mathlib4\\.lake\\packages\\Cli\\.lake\\build\\lib\\lean;C:\\lean\\mathlib4\\.lake\\packages\\batteries\\.lake\\build\\lib\\lean;C:\\lean\\mathlib4\\.lake\\packages\\Qq\\.lake\\build\\lib\\lean;C:\\lean\\mathlib4\\.lake\\packages\\aesop\\.lake\\build\\lib\\lean;C:\\lean\\mathlib4\\.lake\\packages\\proofwidgets\\.lake\\build\\lib\\lean;C:\\lean\\mathlib4\\.lake\\packages\\importGraph\\.lake\\build\\lib\\lean;C:\\lean\\mathlib4\\.lake\\packages\\LeanSearchClient\\.lake\\build\\lib\\lean;C:\\lean\\mathlib4\\.lake\\packages\\plausible\\.lake\\build\\lib\\lean;C:\\lean\\mathlib4\\.lake\\build\\lib\\lean;C:\\lean\\libs\\Lean-QIT\\.lake\\build\\lib\\lean c:\\Users\\Administrator\\.elan\\toolchains\\leanprover--lean4---v4.34.0-rc1\\bin\\lean.exe -DautoImplicit=false -Dbackward.isDefEq.respectTransparency=false C:\\lean\\libs\\Lean-QIT\\QIT\\States\\Schatten.lean -o C:\\lean\\libs\\Lean-QIT\\.lake\\build\\lib\\lean\\QIT\\States\\Schatten.olean -i C:\\lean\\libs\\Lean-QIT\\.lake\\build\\lib\\lean\\QIT\\States\\Schatten.ilean -c C:\\lean\\libs\\Lean-QIT\\.lake\\build\\ir\\QIT\\States\\Schatten.c --setup C:\\lean\\libs\\Lean-QIT\\.lake\\build\\ir\\QIT\\States\\Schatten.setup.json --json",
   "level": "trace"}],
 "inputs":
 [["deps",
   [["QIT/QIT:extraDep", [["@QIT:extraDep", "00000000000006bb"]]],
    ["imports",
     [["QIT.States.TraceNorm.Distance transitive imports (public)",
       "78553cbac33be9f5"],
      ["QIT.States.TraceNorm.Distance:importArts", "3876b0a690d1048c"],
      ["Mathlib.Analysis.MeanInequalities transitive imports (public)",
       "2b9ff02fef27d638"],
      ["Mathlib.Analysis.MeanInequalities:importArts", "7b75194fb545f027"],
      ["Mathlib.Analysis.Convex.SpecificFunctions.Pow transitive imports (public)",
       "aaa66ebdb1ac66d5"],
      ["Mathlib.Analysis.Convex.SpecificFunctions.Pow:importArts",
       "bd113a986a12a38e"],
      ["Mathlib.Analysis.SpecialFunctions.ExpDeriv transitive imports (public)",
       "4ed5e39a96063467"],
      ["Mathlib.Analysis.SpecialFunctions.ExpDeriv:importArts",
       "f30838f6cc17e6bc"],
      ["Mathlib.Analysis.SpecialFunctions.ContinuousFunctionalCalculus.Rpow.Basic transitive imports (public)",
       "dc3564bd8f1d158e"],
      ["Mathlib.Analysis.SpecialFunctions.ContinuousFunctionalCalculus.Rpow.Basic:importArts",
       "bbcb355b52f3a362"],
      ["Mathlib.Analysis.SpecialFunctions.ContinuousFunctionalCalculus.Rpow.Isometric transitive imports (public)",
       "2cc43f1ab4b399ee"],
      ["Mathlib.Analysis.SpecialFunctions.ContinuousFunctionalCalculus.Rpow.Isometric:importArts",
       "d9de26afb3f1d6f2"],
      ["Mathlib.Analysis.CStarAlgebra.Matrix transitive imports (public)",
       "45e2adb3868dfdc9"],
      ["Mathlib.Analysis.CStarAlgebra.Matrix:importArts", "673875de75f5cfcb"],
      ["Mathlib.Analysis.CStarAlgebra.ContinuousFunctionalCalculus.Basic transitive imports (public)",
       "29b577e95f2fee1a"],
      ["Mathlib.Analysis.CStarAlgebra.ContinuousFunctionalCalculus.Basic:importArts",
       "6924ef7a9d7c42ff"],
      ["Mathlib.Analysis.CStarAlgebra.ContinuousFunctionalCalculus.Continuity transitive imports (public)",
       "afbf9d0f456e71db"],
      ["Mathlib.Analysis.CStarAlgebra.ContinuousFunctionalCalculus.Continuity:importArts",
       "fe7f4b75c5eb6f43"],
      ["Mathlib.LinearAlgebra.Lagrange transitive imports (public)",
       "5e2eeb87e7bcb8eb"],
      ["Mathlib.LinearAlgebra.Lagrange:importArts", "2f57d512c0189cae"]]]]],
  ["libs",
   [["import dynlibs", "00000000000006bb"],
    ["package external libraries", "00000000000006bb"],
    ["module dynlibs", "00000000000006bb"],
    ["module plugins", "00000000000006bb"]]],
  ["Lean 4.34.0, commit 3447a668783dbce1a8fdb97101dd067687b2b418",
   "421484e3e0c70198"],
  ["C:\\lean\\libs\\Lean-QIT\\QIT\\States\\Schatten.lean", "7426b52791841927"],
  ["options", "00000000000006bb"],
  ["isModule: true", "760fcc16989f4b9b"],
  ["Module.name: QIT.States.Schatten", "948d3c0c691a5b04"],
  ["Package.id?: (some QIT)", "07d8d7419f989369"],
  ["Module.leanArgs: #[-DautoImplicit=false, -Dbackward.isDefEq.respectTransparency=false]",
   "1e046d1e40f8a855"]],
 "depHash": "47198e90ec5574b1"}