{"synthetic": false,
 "schemaVersion": "2025-09-10",
 "outputs":
 {"rs": "71bd38a4d92ce735.ir.sig",
  "r": "c16351b7007aa560.ir",
  "o":
  ["087fa72a0adce0e6.olean",
   "c9db8fc85bb5052d.olean.server",
   "bab993cf9bd77d61.olean.private"],
  "m": true,
  "i": "b78f6d2c6cfa15bc.ilean",
  "c": "88da1965d93d4da0.c"},
 "log":
 [{"message":
   ".> LEAN_PATH=C:\\lean\\mathlib4\\.lake\\packages\\Cli\\.lake\\build\\lib\\lean;C:\\lean\\mathlib4\\.lake\\packages\\batteries\\.lake\\build\\lib\\lean;C:\\lean\\mathlib4\\.lake\\packages\\Qq\\.lake\\build\\lib\\lean;C:\\lean\\mathlib4\\.lake\\packages\\aesop\\.lake\\build\\lib\\lean;C:\\lean\\mathlib4\\.lake\\packages\\proofwidgets\\.lake\\build\\lib\\lean;C:\\lean\\mathlib4\\.lake\\packages\\importGraph\\.lake\\build\\lib\\lean;C:\\lean\\mathlib4\\.lake\\packages\\LeanSearchClient\\.lake\\build\\lib\\lean;C:\\lean\\mathlib4\\.lake\\packages\\plausible\\.lake\\build\\lib\\lean;C:\\lean\\mathlib4\\.lake\\build\\lib\\lean;C:\\lean\\libs\\Lean-QIT\\.lake\\build\\lib\\lean c:\\Users\\Administrator\\.elan\\toolchains\\leanprover--lean4---v4.34.0-rc1\\bin\\lean.exe -DautoImplicit=false -Dbackward.isDefEq.respectTransparency=false C:\\lean\\libs\\Lean-QIT\\QIT\\States\\SubnormalizedConvexity.lean -o C:\\lean\\libs\\Lean-QIT\\.lake\\build\\lib\\lean\\QIT\\States\\SubnormalizedConvexity.olean -i C:\\lean\\libs\\Lean-QIT\\.lake\\build\\lib\\lean\\QIT\\States\\SubnormalizedConvexity.ilean -c C:\\lean\\libs\\Lean-QIT\\.lake\\build\\ir\\QIT\\States\\SubnormalizedConvexity.c --setup C:\\lean\\libs\\Lean-QIT\\.lake\\build\\ir\\QIT\\States\\SubnormalizedConvexity.setup.json --json",
   "level": "trace"}],
 "inputs":
 [["deps",
   [["QIT/QIT:extraDep", [["@QIT:extraDep", "00000000000006bb"]]],
    ["imports",
     [["QIT.States.Geometry.FidelityConcavity transitive imports (public)",
       "47060b77e897eb36"],
      ["QIT.States.Geometry.FidelityConcavity:importArts", "b07087c9d9d47968"],
      ["QIT.States.SubnormalizedTopology transitive imports (public)",
       "33bd33672eaf5b91"],
      ["QIT.States.SubnormalizedTopology:importArts", "532b3d2a16317012"],
      ["Mathlib.Analysis.Convex.Basic transitive imports (public)",
       "067c8e9fbd9f4552"],
      ["Mathlib.Analysis.Convex.Basic:importArts", "ba934d6c1f900afc"]]]]],
  ["libs",
   [["import dynlibs", "00000000000006bb"],
    ["package external libraries", "00000000000006bb"],
    ["module dynlibs", "00000000000006bb"],
    ["module plugins", "00000000000006bb"]]],
  ["Lean 4.34.0, commit 3447a668783dbce1a8fdb97101dd067687b2b418",
   "421484e3e0c70198"],
  ["C:\\lean\\libs\\Lean-QIT\\QIT\\States\\SubnormalizedConvexity.lean",
   "65a1b1a34a9f28af"],
  ["options", "00000000000006bb"],
  ["isModule: true", "760fcc16989f4b9b"],
  ["Module.name: QIT.States.SubnormalizedConvexity", "ab30e1b677d4fa83"],
  ["Package.id?: (some QIT)", "07d8d7419f989369"],
  ["Module.leanArgs: #[-DautoImplicit=false, -Dbackward.isDefEq.respectTransparency=false]",
   "1e046d1e40f8a855"]],
 "depHash": "4ee4cc8b2a824655"}