{"synthetic": false,
 "schemaVersion": "2025-09-10",
 "outputs":
 {"rs": "e7f99e1850ef8624.ir.sig",
  "r": "5cb096df45adca48.ir",
  "o":
  ["af105871f7834cd9.olean",
   "9429fcb9249c8658.olean.server",
   "631c43c324028235.olean.private"],
  "m": true,
  "i": "2f9c2db337ae08c0.ilean",
  "c": "d5ec921b3aa14a7b.c"},
 "log":
 [{"message":
   ".> LEAN_PATH=C:\\lean\\mathlib4\\.lake\\packages\\Cli\\.lake\\build\\lib\\lean;C:\\lean\\mathlib4\\.lake\\packages\\batteries\\.lake\\build\\lib\\lean;C:\\lean\\mathlib4\\.lake\\packages\\Qq\\.lake\\build\\lib\\lean;C:\\lean\\mathlib4\\.lake\\packages\\aesop\\.lake\\build\\lib\\lean;C:\\lean\\mathlib4\\.lake\\packages\\proofwidgets\\.lake\\build\\lib\\lean;C:\\lean\\mathlib4\\.lake\\packages\\importGraph\\.lake\\build\\lib\\lean;C:\\lean\\mathlib4\\.lake\\packages\\LeanSearchClient\\.lake\\build\\lib\\lean;C:\\lean\\mathlib4\\.lake\\packages\\plausible\\.lake\\build\\lib\\lean;C:\\lean\\mathlib4\\.lake\\build\\lib\\lean;C:\\lean\\libs\\Lean-QIT\\.lake\\build\\lib\\lean c:\\Users\\Administrator\\.elan\\toolchains\\leanprover--lean4---v4.34.0-rc1\\bin\\lean.exe -DautoImplicit=false -Dbackward.isDefEq.respectTransparency=false C:\\lean\\libs\\Lean-QIT\\QIT\\States\\SubnormalizedTopology.lean -o C:\\lean\\libs\\Lean-QIT\\.lake\\build\\lib\\lean\\QIT\\States\\SubnormalizedTopology.olean -i C:\\lean\\libs\\Lean-QIT\\.lake\\build\\lib\\lean\\QIT\\States\\SubnormalizedTopology.ilean -c C:\\lean\\libs\\Lean-QIT\\.lake\\build\\ir\\QIT\\States\\SubnormalizedTopology.c --setup C:\\lean\\libs\\Lean-QIT\\.lake\\build\\ir\\QIT\\States\\SubnormalizedTopology.setup.json --json",
   "level": "trace"}],
 "inputs":
 [["deps",
   [["QIT/QIT:extraDep", [["@QIT:extraDep", "00000000000006bb"]]],
    ["imports",
     [["QIT.States.Subnormalized transitive imports (public)",
       "39084ca4fff4e807"],
      ["QIT.States.Subnormalized:importArts", "0dc3053f16a733f6"],
      ["QIT.States.TraceNorm.Spectral transitive imports (public)",
       "073fffc2980681ce"],
      ["QIT.States.TraceNorm.Spectral:importArts", "a54708d3d69666a1"],
      ["QIT.Util.SDP.PSDCone transitive imports (public)", "7df4b5d52ccd5292"],
      ["QIT.Util.SDP.PSDCone:importArts", "f4e8153b9d1de970"],
      ["Mathlib.Topology.MetricSpace.ProperSpace transitive imports (public)",
       "96e2fda9eecd4cfb"],
      ["Mathlib.Topology.MetricSpace.ProperSpace:importArts",
       "06990ed3f83a7f60"],
      ["Mathlib.Analysis.CStarAlgebra.Classes transitive imports (public)",
       "90d10b644255df58"],
      ["Mathlib.Analysis.CStarAlgebra.Classes:importArts", "0f8a3ff33185fca4"],
      ["Mathlib.Analysis.CStarAlgebra.ContinuousFunctionalCalculus.Basic transitive imports (public)",
       "29b577e95f2fee1a"],
      ["Mathlib.Analysis.CStarAlgebra.ContinuousFunctionalCalculus.Basic:importArts",
       "6924ef7a9d7c42ff"],
      ["Mathlib.Analysis.CStarAlgebra.ContinuousFunctionalCalculus.Continuity transitive imports (public)",
       "afbf9d0f456e71db"],
      ["Mathlib.Analysis.CStarAlgebra.ContinuousFunctionalCalculus.Continuity:importArts",
       "fe7f4b75c5eb6f43"],
      ["Mathlib.Analysis.CStarAlgebra.ContinuousFunctionalCalculus.Instances transitive imports (public)",
       "14937ad39f581a05"],
      ["Mathlib.Analysis.CStarAlgebra.ContinuousFunctionalCalculus.Instances:importArts",
       "7b05583de17f6822"],
      ["Mathlib.Analysis.CStarAlgebra.ContinuousFunctionalCalculus.Order transitive imports (public)",
       "b65e0bef0b981a36"],
      ["Mathlib.Analysis.CStarAlgebra.ContinuousFunctionalCalculus.Order:importArts",
       "8ad069d71014d82c"],
      ["Mathlib.Analysis.CStarAlgebra.Matrix transitive imports (public)",
       "45e2adb3868dfdc9"],
      ["Mathlib.Analysis.CStarAlgebra.Matrix:importArts", "673875de75f5cfcb"],
      ["Mathlib.Analysis.SpecialFunctions.ContinuousFunctionalCalculus.Rpow.Isometric transitive imports (public)",
       "2cc43f1ab4b399ee"],
      ["Mathlib.Analysis.SpecialFunctions.ContinuousFunctionalCalculus.Rpow.Isometric:importArts",
       "d9de26afb3f1d6f2"]]]]],
  ["libs",
   [["import dynlibs", "00000000000006bb"],
    ["package external libraries", "00000000000006bb"],
    ["module dynlibs", "00000000000006bb"],
    ["module plugins", "00000000000006bb"]]],
  ["Lean 4.34.0, commit 3447a668783dbce1a8fdb97101dd067687b2b418",
   "421484e3e0c70198"],
  ["C:\\lean\\libs\\Lean-QIT\\QIT\\States\\SubnormalizedTopology.lean",
   "45443ad7668412e9"],
  ["options", "00000000000006bb"],
  ["isModule: true", "760fcc16989f4b9b"],
  ["Module.name: QIT.States.SubnormalizedTopology", "f03172d020a6ef57"],
  ["Package.id?: (some QIT)", "07d8d7419f989369"],
  ["Module.leanArgs: #[-DautoImplicit=false, -Dbackward.isDefEq.respectTransparency=false]",
   "1e046d1e40f8a855"]],
 "depHash": "4c34150c3fd02cec"}