{"synthetic": false,
 "schemaVersion": "2025-09-10",
 "outputs":
 {"rs": "97d84f6a989cad8b.ir.sig",
  "r": "9dff92f42969d614.ir",
  "o":
  ["ac0af1c42f536fff.olean",
   "64dab2bddaa77cf7.olean.server",
   "8a8dc2eb3d02c804.olean.private"],
  "m": true,
  "i": "f7baace9b2711ab7.ilean",
  "c": "835580ac7f5697c3.c"},
 "log":
 [{"message":
   ".> LEAN_PATH=C:\\lean\\mathlib4\\.lake\\packages\\Cli\\.lake\\build\\lib\\lean;C:\\lean\\mathlib4\\.lake\\packages\\batteries\\.lake\\build\\lib\\lean;C:\\lean\\mathlib4\\.lake\\packages\\Qq\\.lake\\build\\lib\\lean;C:\\lean\\mathlib4\\.lake\\packages\\aesop\\.lake\\build\\lib\\lean;C:\\lean\\mathlib4\\.lake\\packages\\proofwidgets\\.lake\\build\\lib\\lean;C:\\lean\\mathlib4\\.lake\\packages\\importGraph\\.lake\\build\\lib\\lean;C:\\lean\\mathlib4\\.lake\\packages\\LeanSearchClient\\.lake\\build\\lib\\lean;C:\\lean\\mathlib4\\.lake\\packages\\plausible\\.lake\\build\\lib\\lean;C:\\lean\\mathlib4\\.lake\\build\\lib\\lean;C:\\lean\\libs\\Lean-QIT\\.lake\\build\\lib\\lean c:\\Users\\Administrator\\.elan\\toolchains\\leanprover--lean4---v4.34.0-rc1\\bin\\lean.exe -DautoImplicit=false -Dbackward.isDefEq.respectTransparency=false C:\\lean\\libs\\Lean-QIT\\QIT\\Protocols\\StateMerging\\Converse.lean -o C:\\lean\\libs\\Lean-QIT\\.lake\\build\\lib\\lean\\QIT\\Protocols\\StateMerging\\Converse.olean -i C:\\lean\\libs\\Lean-QIT\\.lake\\build\\lib\\lean\\QIT\\Protocols\\StateMerging\\Converse.ilean -c C:\\lean\\libs\\Lean-QIT\\.lake\\build\\ir\\QIT\\Protocols\\StateMerging\\Converse.c --setup C:\\lean\\libs\\Lean-QIT\\.lake\\build\\ir\\QIT\\Protocols\\StateMerging\\Converse.setup.json --json",
   "level": "trace"}],
 "inputs":
 [["deps",
   [["QIT/QIT:extraDep", [["@QIT:extraDep", "00000000000006bb"]]],
    ["imports",
     [["QIT.Protocols.LOCC.ReferenceLift transitive imports (public)",
       "99d1251642b19193"],
      ["QIT.Protocols.LOCC.ReferenceLift:importArts", "2d9d67a104e8d322"],
      ["QIT.Protocols.StateMerging.Core transitive imports (public)",
       "195e58e5ea1e1a95"],
      ["QIT.Protocols.StateMerging.Core:importArts", "a6b74d7cd8d87708"],
      ["QIT.Protocols.StateMerging.DistanceAveraging transitive imports (public)",
       "09605ef6fbe07db4"],
      ["QIT.Protocols.StateMerging.DistanceAveraging:importArts",
       "8c1578dfa787bd85"],
      ["QIT.Information.Entropy.EntropyTensorPower transitive imports (public)",
       "c514b78aacc6200c"],
      ["QIT.Information.Entropy.EntropyTensorPower:importArts",
       "6947a1a56eb4070f"],
      ["QIT.Information.Entropy.MaximallyMixed transitive imports (public)",
       "3c2ff2190709960e"],
      ["QIT.Information.Entropy.MaximallyMixed:importArts", "e037103bb38217df"],
      ["QIT.Information.Fannes transitive imports (public)",
       "f48189891fbbb50a"],
      ["QIT.Information.Fannes:importArts", "65addf38eb79a8af"],
      ["QIT.Asymptotic.AEP transitive imports (public)", "93e0c32b2862da0b"],
      ["QIT.Asymptotic.AEP:importArts", "243c247921fa0c97"],
      ["QIT.OneShot.SmoothNormalizedExtension transitive imports (public)",
       "9a2b841f0465748c"],
      ["QIT.OneShot.SmoothNormalizedExtension:importArts",
       "35ba5e42e4bb16be"]]]]],
  ["libs",
   [["import dynlibs", "00000000000006bb"],
    ["package external libraries", "00000000000006bb"],
    ["module dynlibs", "00000000000006bb"],
    ["module plugins", "00000000000006bb"]]],
  ["Lean 4.34.0, commit 3447a668783dbce1a8fdb97101dd067687b2b418",
   "421484e3e0c70198"],
  ["C:\\lean\\libs\\Lean-QIT\\QIT\\Protocols\\StateMerging\\Converse.lean",
   "333cd264cfd1adfc"],
  ["options", "00000000000006bb"],
  ["isModule: true", "760fcc16989f4b9b"],
  ["Module.name: QIT.Protocols.StateMerging.Converse", "53ff1715fa3a9923"],
  ["Package.id?: (some QIT)", "07d8d7419f989369"],
  ["Module.leanArgs: #[-DautoImplicit=false, -Dbackward.isDefEq.respectTransparency=false]",
   "1e046d1e40f8a855"]],
 "depHash": "0210077ab7f58659"}