{"synthetic": false,
 "schemaVersion": "2025-09-10",
 "outputs":
 {"rs": "d61a5bdfbc9296f5.ir.sig",
  "r": "0955a8accfa8c0f2.ir",
  "o":
  ["3241d24f59d794e7.olean",
   "b585b240e631e5a6.olean.server",
   "98378187c02dbbc0.olean.private"],
  "m": true,
  "i": "616e4814a5a70e3d.ilean",
  "c": "21a092f9a929f193.c"},
 "log":
 [{"message":
   ".> LEAN_PATH=C:\\lean\\mathlib4\\.lake\\packages\\Cli\\.lake\\build\\lib\\lean;C:\\lean\\mathlib4\\.lake\\packages\\batteries\\.lake\\build\\lib\\lean;C:\\lean\\mathlib4\\.lake\\packages\\Qq\\.lake\\build\\lib\\lean;C:\\lean\\mathlib4\\.lake\\packages\\aesop\\.lake\\build\\lib\\lean;C:\\lean\\mathlib4\\.lake\\packages\\proofwidgets\\.lake\\build\\lib\\lean;C:\\lean\\mathlib4\\.lake\\packages\\importGraph\\.lake\\build\\lib\\lean;C:\\lean\\mathlib4\\.lake\\packages\\LeanSearchClient\\.lake\\build\\lib\\lean;C:\\lean\\mathlib4\\.lake\\packages\\plausible\\.lake\\build\\lib\\lean;C:\\lean\\mathlib4\\.lake\\build\\lib\\lean;C:\\lean\\libs\\Lean-QIT\\.lake\\build\\lib\\lean c:\\Users\\Administrator\\.elan\\toolchains\\leanprover--lean4---v4.34.0-rc1\\bin\\lean.exe -DautoImplicit=false -Dbackward.isDefEq.respectTransparency=false C:\\lean\\libs\\Lean-QIT\\QIT\\Protocols\\StateMerging\\Core.lean -o C:\\lean\\libs\\Lean-QIT\\.lake\\build\\lib\\lean\\QIT\\Protocols\\StateMerging\\Core.olean -i C:\\lean\\libs\\Lean-QIT\\.lake\\build\\lib\\lean\\QIT\\Protocols\\StateMerging\\Core.ilean -c C:\\lean\\libs\\Lean-QIT\\.lake\\build\\ir\\QIT\\Protocols\\StateMerging\\Core.c --setup C:\\lean\\libs\\Lean-QIT\\.lake\\build\\ir\\QIT\\Protocols\\StateMerging\\Core.setup.json --json",
   "level": "trace"}],
 "inputs":
 [["deps",
   [["QIT/QIT:extraDep", [["@QIT:extraDep", "00000000000006bb"]]],
    ["imports",
     [["QIT.Protocols.FQSW.Core transitive imports (public)",
       "132b687efe16b3c3"],
      ["QIT.Protocols.FQSW.Core:importArts", "44be29fd6f9582e2"],
      ["QIT.Protocols.LOCC.Core transitive imports (public)",
       "7b3898a8adf27d7e"],
      ["QIT.Protocols.LOCC.Core:importArts", "31a3f4f06ece4bf2"],
      ["QIT.States.Geometry.FuchsVdG transitive imports (public)",
       "ba91393a9164284c"],
      ["QIT.States.Geometry.FuchsVdG:importArts", "2b949752d615489f"]]]]],
  ["libs",
   [["import dynlibs", "00000000000006bb"],
    ["package external libraries", "00000000000006bb"],
    ["module dynlibs", "00000000000006bb"],
    ["module plugins", "00000000000006bb"]]],
  ["Lean 4.34.0, commit 3447a668783dbce1a8fdb97101dd067687b2b418",
   "421484e3e0c70198"],
  ["C:\\lean\\libs\\Lean-QIT\\QIT\\Protocols\\StateMerging\\Core.lean",
   "e1493349fe11d38d"],
  ["options", "00000000000006bb"],
  ["isModule: true", "760fcc16989f4b9b"],
  ["Module.name: QIT.Protocols.StateMerging.Core", "9a2d4199a1b69448"],
  ["Package.id?: (some QIT)", "07d8d7419f989369"],
  ["Module.leanArgs: #[-DautoImplicit=false, -Dbackward.isDefEq.respectTransparency=false]",
   "1e046d1e40f8a855"]],
 "depHash": "56ca9783007180e7"}