{"synthetic": false,
 "schemaVersion": "2025-09-10",
 "outputs":
 {"rs": "669e6e56f029daf4.ir.sig",
  "r": "9c501e66a40c63cc.ir",
  "o":
  ["f5946d0033b44c40.olean",
   "3bac927f6194eda4.olean.server",
   "51e79be0326b2b10.olean.private"],
  "m": true,
  "i": "a10b2bfc99b6666c.ilean",
  "c": "54d6fa64b44c6874.c"},
 "log":
 [{"message":
   ".> LEAN_PATH=C:\\lean\\mathlib4\\.lake\\packages\\Cli\\.lake\\build\\lib\\lean;C:\\lean\\mathlib4\\.lake\\packages\\batteries\\.lake\\build\\lib\\lean;C:\\lean\\mathlib4\\.lake\\packages\\Qq\\.lake\\build\\lib\\lean;C:\\lean\\mathlib4\\.lake\\packages\\aesop\\.lake\\build\\lib\\lean;C:\\lean\\mathlib4\\.lake\\packages\\proofwidgets\\.lake\\build\\lib\\lean;C:\\lean\\mathlib4\\.lake\\packages\\importGraph\\.lake\\build\\lib\\lean;C:\\lean\\mathlib4\\.lake\\packages\\LeanSearchClient\\.lake\\build\\lib\\lean;C:\\lean\\mathlib4\\.lake\\packages\\plausible\\.lake\\build\\lib\\lean;C:\\lean\\mathlib4\\.lake\\build\\lib\\lean;C:\\lean\\libs\\Lean-QIT\\.lake\\build\\lib\\lean c:\\Users\\Administrator\\.elan\\toolchains\\leanprover--lean4---v4.34.0-rc1\\bin\\lean.exe -DautoImplicit=false -Dbackward.isDefEq.respectTransparency=false C:\\lean\\libs\\Lean-QIT\\QIT\\Protocols\\StateMerging\\DirectProtocol.lean -o C:\\lean\\libs\\Lean-QIT\\.lake\\build\\lib\\lean\\QIT\\Protocols\\StateMerging\\DirectProtocol.olean -i C:\\lean\\libs\\Lean-QIT\\.lake\\build\\lib\\lean\\QIT\\Protocols\\StateMerging\\DirectProtocol.ilean -c C:\\lean\\libs\\Lean-QIT\\.lake\\build\\ir\\QIT\\Protocols\\StateMerging\\DirectProtocol.c --setup C:\\lean\\libs\\Lean-QIT\\.lake\\build\\ir\\QIT\\Protocols\\StateMerging\\DirectProtocol.setup.json --json",
   "level": "trace"}],
 "inputs":
 [["deps",
   [["QIT/QIT:extraDep", [["@QIT:extraDep", "00000000000006bb"]]],
    ["imports",
     [["QIT.Protocols.FQSW.IIDDirect transitive imports (public)",
       "617fcc8890647ff5"],
      ["QIT.Protocols.FQSW.IIDDirect:importArts", "77cceed628d3cd28"],
      ["QIT.Protocols.LOCC.Construction transitive imports (public)",
       "99d1251642b19193"],
      ["QIT.Protocols.LOCC.Construction:importArts", "74ba7af789d4183c"],
      ["QIT.Protocols.LOCC.ReferenceLift transitive imports (public)",
       "99d1251642b19193"],
      ["QIT.Protocols.LOCC.ReferenceLift:importArts", "2d9d67a104e8d322"],
      ["QIT.Protocols.StateMerging.Core transitive imports (public)",
       "195e58e5ea1e1a95"],
      ["QIT.Protocols.StateMerging.Core:importArts", "a6b74d7cd8d87708"],
      ["QIT.Protocols.TeleportationLOCC transitive imports (public)",
       "541eb8a563638461"],
      ["QIT.Protocols.TeleportationLOCC:importArts", "64ea49b711d127d8"]]]]],
  ["libs",
   [["import dynlibs", "00000000000006bb"],
    ["package external libraries", "00000000000006bb"],
    ["module dynlibs", "00000000000006bb"],
    ["module plugins", "00000000000006bb"]]],
  ["Lean 4.34.0, commit 3447a668783dbce1a8fdb97101dd067687b2b418",
   "421484e3e0c70198"],
  ["C:\\lean\\libs\\Lean-QIT\\QIT\\Protocols\\StateMerging\\DirectProtocol.lean",
   "8837874faaf5ddea"],
  ["options", "00000000000006bb"],
  ["isModule: true", "760fcc16989f4b9b"],
  ["Module.name: QIT.Protocols.StateMerging.DirectProtocol",
   "517886c42c54d138"],
  ["Package.id?: (some QIT)", "07d8d7419f989369"],
  ["Module.leanArgs: #[-DautoImplicit=false, -Dbackward.isDefEq.respectTransparency=false]",
   "1e046d1e40f8a855"]],
 "depHash": "3d3df93afde67498"}