{"synthetic": false,
 "schemaVersion": "2025-09-10",
 "outputs":
 {"rs": "ef4cf12144e3fd74.ir.sig",
  "r": "365084ca71a53ba6.ir",
  "o":
  ["3d69782ed55c38d7.olean",
   "1a27207b0930fd98.olean.server",
   "eb754ffa62ebf402.olean.private"],
  "m": true,
  "i": "627a295656d00616.ilean",
  "c": "e7f29eb0758edd1f.c"},
 "log":
 [{"message":
   ".> LEAN_PATH=C:\\lean\\mathlib4\\.lake\\packages\\Cli\\.lake\\build\\lib\\lean;C:\\lean\\mathlib4\\.lake\\packages\\batteries\\.lake\\build\\lib\\lean;C:\\lean\\mathlib4\\.lake\\packages\\Qq\\.lake\\build\\lib\\lean;C:\\lean\\mathlib4\\.lake\\packages\\aesop\\.lake\\build\\lib\\lean;C:\\lean\\mathlib4\\.lake\\packages\\proofwidgets\\.lake\\build\\lib\\lean;C:\\lean\\mathlib4\\.lake\\packages\\importGraph\\.lake\\build\\lib\\lean;C:\\lean\\mathlib4\\.lake\\packages\\LeanSearchClient\\.lake\\build\\lib\\lean;C:\\lean\\mathlib4\\.lake\\packages\\plausible\\.lake\\build\\lib\\lean;C:\\lean\\mathlib4\\.lake\\build\\lib\\lean;C:\\lean\\libs\\Lean-QIT\\.lake\\build\\lib\\lean c:\\Users\\Administrator\\.elan\\toolchains\\leanprover--lean4---v4.34.0-rc1\\bin\\lean.exe -DautoImplicit=false -Dbackward.isDefEq.respectTransparency=false C:\\lean\\libs\\Lean-QIT\\QIT\\Protocols\\StateMerging\\DistanceAveraging.lean -o C:\\lean\\libs\\Lean-QIT\\.lake\\build\\lib\\lean\\QIT\\Protocols\\StateMerging\\DistanceAveraging.olean -i C:\\lean\\libs\\Lean-QIT\\.lake\\build\\lib\\lean\\QIT\\Protocols\\StateMerging\\DistanceAveraging.ilean -c C:\\lean\\libs\\Lean-QIT\\.lake\\build\\ir\\QIT\\Protocols\\StateMerging\\DistanceAveraging.c --setup C:\\lean\\libs\\Lean-QIT\\.lake\\build\\ir\\QIT\\Protocols\\StateMerging\\DistanceAveraging.setup.json --json",
   "level": "trace"}],
 "inputs":
 [["deps",
   [["QIT/QIT:extraDep", [["@QIT:extraDep", "00000000000006bb"]]],
    ["imports",
     [["QIT.Protocols.LOCC.PureEntanglement transitive imports (public)",
       "674d462234cd0855"],
      ["QIT.Protocols.LOCC.PureEntanglement:importArts", "7fe645af1b44ac49"],
      ["QIT.States.Geometry.FuchsVdG transitive imports (public)",
       "ba91393a9164284c"],
      ["QIT.States.Geometry.FuchsVdG:importArts", "2b949752d615489f"],
      ["QIT.States.Geometry.PureTargetFidelity transitive imports (public)",
       "fce62b194f24baa4"],
      ["QIT.States.Geometry.PureTargetFidelity:importArts", "3d86d87e8f74c983"],
      ["Mathlib.Analysis.Convex.Jensen transitive imports (public)",
       "5bc4ab96f77c2c41"],
      ["Mathlib.Analysis.Convex.Jensen:importArts", "38337cd0b69e85b8"],
      ["Mathlib.Analysis.Convex.SpecificFunctions.Pow transitive imports (public)",
       "aaa66ebdb1ac66d5"],
      ["Mathlib.Analysis.Convex.SpecificFunctions.Pow:importArts",
       "bd113a986a12a38e"]]]]],
  ["libs",
   [["import dynlibs", "00000000000006bb"],
    ["package external libraries", "00000000000006bb"],
    ["module dynlibs", "00000000000006bb"],
    ["module plugins", "00000000000006bb"]]],
  ["Lean 4.34.0, commit 3447a668783dbce1a8fdb97101dd067687b2b418",
   "421484e3e0c70198"],
  ["C:\\lean\\libs\\Lean-QIT\\QIT\\Protocols\\StateMerging\\DistanceAveraging.lean",
   "7d6fe1f03c21ecb4"],
  ["options", "00000000000006bb"],
  ["isModule: true", "760fcc16989f4b9b"],
  ["Module.name: QIT.Protocols.StateMerging.DistanceAveraging",
   "45a6e49fb04aa2cd"],
  ["Package.id?: (some QIT)", "07d8d7419f989369"],
  ["Module.leanArgs: #[-DautoImplicit=false, -Dbackward.isDefEq.respectTransparency=false]",
   "1e046d1e40f8a855"]],
 "depHash": "351ec0602ba95a53"}