{"synthetic": false,
 "schemaVersion": "2025-09-10",
 "outputs":
 {"rs": "7fe2c21a13bd4238.ir.sig",
  "r": "07dc1724022d7242.ir",
  "o":
  ["a58902a16afded8f.olean",
   "e4955b02f37b6571.olean.server",
   "3a33dae858cae104.olean.private"],
  "m": true,
  "i": "5ed736072cb2b7de.ilean",
  "c": "362e255d2d80f041.c"},
 "log":
 [{"message":
   ".> LEAN_PATH=C:\\lean\\mathlib4\\.lake\\packages\\Cli\\.lake\\build\\lib\\lean;C:\\lean\\mathlib4\\.lake\\packages\\batteries\\.lake\\build\\lib\\lean;C:\\lean\\mathlib4\\.lake\\packages\\Qq\\.lake\\build\\lib\\lean;C:\\lean\\mathlib4\\.lake\\packages\\aesop\\.lake\\build\\lib\\lean;C:\\lean\\mathlib4\\.lake\\packages\\proofwidgets\\.lake\\build\\lib\\lean;C:\\lean\\mathlib4\\.lake\\packages\\importGraph\\.lake\\build\\lib\\lean;C:\\lean\\mathlib4\\.lake\\packages\\LeanSearchClient\\.lake\\build\\lib\\lean;C:\\lean\\mathlib4\\.lake\\packages\\plausible\\.lake\\build\\lib\\lean;C:\\lean\\mathlib4\\.lake\\build\\lib\\lean;C:\\lean\\libs\\Lean-QIT\\.lake\\build\\lib\\lean c:\\Users\\Administrator\\.elan\\toolchains\\leanprover--lean4---v4.34.0-rc1\\bin\\lean.exe -DautoImplicit=false -Dbackward.isDefEq.respectTransparency=false C:\\lean\\libs\\Lean-QIT\\QIT\\Protocols\\StateMerging\\OneShotConverse.lean -o C:\\lean\\libs\\Lean-QIT\\.lake\\build\\lib\\lean\\QIT\\Protocols\\StateMerging\\OneShotConverse.olean -i C:\\lean\\libs\\Lean-QIT\\.lake\\build\\lib\\lean\\QIT\\Protocols\\StateMerging\\OneShotConverse.ilean -c C:\\lean\\libs\\Lean-QIT\\.lake\\build\\ir\\QIT\\Protocols\\StateMerging\\OneShotConverse.c --setup C:\\lean\\libs\\Lean-QIT\\.lake\\build\\ir\\QIT\\Protocols\\StateMerging\\OneShotConverse.setup.json --json",
   "level": "trace"}],
 "inputs":
 [["deps",
   [["QIT/QIT:extraDep", [["@QIT:extraDep", "00000000000006bb"]]],
    ["imports",
     [["QIT.Protocols.StateMerging.InputSource transitive imports (public)",
       "f520472507abdd97"],
      ["QIT.Protocols.StateMerging.InputSource:importArts", "3cdf5d5bfc731ba3"],
      ["QIT.Protocols.StateMerging.RecordedOutcome transitive imports (public)",
       "9d684fe36ee4b438"],
      ["QIT.Protocols.StateMerging.RecordedOutcome:importArts",
       "00a05474fb7035a3"],
      ["QIT.Protocols.LOCC.ConditionalMinEntropy transitive imports (public)",
       "e8d9f34316eaf53b"],
      ["QIT.Protocols.LOCC.ConditionalMinEntropy:importArts",
       "69f4ff7200ec6bcb"],
      ["QIT.Protocols.LOCC.SmoothConditionalMinEntropy transitive imports (public)",
       "25ff7b62f64bceb1"],
      ["QIT.Protocols.LOCC.SmoothConditionalMinEntropy:importArts",
       "a4af9a6b5bfa1f5e"]]]]],
  ["libs",
   [["import dynlibs", "00000000000006bb"],
    ["package external libraries", "00000000000006bb"],
    ["module dynlibs", "00000000000006bb"],
    ["module plugins", "00000000000006bb"]]],
  ["Lean 4.34.0, commit 3447a668783dbce1a8fdb97101dd067687b2b418",
   "421484e3e0c70198"],
  ["C:\\lean\\libs\\Lean-QIT\\QIT\\Protocols\\StateMerging\\OneShotConverse.lean",
   "d1afa23faf5180e7"],
  ["options", "00000000000006bb"],
  ["isModule: true", "760fcc16989f4b9b"],
  ["Module.name: QIT.Protocols.StateMerging.OneShotConverse",
   "454c4c6337620808"],
  ["Package.id?: (some QIT)", "07d8d7419f989369"],
  ["Module.leanArgs: #[-DautoImplicit=false, -Dbackward.isDefEq.respectTransparency=false]",
   "1e046d1e40f8a855"]],
 "depHash": "f29aa7482b237e43"}