{"synthetic": false,
 "schemaVersion": "2025-09-10",
 "outputs":
 {"rs": "f1f0000a9be3d56d.ir.sig",
  "r": "c4af894d37beeb17.ir",
  "o":
  ["e2c33578230b8e42.olean",
   "559fdd9dc8525548.olean.server",
   "35767515ccf2ded1.olean.private"],
  "m": true,
  "i": "4a0c8c309b71d6f8.ilean",
  "c": "1683d97ff824f081.c"},
 "log":
 [{"message":
   ".> LEAN_PATH=C:\\lean\\mathlib4\\.lake\\packages\\Cli\\.lake\\build\\lib\\lean;C:\\lean\\mathlib4\\.lake\\packages\\batteries\\.lake\\build\\lib\\lean;C:\\lean\\mathlib4\\.lake\\packages\\Qq\\.lake\\build\\lib\\lean;C:\\lean\\mathlib4\\.lake\\packages\\aesop\\.lake\\build\\lib\\lean;C:\\lean\\mathlib4\\.lake\\packages\\proofwidgets\\.lake\\build\\lib\\lean;C:\\lean\\mathlib4\\.lake\\packages\\importGraph\\.lake\\build\\lib\\lean;C:\\lean\\mathlib4\\.lake\\packages\\LeanSearchClient\\.lake\\build\\lib\\lean;C:\\lean\\mathlib4\\.lake\\packages\\plausible\\.lake\\build\\lib\\lean;C:\\lean\\mathlib4\\.lake\\build\\lib\\lean;C:\\lean\\libs\\Lean-QIT\\.lake\\build\\lib\\lean c:\\Users\\Administrator\\.elan\\toolchains\\leanprover--lean4---v4.34.0-rc1\\bin\\lean.exe -DautoImplicit=false -Dbackward.isDefEq.respectTransparency=false C:\\lean\\libs\\Lean-QIT\\QIT\\Protocols\\StateMerging\\RecordedOutcome.lean -o C:\\lean\\libs\\Lean-QIT\\.lake\\build\\lib\\lean\\QIT\\Protocols\\StateMerging\\RecordedOutcome.olean -i C:\\lean\\libs\\Lean-QIT\\.lake\\build\\lib\\lean\\QIT\\Protocols\\StateMerging\\RecordedOutcome.ilean -c C:\\lean\\libs\\Lean-QIT\\.lake\\build\\ir\\QIT\\Protocols\\StateMerging\\RecordedOutcome.c --setup C:\\lean\\libs\\Lean-QIT\\.lake\\build\\ir\\QIT\\Protocols\\StateMerging\\RecordedOutcome.setup.json --json",
   "level": "trace"}],
 "inputs":
 [["deps",
   [["QIT/QIT:extraDep", [["@QIT:extraDep", "00000000000006bb"]]],
    ["imports",
     [["QIT.Protocols.StateMerging.Converse transitive imports (public)",
       "8090bbda004c91fe"],
      ["QIT.Protocols.StateMerging.Converse:importArts", "e48c445232199481"],
      ["QIT.Protocols.LOCC.SmoothConditionalMinEntropy transitive imports (public)",
       "25ff7b62f64bceb1"],
      ["QIT.Protocols.LOCC.SmoothConditionalMinEntropy:importArts",
       "a4af9a6b5bfa1f5e"],
      ["QIT.OneShot.SmoothEndpoint.Duality transitive imports (public)",
       "0507c28aa170d705"],
      ["QIT.OneShot.SmoothEndpoint.Duality:importArts", "8a500f382639ab43"],
      ["QIT.Protocols.LOCC.Construction transitive imports (public)",
       "99d1251642b19193"],
      ["QIT.Protocols.LOCC.Construction:importArts", "74ba7af789d4183c"],
      ["QIT.Core.System transitive imports (public)", "7ada5f2230cdc944"],
      ["QIT.Core.System:importArts", "9c65c2d7ece6eb6c"],
      ["QIT.OneShot.SmoothNormalizedExtension transitive imports (public)",
       "9a2b841f0465748c"],
      ["QIT.OneShot.SmoothNormalizedExtension:importArts",
       "35ba5e42e4bb16be"]]]]],
  ["libs",
   [["import dynlibs", "00000000000006bb"],
    ["package external libraries", "00000000000006bb"],
    ["module dynlibs", "00000000000006bb"],
    ["module plugins", "00000000000006bb"]]],
  ["Lean 4.34.0, commit 3447a668783dbce1a8fdb97101dd067687b2b418",
   "421484e3e0c70198"],
  ["C:\\lean\\libs\\Lean-QIT\\QIT\\Protocols\\StateMerging\\RecordedOutcome.lean",
   "bc2506d8d5509fcb"],
  ["options", "00000000000006bb"],
  ["isModule: true", "760fcc16989f4b9b"],
  ["Module.name: QIT.Protocols.StateMerging.RecordedOutcome",
   "0c4f12774d4ec97b"],
  ["Package.id?: (some QIT)", "07d8d7419f989369"],
  ["Module.leanArgs: #[-DautoImplicit=false, -Dbackward.isDefEq.respectTransparency=false]",
   "1e046d1e40f8a855"]],
 "depHash": "b3fc8d7dd40cd58e"}