{"synthetic": false,
 "schemaVersion": "2025-09-10",
 "outputs":
 {"rs": "b16dc32b856e30d7.ir.sig",
  "r": "687d9b2d82512ccf.ir",
  "o":
  ["a6d91e62d058af94.olean",
   "a342aac3c9ce8692.olean.server",
   "1f40dcbe85951de1.olean.private"],
  "m": true,
  "i": "9c2ab55f448eae9e.ilean",
  "c": "127febc0c0a08874.c"},
 "log":
 [{"message":
   ".> LEAN_PATH=C:\\lean\\mathlib4\\.lake\\packages\\Cli\\.lake\\build\\lib\\lean;C:\\lean\\mathlib4\\.lake\\packages\\batteries\\.lake\\build\\lib\\lean;C:\\lean\\mathlib4\\.lake\\packages\\Qq\\.lake\\build\\lib\\lean;C:\\lean\\mathlib4\\.lake\\packages\\aesop\\.lake\\build\\lib\\lean;C:\\lean\\mathlib4\\.lake\\packages\\proofwidgets\\.lake\\build\\lib\\lean;C:\\lean\\mathlib4\\.lake\\packages\\importGraph\\.lake\\build\\lib\\lean;C:\\lean\\mathlib4\\.lake\\packages\\LeanSearchClient\\.lake\\build\\lib\\lean;C:\\lean\\mathlib4\\.lake\\packages\\plausible\\.lake\\build\\lib\\lean;C:\\lean\\mathlib4\\.lake\\build\\lib\\lean;C:\\lean\\libs\\Lean-QIT\\.lake\\build\\lib\\lean c:\\Users\\Administrator\\.elan\\toolchains\\leanprover--lean4---v4.34.0-rc1\\bin\\lean.exe -DautoImplicit=false -Dbackward.isDefEq.respectTransparency=false C:\\lean\\libs\\Lean-QIT\\QIT\\Coding\\EntanglementAssisted\\Asymptotic.lean -o C:\\lean\\libs\\Lean-QIT\\.lake\\build\\lib\\lean\\QIT\\Coding\\EntanglementAssisted\\Asymptotic.olean -i C:\\lean\\libs\\Lean-QIT\\.lake\\build\\lib\\lean\\QIT\\Coding\\EntanglementAssisted\\Asymptotic.ilean -c C:\\lean\\libs\\Lean-QIT\\.lake\\build\\ir\\QIT\\Coding\\EntanglementAssisted\\Asymptotic.c --setup C:\\lean\\libs\\Lean-QIT\\.lake\\build\\ir\\QIT\\Coding\\EntanglementAssisted\\Asymptotic.setup.json --json",
   "level": "trace"}],
 "inputs":
 [["deps",
   [["QIT/QIT:extraDep", [["@QIT:extraDep", "00000000000006bb"]]],
    ["imports",
     [["QIT.Coding.EntanglementAssisted.Asymptotic.Basic transitive imports (public)",
       "f8ae63b3357092ba"],
      ["QIT.Coding.EntanglementAssisted.Asymptotic.Basic:importArts",
       "db692ea997d52f58"],
      ["QIT.Coding.EntanglementAssisted.Asymptotic.ProtocolLifting transitive imports (public)",
       "4839b2c67869a80a"],
      ["QIT.Coding.EntanglementAssisted.Asymptotic.ProtocolLifting:importArts",
       "732c38f86edad7f9"],
      ["QIT.Coding.EntanglementAssisted.Asymptotic.MutualInformationAdditivity transitive imports (public)",
       "93068efc7a68134c"],
      ["QIT.Coding.EntanglementAssisted.Asymptotic.MutualInformationAdditivity:importArts",
       "b54975b080c91dbe"],
      ["QIT.Coding.EntanglementAssisted.Asymptotic.SandwichedTensorPower transitive imports (public)",
       "4b1c1763cf246b8f"],
      ["QIT.Coding.EntanglementAssisted.Asymptotic.SandwichedTensorPower:importArts",
       "961ec845bf73c837"],
      ["QIT.Coding.EntanglementAssisted.Asymptotic.LowerBound transitive imports (public)",
       "6808d4e09ed8479a"],
      ["QIT.Coding.EntanglementAssisted.Asymptotic.LowerBound:importArts",
       "e845dbc5f287263e"],
      ["QIT.Coding.EntanglementAssisted.Asymptotic.ConverseWitness transitive imports (public)",
       "b021f433d4e8b17d"],
      ["QIT.Coding.EntanglementAssisted.Asymptotic.ConverseWitness:importArts",
       "245447d92e55fe7b"]]]]],
  ["libs",
   [["import dynlibs", "00000000000006bb"],
    ["package external libraries", "00000000000006bb"],
    ["module dynlibs", "00000000000006bb"],
    ["module plugins", "00000000000006bb"]]],
  ["Lean 4.34.0, commit 3447a668783dbce1a8fdb97101dd067687b2b418",
   "421484e3e0c70198"],
  ["C:\\lean\\libs\\Lean-QIT\\QIT\\Coding\\EntanglementAssisted\\Asymptotic.lean",
   "f5816f1bf89017a5"],
  ["options", "00000000000006bb"],
  ["isModule: true", "760fcc16989f4b9b"],
  ["Module.name: QIT.Coding.EntanglementAssisted.Asymptotic",
   "4ee683f699bb0131"],
  ["Package.id?: (some QIT)", "07d8d7419f989369"],
  ["Module.leanArgs: #[-DautoImplicit=false, -Dbackward.isDefEq.respectTransparency=false]",
   "1e046d1e40f8a855"]],
 "depHash": "5e919766be402a19"}