{"synthetic": false,
 "schemaVersion": "2025-09-10",
 "outputs":
 {"rs": "1bb5691233acbe1c.ir.sig",
  "r": "fcd3fab7e2cc35cc.ir",
  "o":
  ["756edbc00781206e.olean",
   "af4653603e4a8bbe.olean.server",
   "bb475745c0b7cfc7.olean.private"],
  "m": true,
  "i": "b54578a1941288ee.ilean",
  "c": "b8a943a813d07221.c"},
 "log":
 [{"message":
   ".> LEAN_PATH=C:\\lean\\mathlib4\\.lake\\packages\\Cli\\.lake\\build\\lib\\lean;C:\\lean\\mathlib4\\.lake\\packages\\batteries\\.lake\\build\\lib\\lean;C:\\lean\\mathlib4\\.lake\\packages\\Qq\\.lake\\build\\lib\\lean;C:\\lean\\mathlib4\\.lake\\packages\\aesop\\.lake\\build\\lib\\lean;C:\\lean\\mathlib4\\.lake\\packages\\proofwidgets\\.lake\\build\\lib\\lean;C:\\lean\\mathlib4\\.lake\\packages\\importGraph\\.lake\\build\\lib\\lean;C:\\lean\\mathlib4\\.lake\\packages\\LeanSearchClient\\.lake\\build\\lib\\lean;C:\\lean\\mathlib4\\.lake\\packages\\plausible\\.lake\\build\\lib\\lean;C:\\lean\\mathlib4\\.lake\\build\\lib\\lean;C:\\lean\\libs\\Lean-QIT\\.lake\\build\\lib\\lean c:\\Users\\Administrator\\.elan\\toolchains\\leanprover--lean4---v4.34.0-rc1\\bin\\lean.exe -DautoImplicit=false -Dbackward.isDefEq.respectTransparency=false C:\\lean\\libs\\Lean-QIT\\QIT\\Coding\\EntanglementAssisted\\OneShot.lean -o C:\\lean\\libs\\Lean-QIT\\.lake\\build\\lib\\lean\\QIT\\Coding\\EntanglementAssisted\\OneShot.olean -i C:\\lean\\libs\\Lean-QIT\\.lake\\build\\lib\\lean\\QIT\\Coding\\EntanglementAssisted\\OneShot.ilean -c C:\\lean\\libs\\Lean-QIT\\.lake\\build\\ir\\QIT\\Coding\\EntanglementAssisted\\OneShot.c --setup C:\\lean\\libs\\Lean-QIT\\.lake\\build\\ir\\QIT\\Coding\\EntanglementAssisted\\OneShot.setup.json --json",
   "level": "trace"}],
 "inputs":
 [["deps",
   [["QIT/QIT:extraDep", [["@QIT:extraDep", "00000000000006bb"]]],
    ["imports",
     [["QIT.Coding.EntanglementAssisted.OneShot.Lower transitive imports (public)",
       "be4d4380be75b04d"],
      ["QIT.Coding.EntanglementAssisted.OneShot.Lower:importArts",
       "6ea0e659d0e18f2c"],
      ["QIT.Coding.EntanglementAssisted.OneShot.Converse transitive imports (public)",
       "308bd9746bb9ea6a"],
      ["QIT.Coding.EntanglementAssisted.OneShot.Converse:importArts",
       "1eb1185f7775bbfd"],
      ["QIT.Coding.EntanglementAssisted.OneShot.WeakConverse transitive imports (public)",
       "8bbbc595a872895f"],
      ["QIT.Coding.EntanglementAssisted.OneShot.WeakConverse:importArts",
       "7ee32bb1dbe97e1b"],
      ["QIT.Coding.EntanglementAssisted.OneShot.Upper transitive imports (public)",
       "ef675f9531e22155"],
      ["QIT.Coding.EntanglementAssisted.OneShot.Upper:importArts",
       "6f4fc4fddd12d5eb"]]]]],
  ["libs",
   [["import dynlibs", "00000000000006bb"],
    ["package external libraries", "00000000000006bb"],
    ["module dynlibs", "00000000000006bb"],
    ["module plugins", "00000000000006bb"]]],
  ["Lean 4.34.0, commit 3447a668783dbce1a8fdb97101dd067687b2b418",
   "421484e3e0c70198"],
  ["C:\\lean\\libs\\Lean-QIT\\QIT\\Coding\\EntanglementAssisted\\OneShot.lean",
   "2d41088474628eaa"],
  ["options", "00000000000006bb"],
  ["isModule: true", "760fcc16989f4b9b"],
  ["Module.name: QIT.Coding.EntanglementAssisted.OneShot", "af08b50845af8488"],
  ["Package.id?: (some QIT)", "07d8d7419f989369"],
  ["Module.leanArgs: #[-DautoImplicit=false, -Dbackward.isDefEq.respectTransparency=false]",
   "1e046d1e40f8a855"]],
 "depHash": "9d4fc7f1f404e7c7"}