{"synthetic": false,
 "schemaVersion": "2025-09-10",
 "outputs":
 {"rs": "2f1bbf59c067d70e.ir.sig",
  "r": "65250b12be3e70ef.ir",
  "o":
  ["fc08472cb680d4ec.olean",
   "17016830d755a22c.olean.server",
   "60ee06ee1effb24a.olean.private"],
  "m": true,
  "i": "b4c689b9df9a2c3a.ilean",
  "c": "6e824ba4935c2fde.c"},
 "log":
 [{"message":
   ".> LEAN_PATH=C:\\lean\\mathlib4\\.lake\\packages\\Cli\\.lake\\build\\lib\\lean;C:\\lean\\mathlib4\\.lake\\packages\\batteries\\.lake\\build\\lib\\lean;C:\\lean\\mathlib4\\.lake\\packages\\Qq\\.lake\\build\\lib\\lean;C:\\lean\\mathlib4\\.lake\\packages\\aesop\\.lake\\build\\lib\\lean;C:\\lean\\mathlib4\\.lake\\packages\\proofwidgets\\.lake\\build\\lib\\lean;C:\\lean\\mathlib4\\.lake\\packages\\importGraph\\.lake\\build\\lib\\lean;C:\\lean\\mathlib4\\.lake\\packages\\LeanSearchClient\\.lake\\build\\lib\\lean;C:\\lean\\mathlib4\\.lake\\packages\\plausible\\.lake\\build\\lib\\lean;C:\\lean\\mathlib4\\.lake\\build\\lib\\lean;C:\\lean\\libs\\Lean-QIT\\.lake\\build\\lib\\lean c:\\Users\\Administrator\\.elan\\toolchains\\leanprover--lean4---v4.34.0-rc1\\bin\\lean.exe -DautoImplicit=false -Dbackward.isDefEq.respectTransparency=false C:\\lean\\libs\\Lean-QIT\\QIT\\Protocols\\LOCC\\SmoothConditionalMinEntropy.lean -o C:\\lean\\libs\\Lean-QIT\\.lake\\build\\lib\\lean\\QIT\\Protocols\\LOCC\\SmoothConditionalMinEntropy.olean -i C:\\lean\\libs\\Lean-QIT\\.lake\\build\\lib\\lean\\QIT\\Protocols\\LOCC\\SmoothConditionalMinEntropy.ilean -c C:\\lean\\libs\\Lean-QIT\\.lake\\build\\ir\\QIT\\Protocols\\LOCC\\SmoothConditionalMinEntropy.c --setup C:\\lean\\libs\\Lean-QIT\\.lake\\build\\ir\\QIT\\Protocols\\LOCC\\SmoothConditionalMinEntropy.setup.json --json",
   "level": "trace"}],
 "inputs":
 [["deps",
   [["QIT/QIT:extraDep", [["@QIT:extraDep", "00000000000006bb"]]],
    ["imports",
     [["QIT.Classical.CQState transitive imports (public)", "068fbbbfbce14f24"],
      ["QIT.Classical.CQState:importArts", "d9c9f1b05c6da142"],
      ["QIT.OneShot.SmoothEndpoint.Companion transitive imports (public)",
       "14c883b439cbd4ce"],
      ["QIT.OneShot.SmoothEndpoint.Companion:importArts", "e29e8e2be60a1fb6"],
      ["QIT.Protocols.LOCC.ConditionalMinEntropy transitive imports (public)",
       "e8d9f34316eaf53b"],
      ["QIT.Protocols.LOCC.ConditionalMinEntropy:importArts",
       "69f4ff7200ec6bcb"]]]]],
  ["libs",
   [["import dynlibs", "00000000000006bb"],
    ["package external libraries", "00000000000006bb"],
    ["module dynlibs", "00000000000006bb"],
    ["module plugins", "00000000000006bb"]]],
  ["Lean 4.34.0, commit 3447a668783dbce1a8fdb97101dd067687b2b418",
   "421484e3e0c70198"],
  ["C:\\lean\\libs\\Lean-QIT\\QIT\\Protocols\\LOCC\\SmoothConditionalMinEntropy.lean",
   "2fdb3c3afe937595"],
  ["options", "00000000000006bb"],
  ["isModule: true", "760fcc16989f4b9b"],
  ["Module.name: QIT.Protocols.LOCC.SmoothConditionalMinEntropy",
   "2ee18102a522ed27"],
  ["Package.id?: (some QIT)", "07d8d7419f989369"],
  ["Module.leanArgs: #[-DautoImplicit=false, -Dbackward.isDefEq.respectTransparency=false]",
   "1e046d1e40f8a855"]],
 "depHash": "cac01431a6d5272a"}