{"synthetic": false,
 "schemaVersion": "2025-09-10",
 "outputs":
 {"rs": "05207331dee7aaa9.ir.sig",
  "r": "2df56fcf150b3e30.ir",
  "o":
  ["39d26c25af86a25d.olean",
   "3c64b2354a8f1e5d.olean.server",
   "837ceae59006506d.olean.private"],
  "m": true,
  "i": "790b23cc73e44565.ilean",
  "c": "c12aef6c3cce9db9.c"},
 "log":
 [{"message":
   ".> LEAN_PATH=C:\\lean\\mathlib4\\.lake\\packages\\Cli\\.lake\\build\\lib\\lean;C:\\lean\\mathlib4\\.lake\\packages\\batteries\\.lake\\build\\lib\\lean;C:\\lean\\mathlib4\\.lake\\packages\\Qq\\.lake\\build\\lib\\lean;C:\\lean\\mathlib4\\.lake\\packages\\aesop\\.lake\\build\\lib\\lean;C:\\lean\\mathlib4\\.lake\\packages\\proofwidgets\\.lake\\build\\lib\\lean;C:\\lean\\mathlib4\\.lake\\packages\\importGraph\\.lake\\build\\lib\\lean;C:\\lean\\mathlib4\\.lake\\packages\\LeanSearchClient\\.lake\\build\\lib\\lean;C:\\lean\\mathlib4\\.lake\\packages\\plausible\\.lake\\build\\lib\\lean;C:\\lean\\mathlib4\\.lake\\build\\lib\\lean;C:\\lean\\libs\\Lean-QIT\\.lake\\build\\lib\\lean c:\\Users\\Administrator\\.elan\\toolchains\\leanprover--lean4---v4.34.0-rc1\\bin\\lean.exe -DautoImplicit=false -Dbackward.isDefEq.respectTransparency=false C:\\lean\\libs\\Lean-QIT\\QIT\\Coding\\Source\\SchumacherLimit.lean -o C:\\lean\\libs\\Lean-QIT\\.lake\\build\\lib\\lean\\QIT\\Coding\\Source\\SchumacherLimit.olean -i C:\\lean\\libs\\Lean-QIT\\.lake\\build\\lib\\lean\\QIT\\Coding\\Source\\SchumacherLimit.ilean -c C:\\lean\\libs\\Lean-QIT\\.lake\\build\\ir\\QIT\\Coding\\Source\\SchumacherLimit.c --setup C:\\lean\\libs\\Lean-QIT\\.lake\\build\\ir\\QIT\\Coding\\Source\\SchumacherLimit.setup.json --json",
   "level": "trace"}],
 "inputs":
 [["deps",
   [["QIT/QIT:extraDep", [["@QIT:extraDep", "00000000000006bb"]]],
    ["imports",
     [["QIT.Coding.Source.Schumacher transitive imports (public)",
       "8ff12d042b2e312a"],
      ["QIT.Coding.Source.Schumacher:importArts", "b59a80f6dfa8e711"],
      ["QIT.Coding.Source.SchumacherConverse transitive imports (public)",
       "933beefa33c8080e"],
      ["QIT.Coding.Source.SchumacherConverse:importArts", "b4e34b974375e4af"],
      ["QIT.Coding.Source.SchumacherDirect transitive imports (public)",
       "3fa4331753684f48"],
      ["QIT.Coding.Source.SchumacherDirect:importArts", "2e9eec9ac63de062"]]]]],
  ["libs",
   [["import dynlibs", "00000000000006bb"],
    ["package external libraries", "00000000000006bb"],
    ["module dynlibs", "00000000000006bb"],
    ["module plugins", "00000000000006bb"]]],
  ["Lean 4.34.0, commit 3447a668783dbce1a8fdb97101dd067687b2b418",
   "421484e3e0c70198"],
  ["C:\\lean\\libs\\Lean-QIT\\QIT\\Coding\\Source\\SchumacherLimit.lean",
   "a5a617017f95e500"],
  ["options", "00000000000006bb"],
  ["isModule: true", "760fcc16989f4b9b"],
  ["Module.name: QIT.Coding.Source.SchumacherLimit", "9e470d57c19e30ab"],
  ["Package.id?: (some QIT)", "07d8d7419f989369"],
  ["Module.leanArgs: #[-DautoImplicit=false, -Dbackward.isDefEq.respectTransparency=false]",
   "1e046d1e40f8a855"]],
 "depHash": "49fbfb7c0ceff5c5"}