{"synthetic": false,
 "schemaVersion": "2025-09-10",
 "outputs":
 {"rs": "9bcc749ed7e5e33b.ir.sig",
  "r": "2bb1a90e50e77c26.ir",
  "o":
  ["a1810105b45963a6.olean",
   "5915ef9378866147.olean.server",
   "0481b81b5f4d3872.olean.private"],
  "m": true,
  "i": "9bbdc50b5b4c9891.ilean",
  "c": "2723fc7c8c3286a2.c"},
 "log":
 [{"message":
   ".> LEAN_PATH=C:\\lean\\mathlib4\\.lake\\packages\\Cli\\.lake\\build\\lib\\lean;C:\\lean\\mathlib4\\.lake\\packages\\batteries\\.lake\\build\\lib\\lean;C:\\lean\\mathlib4\\.lake\\packages\\Qq\\.lake\\build\\lib\\lean;C:\\lean\\mathlib4\\.lake\\packages\\aesop\\.lake\\build\\lib\\lean;C:\\lean\\mathlib4\\.lake\\packages\\proofwidgets\\.lake\\build\\lib\\lean;C:\\lean\\mathlib4\\.lake\\packages\\importGraph\\.lake\\build\\lib\\lean;C:\\lean\\mathlib4\\.lake\\packages\\LeanSearchClient\\.lake\\build\\lib\\lean;C:\\lean\\mathlib4\\.lake\\packages\\plausible\\.lake\\build\\lib\\lean;C:\\lean\\mathlib4\\.lake\\build\\lib\\lean;C:\\lean\\libs\\Lean-QIT\\.lake\\build\\lib\\lean c:\\Users\\Administrator\\.elan\\toolchains\\leanprover--lean4---v4.34.0-rc1\\bin\\lean.exe -DautoImplicit=false -Dbackward.isDefEq.respectTransparency=false C:\\lean\\libs\\Lean-QIT\\QIT\\Coding\\Source\\SchumacherDirect.lean -o C:\\lean\\libs\\Lean-QIT\\.lake\\build\\lib\\lean\\QIT\\Coding\\Source\\SchumacherDirect.olean -i C:\\lean\\libs\\Lean-QIT\\.lake\\build\\lib\\lean\\QIT\\Coding\\Source\\SchumacherDirect.ilean -c C:\\lean\\libs\\Lean-QIT\\.lake\\build\\ir\\QIT\\Coding\\Source\\SchumacherDirect.c --setup C:\\lean\\libs\\Lean-QIT\\.lake\\build\\ir\\QIT\\Coding\\Source\\SchumacherDirect.setup.json --json",
   "level": "trace"}],
 "inputs":
 [["deps",
   [["QIT/QIT:extraDep", [["@QIT:extraDep", "00000000000006bb"]]],
    ["imports",
     [["QIT.Coding.Source.Schumacher transitive imports (public)",
       "8ff12d042b2e312a"],
      ["QIT.Coding.Source.Schumacher:importArts", "b59a80f6dfa8e711"],
      ["QIT.Channels.Diamond transitive imports (public)", "61417a77302563ca"],
      ["QIT.Channels.Diamond:importArts", "ab49bd34d7569eff"],
      ["QIT.OneShot.GentleMeasurement transitive imports (public)",
       "d2a49ea7874590af"],
      ["QIT.OneShot.GentleMeasurement:importArts", "9eb89ba98b4d7921"],
      ["QIT.Information.Entropy.Log2Lemmas transitive imports (public)",
       "36fe893b7a0a46c5"],
      ["QIT.Information.Entropy.Log2Lemmas:importArts", "cf4842d5c190cb5a"]]]]],
  ["libs",
   [["import dynlibs", "00000000000006bb"],
    ["package external libraries", "00000000000006bb"],
    ["module dynlibs", "00000000000006bb"],
    ["module plugins", "00000000000006bb"]]],
  ["Lean 4.34.0, commit 3447a668783dbce1a8fdb97101dd067687b2b418",
   "421484e3e0c70198"],
  ["C:\\lean\\libs\\Lean-QIT\\QIT\\Coding\\Source\\SchumacherDirect.lean",
   "803ac874546e66a9"],
  ["options", "00000000000006bb"],
  ["isModule: true", "760fcc16989f4b9b"],
  ["Module.name: QIT.Coding.Source.SchumacherDirect", "c269b33f9e3d18a8"],
  ["Package.id?: (some QIT)", "07d8d7419f989369"],
  ["Module.leanArgs: #[-DautoImplicit=false, -Dbackward.isDefEq.respectTransparency=false]",
   "1e046d1e40f8a855"]],
 "depHash": "aa2bfba06d9fa721"}