{"synthetic": false,
 "schemaVersion": "2025-09-10",
 "outputs":
 {"rs": "9348302594b3248c.ir.sig",
  "r": "d7336b2254640877.ir",
  "o":
  ["e9c8b438c8314d82.olean",
   "fac18edcde13350f.olean.server",
   "8dccf1617428d96b.olean.private"],
  "m": true,
  "i": "e6d030996c86c848.ilean",
  "c": "49505cd851d55b17.c"},
 "log":
 [{"message":
   ".> LEAN_PATH=C:\\lean\\mathlib4\\.lake\\packages\\Cli\\.lake\\build\\lib\\lean;C:\\lean\\mathlib4\\.lake\\packages\\batteries\\.lake\\build\\lib\\lean;C:\\lean\\mathlib4\\.lake\\packages\\Qq\\.lake\\build\\lib\\lean;C:\\lean\\mathlib4\\.lake\\packages\\aesop\\.lake\\build\\lib\\lean;C:\\lean\\mathlib4\\.lake\\packages\\proofwidgets\\.lake\\build\\lib\\lean;C:\\lean\\mathlib4\\.lake\\packages\\importGraph\\.lake\\build\\lib\\lean;C:\\lean\\mathlib4\\.lake\\packages\\LeanSearchClient\\.lake\\build\\lib\\lean;C:\\lean\\mathlib4\\.lake\\packages\\plausible\\.lake\\build\\lib\\lean;C:\\lean\\mathlib4\\.lake\\build\\lib\\lean;C:\\lean\\libs\\Lean-QIT\\.lake\\build\\lib\\lean c:\\Users\\Administrator\\.elan\\toolchains\\leanprover--lean4---v4.34.0-rc1\\bin\\lean.exe -DautoImplicit=false -Dbackward.isDefEq.respectTransparency=false C:\\lean\\libs\\Lean-QIT\\QIT\\Coding\\Source\\Schumacher.lean -o C:\\lean\\libs\\Lean-QIT\\.lake\\build\\lib\\lean\\QIT\\Coding\\Source\\Schumacher.olean -i C:\\lean\\libs\\Lean-QIT\\.lake\\build\\lib\\lean\\QIT\\Coding\\Source\\Schumacher.ilean -c C:\\lean\\libs\\Lean-QIT\\.lake\\build\\ir\\QIT\\Coding\\Source\\Schumacher.c --setup C:\\lean\\libs\\Lean-QIT\\.lake\\build\\ir\\QIT\\Coding\\Source\\Schumacher.setup.json --json",
   "level": "trace"}],
 "inputs":
 [["deps",
   [["QIT/QIT:extraDep", [["@QIT:extraDep", "00000000000006bb"]]],
    ["imports",
     [["QIT.Asymptotic.Typicality transitive imports (public)",
       "f520b2fd599a63e3"],
      ["QIT.Asymptotic.Typicality:importArts", "b9b66af6e990a24f"],
      ["QIT.Channels.Diamond transitive imports (public)", "61417a77302563ca"],
      ["QIT.Channels.Diamond:importArts", "ab49bd34d7569eff"],
      ["QIT.Core.Channel transitive imports (public)", "b6e4d2cc4097993b"],
      ["QIT.Core.Channel:importArts", "2cdfba71d0e2c8b1"],
      ["QIT.States.Purification.Canonical transitive imports (public)",
       "a1c47988c1ef28b6"],
      ["QIT.States.Purification.Canonical:importArts", "c947b6fcd1f6232a"],
      ["QIT.States.TraceNorm.Distance transitive imports (public)",
       "78553cbac33be9f5"],
      ["QIT.States.TraceNorm.Distance:importArts", "3876b0a690d1048c"]]]]],
  ["libs",
   [["import dynlibs", "00000000000006bb"],
    ["package external libraries", "00000000000006bb"],
    ["module dynlibs", "00000000000006bb"],
    ["module plugins", "00000000000006bb"]]],
  ["Lean 4.34.0, commit 3447a668783dbce1a8fdb97101dd067687b2b418",
   "421484e3e0c70198"],
  ["C:\\lean\\libs\\Lean-QIT\\QIT\\Coding\\Source\\Schumacher.lean",
   "f1f1f9e56453da83"],
  ["options", "00000000000006bb"],
  ["isModule: true", "760fcc16989f4b9b"],
  ["Module.name: QIT.Coding.Source.Schumacher", "e8ac72e1d32456fc"],
  ["Package.id?: (some QIT)", "07d8d7419f989369"],
  ["Module.leanArgs: #[-DautoImplicit=false, -Dbackward.isDefEq.respectTransparency=false]",
   "1e046d1e40f8a855"]],
 "depHash": "3dbb5773d423064d"}