{"synthetic": false,
 "schemaVersion": "2025-09-10",
 "outputs":
 {"rs": "03157f66ef6a7ac3.ir.sig",
  "r": "1ed58dedbace90b8.ir",
  "o":
  ["33a8905dae47ac19.olean",
   "58b6ef1169c098e8.olean.server",
   "dc354a4633f0b885.olean.private"],
  "m": true,
  "i": "fb2fa086aa596127.ilean",
  "c": "fbb5b5fe2a2e9e26.c"},
 "log":
 [{"message":
   ".> LEAN_PATH=C:\\lean\\mathlib4\\.lake\\packages\\Cli\\.lake\\build\\lib\\lean;C:\\lean\\mathlib4\\.lake\\packages\\batteries\\.lake\\build\\lib\\lean;C:\\lean\\mathlib4\\.lake\\packages\\Qq\\.lake\\build\\lib\\lean;C:\\lean\\mathlib4\\.lake\\packages\\aesop\\.lake\\build\\lib\\lean;C:\\lean\\mathlib4\\.lake\\packages\\proofwidgets\\.lake\\build\\lib\\lean;C:\\lean\\mathlib4\\.lake\\packages\\importGraph\\.lake\\build\\lib\\lean;C:\\lean\\mathlib4\\.lake\\packages\\LeanSearchClient\\.lake\\build\\lib\\lean;C:\\lean\\mathlib4\\.lake\\packages\\plausible\\.lake\\build\\lib\\lean;C:\\lean\\mathlib4\\.lake\\build\\lib\\lean;C:\\lean\\libs\\Lean-QIT\\.lake\\build\\lib\\lean c:\\Users\\Administrator\\.elan\\toolchains\\leanprover--lean4---v4.34.0-rc1\\bin\\lean.exe -DautoImplicit=false -Dbackward.isDefEq.respectTransparency=false C:\\lean\\libs\\Lean-QIT\\QIT\\States\\Geometry\\FuchsVdG.lean -o C:\\lean\\libs\\Lean-QIT\\.lake\\build\\lib\\lean\\QIT\\States\\Geometry\\FuchsVdG.olean -i C:\\lean\\libs\\Lean-QIT\\.lake\\build\\lib\\lean\\QIT\\States\\Geometry\\FuchsVdG.ilean -c C:\\lean\\libs\\Lean-QIT\\.lake\\build\\ir\\QIT\\States\\Geometry\\FuchsVdG.c --setup C:\\lean\\libs\\Lean-QIT\\.lake\\build\\ir\\QIT\\States\\Geometry\\FuchsVdG.setup.json --json",
   "level": "trace"}],
 "inputs":
 [["deps",
   [["QIT/QIT:extraDep", [["@QIT:extraDep", "00000000000006bb"]]],
    ["imports",
     [["QIT.States.Geometry.Fidelity transitive imports (public)",
       "483ced7bfef16671"],
      ["QIT.States.Geometry.Fidelity:importArts", "369e245d9940a33d"],
      ["QIT.States.TraceNorm.Distance transitive imports (public)",
       "78553cbac33be9f5"],
      ["QIT.States.TraceNorm.Distance:importArts", "3876b0a690d1048c"],
      ["QIT.States.Purification.PureGeometry transitive imports (public)",
       "3c4d852b6dbfb667"],
      ["QIT.States.Purification.PureGeometry:importArts", "27fda32d7516b233"],
      ["QIT.States.Purification.Uhlmann transitive imports (public)",
       "d96c7d07d0a1c94c"],
      ["QIT.States.Purification.Uhlmann:importArts", "6039a2d9b5474dd3"],
      ["QIT.States.TraceNorm.Spectral transitive imports (public)",
       "073fffc2980681ce"],
      ["QIT.States.TraceNorm.Spectral:importArts", "a54708d3d69666a1"],
      ["QIT.States.TraceNorm.Audenaert transitive imports (public)",
       "f2948a6f50b785e1"],
      ["QIT.States.TraceNorm.Audenaert:importArts", "9bcf4226be320628"],
      ["Mathlib.LinearAlgebra.Dimension.Constructions transitive imports (public)",
       "099776c020e3d1a0"],
      ["Mathlib.LinearAlgebra.Dimension.Constructions:importArts",
       "71ef722e4f179157"]]]]],
  ["libs",
   [["import dynlibs", "00000000000006bb"],
    ["package external libraries", "00000000000006bb"],
    ["module dynlibs", "00000000000006bb"],
    ["module plugins", "00000000000006bb"]]],
  ["Lean 4.34.0, commit 3447a668783dbce1a8fdb97101dd067687b2b418",
   "421484e3e0c70198"],
  ["C:\\lean\\libs\\Lean-QIT\\QIT\\States\\Geometry\\FuchsVdG.lean",
   "584ac2a93182a580"],
  ["options", "00000000000006bb"],
  ["isModule: true", "760fcc16989f4b9b"],
  ["Module.name: QIT.States.Geometry.FuchsVdG", "fda2e48368a89176"],
  ["Package.id?: (some QIT)", "07d8d7419f989369"],
  ["Module.leanArgs: #[-DautoImplicit=false, -Dbackward.isDefEq.respectTransparency=false]",
   "1e046d1e40f8a855"]],
 "depHash": "c9ca4953a21bd7e7"}