{"synthetic": false,
 "schemaVersion": "2025-09-10",
 "outputs":
 {"rs": "1bc9dd7bfab997e0.ir.sig",
  "r": "1959dedb5abb3693.ir",
  "o":
  ["4b67103eb2239c32.olean",
   "1f8a79d61eb26a6c.olean.server",
   "16750d44a282af77.olean.private"],
  "m": true,
  "i": "5fe22bf2dbeb04e2.ilean",
  "c": "8d67c05a10523ac8.c"},
 "log":
 [{"message":
   ".> LEAN_PATH=C:\\lean\\mathlib4\\.lake\\packages\\Cli\\.lake\\build\\lib\\lean;C:\\lean\\mathlib4\\.lake\\packages\\batteries\\.lake\\build\\lib\\lean;C:\\lean\\mathlib4\\.lake\\packages\\Qq\\.lake\\build\\lib\\lean;C:\\lean\\mathlib4\\.lake\\packages\\aesop\\.lake\\build\\lib\\lean;C:\\lean\\mathlib4\\.lake\\packages\\proofwidgets\\.lake\\build\\lib\\lean;C:\\lean\\mathlib4\\.lake\\packages\\importGraph\\.lake\\build\\lib\\lean;C:\\lean\\mathlib4\\.lake\\packages\\LeanSearchClient\\.lake\\build\\lib\\lean;C:\\lean\\mathlib4\\.lake\\packages\\plausible\\.lake\\build\\lib\\lean;C:\\lean\\mathlib4\\.lake\\build\\lib\\lean;C:\\lean\\libs\\Lean-QIT\\.lake\\build\\lib\\lean c:\\Users\\Administrator\\.elan\\toolchains\\leanprover--lean4---v4.34.0-rc1\\bin\\lean.exe -DautoImplicit=false -Dbackward.isDefEq.respectTransparency=false C:\\lean\\libs\\Lean-QIT\\QIT\\States\\Geometry\\PurifiedDistance.lean -o C:\\lean\\libs\\Lean-QIT\\.lake\\build\\lib\\lean\\QIT\\States\\Geometry\\PurifiedDistance.olean -i C:\\lean\\libs\\Lean-QIT\\.lake\\build\\lib\\lean\\QIT\\States\\Geometry\\PurifiedDistance.ilean -c C:\\lean\\libs\\Lean-QIT\\.lake\\build\\ir\\QIT\\States\\Geometry\\PurifiedDistance.c --setup C:\\lean\\libs\\Lean-QIT\\.lake\\build\\ir\\QIT\\States\\Geometry\\PurifiedDistance.setup.json --json",
   "level": "trace"}],
 "inputs":
 [["deps",
   [["QIT/QIT:extraDep", [["@QIT:extraDep", "00000000000006bb"]]],
    ["imports",
     [["QIT.States.Geometry.Fidelity transitive imports (public)",
       "483ced7bfef16671"],
      ["QIT.States.Geometry.Fidelity:importArts", "369e245d9940a33d"],
      ["QIT.States.Purification.PureGeometry transitive imports (public)",
       "3c4d852b6dbfb667"],
      ["QIT.States.Purification.PureGeometry:importArts", "27fda32d7516b233"],
      ["QIT.States.Purification.Uhlmann transitive imports (public)",
       "d96c7d07d0a1c94c"],
      ["QIT.States.Purification.Uhlmann:importArts", "6039a2d9b5474dd3"],
      ["QIT.States.Subnormalized transitive imports (public)",
       "39084ca4fff4e807"],
      ["QIT.States.Subnormalized:importArts", "0dc3053f16a733f6"]]]]],
  ["libs",
   [["import dynlibs", "00000000000006bb"],
    ["package external libraries", "00000000000006bb"],
    ["module dynlibs", "00000000000006bb"],
    ["module plugins", "00000000000006bb"]]],
  ["Lean 4.34.0, commit 3447a668783dbce1a8fdb97101dd067687b2b418",
   "421484e3e0c70198"],
  ["C:\\lean\\libs\\Lean-QIT\\QIT\\States\\Geometry\\PurifiedDistance.lean",
   "4ae35b44d7605a2a"],
  ["options", "00000000000006bb"],
  ["isModule: true", "760fcc16989f4b9b"],
  ["Module.name: QIT.States.Geometry.PurifiedDistance", "e158b7ebe3e64d8a"],
  ["Package.id?: (some QIT)", "07d8d7419f989369"],
  ["Module.leanArgs: #[-DautoImplicit=false, -Dbackward.isDefEq.respectTransparency=false]",
   "1e046d1e40f8a855"]],
 "depHash": "621dcbf2137ba1a7"}