{"synthetic": false,
 "schemaVersion": "2025-09-10",
 "outputs":
 {"rs": "4b1e72d04a464780.ir.sig",
  "r": "7785f35b4f760a2b.ir",
  "o":
  ["4af05a55c422c01c.olean",
   "e6d278b6b4827b11.olean.server",
   "017a275747ae2a3c.olean.private"],
  "m": true,
  "i": "b015d8437a1973b5.ilean",
  "c": "782885cf0b195fd5.c"},
 "log":
 [{"message":
   ".> LEAN_PATH=C:\\lean\\mathlib4\\.lake\\packages\\Cli\\.lake\\build\\lib\\lean;C:\\lean\\mathlib4\\.lake\\packages\\batteries\\.lake\\build\\lib\\lean;C:\\lean\\mathlib4\\.lake\\packages\\Qq\\.lake\\build\\lib\\lean;C:\\lean\\mathlib4\\.lake\\packages\\aesop\\.lake\\build\\lib\\lean;C:\\lean\\mathlib4\\.lake\\packages\\proofwidgets\\.lake\\build\\lib\\lean;C:\\lean\\mathlib4\\.lake\\packages\\importGraph\\.lake\\build\\lib\\lean;C:\\lean\\mathlib4\\.lake\\packages\\LeanSearchClient\\.lake\\build\\lib\\lean;C:\\lean\\mathlib4\\.lake\\packages\\plausible\\.lake\\build\\lib\\lean;C:\\lean\\mathlib4\\.lake\\build\\lib\\lean;C:\\lean\\libs\\Lean-QIT\\.lake\\build\\lib\\lean c:\\Users\\Administrator\\.elan\\toolchains\\leanprover--lean4---v4.34.0-rc1\\bin\\lean.exe -DautoImplicit=false -Dbackward.isDefEq.respectTransparency=false C:\\lean\\libs\\Lean-QIT\\QIT\\States\\Geometry\\PurifiedDistanceAngle.lean -o C:\\lean\\libs\\Lean-QIT\\.lake\\build\\lib\\lean\\QIT\\States\\Geometry\\PurifiedDistanceAngle.olean -i C:\\lean\\libs\\Lean-QIT\\.lake\\build\\lib\\lean\\QIT\\States\\Geometry\\PurifiedDistanceAngle.ilean -c C:\\lean\\libs\\Lean-QIT\\.lake\\build\\ir\\QIT\\States\\Geometry\\PurifiedDistanceAngle.c --setup C:\\lean\\libs\\Lean-QIT\\.lake\\build\\ir\\QIT\\States\\Geometry\\PurifiedDistanceAngle.setup.json --json",
   "level": "trace"}],
 "inputs":
 [["deps",
   [["QIT/QIT:extraDep", [["@QIT:extraDep", "00000000000006bb"]]],
    ["imports",
     [["QIT.States.Geometry.PurifiedDistance transitive imports (public)",
       "fcf10c57ae4daf97"],
      ["QIT.States.Geometry.PurifiedDistance:importArts", "dff454cf08d2d46d"],
      ["Mathlib.Geometry.Euclidean.Angle.Unoriented.TriangleInequality transitive imports (public)",
       "75db77b70426a7e7"],
      ["Mathlib.Geometry.Euclidean.Angle.Unoriented.TriangleInequality:importArts",
       "09dd79927a347b2c"]]]]],
  ["libs",
   [["import dynlibs", "00000000000006bb"],
    ["package external libraries", "00000000000006bb"],
    ["module dynlibs", "00000000000006bb"],
    ["module plugins", "00000000000006bb"]]],
  ["Lean 4.34.0, commit 3447a668783dbce1a8fdb97101dd067687b2b418",
   "421484e3e0c70198"],
  ["C:\\lean\\libs\\Lean-QIT\\QIT\\States\\Geometry\\PurifiedDistanceAngle.lean",
   "d0a1ed93fd763be0"],
  ["options", "00000000000006bb"],
  ["isModule: true", "760fcc16989f4b9b"],
  ["Module.name: QIT.States.Geometry.PurifiedDistanceAngle",
   "01b02d1a8dd31589"],
  ["Package.id?: (some QIT)", "07d8d7419f989369"],
  ["Module.leanArgs: #[-DautoImplicit=false, -Dbackward.isDefEq.respectTransparency=false]",
   "1e046d1e40f8a855"]],
 "depHash": "349603119bfe9bdd"}