{"synthetic": false,
 "schemaVersion": "2025-09-10",
 "outputs":
 {"rs": "e7c04bbed3324813.ir.sig",
  "r": "1f449ff982794cb0.ir",
  "o":
  ["287b0dccfe79361c.olean",
   "bc95c519e7e4b5c6.olean.server",
   "ad0ef9f7adef69a3.olean.private"],
  "m": true,
  "i": "b6708719cef7fcb8.ilean",
  "c": "0085ce71b2ac0657.c"},
 "log":
 [{"message":
   ".> LEAN_PATH=C:\\lean\\mathlib4\\.lake\\packages\\Cli\\.lake\\build\\lib\\lean;C:\\lean\\mathlib4\\.lake\\packages\\batteries\\.lake\\build\\lib\\lean;C:\\lean\\mathlib4\\.lake\\packages\\Qq\\.lake\\build\\lib\\lean;C:\\lean\\mathlib4\\.lake\\packages\\aesop\\.lake\\build\\lib\\lean;C:\\lean\\mathlib4\\.lake\\packages\\proofwidgets\\.lake\\build\\lib\\lean;C:\\lean\\mathlib4\\.lake\\packages\\importGraph\\.lake\\build\\lib\\lean;C:\\lean\\mathlib4\\.lake\\packages\\LeanSearchClient\\.lake\\build\\lib\\lean;C:\\lean\\mathlib4\\.lake\\packages\\plausible\\.lake\\build\\lib\\lean;C:\\lean\\mathlib4\\.lake\\build\\lib\\lean;C:\\lean\\libs\\Lean-QIT\\.lake\\build\\lib\\lean c:\\Users\\Administrator\\.elan\\toolchains\\leanprover--lean4---v4.34.0-rc1\\bin\\lean.exe -DautoImplicit=false -Dbackward.isDefEq.respectTransparency=false C:\\lean\\libs\\Lean-QIT\\QIT\\Coding\\EntanglementAssisted\\OneShot\\Converse.lean -o C:\\lean\\libs\\Lean-QIT\\.lake\\build\\lib\\lean\\QIT\\Coding\\EntanglementAssisted\\OneShot\\Converse.olean -i C:\\lean\\libs\\Lean-QIT\\.lake\\build\\lib\\lean\\QIT\\Coding\\EntanglementAssisted\\OneShot\\Converse.ilean -c C:\\lean\\libs\\Lean-QIT\\.lake\\build\\ir\\QIT\\Coding\\EntanglementAssisted\\OneShot\\Converse.c --setup C:\\lean\\libs\\Lean-QIT\\.lake\\build\\ir\\QIT\\Coding\\EntanglementAssisted\\OneShot\\Converse.setup.json --json",
   "level": "trace"}],
 "inputs":
 [["deps",
   [["QIT/QIT:extraDep", [["@QIT:extraDep", "00000000000006bb"]]],
    ["imports",
     [["QIT.Coding.EntanglementAssisted.Basic transitive imports (public)",
       "95f94ff2ec131d47"],
      ["QIT.Coding.EntanglementAssisted.Basic:importArts", "40c994454175be93"],
      ["QIT.Information.CQChannel transitive imports (public)",
       "dd290f686a772555"],
      ["QIT.Information.CQChannel:importArts", "42b8d1414abc7ce0"],
      ["QIT.HypothesisTesting.ComparatorTest transitive imports (public)",
       "b4705308fb328571"],
      ["QIT.HypothesisTesting.ComparatorTest:importArts", "11ad69eb50f3ddf3"],
      ["QIT.HypothesisTesting.DPI transitive imports (public)",
       "3ca3d39049e6064f"],
      ["QIT.HypothesisTesting.DPI:importArts", "f54f3d3a5d8c7011"]]]]],
  ["libs",
   [["import dynlibs", "00000000000006bb"],
    ["package external libraries", "00000000000006bb"],
    ["module dynlibs", "00000000000006bb"],
    ["module plugins", "00000000000006bb"]]],
  ["Lean 4.34.0, commit 3447a668783dbce1a8fdb97101dd067687b2b418",
   "421484e3e0c70198"],
  ["C:\\lean\\libs\\Lean-QIT\\QIT\\Coding\\EntanglementAssisted\\OneShot\\Converse.lean",
   "bf1eff1d7479f870"],
  ["options", "00000000000006bb"],
  ["isModule: true", "760fcc16989f4b9b"],
  ["Module.name: QIT.Coding.EntanglementAssisted.OneShot.Converse",
   "8bfca0286ba1ba16"],
  ["Package.id?: (some QIT)", "07d8d7419f989369"],
  ["Module.leanArgs: #[-DautoImplicit=false, -Dbackward.isDefEq.respectTransparency=false]",
   "1e046d1e40f8a855"]],
 "depHash": "cad97f9458eca85e"}