{"synthetic": false,
 "schemaVersion": "2025-09-10",
 "outputs":
 {"rs": "7c07aff4ebfa0b5f.ir.sig",
  "r": "7d6ebbeb2194397b.ir",
  "o":
  ["87ff442d05d213aa.olean",
   "81e6a7baa9c9e399.olean.server",
   "466a4f8f62205e43.olean.private"],
  "m": true,
  "i": "7bbd68f0485a8173.ilean",
  "c": "b711019d9e17290e.c"},
 "log":
 [{"message":
   ".> LEAN_PATH=C:\\lean\\mathlib4\\.lake\\packages\\Cli\\.lake\\build\\lib\\lean;C:\\lean\\mathlib4\\.lake\\packages\\batteries\\.lake\\build\\lib\\lean;C:\\lean\\mathlib4\\.lake\\packages\\Qq\\.lake\\build\\lib\\lean;C:\\lean\\mathlib4\\.lake\\packages\\aesop\\.lake\\build\\lib\\lean;C:\\lean\\mathlib4\\.lake\\packages\\proofwidgets\\.lake\\build\\lib\\lean;C:\\lean\\mathlib4\\.lake\\packages\\importGraph\\.lake\\build\\lib\\lean;C:\\lean\\mathlib4\\.lake\\packages\\LeanSearchClient\\.lake\\build\\lib\\lean;C:\\lean\\mathlib4\\.lake\\packages\\plausible\\.lake\\build\\lib\\lean;C:\\lean\\mathlib4\\.lake\\build\\lib\\lean;C:\\lean\\libs\\Lean-QIT\\.lake\\build\\lib\\lean c:\\Users\\Administrator\\.elan\\toolchains\\leanprover--lean4---v4.34.0-rc1\\bin\\lean.exe -DautoImplicit=false -Dbackward.isDefEq.respectTransparency=false C:\\lean\\libs\\Lean-QIT\\QIT\\Coding\\EntanglementAssisted\\OneShot\\Lower.lean -o C:\\lean\\libs\\Lean-QIT\\.lake\\build\\lib\\lean\\QIT\\Coding\\EntanglementAssisted\\OneShot\\Lower.olean -i C:\\lean\\libs\\Lean-QIT\\.lake\\build\\lib\\lean\\QIT\\Coding\\EntanglementAssisted\\OneShot\\Lower.ilean -c C:\\lean\\libs\\Lean-QIT\\.lake\\build\\ir\\QIT\\Coding\\EntanglementAssisted\\OneShot\\Lower.c --setup C:\\lean\\libs\\Lean-QIT\\.lake\\build\\ir\\QIT\\Coding\\EntanglementAssisted\\OneShot\\Lower.setup.json --json",
   "level": "trace"}],
 "inputs":
 [["deps",
   [["QIT/QIT:extraDep", [["@QIT:extraDep", "00000000000006bb"]]],
    ["imports",
     [["QIT.Coding.EntanglementAssisted.OneShot.Lower.Naimark transitive imports (public)",
       "7a81325c6384c607"],
      ["QIT.Coding.EntanglementAssisted.OneShot.Lower.Naimark:importArts",
       "b828a95929740485"],
      ["QIT.Coding.EntanglementAssisted.OneShot.Lower.HypothesisTesting transitive imports (public)",
       "b58fe86ac149b6a5"],
      ["QIT.Coding.EntanglementAssisted.OneShot.Lower.HypothesisTesting:importArts",
       "fd6c858d027bfeea"],
      ["QIT.Coding.EntanglementAssisted.OneShot.Lower.Petz transitive imports (public)",
       "41f89f072a5cb6dc"],
      ["QIT.Coding.EntanglementAssisted.OneShot.Lower.Petz:importArts",
       "9cd27efd97b2150a"]]]]],
  ["libs",
   [["import dynlibs", "00000000000006bb"],
    ["package external libraries", "00000000000006bb"],
    ["module dynlibs", "00000000000006bb"],
    ["module plugins", "00000000000006bb"]]],
  ["Lean 4.34.0, commit 3447a668783dbce1a8fdb97101dd067687b2b418",
   "421484e3e0c70198"],
  ["C:\\lean\\libs\\Lean-QIT\\QIT\\Coding\\EntanglementAssisted\\OneShot\\Lower.lean",
   "fb4a1dee4d1e1fb1"],
  ["options", "00000000000006bb"],
  ["isModule: true", "760fcc16989f4b9b"],
  ["Module.name: QIT.Coding.EntanglementAssisted.OneShot.Lower",
   "2e42e1785f67f9de"],
  ["Package.id?: (some QIT)", "07d8d7419f989369"],
  ["Module.leanArgs: #[-DautoImplicit=false, -Dbackward.isDefEq.respectTransparency=false]",
   "1e046d1e40f8a855"]],
 "depHash": "b34a3930bf393d3f"}