{"synthetic": false,
 "schemaVersion": "2025-09-10",
 "outputs":
 {"rs": "f4aee8b024acde0b.ir.sig",
  "r": "984bdf5d80c3db0d.ir",
  "o":
  ["6a9b8fefc97f0898.olean",
   "2a838c6502c6406b.olean.server",
   "a081d79c69987d94.olean.private"],
  "m": true,
  "i": "3379a3faefd246bf.ilean",
  "c": "d1a576d3401f14e1.c"},
 "log":
 [{"message":
   ".> LEAN_PATH=C:\\lean\\mathlib4\\.lake\\packages\\Cli\\.lake\\build\\lib\\lean;C:\\lean\\mathlib4\\.lake\\packages\\batteries\\.lake\\build\\lib\\lean;C:\\lean\\mathlib4\\.lake\\packages\\Qq\\.lake\\build\\lib\\lean;C:\\lean\\mathlib4\\.lake\\packages\\aesop\\.lake\\build\\lib\\lean;C:\\lean\\mathlib4\\.lake\\packages\\proofwidgets\\.lake\\build\\lib\\lean;C:\\lean\\mathlib4\\.lake\\packages\\importGraph\\.lake\\build\\lib\\lean;C:\\lean\\mathlib4\\.lake\\packages\\LeanSearchClient\\.lake\\build\\lib\\lean;C:\\lean\\mathlib4\\.lake\\packages\\plausible\\.lake\\build\\lib\\lean;C:\\lean\\mathlib4\\.lake\\build\\lib\\lean;C:\\lean\\libs\\Lean-QIT\\.lake\\build\\lib\\lean c:\\Users\\Administrator\\.elan\\toolchains\\leanprover--lean4---v4.34.0-rc1\\bin\\lean.exe -DautoImplicit=false -Dbackward.isDefEq.respectTransparency=false C:\\lean\\libs\\Lean-QIT\\QIT\\Coding\\EntanglementAssisted\\OneShot\\WeakConverse.lean -o C:\\lean\\libs\\Lean-QIT\\.lake\\build\\lib\\lean\\QIT\\Coding\\EntanglementAssisted\\OneShot\\WeakConverse.olean -i C:\\lean\\libs\\Lean-QIT\\.lake\\build\\lib\\lean\\QIT\\Coding\\EntanglementAssisted\\OneShot\\WeakConverse.ilean -c C:\\lean\\libs\\Lean-QIT\\.lake\\build\\ir\\QIT\\Coding\\EntanglementAssisted\\OneShot\\WeakConverse.c --setup C:\\lean\\libs\\Lean-QIT\\.lake\\build\\ir\\QIT\\Coding\\EntanglementAssisted\\OneShot\\WeakConverse.setup.json --json",
   "level": "trace"}],
 "inputs":
 [["deps",
   [["QIT/QIT:extraDep", [["@QIT:extraDep", "00000000000006bb"]]],
    ["imports",
     [["QIT.Coding.EntanglementAssisted.OneShot.Converse transitive imports (public)",
       "308bd9746bb9ea6a"],
      ["QIT.Coding.EntanglementAssisted.OneShot.Converse:importArts",
       "1eb1185f7775bbfd"],
      ["QIT.HypothesisTesting.SandwichedComparison transitive imports (public)",
       "af1e613e918de7a3"],
      ["QIT.HypothesisTesting.SandwichedComparison:importArts",
       "edbcc681b95c3698"],
      ["QIT.Information.Entropy.MutualInformationDPI transitive imports (public)",
       "4d4aff414c0e0899"],
      ["QIT.Information.Entropy.MutualInformationDPI:importArts",
       "3f3272b183b6adff"],
      ["QIT.Information.Entropy.EntropyTensorPower transitive imports (public)",
       "c514b78aacc6200c"],
      ["QIT.Information.Entropy.EntropyTensorPower:importArts",
       "6947a1a56eb4070f"]]]]],
  ["libs",
   [["import dynlibs", "00000000000006bb"],
    ["package external libraries", "00000000000006bb"],
    ["module dynlibs", "00000000000006bb"],
    ["module plugins", "00000000000006bb"]]],
  ["Lean 4.34.0, commit 3447a668783dbce1a8fdb97101dd067687b2b418",
   "421484e3e0c70198"],
  ["C:\\lean\\libs\\Lean-QIT\\QIT\\Coding\\EntanglementAssisted\\OneShot\\WeakConverse.lean",
   "041ee42c162eb5ae"],
  ["options", "00000000000006bb"],
  ["isModule: true", "760fcc16989f4b9b"],
  ["Module.name: QIT.Coding.EntanglementAssisted.OneShot.WeakConverse",
   "296b9f116065cba2"],
  ["Package.id?: (some QIT)", "07d8d7419f989369"],
  ["Module.leanArgs: #[-DautoImplicit=false, -Dbackward.isDefEq.respectTransparency=false]",
   "1e046d1e40f8a855"]],
 "depHash": "20fce4adf7177f3d"}