{"synthetic": false,
 "schemaVersion": "2025-09-10",
 "outputs":
 {"rs": "684da7aea1ab50b0.ir.sig",
  "r": "f5d90ad35aeee63f.ir",
  "o":
  ["67e7370a05299295.olean",
   "1a18c023b5cb8598.olean.server",
   "8b07bf23e156b083.olean.private"],
  "m": true,
  "i": "bd8801d488d28eea.ilean",
  "c": "468d65428c9badbc.c"},
 "log":
 [{"message":
   ".> LEAN_PATH=C:\\lean\\mathlib4\\.lake\\packages\\Cli\\.lake\\build\\lib\\lean;C:\\lean\\mathlib4\\.lake\\packages\\batteries\\.lake\\build\\lib\\lean;C:\\lean\\mathlib4\\.lake\\packages\\Qq\\.lake\\build\\lib\\lean;C:\\lean\\mathlib4\\.lake\\packages\\aesop\\.lake\\build\\lib\\lean;C:\\lean\\mathlib4\\.lake\\packages\\proofwidgets\\.lake\\build\\lib\\lean;C:\\lean\\mathlib4\\.lake\\packages\\importGraph\\.lake\\build\\lib\\lean;C:\\lean\\mathlib4\\.lake\\packages\\LeanSearchClient\\.lake\\build\\lib\\lean;C:\\lean\\mathlib4\\.lake\\packages\\plausible\\.lake\\build\\lib\\lean;C:\\lean\\mathlib4\\.lake\\build\\lib\\lean;C:\\lean\\libs\\Lean-QIT\\.lake\\build\\lib\\lean c:\\Users\\Administrator\\.elan\\toolchains\\leanprover--lean4---v4.34.0-rc1\\bin\\lean.exe -DautoImplicit=false -Dbackward.isDefEq.respectTransparency=false C:\\lean\\libs\\Lean-QIT\\QIT\\Util\\BlockMatrix.lean -o C:\\lean\\libs\\Lean-QIT\\.lake\\build\\lib\\lean\\QIT\\Util\\BlockMatrix.olean -i C:\\lean\\libs\\Lean-QIT\\.lake\\build\\lib\\lean\\QIT\\Util\\BlockMatrix.ilean -c C:\\lean\\libs\\Lean-QIT\\.lake\\build\\ir\\QIT\\Util\\BlockMatrix.c --setup C:\\lean\\libs\\Lean-QIT\\.lake\\build\\ir\\QIT\\Util\\BlockMatrix.setup.json --json",
   "level": "trace"}],
 "inputs":
 [["deps",
   [["QIT/QIT:extraDep", [["@QIT:extraDep", "00000000000006bb"]]],
    ["imports",
     [["QIT.Util.Matrix transitive imports (public)", "6d1c32c224f4149b"],
      ["QIT.Util.Matrix:importArts", "a1af509f387b0fae"],
      ["Mathlib.Data.Matrix.ColumnRowPartitioned transitive imports (public)",
       "e9a6a7428fa3a66f"],
      ["Mathlib.Data.Matrix.ColumnRowPartitioned:importArts",
       "bc06f008b7b1527b"]]]]],
  ["libs",
   [["import dynlibs", "00000000000006bb"],
    ["package external libraries", "00000000000006bb"],
    ["module dynlibs", "00000000000006bb"],
    ["module plugins", "00000000000006bb"]]],
  ["Lean 4.34.0, commit 3447a668783dbce1a8fdb97101dd067687b2b418",
   "421484e3e0c70198"],
  ["C:\\lean\\libs\\Lean-QIT\\QIT\\Util\\BlockMatrix.lean", "ec24a48da73cc10e"],
  ["options", "00000000000006bb"],
  ["isModule: true", "760fcc16989f4b9b"],
  ["Module.name: QIT.Util.BlockMatrix", "35a174f85258cdaa"],
  ["Package.id?: (some QIT)", "07d8d7419f989369"],
  ["Module.leanArgs: #[-DautoImplicit=false, -Dbackward.isDefEq.respectTransparency=false]",
   "1e046d1e40f8a855"]],
 "depHash": "18d8e83bc81e6195"}