{"synthetic": false,
 "schemaVersion": "2025-09-10",
 "outputs":
 {"rs": "9084ae011519c5d8.ir.sig",
  "r": "9a258f5765899718.ir",
  "o":
  ["bd14583c06d95c31.olean",
   "52df7a755714da14.olean.server",
   "f6310b29b1ec8859.olean.private"],
  "m": true,
  "i": "bd1ccd9e022c27bc.ilean",
  "c": "eae052d9266ed693.c"},
 "log":
 [{"message":
   ".> LEAN_PATH=C:\\lean\\mathlib4\\.lake\\packages\\Cli\\.lake\\build\\lib\\lean;C:\\lean\\mathlib4\\.lake\\packages\\batteries\\.lake\\build\\lib\\lean;C:\\lean\\mathlib4\\.lake\\packages\\Qq\\.lake\\build\\lib\\lean;C:\\lean\\mathlib4\\.lake\\packages\\aesop\\.lake\\build\\lib\\lean;C:\\lean\\mathlib4\\.lake\\packages\\proofwidgets\\.lake\\build\\lib\\lean;C:\\lean\\mathlib4\\.lake\\packages\\importGraph\\.lake\\build\\lib\\lean;C:\\lean\\mathlib4\\.lake\\packages\\LeanSearchClient\\.lake\\build\\lib\\lean;C:\\lean\\mathlib4\\.lake\\packages\\plausible\\.lake\\build\\lib\\lean;C:\\lean\\mathlib4\\.lake\\build\\lib\\lean;C:\\lean\\libs\\Lean-QIT\\.lake\\build\\lib\\lean c:\\Users\\Administrator\\.elan\\toolchains\\leanprover--lean4---v4.34.0-rc1\\bin\\lean.exe -DautoImplicit=false -Dbackward.isDefEq.respectTransparency=false C:\\lean\\libs\\Lean-QIT\\QIT\\Util\\Matrix.lean -o C:\\lean\\libs\\Lean-QIT\\.lake\\build\\lib\\lean\\QIT\\Util\\Matrix.olean -i C:\\lean\\libs\\Lean-QIT\\.lake\\build\\lib\\lean\\QIT\\Util\\Matrix.ilean -c C:\\lean\\libs\\Lean-QIT\\.lake\\build\\ir\\QIT\\Util\\Matrix.c --setup C:\\lean\\libs\\Lean-QIT\\.lake\\build\\ir\\QIT\\Util\\Matrix.setup.json --json",
   "level": "trace"}],
 "inputs":
 [["deps",
   [["QIT/QIT:extraDep", [["@QIT:extraDep", "00000000000006bb"]]],
    ["imports",
     [["QIT.Init transitive imports (public)", "b3912df6123c3b27"],
      ["QIT.Init:importArts", "4714ba6cf987f86c"],
      ["Mathlib.Analysis.Matrix.Order transitive imports (public)",
       "21996938c2ae3a91"],
      ["Mathlib.Analysis.Matrix.Order:importArts", "5609cbc977b857eb"],
      ["Mathlib.LinearAlgebra.Matrix.Kronecker transitive imports (public)",
       "0baee6adf977c348"],
      ["Mathlib.LinearAlgebra.Matrix.Kronecker:importArts", "b8711a0355f200f4"],
      ["Mathlib.LinearAlgebra.Matrix.Trace transitive imports (public)",
       "9d192c726e4da5f4"],
      ["Mathlib.LinearAlgebra.Matrix.Trace:importArts", "109a8132673098b9"],
      ["Mathlib.Data.Complex.Basic transitive imports (public)",
       "30a5db0161ef031f"],
      ["Mathlib.Data.Complex.Basic:importArts", "d0a54f546516f731"]]]]],
  ["libs",
   [["import dynlibs", "00000000000006bb"],
    ["package external libraries", "00000000000006bb"],
    ["module dynlibs", "00000000000006bb"],
    ["module plugins", "00000000000006bb"]]],
  ["Lean 4.34.0, commit 3447a668783dbce1a8fdb97101dd067687b2b418",
   "421484e3e0c70198"],
  ["C:\\lean\\libs\\Lean-QIT\\QIT\\Util\\Matrix.lean", "82433998bfd939a8"],
  ["options", "00000000000006bb"],
  ["isModule: true", "760fcc16989f4b9b"],
  ["Module.name: QIT.Util.Matrix", "dd3b48859f0e3324"],
  ["Package.id?: (some QIT)", "07d8d7419f989369"],
  ["Module.leanArgs: #[-DautoImplicit=false, -Dbackward.isDefEq.respectTransparency=false]",
   "1e046d1e40f8a855"]],
 "depHash": "568323aef2633560"}