{"synthetic": false,
 "schemaVersion": "2025-09-10",
 "outputs":
 {"rs": "8fc0f85fa2c36513.ir.sig",
  "r": "c334cac2d3ed8181.ir",
  "o":
  ["29ea1b349e95c9f4.olean",
   "ab8f2dcd32947c95.olean.server",
   "0f358ca326770a6a.olean.private"],
  "m": true,
  "i": "a3a7ba3418c1fa7b.ilean",
  "c": "2e2cb2e398481088.c"},
 "log":
 [{"message":
   ".> LEAN_PATH=C:\\lean\\mathlib4\\.lake\\packages\\Cli\\.lake\\build\\lib\\lean;C:\\lean\\mathlib4\\.lake\\packages\\batteries\\.lake\\build\\lib\\lean;C:\\lean\\mathlib4\\.lake\\packages\\Qq\\.lake\\build\\lib\\lean;C:\\lean\\mathlib4\\.lake\\packages\\aesop\\.lake\\build\\lib\\lean;C:\\lean\\mathlib4\\.lake\\packages\\proofwidgets\\.lake\\build\\lib\\lean;C:\\lean\\mathlib4\\.lake\\packages\\importGraph\\.lake\\build\\lib\\lean;C:\\lean\\mathlib4\\.lake\\packages\\LeanSearchClient\\.lake\\build\\lib\\lean;C:\\lean\\mathlib4\\.lake\\packages\\plausible\\.lake\\build\\lib\\lean;C:\\lean\\mathlib4\\.lake\\build\\lib\\lean;C:\\lean\\libs\\Lean-QIT\\.lake\\build\\lib\\lean c:\\Users\\Administrator\\.elan\\toolchains\\leanprover--lean4---v4.34.0-rc1\\bin\\lean.exe -DautoImplicit=false -Dbackward.isDefEq.respectTransparency=false C:\\lean\\libs\\Lean-QIT\\QIT\\Util\\Wires.lean -o C:\\lean\\libs\\Lean-QIT\\.lake\\build\\lib\\lean\\QIT\\Util\\Wires.olean -i C:\\lean\\libs\\Lean-QIT\\.lake\\build\\lib\\lean\\QIT\\Util\\Wires.ilean -c C:\\lean\\libs\\Lean-QIT\\.lake\\build\\ir\\QIT\\Util\\Wires.c --setup C:\\lean\\libs\\Lean-QIT\\.lake\\build\\ir\\QIT\\Util\\Wires.setup.json --json",
   "level": "trace"}],
 "inputs":
 [["deps",
   [["QIT/QIT:extraDep", [["@QIT:extraDep", "00000000000006bb"]]],
    ["imports",
     [["QIT.Util.Matrix transitive imports (public)", "6d1c32c224f4149b"],
      ["QIT.Util.Matrix:importArts", "a1af509f387b0fae"],
      ["Mathlib.Algebra.BigOperators.Fin transitive imports (public)",
       "16fb4d723bfef2b9"],
      ["Mathlib.Algebra.BigOperators.Fin:importArts", "c38ed2577179120e"],
      ["Mathlib.Data.Fintype.BigOperators transitive imports (public)",
       "1b6a9ecb154bf6d3"],
      ["Mathlib.Data.Fintype.BigOperators:importArts", "95addeae5d35772f"],
      ["Mathlib.Data.Fintype.EquivFin transitive imports (public)",
       "8f4bf151b97600dc"],
      ["Mathlib.Data.Fintype.EquivFin:importArts", "1240ebbe719a0b41"]]]]],
  ["libs",
   [["import dynlibs", "00000000000006bb"],
    ["package external libraries", "00000000000006bb"],
    ["module dynlibs", "00000000000006bb"],
    ["module plugins", "00000000000006bb"]]],
  ["Lean 4.34.0, commit 3447a668783dbce1a8fdb97101dd067687b2b418",
   "421484e3e0c70198"],
  ["C:\\lean\\libs\\Lean-QIT\\QIT\\Util\\Wires.lean", "24fda835a5117625"],
  ["options", "00000000000006bb"],
  ["isModule: true", "760fcc16989f4b9b"],
  ["Module.name: QIT.Util.Wires", "595ec39ba90cedd6"],
  ["Package.id?: (some QIT)", "07d8d7419f989369"],
  ["Module.leanArgs: #[-DautoImplicit=false, -Dbackward.isDefEq.respectTransparency=false]",
   "1e046d1e40f8a855"]],
 "depHash": "8571fb8ae8c7b63e"}