{"synthetic": false,
 "schemaVersion": "2025-09-10",
 "outputs":
 {"rs": "2743fea60ecd02c7.ir.sig",
  "r": "8d71dd6cd56458f9.ir",
  "o":
  ["a55b45200139f6bd.olean",
   "eb50b6b411bace99.olean.server",
   "d9f586a27af84feb.olean.private"],
  "m": true,
  "i": "064dea83230a78a5.ilean",
  "c": "be728dabd982ab71.c"},
 "log":
 [{"message":
   ".> LEAN_PATH=C:\\lean\\mathlib4\\.lake\\packages\\Cli\\.lake\\build\\lib\\lean;C:\\lean\\mathlib4\\.lake\\packages\\batteries\\.lake\\build\\lib\\lean;C:\\lean\\mathlib4\\.lake\\packages\\Qq\\.lake\\build\\lib\\lean;C:\\lean\\mathlib4\\.lake\\packages\\aesop\\.lake\\build\\lib\\lean;C:\\lean\\mathlib4\\.lake\\packages\\proofwidgets\\.lake\\build\\lib\\lean;C:\\lean\\mathlib4\\.lake\\packages\\importGraph\\.lake\\build\\lib\\lean;C:\\lean\\mathlib4\\.lake\\packages\\LeanSearchClient\\.lake\\build\\lib\\lean;C:\\lean\\mathlib4\\.lake\\packages\\plausible\\.lake\\build\\lib\\lean;C:\\lean\\mathlib4\\.lake\\build\\lib\\lean;C:\\lean\\libs\\Lean-QIT\\.lake\\build\\lib\\lean c:\\Users\\Administrator\\.elan\\toolchains\\leanprover--lean4---v4.34.0-rc1\\bin\\lean.exe -DautoImplicit=false -Dbackward.isDefEq.respectTransparency=false C:\\lean\\libs\\Lean-QIT\\QIT\\Coding\\EntanglementAssisted\\Asymptotic\\Basic.lean -o C:\\lean\\libs\\Lean-QIT\\.lake\\build\\lib\\lean\\QIT\\Coding\\EntanglementAssisted\\Asymptotic\\Basic.olean -i C:\\lean\\libs\\Lean-QIT\\.lake\\build\\lib\\lean\\QIT\\Coding\\EntanglementAssisted\\Asymptotic\\Basic.ilean -c C:\\lean\\libs\\Lean-QIT\\.lake\\build\\ir\\QIT\\Coding\\EntanglementAssisted\\Asymptotic\\Basic.c --setup C:\\lean\\libs\\Lean-QIT\\.lake\\build\\ir\\QIT\\Coding\\EntanglementAssisted\\Asymptotic\\Basic.setup.json --json",
   "level": "trace"}],
 "inputs":
 [["deps",
   [["QIT/QIT:extraDep", [["@QIT:extraDep", "00000000000006bb"]]],
    ["imports",
     [["QIT.Coding.EntanglementAssisted.OneShot.Lower.Petz transitive imports (public)",
       "41f89f072a5cb6dc"],
      ["QIT.Coding.EntanglementAssisted.OneShot.Lower.Petz:importArts",
       "9cd27efd97b2150a"],
      ["QIT.Coding.EntanglementAssisted.OneShot.WeakConverse transitive imports (public)",
       "8bbbc595a872895f"],
      ["QIT.Coding.EntanglementAssisted.OneShot.WeakConverse:importArts",
       "7ee32bb1dbe97e1b"],
      ["QIT.Coding.EntanglementAssisted.Renyi.Petz.Additivity transitive imports (public)",
       "13fcd514991b00b7"],
      ["QIT.Coding.EntanglementAssisted.Renyi.Petz.Additivity:importArts",
       "eb250a5bc2341cb0"],
      ["QIT.Coding.EntanglementAssisted.Renyi.Petz.Limit transitive imports (public)",
       "63b7107bff4708a8"],
      ["QIT.Coding.EntanglementAssisted.Renyi.Petz.Limit:importArts",
       "8d54d40643c47100"],
      ["QIT.Coding.EntanglementAssisted.Renyi.Sandwiched.Additivity.ChannelProduct transitive imports (public)",
       "e41930652dd87b5d"],
      ["QIT.Coding.EntanglementAssisted.Renyi.Sandwiched.Additivity.ChannelProduct:importArts",
       "f00de126c29c2954"],
      ["QIT.HypothesisTesting.PetzComparison transitive imports (public)",
       "10cd2b5561625aec"],
      ["QIT.HypothesisTesting.PetzComparison:importArts", "da4ff9cb2fb3f405"],
      ["QIT.Information.Entropy.EntropyTensorPower transitive imports (public)",
       "c514b78aacc6200c"],
      ["QIT.Information.Entropy.EntropyTensorPower:importArts",
       "6947a1a56eb4070f"],
      ["QIT.Information.AlickiFannesWinter transitive imports (public)",
       "dcc12b80b8aeccf5"],
      ["QIT.Information.AlickiFannesWinter:importArts", "6098101f22cb1c68"],
      ["QIT.Util.TensorPower transitive imports (public)", "c05a185025c23ba3"],
      ["QIT.Util.TensorPower:importArts", "55f800f542ff5207"]]]]],
  ["libs",
   [["import dynlibs", "00000000000006bb"],
    ["package external libraries", "00000000000006bb"],
    ["module dynlibs", "00000000000006bb"],
    ["module plugins", "00000000000006bb"]]],
  ["Lean 4.34.0, commit 3447a668783dbce1a8fdb97101dd067687b2b418",
   "421484e3e0c70198"],
  ["C:\\lean\\libs\\Lean-QIT\\QIT\\Coding\\EntanglementAssisted\\Asymptotic\\Basic.lean",
   "7fbf7d817a317cc6"],
  ["options", "00000000000006bb"],
  ["isModule: true", "760fcc16989f4b9b"],
  ["Module.name: QIT.Coding.EntanglementAssisted.Asymptotic.Basic",
   "d1c5913346263c1f"],
  ["Package.id?: (some QIT)", "07d8d7419f989369"],
  ["Module.leanArgs: #[-DautoImplicit=false, -Dbackward.isDefEq.respectTransparency=false]",
   "1e046d1e40f8a855"]],
 "depHash": "e30ac2b2bdd4f476"}