{"synthetic": false,
 "schemaVersion": "2025-09-10",
 "outputs":
 {"rs": "3f0b02afa76fd41b.ir.sig",
  "r": "7f1fb11e821c0bda.ir",
  "o":
  ["b4dd63284532adce.olean",
   "5b42d5fdcf658247.olean.server",
   "ae4d41aa18f85340.olean.private"],
  "m": true,
  "i": "e70819467e85657b.ilean",
  "c": "7841242305a1f06d.c"},
 "log":
 [{"message":
   ".> LEAN_PATH=C:\\lean\\mathlib4\\.lake\\packages\\Cli\\.lake\\build\\lib\\lean;C:\\lean\\mathlib4\\.lake\\packages\\batteries\\.lake\\build\\lib\\lean;C:\\lean\\mathlib4\\.lake\\packages\\Qq\\.lake\\build\\lib\\lean;C:\\lean\\mathlib4\\.lake\\packages\\aesop\\.lake\\build\\lib\\lean;C:\\lean\\mathlib4\\.lake\\packages\\proofwidgets\\.lake\\build\\lib\\lean;C:\\lean\\mathlib4\\.lake\\packages\\importGraph\\.lake\\build\\lib\\lean;C:\\lean\\mathlib4\\.lake\\packages\\LeanSearchClient\\.lake\\build\\lib\\lean;C:\\lean\\mathlib4\\.lake\\packages\\plausible\\.lake\\build\\lib\\lean;C:\\lean\\mathlib4\\.lake\\build\\lib\\lean;C:\\lean\\libs\\Lean-QIT\\.lake\\build\\lib\\lean c:\\Users\\Administrator\\.elan\\toolchains\\leanprover--lean4---v4.34.0-rc1\\bin\\lean.exe -DautoImplicit=false -Dbackward.isDefEq.respectTransparency=false C:\\lean\\libs\\Lean-QIT\\QIT\\Coding\\EntanglementAssisted\\Asymptotic\\LowerBound.lean -o C:\\lean\\libs\\Lean-QIT\\.lake\\build\\lib\\lean\\QIT\\Coding\\EntanglementAssisted\\Asymptotic\\LowerBound.olean -i C:\\lean\\libs\\Lean-QIT\\.lake\\build\\lib\\lean\\QIT\\Coding\\EntanglementAssisted\\Asymptotic\\LowerBound.ilean -c C:\\lean\\libs\\Lean-QIT\\.lake\\build\\ir\\QIT\\Coding\\EntanglementAssisted\\Asymptotic\\LowerBound.c --setup C:\\lean\\libs\\Lean-QIT\\.lake\\build\\ir\\QIT\\Coding\\EntanglementAssisted\\Asymptotic\\LowerBound.setup.json --json",
   "level": "trace"}],
 "inputs":
 [["deps",
   [["QIT/QIT:extraDep", [["@QIT:extraDep", "00000000000006bb"]]],
    ["imports",
     [["QIT.Coding.EntanglementAssisted.Asymptotic.SandwichedTensorPower transitive imports (public)",
       "4b1c1763cf246b8f"],
      ["QIT.Coding.EntanglementAssisted.Asymptotic.SandwichedTensorPower:importArts",
       "961ec845bf73c837"]]]]],
  ["libs",
   [["import dynlibs", "00000000000006bb"],
    ["package external libraries", "00000000000006bb"],
    ["module dynlibs", "00000000000006bb"],
    ["module plugins", "00000000000006bb"]]],
  ["Lean 4.34.0, commit 3447a668783dbce1a8fdb97101dd067687b2b418",
   "421484e3e0c70198"],
  ["C:\\lean\\libs\\Lean-QIT\\QIT\\Coding\\EntanglementAssisted\\Asymptotic\\LowerBound.lean",
   "e3d62e34257cd285"],
  ["options", "00000000000006bb"],
  ["isModule: true", "760fcc16989f4b9b"],
  ["Module.name: QIT.Coding.EntanglementAssisted.Asymptotic.LowerBound",
   "03b1914e288b0bbd"],
  ["Package.id?: (some QIT)", "07d8d7419f989369"],
  ["Module.leanArgs: #[-DautoImplicit=false, -Dbackward.isDefEq.respectTransparency=false]",
   "1e046d1e40f8a855"]],
 "depHash": "fab1b55dc441f071"}