{"synthetic": false,
 "schemaVersion": "2025-09-10",
 "outputs":
 {"rs": "60d66f8cf735d08e.ir.sig",
  "r": "2899532aa4f9fb8e.ir",
  "o":
  ["cba2bf335883e965.olean",
   "ed68f3f78138c0a2.olean.server",
   "bbed6a19e3e088a8.olean.private"],
  "m": true,
  "i": "781121bae06350d0.ilean",
  "c": "7cc7f703630ee4a3.c"},
 "log":
 [{"message":
   ".> LEAN_PATH=C:\\lean\\mathlib4\\.lake\\packages\\Cli\\.lake\\build\\lib\\lean;C:\\lean\\mathlib4\\.lake\\packages\\batteries\\.lake\\build\\lib\\lean;C:\\lean\\mathlib4\\.lake\\packages\\Qq\\.lake\\build\\lib\\lean;C:\\lean\\mathlib4\\.lake\\packages\\aesop\\.lake\\build\\lib\\lean;C:\\lean\\mathlib4\\.lake\\packages\\proofwidgets\\.lake\\build\\lib\\lean;C:\\lean\\mathlib4\\.lake\\packages\\importGraph\\.lake\\build\\lib\\lean;C:\\lean\\mathlib4\\.lake\\packages\\LeanSearchClient\\.lake\\build\\lib\\lean;C:\\lean\\mathlib4\\.lake\\packages\\plausible\\.lake\\build\\lib\\lean;C:\\lean\\mathlib4\\.lake\\build\\lib\\lean;C:\\lean\\libs\\Lean-QIT\\.lake\\build\\lib\\lean c:\\Users\\Administrator\\.elan\\toolchains\\leanprover--lean4---v4.34.0-rc1\\bin\\lean.exe -DautoImplicit=false -Dbackward.isDefEq.respectTransparency=false C:\\lean\\libs\\Lean-QIT\\QIT\\Coding\\EntanglementAssisted\\Asymptotic\\Upper.lean -o C:\\lean\\libs\\Lean-QIT\\.lake\\build\\lib\\lean\\QIT\\Coding\\EntanglementAssisted\\Asymptotic\\Upper.olean -i C:\\lean\\libs\\Lean-QIT\\.lake\\build\\lib\\lean\\QIT\\Coding\\EntanglementAssisted\\Asymptotic\\Upper.ilean -c C:\\lean\\libs\\Lean-QIT\\.lake\\build\\ir\\QIT\\Coding\\EntanglementAssisted\\Asymptotic\\Upper.c --setup C:\\lean\\libs\\Lean-QIT\\.lake\\build\\ir\\QIT\\Coding\\EntanglementAssisted\\Asymptotic\\Upper.setup.json --json",
   "level": "trace"}],
 "inputs":
 [["deps",
   [["QIT/QIT:extraDep", [["@QIT:extraDep", "00000000000006bb"]]],
    ["imports",
     [["QIT.Coding.EntanglementAssisted.Asymptotic.Upper.Input transitive imports (public)",
       "5b70cc54e732759a"],
      ["QIT.Coding.EntanglementAssisted.Asymptotic.Upper.Input:importArts",
       "56a12017e432d13e"],
      ["QIT.Coding.EntanglementAssisted.Asymptotic.Upper.Witness transitive imports (public)",
       "b3886dcadd512e5a"],
      ["QIT.Coding.EntanglementAssisted.Asymptotic.Upper.Witness:importArts",
       "dc8de0a538bc727e"],
      ["QIT.Coding.EntanglementAssisted.Asymptotic.Upper.Assembly transitive imports (public)",
       "3dee90d9db2c6f13"],
      ["QIT.Coding.EntanglementAssisted.Asymptotic.Upper.Assembly:importArts",
       "15f6c9d9c494d384"]]]]],
  ["libs",
   [["import dynlibs", "00000000000006bb"],
    ["package external libraries", "00000000000006bb"],
    ["module dynlibs", "00000000000006bb"],
    ["module plugins", "00000000000006bb"]]],
  ["Lean 4.34.0, commit 3447a668783dbce1a8fdb97101dd067687b2b418",
   "421484e3e0c70198"],
  ["C:\\lean\\libs\\Lean-QIT\\QIT\\Coding\\EntanglementAssisted\\Asymptotic\\Upper.lean",
   "2a12c3f67f86ba76"],
  ["options", "00000000000006bb"],
  ["isModule: true", "760fcc16989f4b9b"],
  ["Module.name: QIT.Coding.EntanglementAssisted.Asymptotic.Upper",
   "a202e671fcaa6fc5"],
  ["Package.id?: (some QIT)", "07d8d7419f989369"],
  ["Module.leanArgs: #[-DautoImplicit=false, -Dbackward.isDefEq.respectTransparency=false]",
   "1e046d1e40f8a855"]],
 "depHash": "e8380664f4e1e0b6"}